Component: Arm Compiler for Embedded 6.19 Tool: armlink [5e73cb00]

==============================================================================

Section Cross References

    systick.o(.text.systick_config) refers to system_gd32e501.o(.data.SystemCoreClock) for SystemCoreClock
    systick.o(.text.systick_config) refers to systick.o(.text.SysTick_Config) for SysTick_Config
    systick.o(.text.systick_config) refers to systick.o(.text.__NVIC_SetPriority) for __NVIC_SetPriority
    systick.o(.ARM.exidx.text.systick_config) refers to systick.o(.text.systick_config) for [Anonymous Symbol]
    systick.o(.text.SysTick_Config) refers to systick.o(.text.__NVIC_SetPriority) for __NVIC_SetPriority
    systick.o(.ARM.exidx.text.SysTick_Config) refers to systick.o(.text.SysTick_Config) for [Anonymous Symbol]
    systick.o(.ARM.exidx.text.__NVIC_SetPriority) refers to systick.o(.text.__NVIC_SetPriority) for [Anonymous Symbol]
    systick.o(.text.delay_1ms) refers to systick.o(.bss.delay) for delay
    systick.o(.ARM.exidx.text.delay_1ms) refers to systick.o(.text.delay_1ms) for [Anonymous Symbol]
    systick.o(.text.delay_decrement) refers to systick.o(.bss.delay) for delay
    systick.o(.ARM.exidx.text.delay_decrement) refers to systick.o(.text.delay_decrement) for [Anonymous Symbol]
    gd32e501_it.o(.ARM.exidx.text.NMI_Handler) refers to gd32e501_it.o(.text.NMI_Handler) for [Anonymous Symbol]
    gd32e501_it.o(.ARM.exidx.text.HardFault_Handler) refers to gd32e501_it.o(.text.HardFault_Handler) for [Anonymous Symbol]
    gd32e501_it.o(.ARM.exidx.text.SVC_Handler) refers to gd32e501_it.o(.text.SVC_Handler) for [Anonymous Symbol]
    gd32e501_it.o(.ARM.exidx.text.PendSV_Handler) refers to gd32e501_it.o(.text.PendSV_Handler) for [Anonymous Symbol]
    gd32e501_it.o(.text.I2C1_EV_IRQHandler) refers to i2c_opt_ie.o(.text.master_event_irq_handler) for master_event_irq_handler
    gd32e501_it.o(.ARM.exidx.text.I2C1_EV_IRQHandler) refers to gd32e501_it.o(.text.I2C1_EV_IRQHandler) for [Anonymous Symbol]
    gd32e501_it.o(.text.I2C1_ER_IRQHandler) refers to i2c_opt_ie.o(.text.master_error_irq_handler) for master_error_irq_handler
    gd32e501_it.o(.ARM.exidx.text.I2C1_ER_IRQHandler) refers to gd32e501_it.o(.text.I2C1_ER_IRQHandler) for [Anonymous Symbol]
    gd32e501_it.o(.text.I2C2_EV_IRQHandler) refers to i2c_opt_ie.o(.text.slave_event_irq_handler) for slave_event_irq_handler
    gd32e501_it.o(.ARM.exidx.text.I2C2_EV_IRQHandler) refers to gd32e501_it.o(.text.I2C2_EV_IRQHandler) for [Anonymous Symbol]
    gd32e501_it.o(.text.I2C2_ER_IRQHandler) refers to i2c_opt_ie.o(.text.slave_error_irq_handler) for slave_error_irq_handler
    gd32e501_it.o(.ARM.exidx.text.I2C2_ER_IRQHandler) refers to gd32e501_it.o(.text.I2C2_ER_IRQHandler) for [Anonymous Symbol]
    gd32e501_it.o(.text.TIMER13_IRQHandler) refers to gd32e501_timer.o(.text.timer_interrupt_flag_get) for timer_interrupt_flag_get
    gd32e501_it.o(.text.TIMER13_IRQHandler) refers to gd32e501_timer.o(.text.timer_interrupt_flag_clear) for timer_interrupt_flag_clear
    gd32e501_it.o(.text.TIMER13_IRQHandler) refers to gd32e501_it.o(.bss.g_timer_iterrupt_period) for g_timer_iterrupt_period
    gd32e501_it.o(.ARM.exidx.text.TIMER13_IRQHandler) refers to gd32e501_it.o(.text.TIMER13_IRQHandler) for [Anonymous Symbol]
    gd32e501_it.o(.text.test_delay_sec) refers to gd32e501_it.o(.bss.g_timer_iterrupt_period) for g_timer_iterrupt_period
    gd32e501_it.o(.ARM.exidx.text.test_delay_sec) refers to gd32e501_it.o(.text.test_delay_sec) for [Anonymous Symbol]
    gd32e501_it.o(.text.SysTick_Handler) refers to gd32e501_it.o(.bss.g_sys_tick_period) for g_sys_tick_period
    gd32e501_it.o(.text.SysTick_Handler) refers to systick.o(.text.delay_decrement) for delay_decrement
    gd32e501_it.o(.ARM.exidx.text.SysTick_Handler) refers to gd32e501_it.o(.text.SysTick_Handler) for [Anonymous Symbol]
    gd32e501_it.o(.text.USART0_IRQHandler) refers to gd32e501_usart.o(.text.usart_interrupt_flag_get) for usart_interrupt_flag_get
    gd32e501_it.o(.text.USART0_IRQHandler) refers to gd32e501_usart.o(.text.usart_data_receive) for usart_data_receive
    gd32e501_it.o(.text.USART0_IRQHandler) refers to gd32e501_it.o(.bss.g_usart_rxcount) for g_usart_rxcount
    gd32e501_it.o(.text.USART0_IRQHandler) refers to gd32e501_it.o(.bss.g_usart_receiver_buffer) for g_usart_receiver_buffer
    gd32e501_it.o(.text.USART0_IRQHandler) refers to gd32e501_it.o(.data.g_usart_receivesize) for g_usart_receivesize
    gd32e501_it.o(.text.USART0_IRQHandler) refers to gd32e501_usart.o(.text.usart_interrupt_disable) for usart_interrupt_disable
    gd32e501_it.o(.text.USART0_IRQHandler) refers to gd32e501_usart.o(.text.usart_data_transmit) for usart_data_transmit
    gd32e501_it.o(.ARM.exidx.text.USART0_IRQHandler) refers to gd32e501_it.o(.text.USART0_IRQHandler) for [Anonymous Symbol]
    com_usart_comm.o(.text.com_usart_gpio_config) refers to gd32e501_gpio.o(.text.gpio_af_set) for gpio_af_set
[...]
    [Anonymous Symbol]                       0x08008dfc   Section        0  dac_comm.o(.text.dac_periph_config)
    [Anonymous Symbol]                       0x08008e44   Section        0  gd32e501_dac.o(.text.dac_trigger_disable)
    [Anonymous Symbol]                       0x08008e70   Section        0  gd32e501_dac.o(.text.dac_trigger_source_config)
    [Anonymous Symbol]                       0x08008ebc   Section        0  gd32e501_dac.o(.text.dac_wave_mode_config)
    [Anonymous Symbol]                       0x08008f00   Section        0  systick.o(.text.delay_decrement)
    [Anonymous Symbol]                       0x08008f20   Section        0  mcu_system_comm.o(.text.fh_delay_us)
    [Anonymous Symbol]                       0x08008f60   Section        0  sff_8472.o(.text.flash_read)
    [Anonymous Symbol]                       0x08008fa8   Section        0  sff_8472.o(.text.flash_write)
    [Anonymous Symbol]                       0x0800907c   Section        0  gd32e501_fmc.o(.text.fmc_bank0_flag_clear)
    [Anonymous Symbol]                       0x08009094   Section        0  gd32e501_fmc.o(.text.fmc_bank0_ready_wait)
    [Anonymous Symbol]                       0x080090f0   Section        0  gd32e501_fmc.o(.text.fmc_bank0_state_get)
    [Anonymous Symbol]                       0x08009150   Section        0  gd32e501_fmc.o(.text.fmc_bank1_ready_wait)
    [Anonymous Symbol]                       0x080091ac   Section        0  gd32e501_fmc.o(.text.fmc_bank1_state_get)
    [Anonymous Symbol]                       0x0800920c   Section        0  gd32e501_fmc.o(.text.fmc_doubleword_program)
    [Anonymous Symbol]                       0x08009404   Section        0  sff_8472.o(.text.fmc_erase_single_page)
    [Anonymous Symbol]                       0x0800942c   Section        0  gd32e501_fmc.o(.text.fmc_lock)
    [Anonymous Symbol]                       0x08009450   Section        0  gd32e501_fmc.o(.text.fmc_page_erase)
    [Anonymous Symbol]                       0x08009628   Section        0  gd32e501_fmc.o(.text.fmc_unlock)
    [Anonymous Symbol]                       0x0800968c   Section        0  main.o(.text.fputc)
    [Anonymous Symbol]                       0x080096c4   Section        0  mcu_system_comm.o(.text.get_u32)
    [Anonymous Symbol]                       0x08009734   Section        0  gd32e501_gpio.o(.text.gpio_af_set)
    [Anonymous Symbol]                       0x08009808   Section        0  gd32e501_gpio.o(.text.gpio_bit_reset)
    [Anonymous Symbol]                       0x08009818   Section        0  gd32e501_gpio.o(.text.gpio_bit_set)
    [Anonymous Symbol]                       0x08009828   Section        0  i2c_comm.o(.text.gpio_master_i2c_config_init)
    [Anonymous Symbol]                       0x0800988c   Section        0  gd32e501_gpio.o(.text.gpio_mode_set)
    [Anonymous Symbol]                       0x08009928   Section        0  gd32e501_gpio.o(.text.gpio_output_bit_get)
    [Anonymous Symbol]                       0x08009954   Section        0  gd32e501_gpio.o(.text.gpio_output_options_set)
    [Anonymous Symbol]                       0x080099e8   Section        0  i2c_comm.o(.text.gpio_slave_i2c_config_init)
    [Anonymous Symbol]                       0x08009a48   Section        0  gd32e501_i2c.o(.text.i2c_address_config)
    [Anonymous Symbol]                       0x08009a70   Section        0  gd32e501_i2c.o(.text.i2c_automatic_end_disable)
    [Anonymous Symbol]                       0x08009a84   Section        0  i2c_comm.o(.text.i2c_config_init)
    [Anonymous Symbol]                       0x08009acc   Section        0  gd32e501_i2c.o(.text.i2c_data_receive)
    [Anonymous Symbol]                       0x08009adc   Section        0  gd32e501_i2c.o(.text.i2c_data_transmit)
    [Anonymous Symbol]                       0x08009af0   Section        0  gd32e501_i2c.o(.text.i2c_enable)
    [Anonymous Symbol]                       0x08009b04   Section        0  gd32e501_i2c.o(.text.i2c_flag_get)
    [Anonymous Symbol]                       0x08009b30   Section        0  i2c_opt_ie.o(.text.i2c_get_write_lock)
    [Anonymous Symbol]                       0x08009b3c   Section        0  gd32e501_i2c.o(.text.i2c_interrupt_disable)
    [Anonymous Symbol]                       0x08009b50   Section        0  gd32e501_i2c.o(.text.i2c_interrupt_enable)
    [Anonymous Symbol]                       0x08009b64   Section        0  gd32e501_i2c.o(.text.i2c_interrupt_flag_clear)
    [Anonymous Symbol]                       0x08009b84   Section        0  gd32e501_i2c.o(.text.i2c_interrupt_flag_get)
    [Anonymous Symbol]                       0x08009be4   Section        0  gd32e501_i2c.o(.text.i2c_master_addressing)
    [Anonymous Symbol]                       0x08009c1c   Section        0  gd32e501_i2c.o(.text.i2c_master_clock_config)
    [Anonymous Symbol]                       0x08009c5c   Section        0  gd32e501_i2c.o(.text.i2c_recevied_address_get)
    [Anonymous Symbol]                       0x08009c6c   Section        0  i2c_comm.o(.text.i2c_register_read_callback)
    [Anonymous Symbol]                       0x08009cf0   Section        0  i2c_comm.o(.text.i2c_register_write_callback)
    [Anonymous Symbol]                       0x08009d74   Section        0  gd32e501_i2c.o(.text.i2c_second_address_config)
    [Anonymous Symbol]                       0x08009db4   Section        0  i2c_comm.o(.text.i2c_slave_read_write_handle)
    [Anonymous Symbol]                       0x08009dbc   Section        0  gd32e501_i2c.o(.text.i2c_start_on_bus)
    [Anonymous Symbol]                       0x08009dd0   Section        0  gd32e501_i2c.o(.text.i2c_stop_on_bus)
    [Anonymous Symbol]                       0x08009de4   Section        0  gd32e501_i2c.o(.text.i2c_timing_config)
    [Anonymous Symbol]                       0x08009e44   Section        0  gd32e501_i2c.o(.text.i2c_transfer_byte_number_config)
    [Anonymous Symbol]                       0x08009e64   Section        0  i2c_opt_ie.o(.text.i2c_write_lock)
    [Anonymous Symbol]                       0x08009e74   Section        0  i2c_opt_ie.o(.text.i2c_write_unlock)
    [Anonymous Symbol]                       0x08009e84   Section        0  main.o(.text.main)
    [Anonymous Symbol]                       0x0800a00c   Section        0  i2c_opt_ie.o(.text.master_error_irq_handler)
    [Anonymous Symbol]                       0x0800a11c   Section        0  i2c_opt_ie.o(.text.master_event_irq_handler)
    [Anonymous Symbol]                       0x0800a2d4   Section        0  i2c_opt_ie.o(.text.master_i2c_config_init)
    [Anonymous Symbol]                       0x0800a350   Section        0  i2c_opt_ie.o(.text.master_reg_byte_read)
    [Anonymous Symbol]                       0x0800a5e0   Section        0  i2c_opt_ie.o(.text.master_reg_byte_write)
    [Anonymous Symbol]                       0x0800a7bc   Section        0  i2c_comm.o(.text.mcu_addr0xspec_reg_byte_read)
    [Anonymous Symbol]                       0x0800a850   Section        0  i2c_comm.o(.text.mcu_addr0xspec_reg_byte_write)
    [Anonymous Symbol]                       0x0800a8f8   Section        0  i2c_comm.o(.text.mcu_register_reg_addr_read_callback)
    [Anonymous Symbol]                       0x0800a980   Section        0  i2c_comm.o(.text.mcu_register_reg_addr_write_callback)
    [Anonymous Symbol]                       0x0800aa08   Section        0  gd32e501_misc.o(.text.nvic_irq_enable)
    [Anonymous Symbol]                       0x0800ab34   Section        0  gd32e501_misc.o(.text.nvic_priority_group_set)
    [Anonymous Symbol]                       0x0800ab50   Section        0  gd32e501_misc.o(.text.nvic_vector_table_set)
    [Anonymous Symbol]                       0x0800ab74   Section        0  sff_8472.o(.text.om_crc32_reset)
    [Anonymous Symbol]                       0x0800ab8c   Section        0  sff_8472.o(.text.om_flash_block_data_calculate_crc32)
    [Anonymous Symbol]                       0x0800ac50   Section        0  sff_8472.o(.text.om_flash_read_reg_byte)
    [Anonymous Symbol]                       0x0800ad00   Section        0  sff_8472.o(.text.om_flash_write_reg_byte)
    [Anonymous Symbol]                       0x0800aed4   Section        0  gd32e501_rcu.o(.text.rcu_adc_clock_config)
    [Anonymous Symbol]                       0x0800b080   Section        0  gd32e501_rcu.o(.text.rcu_clock_freq_get)
    [Anonymous Symbol]                       0x0800b340   Section        0  mcu_config_public.o(.text.rcu_config_init)
    [Anonymous Symbol]                       0x0800b3a4   Section        0  gd32e501_rcu.o(.text.rcu_i2c_clock_config)
    [Anonymous Symbol]                       0x0800b434   Section        0  gd32e501_rcu.o(.text.rcu_periph_clock_enable)
    [Anonymous Symbol]                       0x0800b45c   Section        0  gd32e501_rcu.o(.text.rcu_periph_reset_disable)
    [Anonymous Symbol]                       0x0800b484   Section        0  gd32e501_rcu.o(.text.rcu_periph_reset_enable)
    [Anonymous Symbol]                       0x0800b4ac   Section        0  update_comm.o(.text.read_update_flag)
    [Anonymous Symbol]                       0x0800b4d0   Section        0  mcu_system_comm.o(.text.set_u32)
    [Anonymous Symbol]                       0x0800b504   Section        0  i2c_opt_ie.o(.text.slave_error_irq_handler)
    [Anonymous Symbol]                       0x0800b614   Section        0  i2c_opt_ie.o(.text.slave_event_irq_handler)
    [Anonymous Symbol]                       0x0800b894   Section        0  i2c_opt_ie.o(.text.slave_i2c_config_init)
    [Anonymous Symbol]                       0x0800b8f0   Section        0  i2c_opt_ie.o(.text.slave_i2c_middle_handle)
    [Anonymous Symbol]                       0x0800b938   Section        0  i2c_opt_ie.o(.text.slave_i2c_read_handle)
    [Anonymous Symbol]                       0x0800b9dc   Section        0  i2c_opt_ie.o(.text.slave_i2c_receive_handle)
    [Anonymous Symbol]                       0x0800ba6c   Section        0  i2c_opt_ie.o(.text.slave_i2c_write_handle)
    [Anonymous Symbol]                       0x0800badc   Section        0  i2c_opt_ie.o(.text.slave_reg_byte_read)
    [Anonymous Symbol]                       0x0800bb88   Section        0  i2c_opt_ie.o(.text.slave_reg_byte_write)
    [Anonymous Symbol]                       0x0800bc30   Section        0  mcu_config_public.o(.text.syscfg_config)
    [Anonymous Symbol]                       0x0800bc3c   Section        0  gd32e501_syscfg.o(.text.syscfg_deinit)
    [Anonymous Symbol]                       0x0800bc54   Section        0  gd32e501_syscfg.o(.text.syscfg_vref_enable)
    system_clock_100m_irc8m                  0x0800bc65   Thumb Code   256  system_gd32e501.o(.text.system_clock_100m_irc8m)
    [Anonymous Symbol]                       0x0800bc64   Section        0  system_gd32e501.o(.text.system_clock_100m_irc8m)
    system_clock_config                      0x0800bd65   Thumb Code     8  system_gd32e501.o(.text.system_clock_config)
    [Anonymous Symbol]                       0x0800bd64   Section        0  system_gd32e501.o(.text.system_clock_config)
    [Anonymous Symbol]                       0x0800bd6c   Section        0  systick.o(.text.systick_config)
    [Anonymous Symbol]                       0x0800bda0   Section        0  tec_comm.o(.text.tec_get_xtec_voltage)
    [Anonymous Symbol]                       0x0800bdf8   Section        0  tec_comm.o(.text.test_tec_en_sd_read)
    [Anonymous Symbol]                       0x0800be58   Section        0  tec_comm.o(.text.test_tec_en_sd_write)
    [Anonymous Symbol]                       0x0800beec   Section        0  tec_comm.o(.text.test_tec_scl_sda_read)
    [Anonymous Symbol]                       0x0800bf30   Section        0  tec_comm.o(.text.test_tec_scl_sda_write)
    [Anonymous Symbol]                       0x0800bf74   Section        0  tec_comm.o(.text.test_tec_xtec_reg_read)
    [Anonymous Symbol]                       0x0800bfd4   Section        0  gd32e501_timer.o(.text.timer_deinit)
    [Anonymous Symbol]                       0x0800c110   Section        0  timer_comm.o(.text.timer_device_config)
    [Anonymous Symbol]                       0x0800c17c   Section        0  gd32e501_timer.o(.text.timer_enable)
    [Anonymous Symbol]                       0x0800c190   Section        0  gd32e501_timer.o(.text.timer_init)
    [Anonymous Symbol]                       0x0800c2d0   Section        0  gd32e501_timer.o(.text.timer_interrupt_enable)
    [Anonymous Symbol]                       0x0800c2e4   Section        0  gd32e501_timer.o(.text.timer_interrupt_flag_clear)
    [Anonymous Symbol]                       0x0800c2f8   Section        0  gd32e501_timer.o(.text.timer_interrupt_flag_get)
    [Anonymous Symbol]                       0x0800c334   Section        0  timer_comm.o(.text.timer_process_init)
    [Anonymous Symbol]                       0x0800c33c   Section        0  gd32e501_timer.o(.text.timer_struct_para_init)
    [Anonymous Symbol]                       0x0800c364   Section        0  update_comm.o(.text.upate_mem_is_alloc)
    [Anonymous Symbol]                       0x0800c388   Section        0  update_comm.o(.text.update_app_write_reg_byte)
    [Anonymous Symbol]                       0x0800c5f0   Section        0  update_comm.o(.text.update_firmware_write_reg_byte)
    [Anonymous Symbol]                       0x0800c818   Section        0  update_comm.o(.text.update_mem_all_memset)
    [Anonymous Symbol]                       0x0800c854   Section        0  update_comm.o(.text.update_mem_malloc)
    [Anonymous Symbol]                       0x0800c8cc   Section        0  update_comm.o(.text.update_show_version_info)
    [Anonymous Symbol]                       0x0800c8f8   Section        0  update_comm.o(.text.upgrade_dev_version_reg_read)
    [Anonymous Symbol]                       0x0800c9a0   Section        0  gd32e501_usart.o(.text.usart_baudrate_set)
    [Anonymous Symbol]                       0x0800ca5c   Section        0  gd32e501_usart.o(.text.usart_data_receive)
    [Anonymous Symbol]                       0x0800ca6c   Section        0  gd32e501_usart.o(.text.usart_data_transmit)
    [Anonymous Symbol]                       0x0800ca80   Section        0  gd32e501_usart.o(.text.usart_deinit)
    [Anonymous Symbol]                       0x0800cad4   Section        0  gd32e501_usart.o(.text.usart_enable)
    [Anonymous Symbol]                       0x0800cae8   Section        0  gd32e501_usart.o(.text.usart_flag_get)
    [Anonymous Symbol]                       0x0800cb24   Section        0  gd32e501_usart.o(.text.usart_interrupt_disable)
    [Anonymous Symbol]                       0x0800cb48   Section        0  gd32e501_usart.o(.text.usart_interrupt_enable)
    [Anonymous Symbol]                       0x0800cb6c   Section        0  gd32e501_usart.o(.text.usart_interrupt_flag_get)
    [Anonymous Symbol]                       0x0800cbcc   Section        0  gd32e501_usart.o(.text.usart_parity_config)
    [Anonymous Symbol]                       0x0800cbf4   Section        0  gd32e501_usart.o(.text.usart_receive_config)
    [Anonymous Symbol]                       0x0800cc14   Section        0  gd32e501_usart.o(.text.usart_stop_bit_set)
    [Anonymous Symbol]                       0x0800cc3c   Section        0  gd32e501_usart.o(.text.usart_transmit_config)
    [Anonymous Symbol]                       0x0800cc5c   Section        0  gd32e501_usart.o(.text.usart_word_length_set)
    [Anonymous Symbol]                       0x0800cc84   Section        0  update_comm.o(.text.write_update_flag)
    i.__0printf                              0x0800ccd0   Section        0  printfa.o(i.__0printf)
    i.__scatterload_copy                     0x0800ccf0   Section       14  handlers.o(i.__scatterload_copy)
    i.__scatterload_null                     0x0800ccfe   Section        2  handlers.o(i.__scatterload_null)
    i.__scatterload_zeroinit                 0x0800cd00   Section       14  handlers.o(i.__scatterload_zeroinit)
    _fp_digits                               0x0800cd11   Thumb Code   366  printfa.o(i._fp_digits)
    i._fp_digits                             0x0800cd10   Section        0  printfa.o(i._fp_digits)
    _printf_core                             0x0800ce95   Thumb Code  1744  printfa.o(i._printf_core)
    i._printf_core                           0x0800ce94   Section        0  printfa.o(i._printf_core)
    _printf_post_padding                     0x0800d571   Thumb Code    36  printfa.o(i._printf_post_padding)
    i._printf_post_padding                   0x0800d570   Section        0  printfa.o(i._printf_post_padding)
    _printf_pre_padding                      0x0800d595   Thumb Code    46  printfa.o(i._printf_pre_padding)
    i._printf_pre_padding                    0x0800d594   Section        0  printfa.o(i._printf_pre_padding)
    i.malloc                                 0x0800d5c4   Section        0  malloc.o(i.malloc)
    .L.str.1                                 0x0800d630   Data          14  main.o(.rodata.str1.1)
    [Anonymous Symbol]                       0x0800d630   Section        0  main.o(.rodata.str1.1)
    .L.str.2                                 0x0800d63e   Data          13  main.o(.rodata.str1.1)
    .L.str                                   0x0800d64b   Data          15  main.o(.rodata.str1.1)
    .L.str                                   0x0800d65a   Data          10  update_comm.o(.rodata.str1.1)
    [Anonymous Symbol]                       0x0800d65a   Section        0  update_comm.o(.rodata.str1.1)
    .L.str.8                                 0x0800d664   Data          14  update_comm.o(.rodata.str1.1)
    .L.str.3                                 0x0800d672   Data          45  update_comm.o(.rodata.str1.1)
    .L.str.2                                 0x0800d69f   Data          26  update_comm.o(.rodata.str1.1)
    .L.str.4                                 0x0800d6b9   Data          22  update_comm.o(.rodata.str1.1)
    .L.str.11                                0x0800d6cf   Data          14  update_comm.o(.rodata.str1.1)
    .L.str.1                                 0x0800d6dd   Data          26  update_comm.o(.rodata.str1.1)
    .L.str.6                                 0x0800d6f7   Data          36  update_comm.o(.rodata.str1.1)
    .L.str.5                                 0x0800d71b   Data          26  update_comm.o(.rodata.str1.1)
    .L.str.7                                 0x0800d735   Data          24  update_comm.o(.rodata.str1.1)
    .L.str.10                                0x0800d74d   Data           2  update_comm.o(.rodata.str1.1)
    .L.str.9                                 0x0800d74f   Data           8  update_comm.o(.rodata.str1.1)
    .L.str.13                                0x0800d757   Data           9  update_comm.o(.rodata.str1.1)
    .L.str.12                                0x0800d760   Data          12  update_comm.o(.rodata.str1.1)
    .data                                    0x20000000   Section        4  stdout.o(.data)
    .data                                    0x20000004   Section        4  mvars.o(.data)
    .data                                    0x20000008   Section        4  mvars.o(.data)
    delay                                    0x20000428   Data           4  systick.o(.bss.delay)
    [Anonymous Symbol]                       0x20000428   Section        0  systick.o(.bss.delay)
    HEAP                                     0x20000808   Section     1536  startup_gd32e501.o(HEAP)
    STACK                                    0x20000e08   Section     1024  startup_gd32e501.o(STACK)

    Global Symbols

    Symbol Name                              Value     Ov Type        Size  Object(Section)

    BuildAttributes$$THM_ISAv4$P$D$K$B$S$8M$VFPi5$EXTD16$VFPS$VFMA$PE$A:L22UL41UL21$X:L11$S22US41US21$IEEE1$IW$~IW$USESV6$~STKCKD$USESV7$~SHL$OTIME$ROPI$IEEEX$EBA8$MICROLIB$REQ8$PRES8$EABIv2 0x00000000   Number         0  anon$$obj.o ABSOLUTE
    __cpp_initialize__aeabi_                  - Undefined Weak Reference
    __cxa_finalize                            - Undefined Weak Reference
    _clock_init                               - Undefined Weak Reference
    _microlib_exit                            - Undefined Weak Reference
    __Vectors_Size                           0x00000154   Number         0  startup_gd32e501.o ABSOLUTE
    __Vectors                                0x08007800   Data           4  startup_gd32e501.o(RESET)
    __Vectors_End                            0x08007954   Data           0  startup_gd32e501.o(RESET)
    __main                                   0x08007955   Thumb Code     0  entry.o(.ARM.Collect$$$$00000000)
    _main_stk                                0x08007955   Thumb Code     0  entry2.o(.ARM.Collect$$$$00000001)
    _main_scatterload                        0x08007959   Thumb Code     0  entry5.o(.ARM.Collect$$$$00000004)
    __main_after_scatterload                 0x0800795d   Thumb Code     0  entry5.o(.ARM.Collect$$$$00000004)
    _main_clock                              0x0800795d   Thumb Code     0  entry7b.o(.ARM.Collect$$$$00000008)
    _main_cpp_init                           0x0800795d   Thumb Code     0  entry8b.o(.ARM.Collect$$$$0000000A)
    _main_init                               0x0800795d   Thumb Code     0  entry9a.o(.ARM.Collect$$$$0000000B)
    __rt_final_cpp                           0x08007965   Thumb Code     0  entry10a.o(.ARM.Collect$$$$0000000D)
    __rt_final_exit                          0x08007965   Thumb Code     0  entry11a.o(.ARM.Collect$$$$0000000F)
    Reset_Handler                            0x08007969   Thumb Code     8  startup_gd32e501.o(.text)
    MemManage_Handler                        0x08007975   Thumb Code     2  startup_gd32e501.o(.text)
    BusFault_Handler                         0x08007977   Thumb Code     2  startup_gd32e501.o(.text)
    UsageFault_Handler                       0x08007979   Thumb Code     2  startup_gd32e501.o(.text)
    DebugMon_Handler                         0x0800797d   Thumb Code     2  startup_gd32e501.o(.text)
    ADC_CMP_IRQHandler                       0x08007983   Thumb Code     0  startup_gd32e501.o(.text)
    CLA_IRQHandler                           0x08007983   Thumb Code     0  startup_gd32e501.o(.text)
    DMA_Channel0_IRQHandler                  0x08007983   Thumb Code     0  startup_gd32e501.o(.text)
    DMA_Channel1_2_IRQHandler                0x08007983   Thumb Code     0  startup_gd32e501.o(.text)
    DMA_Channel3_4_IRQHandler                0x08007983   Thumb Code     0  startup_gd32e501.o(.text)
    DMA_Channel5_6_IRQHandler                0x08007983   Thumb Code     0  startup_gd32e501.o(.text)
    EXTI0_1_IRQHandler                       0x08007983   Thumb Code     0  startup_gd32e501.o(.text)
    EXTI2_3_IRQHandler                       0x08007983   Thumb Code     0  startup_gd32e501.o(.text)
    EXTI4_15_IRQHandler                      0x08007983   Thumb Code     0  startup_gd32e501.o(.text)
    FMC_IRQHandler                           0x08007983   Thumb Code     0  startup_gd32e501.o(.text)
    FPU_IRQHandler                           0x08007983   Thumb Code     0  startup_gd32e501.o(.text)
    I2C0_ER_IRQHandler                       0x08007983   Thumb Code     0  startup_gd32e501.o(.text)
    I2C0_EV_IRQHandler                       0x08007983   Thumb Code     0  startup_gd32e501.o(.text)
    LVD_IRQHandler                           0x08007983   Thumb Code     0  startup_gd32e501.o(.text)
    MDIO_IRQHandler                          0x08007983   Thumb Code     0  startup_gd32e501.o(.text)
    RCU_IRQHandler                           0x08007983   Thumb Code     0  startup_gd32e501.o(.text)
    RTC_IRQHandler                           0x08007983   Thumb Code     0  startup_gd32e501.o(.text)
    SPI0_IRQHandler                          0x08007983   Thumb Code     0  startup_gd32e501.o(.text)
    SPI1_IRQHandler                          0x08007983   Thumb Code     0  startup_gd32e501.o(.text)
    SPI2_IRQHandler                          0x08007983   Thumb Code     0  startup_gd32e501.o(.text)
    TIMER0_BRK_UP_TRG_COM_IRQHandler         0x08007983   Thumb Code     0  startup_gd32e501.o(.text)
    TIMER0_Channel_IRQHandler                0x08007983   Thumb Code     0  startup_gd32e501.o(.text)
    TIMER14_IRQHandler                       0x08007983   Thumb Code     0  startup_gd32e501.o(.text)
    TIMER15_IRQHandler                       0x08007983   Thumb Code     0  startup_gd32e501.o(.text)
    TIMER16_IRQHandler                       0x08007983   Thumb Code     0  startup_gd32e501.o(.text)
    TIMER1_IRQHandler                        0x08007983   Thumb Code     0  startup_gd32e501.o(.text)
    TIMER2_IRQHandler                        0x08007983   Thumb Code     0  startup_gd32e501.o(.text)
    TIMER5_DAC0_1_IRQHandler                 0x08007983   Thumb Code     0  startup_gd32e501.o(.text)
    TIMER6_DAC2_3_IRQHandler                 0x08007983   Thumb Code     0  startup_gd32e501.o(.text)
    USART1_IRQHandler                        0x08007983   Thumb Code     0  startup_gd32e501.o(.text)
    WWDGT_IRQHandler                         0x08007983   Thumb Code     0  startup_gd32e501.o(.text)
    __aeabi_memcpy                           0x0800798d   Thumb Code    36  memcpya.o(.text)
    __aeabi_memcpy4                          0x0800798d   Thumb Code     0  memcpya.o(.text)
    __aeabi_memcpy8                          0x0800798d   Thumb Code     0  memcpya.o(.text)
    __aeabi_memset                           0x080079b1   Thumb Code    14  memseta.o(.text)
    __aeabi_memset4                          0x080079b1   Thumb Code     0  memseta.o(.text)
    __aeabi_memset8                          0x080079b1   Thumb Code     0  memseta.o(.text)
    __aeabi_memclr                           0x080079bf   Thumb Code     4  memseta.o(.text)
    __aeabi_memclr4                          0x080079bf   Thumb Code     0  memseta.o(.text)
    __aeabi_memclr8                          0x080079bf   Thumb Code     0  memseta.o(.text)
    _memset$wrapper                          0x080079c3   Thumb Code    18  memseta.o(.text)
    __aeabi_dadd                             0x080079d5   Thumb Code   322  dadd.o(.text)
    __aeabi_dsub                             0x08007b17   Thumb Code     6  dadd.o(.text)
    __aeabi_drsub                            0x08007b1d   Thumb Code     6  dadd.o(.text)
    __aeabi_dmul                             0x08007b23   Thumb Code   228  dmul.o(.text)
    __aeabi_ddiv                             0x08007c07   Thumb Code   222  ddiv.o(.text)
    __aeabi_i2d                              0x08007ce5   Thumb Code    34  dflti.o(.text)
    __aeabi_d2f                              0x08007d07   Thumb Code    56  d2f.o(.text)
    __aeabi_uidiv                            0x08007d3f   Thumb Code     0  uidiv.o(.text)
    __aeabi_uidivmod                         0x08007d3f   Thumb Code    44  uidiv.o(.text)
    __aeabi_uldivmod                         0x08007d6b   Thumb Code    98  uldiv.o(.text)
    __aeabi_llsl                             0x08007dcd   Thumb Code    30  llshl.o(.text)
    _ll_shift_l                              0x08007dcd   Thumb Code     0  llshl.o(.text)
    __aeabi_llsr                             0x08007deb   Thumb Code    32  llushr.o(.text)
    _ll_ushift_r                             0x08007deb   Thumb Code     0  llushr.o(.text)
    __aeabi_lasr                             0x08007e0b   Thumb Code    36  llsshr.o(.text)
    _ll_sshift_r                             0x08007e0b   Thumb Code     0  llsshr.o(.text)
    __I$use$fp                               0x08007e2f   Thumb Code     0  iusefp.o(.text)
    _float_round                             0x08007e2f   Thumb Code    18  fepilogue.o(.text)
    _float_epilogue                          0x08007e41   Thumb Code    92  fepilogue.o(.text)
    _double_round                            0x08007e9d   Thumb Code    30  depilogue.o(.text)
    _double_epilogue                         0x08007ebb   Thumb Code   156  depilogue.o(.text)
    __aeabi_d2ulz                            0x08007f57   Thumb Code    48  dfixul.o(.text)
    __aeabi_cdrcmple                         0x08007f89   Thumb Code    48  cdrcmple.o(.text)
    __scatterload                            0x08007fb9   Thumb Code    28  init.o(.text)
    __scatterload_rt2                        0x08007fb9   Thumb Code     0  init.o(.text)
    __decompress                             0x08007fdd   Thumb Code     0  __dclz77c.o(.text)
    __decompress2                            0x08007fdd   Thumb Code    94  __dclz77c.o(.text)
    HardFault_Handler                        0x0800803d   Thumb Code     4  gd32e501_it.o(.text.HardFault_Handler)
    I2C1_ER_IRQHandler                       0x08008041   Thumb Code     8  gd32e501_it.o(.text.I2C1_ER_IRQHandler)
    I2C1_EV_IRQHandler                       0x08008049   Thumb Code     8  gd32e501_it.o(.text.I2C1_EV_IRQHandler)
    I2C2_ER_IRQHandler                       0x08008051   Thumb Code     8  gd32e501_it.o(.text.I2C2_ER_IRQHandler)
    I2C2_EV_IRQHandler                       0x08008059   Thumb Code     8  gd32e501_it.o(.text.I2C2_EV_IRQHandler)
    NMI_Handler                              0x08008061   Thumb Code     2  gd32e501_it.o(.text.NMI_Handler)
    PendSV_Handler                           0x08008065   Thumb Code     2  gd32e501_it.o(.text.PendSV_Handler)
    SVC_Handler                              0x08008069   Thumb Code     2  gd32e501_it.o(.text.SVC_Handler)
    SysTick_Handler                          0x080080c1   Thumb Code    22  gd32e501_it.o(.text.SysTick_Handler)
    SystemInit                               0x080080d9   Thumb Code   316  system_gd32e501.o(.text.SystemInit)
    TIMER13_IRQHandler                       0x08008215   Thumb Code    54  gd32e501_it.o(.text.TIMER13_IRQHandler)
    USART0_IRQHandler                        0x0800824d   Thumb Code   202  gd32e501_it.o(.text.USART0_IRQHandler)
    adc_calibration_enable                   0x0800835d   Thumb Code    78  gd32e501_adc.o(.text.adc_calibration_enable)
    adc_channel_length_config                0x080083ad   Thumb Code   116  gd32e501_adc.o(.text.adc_channel_length_config)
    adc_channel_sample_average               0x08008421   Thumb Code    90  adc_comm.o(.text.adc_channel_sample_average)
    adc_data_alignment_config                0x0800847d   Thumb Code    50  gd32e501_adc.o(.text.adc_data_alignment_config)
    adc_enable                               0x080084b1   Thumb Code    36  gd32e501_adc.o(.text.adc_enable)
    adc_external_trigger_config              0x080084d5   Thumb Code   142  gd32e501_adc.o(.text.adc_external_trigger_config)
    adc_external_trigger_source_config       0x08008565   Thumb Code   100  gd32e501_adc.o(.text.adc_external_trigger_source_config)
    adc_flag_clear                           0x080085c9   Thumb Code    24  gd32e501_adc.o(.text.adc_flag_clear)
    adc_flag_get                             0x080085e1   Thumb Code    44  gd32e501_adc.o(.text.adc_flag_get)
    adc_get_channel                          0x0800860d   Thumb Code    60  adc_comm.o(.text.adc_get_channel)
    adc_gpio_init                            0x08008649   Thumb Code   118  adc_comm.o(.text.adc_gpio_init)
    adc_periph_config                        0x080086c1   Thumb Code    76  adc_comm.o(.text.adc_periph_config)
    adc_regular_channel_config               0x0800870d   Thumb Code   390  gd32e501_adc.o(.text.adc_regular_channel_config)
    adc_regular_data_read                    0x08008895   Thumb Code    14  gd32e501_adc.o(.text.adc_regular_data_read)
    adc_resolution_config                    0x080088a5   Thumb Code    32  gd32e501_adc.o(.text.adc_resolution_config)
    adc_software_trigger_enable              0x080088c5   Thumb Code    68  gd32e501_adc.o(.text.adc_software_trigger_enable)
    com_usart_gpio_config                    0x08008909   Thumb Code    94  com_usart_comm.o(.text.com_usart_gpio_config)
    com_usart_init                           0x08008969   Thumb Code    92  com_usart_comm.o(.text.com_usart_init)
    comm_update_flash_finish_one_page        0x080089c5   Thumb Code   100  update_comm.o(.text.comm_update_flash_finish_one_page)
    comm_update_write_mem_one_page_to_flash  0x08008a29   Thumb Code   278  update_comm.o(.text.comm_update_write_mem_one_page_to_flash)
    comm_update_write_to_flash               0x08008b41   Thumb Code   278  update_comm.o(.text.comm_update_write_to_flash)
    crc_deinit                               0x08008c59   Thumb Code    68  gd32e501_crc.o(.text.crc_deinit)
    crc_input_data_reverse_config            0x08008c9d   Thumb Code    32  gd32e501_crc.o(.text.crc_input_data_reverse_config)
    crc_polynomial_size_set                  0x08008cbd   Thumb Code    32  gd32e501_crc.o(.text.crc_polynomial_size_set)
    crc_reverse_output_data_enable           0x08008cdd   Thumb Code    26  gd32e501_crc.o(.text.crc_reverse_output_data_enable)
    dac_deinit                               0x08008cf9   Thumb Code   150  gd32e501_dac.o(.text.dac_deinit)
    dac_enable                               0x08008d91   Thumb Code    44  gd32e501_dac.o(.text.dac_enable)
    dac_gpion_init                           0x08008dbd   Thumb Code    18  dac_comm.o(.text.dac_gpion_init)
    dac_output_buffer_enable                 0x08008dd1   Thumb Code    44  gd32e501_dac.o(.text.dac_output_buffer_enable)
    dac_periph_config                        0x08008dfd   Thumb Code    72  dac_comm.o(.text.dac_periph_config)
    dac_trigger_disable                      0x08008e45   Thumb Code    44  gd32e501_dac.o(.text.dac_trigger_disable)
    dac_trigger_source_config                0x08008e71   Thumb Code    76  gd32e501_dac.o(.text.dac_trigger_source_config)
    dac_wave_mode_config                     0x08008ebd   Thumb Code    68  gd32e501_dac.o(.text.dac_wave_mode_config)
    delay_decrement                          0x08008f01   Thumb Code    32  systick.o(.text.delay_decrement)
    fh_delay_us                              0x08008f21   Thumb Code    62  mcu_system_comm.o(.text.fh_delay_us)
    flash_read                               0x08008f61   Thumb Code    72  sff_8472.o(.text.flash_read)
    flash_write                              0x08008fa9   Thumb Code   210  sff_8472.o(.text.flash_write)
    fmc_bank0_flag_clear                     0x0800907d   Thumb Code    24  gd32e501_fmc.o(.text.fmc_bank0_flag_clear)
    fmc_bank0_ready_wait                     0x08009095   Thumb Code    92  gd32e501_fmc.o(.text.fmc_bank0_ready_wait)
    fmc_bank0_state_get                      0x080090f1   Thumb Code    96  gd32e501_fmc.o(.text.fmc_bank0_state_get)
    fmc_bank1_ready_wait                     0x08009151   Thumb Code    92  gd32e501_fmc.o(.text.fmc_bank1_ready_wait)
    fmc_bank1_state_get                      0x080091ad   Thumb Code    96  gd32e501_fmc.o(.text.fmc_bank1_state_get)
    fmc_doubleword_program                   0x0800920d   Thumb Code   502  gd32e501_fmc.o(.text.fmc_doubleword_program)
    fmc_erase_single_page                    0x08009405   Thumb Code    38  sff_8472.o(.text.fmc_erase_single_page)
    fmc_lock                                 0x0800942d   Thumb Code    34  gd32e501_fmc.o(.text.fmc_lock)
    fmc_page_erase                           0x08009451   Thumb Code   470  gd32e501_fmc.o(.text.fmc_page_erase)
    fmc_unlock                               0x08009629   Thumb Code    98  gd32e501_fmc.o(.text.fmc_unlock)
    fputc                                    0x0800968d   Thumb Code    54  main.o(.text.fputc)
    get_u32                                  0x080096c5   Thumb Code   110  mcu_system_comm.o(.text.get_u32)
    gpio_af_set                              0x08009735   Thumb Code   212  gd32e501_gpio.o(.text.gpio_af_set)
    gpio_bit_reset                           0x08009809   Thumb Code    16  gd32e501_gpio.o(.text.gpio_bit_reset)
    gpio_bit_set                             0x08009819   Thumb Code    16  gd32e501_gpio.o(.text.gpio_bit_set)
    gpio_master_i2c_config_init              0x08009829   Thumb Code    98  i2c_comm.o(.text.gpio_master_i2c_config_init)
    gpio_mode_set                            0x0800988d   Thumb Code   156  gd32e501_gpio.o(.text.gpio_mode_set)
    gpio_output_bit_get                      0x08009929   Thumb Code    42  gd32e501_gpio.o(.text.gpio_output_bit_get)
    gpio_output_options_set                  0x08009955   Thumb Code   146  gd32e501_gpio.o(.text.gpio_output_options_set)
    gpio_slave_i2c_config_init               0x080099e9   Thumb Code    96  i2c_comm.o(.text.gpio_slave_i2c_config_init)
    i2c_address_config                       0x08009a49   Thumb Code    40  gd32e501_i2c.o(.text.i2c_address_config)
    i2c_automatic_end_disable                0x08009a71   Thumb Code    18  gd32e501_i2c.o(.text.i2c_automatic_end_disable)
    i2c_config_init                          0x08009a85   Thumb Code    72  i2c_comm.o(.text.i2c_config_init)
    i2c_data_receive                         0x08009acd   Thumb Code    14  gd32e501_i2c.o(.text.i2c_data_receive)
    i2c_data_transmit                        0x08009add   Thumb Code    18  gd32e501_i2c.o(.text.i2c_data_transmit)
    i2c_enable                               0x08009af1   Thumb Code    18  gd32e501_i2c.o(.text.i2c_enable)
    i2c_flag_get                             0x08009b05   Thumb Code    42  gd32e501_i2c.o(.text.i2c_flag_get)
    i2c_get_write_lock                       0x08009b31   Thumb Code    12  i2c_opt_ie.o(.text.i2c_get_write_lock)
    i2c_interrupt_disable                    0x08009b3d   Thumb Code    20  gd32e501_i2c.o(.text.i2c_interrupt_disable)
    i2c_interrupt_enable                     0x08009b51   Thumb Code    20  gd32e501_i2c.o(.text.i2c_interrupt_enable)
    i2c_interrupt_flag_clear                 0x08009b65   Thumb Code    30  gd32e501_i2c.o(.text.i2c_interrupt_flag_clear)
    i2c_interrupt_flag_get                   0x08009b85   Thumb Code    94  gd32e501_i2c.o(.text.i2c_interrupt_flag_get)
    i2c_master_addressing                    0x08009be5   Thumb Code    54  gd32e501_i2c.o(.text.i2c_master_addressing)
    i2c_master_clock_config                  0x08009c1d   Thumb Code    62  gd32e501_i2c.o(.text.i2c_master_clock_config)
    i2c_recevied_address_get                 0x08009c5d   Thumb Code    16  gd32e501_i2c.o(.text.i2c_recevied_address_get)
    i2c_register_read_callback               0x08009c6d   Thumb Code   130  i2c_comm.o(.text.i2c_register_read_callback)
    i2c_register_write_callback              0x08009cf1   Thumb Code   130  i2c_comm.o(.text.i2c_register_write_callback)
    i2c_second_address_config                0x08009d75   Thumb Code    62  gd32e501_i2c.o(.text.i2c_second_address_config)
    i2c_slave_read_write_handle              0x08009db5   Thumb Code     8  i2c_comm.o(.text.i2c_slave_read_write_handle)
    i2c_start_on_bus                         0x08009dbd   Thumb Code    18  gd32e501_i2c.o(.text.i2c_start_on_bus)
    i2c_stop_on_bus                          0x08009dd1   Thumb Code    18  gd32e501_i2c.o(.text.i2c_stop_on_bus)
    i2c_timing_config                        0x08009de5   Thumb Code    94  gd32e501_i2c.o(.text.i2c_timing_config)
    i2c_transfer_byte_number_config          0x08009e45   Thumb Code    32  gd32e501_i2c.o(.text.i2c_transfer_byte_number_config)
    i2c_write_lock                           0x08009e65   Thumb Code    14  i2c_opt_ie.o(.text.i2c_write_lock)
    i2c_write_unlock                         0x08009e75   Thumb Code    14  i2c_opt_ie.o(.text.i2c_write_unlock)
    main                                     0x08009e85   Thumb Code   392  main.o(.text.main)
    master_error_irq_handler                 0x0800a00d   Thumb Code   270  i2c_opt_ie.o(.text.master_error_irq_handler)
    master_event_irq_handler                 0x0800a11d   Thumb Code   440  i2c_opt_ie.o(.text.master_event_irq_handler)
    master_i2c_config_init                   0x0800a2d5   Thumb Code   122  i2c_opt_ie.o(.text.master_i2c_config_init)
    master_reg_byte_read                     0x0800a351   Thumb Code   656  i2c_opt_ie.o(.text.master_reg_byte_read)
    master_reg_byte_write                    0x0800a5e1   Thumb Code   476  i2c_opt_ie.o(.text.master_reg_byte_write)
    mcu_addr0xspec_reg_byte_read             0x0800a7bd   Thumb Code   146  i2c_comm.o(.text.mcu_addr0xspec_reg_byte_read)
    mcu_addr0xspec_reg_byte_write            0x0800a851   Thumb Code   166  i2c_comm.o(.text.mcu_addr0xspec_reg_byte_write)
    mcu_register_reg_addr_read_callback      0x0800a8f9   Thumb Code   136  i2c_comm.o(.text.mcu_register_reg_addr_read_callback)
    mcu_register_reg_addr_write_callback     0x0800a981   Thumb Code   136  i2c_comm.o(.text.mcu_register_reg_addr_write_callback)
    nvic_irq_enable                          0x0800aa09   Thumb Code   298  gd32e501_misc.o(.text.nvic_irq_enable)
    nvic_priority_group_set                  0x0800ab35   Thumb Code    28  gd32e501_misc.o(.text.nvic_priority_group_set)
    nvic_vector_table_set                    0x0800ab51   Thumb Code    36  gd32e501_misc.o(.text.nvic_vector_table_set)
    om_crc32_reset                           0x0800ab75   Thumb Code    24  sff_8472.o(.text.om_crc32_reset)
    om_flash_block_data_calculate_crc32      0x0800ab8d   Thumb Code   196  sff_8472.o(.text.om_flash_block_data_calculate_crc32)
    om_flash_read_reg_byte                   0x0800ac51   Thumb Code   176  sff_8472.o(.text.om_flash_read_reg_byte)
    om_flash_write_reg_byte                  0x0800ad01   Thumb Code   466  sff_8472.o(.text.om_flash_write_reg_byte)
    rcu_adc_clock_config                     0x0800aed5   Thumb Code   428  gd32e501_rcu.o(.text.rcu_adc_clock_config)
    rcu_clock_freq_get                       0x0800b081   Thumb Code   702  gd32e501_rcu.o(.text.rcu_clock_freq_get)
    rcu_config_init                          0x0800b341   Thumb Code    98  mcu_config_public.o(.text.rcu_config_init)
    rcu_i2c_clock_config                     0x0800b3a5   Thumb Code   144  gd32e501_rcu.o(.text.rcu_i2c_clock_config)
    rcu_periph_clock_enable                  0x0800b435   Thumb Code    40  gd32e501_rcu.o(.text.rcu_periph_clock_enable)
    rcu_periph_reset_disable                 0x0800b45d   Thumb Code    40  gd32e501_rcu.o(.text.rcu_periph_reset_disable)
    rcu_periph_reset_enable                  0x0800b485   Thumb Code    40  gd32e501_rcu.o(.text.rcu_periph_reset_enable)
    read_update_flag                         0x0800b4ad   Thumb Code    34  update_comm.o(.text.read_update_flag)
    set_u32                                  0x0800b4d1   Thumb Code    50  mcu_system_comm.o(.text.set_u32)
    slave_error_irq_handler                  0x0800b505   Thumb Code   270  i2c_opt_ie.o(.text.slave_error_irq_handler)
    slave_event_irq_handler                  0x0800b615   Thumb Code   638  i2c_opt_ie.o(.text.slave_event_irq_handler)
    slave_i2c_config_init                    0x0800b895   Thumb Code    92  i2c_opt_ie.o(.text.slave_i2c_config_init)
    slave_i2c_middle_handle                  0x0800b8f1   Thumb Code    70  i2c_opt_ie.o(.text.slave_i2c_middle_handle)
    slave_i2c_read_handle                    0x0800b939   Thumb Code   162  i2c_opt_ie.o(.text.slave_i2c_read_handle)
    slave_i2c_receive_handle                 0x0800b9dd   Thumb Code   142  i2c_opt_ie.o(.text.slave_i2c_receive_handle)
    slave_i2c_write_handle                   0x0800ba6d   Thumb Code   110  i2c_opt_ie.o(.text.slave_i2c_write_handle)
    slave_reg_byte_read                      0x0800badd   Thumb Code   170  i2c_opt_ie.o(.text.slave_reg_byte_read)
    slave_reg_byte_write                     0x0800bb89   Thumb Code   168  i2c_opt_ie.o(.text.slave_reg_byte_write)
    syscfg_config                            0x0800bc31   Thumb Code    12  mcu_config_public.o(.text.syscfg_config)
    syscfg_deinit                            0x0800bc3d   Thumb Code    24  gd32e501_syscfg.o(.text.syscfg_deinit)
    syscfg_vref_enable                       0x0800bc55   Thumb Code    16  gd32e501_syscfg.o(.text.syscfg_vref_enable)
    systick_config                           0x0800bd6d   Thumb Code    50  systick.o(.text.systick_config)
    tec_get_xtec_voltage                     0x0800bda1   Thumb Code    88  tec_comm.o(.text.tec_get_xtec_voltage)
    test_tec_en_sd_read                      0x0800bdf9   Thumb Code    96  tec_comm.o(.text.test_tec_en_sd_read)
    test_tec_en_sd_write                     0x0800be59   Thumb Code   148  tec_comm.o(.text.test_tec_en_sd_write)
    test_tec_scl_sda_read                    0x0800beed   Thumb Code    66  tec_comm.o(.text.test_tec_scl_sda_read)
    test_tec_scl_sda_write                   0x0800bf31   Thumb Code    66  tec_comm.o(.text.test_tec_scl_sda_write)
    test_tec_xtec_reg_read                   0x0800bf75   Thumb Code    96  tec_comm.o(.text.test_tec_xtec_reg_read)
    timer_deinit                             0x0800bfd5   Thumb Code   314  gd32e501_timer.o(.text.timer_deinit)
    timer_device_config                      0x0800c111   Thumb Code   108  timer_comm.o(.text.timer_device_config)
    timer_enable                             0x0800c17d   Thumb Code    18  gd32e501_timer.o(.text.timer_enable)
    timer_init                               0x0800c191   Thumb Code   318  gd32e501_timer.o(.text.timer_init)
    timer_interrupt_enable                   0x0800c2d1   Thumb Code    20  gd32e501_timer.o(.text.timer_interrupt_enable)
    timer_interrupt_flag_clear               0x0800c2e5   Thumb Code    18  gd32e501_timer.o(.text.timer_interrupt_flag_clear)
    timer_interrupt_flag_get                 0x0800c2f9   Thumb Code    58  gd32e501_timer.o(.text.timer_interrupt_flag_get)
    timer_process_init                       0x0800c335   Thumb Code     8  timer_comm.o(.text.timer_process_init)
    timer_struct_para_init                   0x0800c33d   Thumb Code    38  gd32e501_timer.o(.text.timer_struct_para_init)
    upate_mem_is_alloc                       0x0800c365   Thumb Code    36  update_comm.o(.text.upate_mem_is_alloc)
    update_app_write_reg_byte                0x0800c389   Thumb Code   614  update_comm.o(.text.update_app_write_reg_byte)
    update_firmware_write_reg_byte           0x0800c5f1   Thumb Code   550  update_comm.o(.text.update_firmware_write_reg_byte)
    update_mem_all_memset                    0x0800c819   Thumb Code    60  update_comm.o(.text.update_mem_all_memset)
    update_mem_malloc                        0x0800c855   Thumb Code   118  update_comm.o(.text.update_mem_malloc)
    update_show_version_info                 0x0800c8cd   Thumb Code    44  update_comm.o(.text.update_show_version_info)
    upgrade_dev_version_reg_read             0x0800c8f9   Thumb Code   168  update_comm.o(.text.upgrade_dev_version_reg_read)
    usart_baudrate_set                       0x0800c9a1   Thumb Code   188  gd32e501_usart.o(.text.usart_baudrate_set)
    usart_data_receive                       0x0800ca5d   Thumb Code    16  gd32e501_usart.o(.text.usart_data_receive)
    usart_data_transmit                      0x0800ca6d   Thumb Code    20  gd32e501_usart.o(.text.usart_data_transmit)
    usart_deinit                             0x0800ca81   Thumb Code    82  gd32e501_usart.o(.text.usart_deinit)
    usart_enable                             0x0800cad5   Thumb Code    18  gd32e501_usart.o(.text.usart_enable)
    usart_flag_get                           0x0800cae9   Thumb Code    58  gd32e501_usart.o(.text.usart_flag_get)
    usart_interrupt_disable                  0x0800cb25   Thumb Code    36  gd32e501_usart.o(.text.usart_interrupt_disable)
    usart_interrupt_enable                   0x0800cb49   Thumb Code    36  gd32e501_usart.o(.text.usart_interrupt_enable)
    usart_interrupt_flag_get                 0x0800cb6d   Thumb Code    94  gd32e501_usart.o(.text.usart_interrupt_flag_get)
    usart_parity_config                      0x0800cbcd   Thumb Code    40  gd32e501_usart.o(.text.usart_parity_config)
    usart_receive_config                     0x0800cbf5   Thumb Code    30  gd32e501_usart.o(.text.usart_receive_config)
    usart_stop_bit_set                       0x0800cc15   Thumb Code    40  gd32e501_usart.o(.text.usart_stop_bit_set)
    usart_transmit_config                    0x0800cc3d   Thumb Code    30  gd32e501_usart.o(.text.usart_transmit_config)
    usart_word_length_set                    0x0800cc5d   Thumb Code    40  gd32e501_usart.o(.text.usart_word_length_set)
    write_update_flag                        0x0800cc85   Thumb Code    76  update_comm.o(.text.write_update_flag)
    __0printf                                0x0800ccd1   Thumb Code    22  printfa.o(i.__0printf)
    __1printf                                0x0800ccd1   Thumb Code     0  printfa.o(i.__0printf)
    __2printf                                0x0800ccd1   Thumb Code     0  printfa.o(i.__0printf)
    __c89printf                              0x0800ccd1   Thumb Code     0  printfa.o(i.__0printf)
    printf                                   0x0800ccd1   Thumb Code     0  printfa.o(i.__0printf)
    __scatterload_copy                       0x0800ccf1   Thumb Code    14  handlers.o(i.__scatterload_copy)
    __scatterload_null                       0x0800ccff   Thumb Code     2  handlers.o(i.__scatterload_null)
    __scatterload_zeroinit                   0x0800cd01   Thumb Code    14  handlers.o(i.__scatterload_zeroinit)
    malloc                                   0x0800d5c5   Thumb Code    92  malloc.o(i.malloc)
    Region$$Table$$Base                      0x0800d76c   Number         0  anon$$obj.o(Region$$Table)
    Region$$Table$$Limit                     0x0800d78c   Number         0  anon$$obj.o(Region$$Table)
    __stdout                                 0x20000000   Data           4  stdout.o(.data)
    __microlib_freelist                      0x20000004   Data           4  mvars.o(.data)
    __microlib_freelist_initialised          0x20000008   Data           4  mvars.o(.data)
    SystemCoreClock                          0x2000000c   Data           4  system_gd32e501.o(.data.SystemCoreClock)
    a0                                       0x20000010   Data         256  sff_8472.o(.data.a0)
    a2                                       0x20000110   Data         256  sff_8472.o(.data.a2)
    b0                                       0x20000210   Data         256  sff_8472.o(.data.b0)
    b2                                       0x20000310   Data         256  sff_8472.o(.data.b2)
    g_master_buff_ptr                        0x20000410   Data           4  i2c_opt_ie.o(.data.g_master_buff_ptr)
    g_master_i2c_irq_status_pre              0x20000414   Data           4  i2c_opt_ie.o(.data.g_master_i2c_irq_status_pre)
    g_slave_buff_ptr                         0x20000418   Data           4  i2c_opt_ie.o(.data.g_slave_buff_ptr)
    g_slave_i2c_irq_status_pre               0x2000041c   Data           4  i2c_opt_ie.o(.data.g_slave_i2c_irq_status_pre)
    g_usart_receivesize                      0x20000420   Data           1  gd32e501_it.o(.data.g_usart_receivesize)
    update_flag                              0x20000421   Data           1  update_comm.o(.data.update_flag)
    g_master_buffer                          0x2000042c   Data          12  i2c_opt_ie.o(.bss.g_master_buffer)
    g_mcu_addr0xspec_reg_read_callback_array 0x20000438   Data         160  i2c_comm.o(.bss.g_mcu_addr0xspec_reg_read_callback_array)
    g_mcu_addr0xspec_reg_read_idx            0x200004d8   Data           4  i2c_comm.o(.bss.g_mcu_addr0xspec_reg_read_idx)
    g_mcu_addr0xspec_reg_write_callback_array 0x200004dc   Data         160  i2c_comm.o(.bss.g_mcu_addr0xspec_reg_write_callback_array)
    g_mcu_addr0xspec_reg_write_idx           0x2000057c   Data           4  i2c_comm.o(.bss.g_mcu_addr0xspec_reg_write_idx)
    g_page_idx                               0x20000580   Data           4  update_comm.o(.bss.g_page_idx)
    g_pkt_count_to_flash                     0x20000584   Data           4  update_comm.o(.bss.g_pkt_count_to_flash)
    g_pkt_rx                                 0x20000588   Data           4  update_comm.o(.bss.g_pkt_rx)
    g_receive_address                        0x2000058c   Data           4  i2c_opt_ie.o(.bss.g_receive_address)
    g_slave_buffer                           0x20000590   Data         300  i2c_opt_ie.o(.bss.g_slave_buffer)
    g_slave_read_callback_array              0x200006bc   Data         128  i2c_opt_ie.o(.bss.g_slave_read_callback_array)
    g_slave_read_handle_flag                 0x2000073c   Data           1  i2c_opt_ie.o(.bss.g_slave_read_handle_flag)
    g_slave_read_idx                         0x20000740   Data           4  i2c_opt_ie.o(.bss.g_slave_read_idx)
    g_slave_receive_handle_flag              0x20000744   Data           1  i2c_opt_ie.o(.bss.g_slave_receive_handle_flag)
    g_slave_write_callback_array             0x20000748   Data         128  i2c_opt_ie.o(.bss.g_slave_write_callback_array)
    g_slave_write_handle_flag                0x200007c8   Data           1  i2c_opt_ie.o(.bss.g_slave_write_handle_flag)
    g_slave_write_idx                        0x200007cc   Data           4  i2c_opt_ie.o(.bss.g_slave_write_idx)
    g_sys_tick_period                        0x200007d0   Data           4  gd32e501_it.o(.bss.g_sys_tick_period)
    g_timer_iterrupt_period                  0x200007d4   Data           4  gd32e501_it.o(.bss.g_timer_iterrupt_period)
    g_update_mem_idx                         0x200007d8   Data           4  update_comm.o(.bss.g_update_mem_idx)
    g_update_mem_ptr                         0x200007dc   Data           4  update_comm.o(.bss.g_update_mem_ptr)
    g_usart_receiver_buffer                  0x200007e0   Data          32  gd32e501_it.o(.bss.g_usart_receiver_buffer)
    g_usart_rxcount                          0x20000800   Data           2  gd32e501_it.o(.bss.g_usart_rxcount)
    g_write_doing_flag                       0x20000802   Data           1  i2c_opt_ie.o(.bss.g_write_doing_flag)
    __heap_base                              0x20000808   Data           0  startup_gd32e501.o(HEAP)
    __heap_limit                             0x20000e08   Data           0  startup_gd32e501.o(HEAP)
    __initial_sp                             0x20001208   Data           0  startup_gd32e501.o(STACK)



==============================================================================

Memory Map of the image

  Image Entry point : 0x08007955

  Load Region LR_IROM1 (Base: 0x08007800, Size: 0x000063b8, Max: 0x00010000, ABSOLUTE, COMPRESSED[0x00006060])

    Execution Region ER_IROM1 (Exec base: 0x08007800, Load base: 0x08007800, Size: 0x00005f8c, Max: 0x00010000, ABSOLUTE)

    Exec Addr    Load Addr    Size         Type   Attr      Idx    E Section Name        Object

    0x08007800   0x08007800   0x00000154   Data   RO         1723    RESET               startup_gd32e501.o
    0x08007954   0x08007954   0x00000000   Code   RO         1990  * .ARM.Collect$$$$00000000  mc_w.l(entry.o)
    0x08007954   0x08007954   0x00000004   Code   RO         2119    .ARM.Collect$$$$00000001  mc_w.l(entry2.o)
    0x08007958   0x08007958   0x00000004   Code   RO         2122    .ARM.Collect$$$$00000004  mc_w.l(entry5.o)
    0x0800795c   0x0800795c   0x00000000   Code   RO         2124    .ARM.Collect$$$$00000008  mc_w.l(entry7b.o)
    0x0800795c   0x0800795c   0x00000000   Code   RO         2126    .ARM.Collect$$$$0000000A  mc_w.l(entry8b.o)
    0x0800795c   0x0800795c   0x00000008   Code   RO         2127    .ARM.Collect$$$$0000000B  mc_w.l(entry9a.o)
    0x08007964   0x08007964   0x00000000   Code   RO         2129    .ARM.Collect$$$$0000000D  mc_w.l(entry10a.o)
    0x08007964   0x08007964   0x00000000   Code   RO         2131    .ARM.Collect$$$$0000000F  mc_w.l(entry11a.o)
    0x08007964   0x08007964   0x00000004   Code   RO         2120    .ARM.Collect$$$$00002712  mc_w.l(entry2.o)
    0x08007968   0x08007968   0x00000024   Code   RO         1724    .text               startup_gd32e501.o
    0x0800798c   0x0800798c   0x00000024   Code   RO         1993    .text               mc_w.l(memcpya.o)
    0x080079b0   0x080079b0   0x00000024   Code   RO         1995    .text               mc_w.l(memseta.o)
    0x080079d4   0x080079d4   0x0000014e   Code   RO         2059    .text               mf_w.l(dadd.o)
    0x08007b22   0x08007b22   0x000000e4   Code   RO         2061    .text               mf_w.l(dmul.o)
    0x08007c06   0x08007c06   0x000000de   Code   RO         2063    .text               mf_w.l(ddiv.o)
    0x08007ce4   0x08007ce4   0x00000022   Code   RO         2071    .text               mf_w.l(dflti.o)
    0x08007d06   0x08007d06   0x00000038   Code   RO         2079    .text               mf_w.l(d2f.o)
    0x08007d3e   0x08007d3e   0x0000002c   Code   RO         2143    .text               mc_w.l(uidiv.o)
    0x08007d6a   0x08007d6a   0x00000062   Code   RO         2145    .text               mc_w.l(uldiv.o)
    0x08007dcc   0x08007dcc   0x0000001e   Code   RO         2147    .text               mc_w.l(llshl.o)
    0x08007dea   0x08007dea   0x00000020   Code   RO         2149    .text               mc_w.l(llushr.o)
    0x08007e0a   0x08007e0a   0x00000024   Code   RO         2151    .text               mc_w.l(llsshr.o)
    0x08007e2e   0x08007e2e   0x00000000   Code   RO         2162    .text               mc_w.l(iusefp.o)
    0x08007e2e   0x08007e2e   0x0000006e   Code   RO         2163    .text               mf_w.l(fepilogue.o)
    0x08007e9c   0x08007e9c   0x000000ba   Code   RO         2165    .text               mf_w.l(depilogue.o)
    0x08007f56   0x08007f56   0x00000030   Code   RO         2171    .text               mf_w.l(dfixul.o)
    0x08007f86   0x08007f86   0x00000002   PAD
    0x08007f88   0x08007f88   0x00000030   Code   RO         2173    .text               mf_w.l(cdrcmple.o)
    0x08007fb8   0x08007fb8   0x00000024   Code   RO         2175    .text               mc_w.l(init.o)
    0x08007fdc   0x08007fdc   0x0000005e   Code   RO         2189    .text               mc_w.l(__dclz77c.o)
    0x0800803a   0x0800803a   0x00000002   PAD
    0x0800803c   0x0800803c   0x00000004   Code   RO           22    .text.HardFault_Handler  gd32e501_it.o
    0x08008040   0x08008040   0x00000008   Code   RO           30    .text.I2C1_ER_IRQHandler  gd32e501_it.o
    0x08008048   0x08008048   0x00000008   Code   RO           28    .text.I2C1_EV_IRQHandler  gd32e501_it.o
    0x08008050   0x08008050   0x00000008   Code   RO           34    .text.I2C2_ER_IRQHandler  gd32e501_it.o
    0x08008058   0x08008058   0x00000008   Code   RO           32    .text.I2C2_EV_IRQHandler  gd32e501_it.o
    0x08008060   0x08008060   0x00000002   Code   RO           20    .text.NMI_Handler   gd32e501_it.o
    0x08008062   0x08008062   0x00000002   PAD
    0x08008064   0x08008064   0x00000002   Code   RO           26    .text.PendSV_Handler  gd32e501_it.o
    0x08008066   0x08008066   0x00000002   PAD
    0x08008068   0x08008068   0x00000002   Code   RO           24    .text.SVC_Handler   gd32e501_it.o
    0x0800806a   0x0800806a   0x00000002   PAD
    0x0800806c   0x0800806c   0x00000052   Code   RO            4    .text.SysTick_Config  systick.o
    0x080080be   0x080080be   0x00000002   PAD
    0x080080c0   0x080080c0   0x00000016   Code   RO           40    .text.SysTick_Handler  gd32e501_it.o
    0x080080d6   0x080080d6   0x00000002   PAD
    0x080080d8   0x080080d8   0x0000013c   Code   RO          307    .text.SystemInit    system_gd32e501.o
    0x08008214   0x08008214   0x00000036   Code   RO           36    .text.TIMER13_IRQHandler  gd32e501_it.o
    0x0800824a   0x0800824a   0x00000002   PAD
    0x0800824c   0x0800824c   0x000000ca   Code   RO           42    .text.USART0_IRQHandler  gd32e501_it.o
    0x08008316   0x08008316   0x00000002   PAD
    0x08008318   0x08008318   0x00000042   Code   RO            6    .text.__NVIC_SetPriority  systick.o
    0x0800835a   0x0800835a   0x00000002   PAD
    0x0800835c   0x0800835c   0x0000004e   Code   RO          330    .text.adc_calibration_enable  gd32e501_adc.o
    0x080083aa   0x080083aa   0x00000002   PAD
    0x080083ac   0x080083ac   0x00000074   Code   RO          350    .text.adc_channel_length_config  gd32e501_adc.o
    0x08008420   0x08008420   0x0000005a   Code   RO          221    .text.adc_channel_sample_average  adc_comm.o
    0x0800847a   0x0800847a   0x00000002   PAD
    0x0800847c   0x0800847c   0x00000032   Code   RO          348    .text.adc_data_alignment_config  gd32e501_adc.o
    0x080084ae   0x080084ae   0x00000002   PAD
    0x080084b0   0x080084b0   0x00000024   Code   RO          326    .text.adc_enable    gd32e501_adc.o
    0x080084d4   0x080084d4   0x0000008e   Code   RO          360    .text.adc_external_trigger_config  gd32e501_adc.o
    0x08008562   0x08008562   0x00000002   PAD
    0x08008564   0x08008564   0x00000064   Code   RO          362    .text.adc_external_trigger_source_config  gd32e501_adc.o
    0x080085c8   0x080085c8   0x00000018   Code   RO          388    .text.adc_flag_clear  gd32e501_adc.o
    0x080085e0   0x080085e0   0x0000002c   Code   RO          386    .text.adc_flag_get  gd32e501_adc.o
    0x0800860c   0x0800860c   0x0000003c   Code   RO          219    .text.adc_get_channel  adc_comm.o
    0x08008648   0x08008648   0x00000076   Code   RO          215    .text.adc_gpio_init  adc_comm.o
    0x080086be   0x080086be   0x00000002   PAD
    0x080086c0   0x080086c0   0x0000004c   Code   RO          217    .text.adc_periph_config  adc_comm.o
    0x0800870c   0x0800870c   0x00000186   Code   RO          352    .text.adc_regular_channel_config  gd32e501_adc.o
    0x08008892   0x08008892   0x00000002   PAD
    0x08008894   0x08008894   0x0000000e   Code   RO          366    .text.adc_regular_data_read  gd32e501_adc.o
    0x080088a2   0x080088a2   0x00000002   PAD
    0x080088a4   0x080088a4   0x00000020   Code   RO          378    .text.adc_resolution_config  gd32e501_adc.o
    0x080088c4   0x080088c4   0x00000044   Code   RO          364    .text.adc_software_trigger_enable  gd32e501_adc.o
    0x08008908   0x08008908   0x0000005e   Code   RO           57    .text.com_usart_gpio_config  com_usart_comm.o
    0x08008966   0x08008966   0x00000002   PAD
    0x08008968   0x08008968   0x0000005c   Code   RO           59    .text.com_usart_init  com_usart_comm.o
    0x080089c4   0x080089c4   0x00000064   Code   RO         1956    .text.comm_update_flash_finish_one_page  update_comm.o
    0x08008a28   0x08008a28   0x00000116   Code   RO         1946    .text.comm_update_write_mem_one_page_to_flash  update_comm.o
    0x08008b3e   0x08008b3e   0x00000002   PAD
    0x08008b40   0x08008b40   0x00000116   Code   RO         1948    .text.comm_update_write_to_flash  update_comm.o
    0x08008c56   0x08008c56   0x00000002   PAD
    0x08008c58   0x08008c58   0x00000044   Code   RO          481    .text.crc_deinit    gd32e501_crc.o
    0x08008c9c   0x08008c9c   0x00000020   Code   RO          497    .text.crc_input_data_reverse_config  gd32e501_crc.o
    0x08008cbc   0x08008cbc   0x00000020   Code   RO          499    .text.crc_polynomial_size_set  gd32e501_crc.o
    0x08008cdc   0x08008cdc   0x0000001a   Code   RO          483    .text.crc_reverse_output_data_enable  gd32e501_crc.o
    0x08008cf6   0x08008cf6   0x00000002   PAD
    0x08008cf8   0x08008cf8   0x00000096   Code   RO          514    .text.dac_deinit    gd32e501_dac.o
    0x08008d8e   0x08008d8e   0x00000002   PAD
    0x08008d90   0x08008d90   0x0000002c   Code   RO          516    .text.dac_enable    gd32e501_dac.o
    0x08008dbc   0x08008dbc   0x00000012   Code   RO          200    .text.dac_gpion_init  dac_comm.o
    0x08008dce   0x08008dce   0x00000002   PAD
    0x08008dd0   0x08008dd0   0x0000002c   Code   RO          524    .text.dac_output_buffer_enable  gd32e501_dac.o
    0x08008dfc   0x08008dfc   0x00000048   Code   RO          202    .text.dac_periph_config  dac_comm.o
    0x08008e44   0x08008e44   0x0000002c   Code   RO          538    .text.dac_trigger_disable  gd32e501_dac.o
    0x08008e70   0x08008e70   0x0000004c   Code   RO          540    .text.dac_trigger_source_config  gd32e501_dac.o
    0x08008ebc   0x08008ebc   0x00000044   Code   RO          546    .text.dac_wave_mode_config  gd32e501_dac.o
    0x08008f00   0x08008f00   0x00000020   Code   RO           10    .text.delay_decrement  systick.o
    0x08008f20   0x08008f20   0x0000003e   Code   RO          179    .text.fh_delay_us   mcu_system_comm.o
    0x08008f5e   0x08008f5e   0x00000002   PAD
    0x08008f60   0x08008f60   0x00000048   Code   RO          236    .text.flash_read    sff_8472.o
    0x08008fa8   0x08008fa8   0x000000d2   Code   RO          238    .text.flash_write   sff_8472.o
    0x0800907a   0x0800907a   0x00000002   PAD
    0x0800907c   0x0800907c   0x00000018   Code   RO          772    .text.fmc_bank0_flag_clear  gd32e501_fmc.o
    0x08009094   0x08009094   0x0000005c   Code   RO          728    .text.fmc_bank0_ready_wait  gd32e501_fmc.o
    0x080090f0   0x080090f0   0x00000060   Code   RO          792    .text.fmc_bank0_state_get  gd32e501_fmc.o
    0x08009150   0x08009150   0x0000005c   Code   RO          730    .text.fmc_bank1_ready_wait  gd32e501_fmc.o
    0x080091ac   0x080091ac   0x00000060   Code   RO          794    .text.fmc_bank1_state_get  gd32e501_fmc.o
    0x0800920c   0x0800920c   0x000001f6   Code   RO          738    .text.fmc_doubleword_program  gd32e501_fmc.o
    0x08009402   0x08009402   0x00000002   PAD
    0x08009404   0x08009404   0x00000026   Code   RO          250    .text.fmc_erase_single_page  sff_8472.o
    0x0800942a   0x0800942a   0x00000002   PAD
    0x0800942c   0x0800942c   0x00000022   Code   RO          706    .text.fmc_lock      gd32e501_fmc.o
    0x0800944e   0x0800944e   0x00000002   PAD
    0x08009450   0x08009450   0x000001d6   Code   RO          726    .text.fmc_page_erase  gd32e501_fmc.o
    0x08009626   0x08009626   0x00000002   PAD
    0x08009628   0x08009628   0x00000062   Code   RO          700    .text.fmc_unlock    gd32e501_fmc.o
    0x0800968a   0x0800968a   0x00000002   PAD
    0x0800968c   0x0800968c   0x00000036   Code   RO         1924    .text.fputc         main.o
    0x080096c2   0x080096c2   0x00000002   PAD
    0x080096c4   0x080096c4   0x0000006e   Code   RO          191    .text.get_u32       mcu_system_comm.o
    0x08009732   0x08009732   0x00000002   PAD
    0x08009734   0x08009734   0x000000d4   Code   RO          854    .text.gpio_af_set   gd32e501_gpio.o
    0x08009808   0x08009808   0x00000010   Code   RO          840    .text.gpio_bit_reset  gd32e501_gpio.o
    0x08009818   0x08009818   0x00000010   Code   RO          838    .text.gpio_bit_set  gd32e501_gpio.o
    0x08009828   0x08009828   0x00000062   Code   RO          137    .text.gpio_master_i2c_config_init  i2c_comm.o
    0x0800988a   0x0800988a   0x00000002   PAD
    0x0800988c   0x0800988c   0x0000009c   Code   RO          834    .text.gpio_mode_set  gd32e501_gpio.o
    0x08009928   0x08009928   0x0000002a   Code   RO          850    .text.gpio_output_bit_get  gd32e501_gpio.o
    0x08009952   0x08009952   0x00000002   PAD
    0x08009954   0x08009954   0x00000092   Code   RO          836    .text.gpio_output_options_set  gd32e501_gpio.o
    0x080099e6   0x080099e6   0x00000002   PAD
    0x080099e8   0x080099e8   0x00000060   Code   RO          135    .text.gpio_slave_i2c_config_init  i2c_comm.o
    0x08009a48   0x08009a48   0x00000028   Code   RO          899    .text.i2c_address_config  gd32e501_i2c.o
    0x08009a70   0x08009a70   0x00000012   Code   RO          889    .text.i2c_automatic_end_disable  gd32e501_i2c.o
    0x08009a82   0x08009a82   0x00000002   PAD
    0x08009a84   0x08009a84   0x00000048   Code   RO          139    .text.i2c_config_init  i2c_comm.o
    0x08009acc   0x08009acc   0x0000000e   Code   RO          929    .text.i2c_data_receive  gd32e501_i2c.o
    0x08009ada   0x08009ada   0x00000002   PAD
    0x08009adc   0x08009adc   0x00000012   Code   RO          927    .text.i2c_data_transmit  gd32e501_i2c.o
    0x08009aee   0x08009aee   0x00000002   PAD
    0x08009af0   0x08009af0   0x00000012   Code   RO          919    .text.i2c_enable    gd32e501_i2c.o
    0x08009b02   0x08009b02   0x00000002   PAD
    0x08009b04   0x08009b04   0x0000002a   Code   RO          975    .text.i2c_flag_get  gd32e501_i2c.o
    0x08009b2e   0x08009b2e   0x00000002   PAD
    0x08009b30   0x08009b30   0x0000000c   Code   RO           72    .text.i2c_get_write_lock  i2c_opt_ie.o
    0x08009b3c   0x08009b3c   0x00000014   Code   RO          981    .text.i2c_interrupt_disable  gd32e501_i2c.o
    0x08009b50   0x08009b50   0x00000014   Code   RO          979    .text.i2c_interrupt_enable  gd32e501_i2c.o
    0x08009b64   0x08009b64   0x0000001e   Code   RO          985    .text.i2c_interrupt_flag_clear  gd32e501_i2c.o
    0x08009b82   0x08009b82   0x00000002   PAD
    0x08009b84   0x08009b84   0x0000005e   Code   RO          983    .text.i2c_interrupt_flag_get  gd32e501_i2c.o
    0x08009be2   0x08009be2   0x00000002   PAD
    0x08009be4   0x08009be4   0x00000036   Code   RO          877    .text.i2c_master_addressing  gd32e501_i2c.o
    0x08009c1a   0x08009c1a   0x00000002   PAD
    0x08009c1c   0x08009c1c   0x0000003e   Code   RO          875    .text.i2c_master_clock_config  gd32e501_i2c.o
    0x08009c5a   0x08009c5a   0x00000002   PAD
    0x08009c5c   0x08009c5c   0x00000010   Code   RO          909    .text.i2c_recevied_address_get  gd32e501_i2c.o
    0x08009c6c   0x08009c6c   0x00000082   Code   RO          133    .text.i2c_register_read_callback  i2c_comm.o
    0x08009cee   0x08009cee   0x00000002   PAD
    0x08009cf0   0x08009cf0   0x00000082   Code   RO          131    .text.i2c_register_write_callback  i2c_comm.o
    0x08009d72   0x08009d72   0x00000002   PAD
    0x08009d74   0x08009d74   0x0000003e   Code   RO          905    .text.i2c_second_address_config  gd32e501_i2c.o
    0x08009db2   0x08009db2   0x00000002   PAD
    0x08009db4   0x08009db4   0x00000008   Code   RO          153    .text.i2c_slave_read_write_handle  i2c_comm.o
    0x08009dbc   0x08009dbc   0x00000012   Code   RO          923    .text.i2c_start_on_bus  gd32e501_i2c.o
    0x08009dce   0x08009dce   0x00000002   PAD
    0x08009dd0   0x08009dd0   0x00000012   Code   RO          925    .text.i2c_stop_on_bus  gd32e501_i2c.o
    0x08009de2   0x08009de2   0x00000002   PAD
    0x08009de4   0x08009de4   0x0000005e   Code   RO          871    .text.i2c_timing_config  gd32e501_i2c.o
    0x08009e42   0x08009e42   0x00000002   PAD
    0x08009e44   0x08009e44   0x00000020   Code   RO          935    .text.i2c_transfer_byte_number_config  gd32e501_i2c.o
    0x08009e64   0x08009e64   0x0000000e   Code   RO           68    .text.i2c_write_lock  i2c_opt_ie.o
    0x08009e72   0x08009e72   0x00000002   PAD
    0x08009e74   0x08009e74   0x0000000e   Code   RO           70    .text.i2c_write_unlock  i2c_opt_ie.o
    0x08009e82   0x08009e82   0x00000002   PAD
    0x08009e84   0x08009e84   0x00000188   Code   RO         1922    .text.main          main.o
    0x0800a00c   0x0800a00c   0x0000010e   Code   RO           92    .text.master_error_irq_handler  i2c_opt_ie.o
    0x0800a11a   0x0800a11a   0x00000002   PAD
    0x0800a11c   0x0800a11c   0x000001b8   Code   RO           90    .text.master_event_irq_handler  i2c_opt_ie.o
    0x0800a2d4   0x0800a2d4   0x0000007a   Code   RO          100    .text.master_i2c_config_init  i2c_opt_ie.o
    0x0800a34e   0x0800a34e   0x00000002   PAD
    0x0800a350   0x0800a350   0x00000290   Code   RO           98    .text.master_reg_byte_read  i2c_opt_ie.o
    0x0800a5e0   0x0800a5e0   0x000001dc   Code   RO           96    .text.master_reg_byte_write  i2c_opt_ie.o
    0x0800a7bc   0x0800a7bc   0x00000092   Code   RO          143    .text.mcu_addr0xspec_reg_byte_read  i2c_comm.o
    0x0800a84e   0x0800a84e   0x00000002   PAD
    0x0800a850   0x0800a850   0x000000a6   Code   RO          141    .text.mcu_addr0xspec_reg_byte_write  i2c_comm.o
    0x0800a8f6   0x0800a8f6   0x00000002   PAD
    0x0800a8f8   0x0800a8f8   0x00000088   Code   RO          151    .text.mcu_register_reg_addr_read_callback  i2c_comm.o
    0x0800a980   0x0800a980   0x00000088   Code   RO          149    .text.mcu_register_reg_addr_write_callback  i2c_comm.o
    0x0800aa08   0x0800aa08   0x0000012a   Code   RO         1047    .text.nvic_irq_enable  gd32e501_misc.o
    0x0800ab32   0x0800ab32   0x00000002   PAD
    0x0800ab34   0x0800ab34   0x0000001c   Code   RO         1045    .text.nvic_priority_group_set  gd32e501_misc.o
    0x0800ab50   0x0800ab50   0x00000024   Code   RO         1057    .text.nvic_vector_table_set  gd32e501_misc.o
    0x0800ab74   0x0800ab74   0x00000018   Code   RO          274    .text.om_crc32_reset  sff_8472.o
    0x0800ab8c   0x0800ab8c   0x000000c4   Code   RO          276    .text.om_flash_block_data_calculate_crc32  sff_8472.o
    0x0800ac50   0x0800ac50   0x000000b0   Code   RO          252    .text.om_flash_read_reg_byte  sff_8472.o
    0x0800ad00   0x0800ad00   0x000001d2   Code   RO          248    .text.om_flash_write_reg_byte  sff_8472.o
    0x0800aed2   0x0800aed2   0x00000002   PAD
    0x0800aed4   0x0800aed4   0x000001ac   Code   RO         1133    .text.rcu_adc_clock_config  gd32e501_rcu.o
    0x0800b080   0x0800b080   0x000002be   Code   RO         1183    .text.rcu_clock_freq_get  gd32e501_rcu.o
    0x0800b33e   0x0800b33e   0x00000002   PAD
    0x0800b340   0x0800b340   0x00000062   Code   RO          166    .text.rcu_config_init  mcu_config_public.o
    0x0800b3a2   0x0800b3a2   0x00000002   PAD
    0x0800b3a4   0x0800b3a4   0x00000090   Code   RO         1141    .text.rcu_i2c_clock_config  gd32e501_rcu.o
    0x0800b434   0x0800b434   0x00000028   Code   RO         1107    .text.rcu_periph_clock_enable  gd32e501_rcu.o
    0x0800b45c   0x0800b45c   0x00000028   Code   RO         1117    .text.rcu_periph_reset_disable  gd32e501_rcu.o
    0x0800b484   0x0800b484   0x00000028   Code   RO         1115    .text.rcu_periph_reset_enable  gd32e501_rcu.o
    0x0800b4ac   0x0800b4ac   0x00000022   Code   RO         1954    .text.read_update_flag  update_comm.o
    0x0800b4ce   0x0800b4ce   0x00000002   PAD
    0x0800b4d0   0x0800b4d0   0x00000032   Code   RO          189    .text.set_u32       mcu_system_comm.o
    0x0800b502   0x0800b502   0x00000002   PAD
    0x0800b504   0x0800b504   0x0000010e   Code   RO           88    .text.slave_error_irq_handler  i2c_opt_ie.o
    0x0800b612   0x0800b612   0x00000002   PAD
    0x0800b614   0x0800b614   0x0000027e   Code   RO           74    .text.slave_event_irq_handler  i2c_opt_ie.o
    0x0800b892   0x0800b892   0x00000002   PAD
    0x0800b894   0x0800b894   0x0000005c   Code   RO           94    .text.slave_i2c_config_init  i2c_opt_ie.o
    0x0800b8f0   0x0800b8f0   0x00000046   Code   RO           86    .text.slave_i2c_middle_handle  i2c_opt_ie.o
    0x0800b936   0x0800b936   0x00000002   PAD
    0x0800b938   0x0800b938   0x000000a2   Code   RO           78    .text.slave_i2c_read_handle  i2c_opt_ie.o
    0x0800b9da   0x0800b9da   0x00000002   PAD
    0x0800b9dc   0x0800b9dc   0x0000008e   Code   RO           76    .text.slave_i2c_receive_handle  i2c_opt_ie.o
    0x0800ba6a   0x0800ba6a   0x00000002   PAD
    0x0800ba6c   0x0800ba6c   0x0000006e   Code   RO           82    .text.slave_i2c_write_handle  i2c_opt_ie.o
    0x0800bada   0x0800bada   0x00000002   PAD
    0x0800badc   0x0800badc   0x000000aa   Code   RO           80    .text.slave_reg_byte_read  i2c_opt_ie.o
    0x0800bb86   0x0800bb86   0x00000002   PAD
    0x0800bb88   0x0800bb88   0x000000a8   Code   RO           84    .text.slave_reg_byte_write  i2c_opt_ie.o
    0x0800bc30   0x0800bc30   0x0000000c   Code   RO          168    .text.syscfg_config  mcu_config_public.o
    0x0800bc3c   0x0800bc3c   0x00000018   Code   RO         1358    .text.syscfg_deinit  gd32e501_syscfg.o
    0x0800bc54   0x0800bc54   0x00000010   Code   RO         1370    .text.syscfg_vref_enable  gd32e501_syscfg.o
    0x0800bc64   0x0800bc64   0x00000100   Code   RO          313    .text.system_clock_100m_irc8m  system_gd32e501.o
    0x0800bd64   0x0800bd64   0x00000008   Code   RO          309    .text.system_clock_config  system_gd32e501.o
    0x0800bd6c   0x0800bd6c   0x00000032   Code   RO            2    .text.systick_config  systick.o
    0x0800bd9e   0x0800bd9e   0x00000002   PAD
    0x0800bda0   0x0800bda0   0x00000058   Code   RO         1861    .text.tec_get_xtec_voltage  tec_comm.o
    0x0800bdf8   0x0800bdf8   0x00000060   Code   RO         1883    .text.test_tec_en_sd_read  tec_comm.o
    0x0800be58   0x0800be58   0x00000094   Code   RO         1885    .text.test_tec_en_sd_write  tec_comm.o
    0x0800beec   0x0800beec   0x00000042   Code   RO         1889    .text.test_tec_scl_sda_read  tec_comm.o
    0x0800bf2e   0x0800bf2e   0x00000002   PAD
    0x0800bf30   0x0800bf30   0x00000042   Code   RO         1891    .text.test_tec_scl_sda_write  tec_comm.o
    0x0800bf72   0x0800bf72   0x00000002   PAD
    0x0800bf74   0x0800bf74   0x00000060   Code   RO         1887    .text.test_tec_xtec_reg_read  tec_comm.o
    0x0800bfd4   0x0800bfd4   0x0000013a   Code   RO         1393    .text.timer_deinit  gd32e501_timer.o
    0x0800c10e   0x0800c10e   0x00000002   PAD
    0x0800c110   0x0800c110   0x0000006c   Code   RO          296    .text.timer_device_config  timer_comm.o
    0x0800c17c   0x0800c17c   0x00000012   Code   RO         1399    .text.timer_enable  gd32e501_timer.o
    0x0800c18e   0x0800c18e   0x00000002   PAD
    0x0800c190   0x0800c190   0x0000013e   Code   RO         1397    .text.timer_init    gd32e501_timer.o
    0x0800c2ce   0x0800c2ce   0x00000002   PAD
    0x0800c2d0   0x0800c2d0   0x00000014   Code   RO         1527    .text.timer_interrupt_enable  gd32e501_timer.o
    0x0800c2e4   0x0800c2e4   0x00000012   Code   RO         1533    .text.timer_interrupt_flag_clear  gd32e501_timer.o
    0x0800c2f6   0x0800c2f6   0x00000002   PAD
    0x0800c2f8   0x0800c2f8   0x0000003a   Code   RO         1531    .text.timer_interrupt_flag_get  gd32e501_timer.o
    0x0800c332   0x0800c332   0x00000002   PAD
    0x0800c334   0x0800c334   0x00000008   Code   RO          298    .text.timer_process_init  timer_comm.o
    0x0800c33c   0x0800c33c   0x00000026   Code   RO         1395    .text.timer_struct_para_init  gd32e501_timer.o
    0x0800c362   0x0800c362   0x00000002   PAD
    0x0800c364   0x0800c364   0x00000024   Code   RO         1938    .text.upate_mem_is_alloc  update_comm.o
    0x0800c388   0x0800c388   0x00000266   Code   RO         1944    .text.update_app_write_reg_byte  update_comm.o
    0x0800c5ee   0x0800c5ee   0x00000002   PAD
    0x0800c5f0   0x0800c5f0   0x00000226   Code   RO         1952    .text.update_firmware_write_reg_byte  update_comm.o
    0x0800c816   0x0800c816   0x00000002   PAD
    0x0800c818   0x0800c818   0x0000003c   Code   RO         1942    .text.update_mem_all_memset  update_comm.o
    0x0800c854   0x0800c854   0x00000076   Code   RO         1936    .text.update_mem_malloc  update_comm.o
    0x0800c8ca   0x0800c8ca   0x00000002   PAD
    0x0800c8cc   0x0800c8cc   0x0000002c   Code   RO         1958    .text.update_show_version_info  update_comm.o
    0x0800c8f8   0x0800c8f8   0x000000a8   Code   RO         1960    .text.upgrade_dev_version_reg_read  update_comm.o
    0x0800c9a0   0x0800c9a0   0x000000bc   Code   RO         1548    .text.usart_baudrate_set  gd32e501_usart.o
    0x0800ca5c   0x0800ca5c   0x00000010   Code   RO         1584    .text.usart_data_receive  gd32e501_usart.o
    0x0800ca6c   0x0800ca6c   0x00000014   Code   RO         1582    .text.usart_data_transmit  gd32e501_usart.o
    0x0800ca80   0x0800ca80   0x00000052   Code   RO         1546    .text.usart_deinit  gd32e501_usart.o
    0x0800cad2   0x0800cad2   0x00000002   PAD
    0x0800cad4   0x0800cad4   0x00000012   Code   RO         1556    .text.usart_enable  gd32e501_usart.o
    0x0800cae6   0x0800cae6   0x00000002   PAD
    0x0800cae8   0x0800cae8   0x0000003a   Code   RO         1680    .text.usart_flag_get  gd32e501_usart.o
    0x0800cb22   0x0800cb22   0x00000002   PAD
    0x0800cb24   0x0800cb24   0x00000024   Code   RO         1686    .text.usart_interrupt_disable  gd32e501_usart.o
    0x0800cb48   0x0800cb48   0x00000024   Code   RO         1684    .text.usart_interrupt_enable  gd32e501_usart.o
    0x0800cb6c   0x0800cb6c   0x0000005e   Code   RO         1690    .text.usart_interrupt_flag_get  gd32e501_usart.o
    0x0800cbca   0x0800cbca   0x00000002   PAD
    0x0800cbcc   0x0800cbcc   0x00000028   Code   RO         1550    .text.usart_parity_config  gd32e501_usart.o
    0x0800cbf4   0x0800cbf4   0x0000001e   Code   RO         1562    .text.usart_receive_config  gd32e501_usart.o
    0x0800cc12   0x0800cc12   0x00000002   PAD
    0x0800cc14   0x0800cc14   0x00000028   Code   RO         1554    .text.usart_stop_bit_set  gd32e501_usart.o
    0x0800cc3c   0x0800cc3c   0x0000001e   Code   RO         1560    .text.usart_transmit_config  gd32e501_usart.o
    0x0800cc5a   0x0800cc5a   0x00000002   PAD
    0x0800cc5c   0x0800cc5c   0x00000028   Code   RO         1552    .text.usart_word_length_set  gd32e501_usart.o
    0x0800cc84   0x0800cc84   0x0000004c   Code   RO         1950    .text.write_update_flag  update_comm.o
    0x0800ccd0   0x0800ccd0   0x00000020   Code   RO         2004    i.__0printf         mc_w.l(printfa.o)
    0x0800ccf0   0x0800ccf0   0x0000000e   Code   RO         2183    i.__scatterload_copy  mc_w.l(handlers.o)
    0x0800ccfe   0x0800ccfe   0x00000002   Code   RO         2184    i.__scatterload_null  mc_w.l(handlers.o)
    0x0800cd00   0x0800cd00   0x0000000e   Code   RO         2185    i.__scatterload_zeroinit  mc_w.l(handlers.o)
    0x0800cd0e   0x0800cd0e   0x00000002   PAD
    0x0800cd10   0x0800cd10   0x00000184   Code   RO         2011    i._fp_digits        mc_w.l(printfa.o)
    0x0800ce94   0x0800ce94   0x000006dc   Code   RO         2012    i._printf_core      mc_w.l(printfa.o)
    0x0800d570   0x0800d570   0x00000024   Code   RO         2013    i._printf_post_padding  mc_w.l(printfa.o)
    0x0800d594   0x0800d594   0x0000002e   Code   RO         2014    i._printf_pre_padding  mc_w.l(printfa.o)
    0x0800d5c2   0x0800d5c2   0x00000002   PAD
    0x0800d5c4   0x0800d5c4   0x0000006c   Code   RO         2032    i.malloc            mc_w.l(malloc.o)
    0x0800d630   0x0800d630   0x0000002a   Data   RO         1927    .rodata.str1.1      main.o
    0x0800d65a   0x0800d65a   0x00000112   Data   RO         1970    .rodata.str1.1      update_comm.o
    0x0800d76c   0x0800d76c   0x00000020   Data   RO         2182    Region$$Table       anon$$obj.o


    Execution Region RW_IRAM1 (Exec base: 0x20000000, Load base: 0x0800d790, Size: 0x00001208, Max: 0x00008000, ABSOLUTE, COMPRESSED[0x000000d0])

    Exec Addr    Load Addr    Size         Type   Attr      Idx    E Section Name        Object

    0x20000000   COMPRESSED   0x00000004   Data   RW         2133    .data               mc_w.l(stdout.o)
    0x20000004   COMPRESSED   0x00000004   Data   RW         2153    .data               mc_w.l(mvars.o)
    0x20000008   COMPRESSED   0x00000004   Data   RW         2154    .data               mc_w.l(mvars.o)
    0x2000000c   COMPRESSED   0x00000004   Data   RW          315    .data.SystemCoreClock  system_gd32e501.o
    0x20000010   COMPRESSED   0x00000100   Data   RW          282    .data.a0            sff_8472.o
    0x20000110   COMPRESSED   0x00000100   Data   RW          283    .data.a2            sff_8472.o
    0x20000210   COMPRESSED   0x00000100   Data   RW          284    .data.b0            sff_8472.o
    0x20000310   COMPRESSED   0x00000100   Data   RW          285    .data.b2            sff_8472.o
    0x20000410   COMPRESSED   0x00000004   Data   RW          110    .data.g_master_buff_ptr  i2c_opt_ie.o
    0x20000414   COMPRESSED   0x00000004   Data   RW          108    .data.g_master_i2c_irq_status_pre  i2c_opt_ie.o
    0x20000418   COMPRESSED   0x00000004   Data   RW          113    .data.g_slave_buff_ptr  i2c_opt_ie.o
    0x2000041c   COMPRESSED   0x00000004   Data   RW          111    .data.g_slave_i2c_irq_status_pre  i2c_opt_ie.o
    0x20000420   COMPRESSED   0x00000001   Data   RW           46    .data.g_usart_receivesize  gd32e501_it.o
    0x20000421   COMPRESSED   0x00000001   Data   RW         1969    .data.update_flag   update_comm.o
    0x20000422   COMPRESSED   0x00000006   PAD
    0x20000428        -       0x00000004   Zero   RW           12    .bss.delay          systick.o
    0x2000042c        -       0x0000000c   Zero   RW          109    .bss.g_master_buffer  i2c_opt_ie.o
    0x20000438        -       0x000000a0   Zero   RW          158    .bss.g_mcu_addr0xspec_reg_read_callback_array  i2c_comm.o
    0x200004d8        -       0x00000004   Zero   RW          156    .bss.g_mcu_addr0xspec_reg_read_idx  i2c_comm.o
    0x200004dc        -       0x000000a0   Zero   RW          157    .bss.g_mcu_addr0xspec_reg_write_callback_array  i2c_comm.o
    0x2000057c        -       0x00000004   Zero   RW          155    .bss.g_mcu_addr0xspec_reg_write_idx  i2c_comm.o
    0x20000580        -       0x00000004   Zero   RW         1966    .bss.g_page_idx     update_comm.o
    0x20000584        -       0x00000004   Zero   RW         1967    .bss.g_pkt_count_to_flash  update_comm.o
    0x20000588        -       0x00000004   Zero   RW         1968    .bss.g_pkt_rx       update_comm.o
    0x2000058c        -       0x00000004   Zero   RW          116    .bss.g_receive_address  i2c_opt_ie.o
    0x20000590        -       0x0000012c   Zero   RW          112    .bss.g_slave_buffer  i2c_opt_ie.o
    0x200006bc        -       0x00000080   Zero   RW          121    .bss.g_slave_read_callback_array  i2c_opt_ie.o
    0x2000073c        -       0x00000001   Zero   RW          117    .bss.g_slave_read_handle_flag  i2c_opt_ie.o
    0x2000073d   COMPRESSED   0x00000003   PAD
    0x20000740        -       0x00000004   Zero   RW          107    .bss.g_slave_read_idx  i2c_opt_ie.o
    0x20000744        -       0x00000001   Zero   RW          119    .bss.g_slave_receive_handle_flag  i2c_opt_ie.o
    0x20000745   COMPRESSED   0x00000003   PAD
    0x20000748        -       0x00000080   Zero   RW          123    .bss.g_slave_write_callback_array  i2c_opt_ie.o
    0x200007c8        -       0x00000001   Zero   RW          118    .bss.g_slave_write_handle_flag  i2c_opt_ie.o
    0x200007c9   COMPRESSED   0x00000003   PAD
    0x200007cc        -       0x00000004   Zero   RW          106    .bss.g_slave_write_idx  i2c_opt_ie.o
    0x200007d0        -       0x00000004   Zero   RW           45    .bss.g_sys_tick_period  gd32e501_it.o
    0x200007d4        -       0x00000004   Zero   RW           44    .bss.g_timer_iterrupt_period  gd32e501_it.o
    0x200007d8        -       0x00000004   Zero   RW         1965    .bss.g_update_mem_idx  update_comm.o
    0x200007dc        -       0x00000004   Zero   RW         1964    .bss.g_update_mem_ptr  update_comm.o
    0x200007e0        -       0x00000020   Zero   RW           49    .bss.g_usart_receiver_buffer  gd32e501_it.o
    0x20000800        -       0x00000002   Zero   RW           48    .bss.g_usart_rxcount  gd32e501_it.o
    0x20000802        -       0x00000001   Zero   RW          120    .bss.g_write_doing_flag  i2c_opt_ie.o
    0x20000803   COMPRESSED   0x00000005   PAD
    0x20000808        -       0x00000600   Zero   RW         1722    HEAP                startup_gd32e501.o
    0x20000e08        -       0x00000400   Zero   RW         1721    STACK               startup_gd32e501.o


==============================================================================

Image component sizes


      Code (inc. data)   RO Data    RW Data    ZI Data      Debug   Object Name

       344          0          0          0          0       2087   adc_comm.o
       186          0          0          0          0       1083   com_usart_comm.o
        90          0          0          0          0       1036   dac_comm.o
      1094          0          0          0          0       7937   gd32e501_adc.o
       158          0          0          0          0       2642   gd32e501_crc.o
       426          0          0          0          0       7461   gd32e501_dac.o
      1504          0          0          0          0      10836   gd32e501_fmc.o
       588          0          0          0          0       4413   gd32e501_gpio.o
       670          0          0          0          0       9894   gd32e501_i2c.o
       320          0          0          1         42       3135   gd32e501_it.o
       362          0          0          0          0       5074   gd32e501_misc.o
      1394         16          0          0          0      11590   gd32e501_rcu.o
        40          0          0          0          0       3568   gd32e501_syscfg.o
       784          0          0          0          0      16917   gd32e501_timer.o
       728          0          0          0          0      14319   gd32e501_usart.o
      1118          0          0          0        328       4229   i2c_comm.o
      3826          0          0         16        584       9026   i2c_opt_ie.o
       446          0         42          0          0       2998   main.o
       110          0          0          0          0       1548   mcu_config_public.o
       222          0          0          0          0       2188   mcu_system_comm.o
      1182          0          0       1024          0       7192   sff_8472.o
        36          8        340          0       2560        952   startup_gd32e501.o
       580          0          0          4          0       3017   system_gd32e501.o
       230          0          0          0          4       4000   systick.o
       560         12          0          0          0       8797   tec_comm.o
       116          0          0          0          0       3190   timer_comm.o
      2356          0        274          1         20       5608   update_comm.o

    ----------------------------------------------------------------------
     19640         36        688       1048       3556     154737   Object Totals
         0          0         32          0          0          0   (incl. Generated)
       170          0          0          2         18          0   (incl. Padding)

    ----------------------------------------------------------------------

      Code (inc. data)   RO Data    RW Data    ZI Data      Debug   Library Member Name

        94          0          0          0          0          0   __dclz77c.o
         0          0          0          0          0          0   entry.o
         0          0          0          0          0          0   entry10a.o
         0          0          0          0          0          0   entry11a.o
         8          4          0          0          0          0   entry2.o
         4          0          0          0          0          0   entry5.o
         0          0          0          0          0          0   entry7b.o
         0          0          0          0          0          0   entry8b.o
         8          4          0          0          0          0   entry9a.o
        30          0          0          0          0          0   handlers.o
        36          8          0          0          0         68   init.o
         0          0          0          0          0          0   iusefp.o
        30          0          0          0          0         68   llshl.o
        36          0          0          0          0         68   llsshr.o
        32          0          0          0          0         68   llushr.o
       108         16          0          0          0         84   malloc.o
        36          0          0          0          0         68   memcpya.o
        36          0          0          0          0        108   memseta.o
         0          0          0          8          0          0   mvars.o
      2258         90          0          0          0        452   printfa.o
         0          0          0          4          0          0   stdout.o
        44          0          0          0          0         80   uidiv.o
        98          0          0          0          0         92   uldiv.o
        48          0          0          0          0         68   cdrcmple.o
        56          0          0          0          0         88   d2f.o
       334          0          0          0          0        148   dadd.o
       222          0          0          0          0        100   ddiv.o
       186          0          0          0          0        176   depilogue.o
        48          0          0          0          0         68   dfixul.o
        34          0          0          0          0         76   dflti.o
       228          0          0          0          0         96   dmul.o
       110          0          0          0          0        168   fepilogue.o

    ----------------------------------------------------------------------
      4132        122          0         12          0       2144   Library Totals
         8          0          0          0          0          0   (incl. Padding)

    ----------------------------------------------------------------------

      Code (inc. data)   RO Data    RW Data    ZI Data      Debug   Library Name

      2858        122          0         12          0       1156   mc_w.l
      1266          0          0          0          0        988   mf_w.l

    ----------------------------------------------------------------------
      4132        122          0         12          0       2144   Library Totals

    ----------------------------------------------------------------------

==============================================================================


      Code (inc. data)   RO Data    RW Data    ZI Data      Debug   

     23772        158        688       1060       3556     155573   Grand Totals
     23772        158        688        208       3556     155573   ELF Image Totals (compressed)
     23772        158        688        208          0          0   ROM Totals

==============================================================================

    Total RO  Size (Code + RO Data)                24460 (  23.89kB)
    Total RW  Size (RW Data + ZI Data)              4616 (   4.51kB)
    Total ROM Size (Code + RO Data + RW Data)      24668 (  24.09kB)

==============================================================================

