Component: Arm Compiler for Embedded 6.19 Tool: armlink [5e73cb00]

==============================================================================

Section Cross References

    systick.o(.text.systick_config) refers to system_gd32e501.o(.data.SystemCoreClock) for SystemCoreClock
    systick.o(.text.systick_config) refers to systick.o(.text.SysTick_Config) for SysTick_Config
    systick.o(.text.systick_config) refers to systick.o(.text.__NVIC_SetPriority) for __NVIC_SetPriority
    systick.o(.ARM.exidx.text.systick_config) refers to systick.o(.text.systick_config) for [Anonymous Symbol]
    systick.o(.text.SysTick_Config) refers to systick.o(.text.__NVIC_SetPriority) for __NVIC_SetPriority
    systick.o(.ARM.exidx.text.SysTick_Config) refers to systick.o(.text.SysTick_Config) for [Anonymous Symbol]
    systick.o(.ARM.exidx.text.__NVIC_SetPriority) refers to systick.o(.text.__NVIC_SetPriority) for [Anonymous Symbol]
    systick.o(.text.delay_1ms) refers to systick.o(.bss.delay) for delay
    systick.o(.ARM.exidx.text.delay_1ms) refers to systick.o(.text.delay_1ms) for [Anonymous Symbol]
    systick.o(.text.delay_decrement) refers to systick.o(.bss.delay) for delay
    systick.o(.ARM.exidx.text.delay_decrement) refers to systick.o(.text.delay_decrement) for [Anonymous Symbol]
    gd32e501_it.o(.ARM.exidx.text.NMI_Handler) refers to gd32e501_it.o(.text.NMI_Handler) for [Anonymous Symbol]
    gd32e501_it.o(.ARM.exidx.text.HardFault_Handler) refers to gd32e501_it.o(.text.HardFault_Handler) for [Anonymous Symbol]
    gd32e501_it.o(.ARM.exidx.text.SVC_Handler) refers to gd32e501_it.o(.text.SVC_Handler) for [Anonymous Symbol]
    gd32e501_it.o(.ARM.exidx.text.PendSV_Handler) refers to gd32e501_it.o(.text.PendSV_Handler) for [Anonymous Symbol]
    gd32e501_it.o(.text.I2C1_EV_IRQHandler) refers to i2c_opt_ie.o(.text.master_event_irq_handler) for master_event_irq_handler
    gd32e501_it.o(.ARM.exidx.text.I2C1_EV_IRQHandler) refers to gd32e501_it.o(.text.I2C1_EV_IRQHandler) for [Anonymous Symbol]
    gd32e501_it.o(.text.I2C1_ER_IRQHandler) refers to i2c_opt_ie.o(.text.master_error_irq_handler) for master_error_irq_handler
    gd32e501_it.o(.ARM.exidx.text.I2C1_ER_IRQHandler) refers to gd32e501_it.o(.text.I2C1_ER_IRQHandler) for [Anonymous Symbol]
    gd32e501_it.o(.text.I2C2_EV_IRQHandler) refers to i2c_opt_ie.o(.text.slave_event_irq_handler) for slave_event_irq_handler
    gd32e501_it.o(.ARM.exidx.text.I2C2_EV_IRQHandler) refers to gd32e501_it.o(.text.I2C2_EV_IRQHandler) for [Anonymous Symbol]
    gd32e501_it.o(.text.I2C2_ER_IRQHandler) refers to i2c_opt_ie.o(.text.slave_error_irq_handler) for slave_error_irq_handler
    gd32e501_it.o(.ARM.exidx.text.I2C2_ER_IRQHandler) refers to gd32e501_it.o(.text.I2C2_ER_IRQHandler) for [Anonymous Symbol]
    gd32e501_it.o(.text.TIMER13_IRQHandler) refers to gd32e501_timer.o(.text.timer_interrupt_flag_get) for timer_interrupt_flag_get
    gd32e501_it.o(.text.TIMER13_IRQHandler) refers to gd32e501_timer.o(.text.timer_interrupt_flag_clear) for timer_interrupt_flag_clear
    gd32e501_it.o(.text.TIMER13_IRQHandler) refers to gd32e501_it.o(.bss.g_timer_iterrupt_period) for g_timer_iterrupt_period
    gd32e501_it.o(.ARM.exidx.text.TIMER13_IRQHandler) refers to gd32e501_it.o(.text.TIMER13_IRQHandler) for [Anonymous Symbol]
    gd32e501_it.o(.text.SysTick_Handler) refers to gd32e501_it.o(.bss.g_sys_tick_period) for g_sys_tick_period
    gd32e501_it.o(.text.SysTick_Handler) refers to systick.o(.text.delay_decrement) for delay_decrement
    gd32e501_it.o(.ARM.exidx.text.SysTick_Handler) refers to gd32e501_it.o(.text.SysTick_Handler) for [Anonymous Symbol]
    gd32e501_it.o(.text.EXTI0_1_IRQHandler) refers to gd32e501_exti.o(.text.exti_interrupt_flag_get) for exti_interrupt_flag_get
    gd32e501_it.o(.text.EXTI0_1_IRQHandler) refers to gd32e501_it.o(.rodata.str1.1) for .L.str
    gd32e501_it.o(.text.EXTI0_1_IRQHandler) refers to printfa.o(i.__0printf) for printf
    gd32e501_it.o(.text.EXTI0_1_IRQHandler) refers to adc_comm.o(.text.adc_inserted_channel_sample_average) for adc_inserted_channel_sample_average
    gd32e501_it.o(.text.EXTI0_1_IRQHandler) refers to sgm41282c.o(.text.sgm41282c_set_rssi_value) for sgm41282c_set_rssi_value
    gd32e501_it.o(.text.EXTI0_1_IRQHandler) refers to gd32e501_exti.o(.text.exti_interrupt_flag_clear) for exti_interrupt_flag_clear
    gd32e501_it.o(.ARM.exidx.text.EXTI0_1_IRQHandler) refers to gd32e501_it.o(.text.EXTI0_1_IRQHandler) for [Anonymous Symbol]
    gd32e501_it.o(.text.USART0_IRQHandler) refers to gd32e501_usart.o(.text.usart_interrupt_flag_get) for usart_interrupt_flag_get
    gd32e501_it.o(.text.USART0_IRQHandler) refers to gd32e501_usart.o(.text.usart_data_receive) for usart_data_receive
    gd32e501_it.o(.text.USART0_IRQHandler) refers to gd32e501_it.o(.bss.g_usart_rxcount) for g_usart_rxcount
    gd32e501_it.o(.text.USART0_IRQHandler) refers to gd32e501_it.o(.bss.g_usart_receiver_buffer) for g_usart_receiver_buffer
[...]
    i2c_data_transmit                        0x0800bf45   Thumb Code    18  gd32e501_i2c.o(.text.i2c_data_transmit)
    i2c_disable                              0x0800bf59   Thumb Code    18  gd32e501_i2c.o(.text.i2c_disable)
    i2c_enable                               0x0800bf6d   Thumb Code    18  gd32e501_i2c.o(.text.i2c_enable)
    i2c_flag_get                             0x0800bf81   Thumb Code    42  gd32e501_i2c.o(.text.i2c_flag_get)
    i2c_get_write_lock                       0x0800bfad   Thumb Code    12  i2c_opt_ie.o(.text.i2c_get_write_lock)
    i2c_interrupt_disable                    0x0800bfb9   Thumb Code    20  gd32e501_i2c.o(.text.i2c_interrupt_disable)
    i2c_interrupt_enable                     0x0800bfcd   Thumb Code    20  gd32e501_i2c.o(.text.i2c_interrupt_enable)
    i2c_interrupt_flag_clear                 0x0800bfe1   Thumb Code    30  gd32e501_i2c.o(.text.i2c_interrupt_flag_clear)
    i2c_interrupt_flag_get                   0x0800c001   Thumb Code    94  gd32e501_i2c.o(.text.i2c_interrupt_flag_get)
    i2c_master_addressing                    0x0800c061   Thumb Code    54  gd32e501_i2c.o(.text.i2c_master_addressing)
    i2c_master_buffer_info_data_add          0x0800c099   Thumb Code    56  i2c_opt_ie.o(.text.i2c_master_buffer_info_data_add)
    i2c_master_clock_config                  0x0800c0d1   Thumb Code    62  gd32e501_i2c.o(.text.i2c_master_clock_config)
    i2c_master_info_buffer_clear             0x0800c111   Thumb Code    18  i2c_opt_ie.o(.text.i2c_master_info_buffer_clear)
    i2c_master_info_get_buff_info            0x0800c125   Thumb Code    20  i2c_opt_ie.o(.text.i2c_master_info_get_buff_info)
    i2c_master_info_popup_data_from_buffer   0x0800c139   Thumb Code    80  i2c_opt_ie.o(.text.i2c_master_info_popup_data_from_buffer)
    i2c_recevied_address_get                 0x0800c189   Thumb Code    16  gd32e501_i2c.o(.text.i2c_recevied_address_get)
    i2c_second_address_config                0x0800c199   Thumb Code    62  gd32e501_i2c.o(.text.i2c_second_address_config)
    i2c_slave_buffer_info_clear              0x0800c1d9   Thumb Code    20  i2c_opt_ie.o(.text.i2c_slave_buffer_info_clear)
    i2c_slave_buffer_info_data_add           0x0800c1ed   Thumb Code    54  i2c_opt_ie.o(.text.i2c_slave_buffer_info_data_add)
    i2c_slave_buffer_mng_regaddress_info     0x0800c225   Thumb Code    88  i2c_opt_ie.o(.text.i2c_slave_buffer_mng_regaddress_info)
    i2c_slave_func_register_read_callback    0x0800c27d   Thumb Code   130  i2c_opt_ie.o(.text.i2c_slave_func_register_read_callback)
    i2c_slave_func_register_write_callback   0x0800c301   Thumb Code   128  i2c_opt_ie.o(.text.i2c_slave_func_register_write_callback)
    i2c_slave_info_get_buff_info             0x0800c381   Thumb Code    20  i2c_opt_ie.o(.text.i2c_slave_info_get_buff_info)
    i2c_slave_info_popup_data_from_buffer    0x0800c395   Thumb Code    80  i2c_opt_ie.o(.text.i2c_slave_info_popup_data_from_buffer)
    i2c_slave_info_set_state_read_flag       0x0800c3e5   Thumb Code    24  i2c_opt_ie.o(.text.i2c_slave_info_set_state_read_flag)
    i2c_slave_info_slave_address_add         0x0800c3fd   Thumb Code    20  i2c_opt_ie.o(.text.i2c_slave_info_slave_address_add)
    i2c_slave_info_state_is_read             0x0800c411   Thumb Code    12  i2c_opt_ie.o(.text.i2c_slave_info_state_is_read)
    i2c_slave_read_write_handle              0x0800c41d   Thumb Code     8  i2c_opt_ie.o(.text.i2c_slave_read_write_handle)
    i2c_start_on_bus                         0x0800c425   Thumb Code    18  gd32e501_i2c.o(.text.i2c_start_on_bus)
    i2c_stop_on_bus                          0x0800c439   Thumb Code    18  gd32e501_i2c.o(.text.i2c_stop_on_bus)
    i2c_timing_config                        0x0800c44d   Thumb Code    94  gd32e501_i2c.o(.text.i2c_timing_config)
    i2c_transfer_byte_number_config          0x0800c4ad   Thumb Code    32  gd32e501_i2c.o(.text.i2c_transfer_byte_number_config)
    i2c_write_lock                           0x0800c4cd   Thumb Code    14  i2c_opt_ie.o(.text.i2c_write_lock)
    i2c_write_unlock                         0x0800c4dd   Thumb Code    14  i2c_opt_ie.o(.text.i2c_write_unlock)
    ibias_i2c_reg_write                      0x0800c4f1   Thumb Code   216  sff_8472.o(.text.ibias_i2c_reg_write)
    imod_i2c_reg_write                       0x0800c5c9   Thumb Code   160  sff_8472.o(.text.imod_i2c_reg_write)
    main                                     0x0800c669   Thumb Code   280  main.o(.text.main)
    master_error_irq_handler                 0x0800c781   Thumb Code   270  i2c_opt_ie.o(.text.master_error_irq_handler)
    master_event_irq_handler                 0x0800c891   Thumb Code   380  i2c_opt_ie.o(.text.master_event_irq_handler)
    master_i2c_config_init                   0x0800ca0d   Thumb Code   126  i2c_opt_ie.o(.text.master_i2c_config_init)
    master_reg_1byte_size_read               0x0800ca8d   Thumb Code    56  i2c_opt_ie.o(.text.master_reg_1byte_size_read)
    master_reg_2byte_size_read               0x0800cac5   Thumb Code    62  i2c_opt_ie.o(.text.master_reg_2byte_size_read)
    master_reg_byte_read                     0x0800cb05   Thumb Code   682  i2c_opt_ie.o(.text.master_reg_byte_read)
    master_reg_byte_write                    0x0800cdb1   Thumb Code   490  i2c_opt_ie.o(.text.master_reg_byte_write)
    mcu_addr0xspec_1byte_reg_byte_read       0x0800cf9d   Thumb Code   146  i2c_comm.o(.text.mcu_addr0xspec_1byte_reg_byte_read)
    mcu_addr0xspec_reg_byte_read             0x0800d031   Thumb Code    50  i2c_comm.o(.text.mcu_addr0xspec_reg_byte_read)
    mcu_addr0xspec_reg_byte_write            0x0800d065   Thumb Code   166  i2c_comm.o(.text.mcu_addr0xspec_reg_byte_write)
    mcu_register_reg_addr_read_callback      0x0800d10d   Thumb Code   136  i2c_comm.o(.text.mcu_register_reg_addr_read_callback)
    mcu_register_reg_addr_write_callback     0x0800d195   Thumb Code   136  i2c_comm.o(.text.mcu_register_reg_addr_write_callback)
    nvic_irq_enable                          0x0800d21d   Thumb Code   298  gd32e501_misc.o(.text.nvic_irq_enable)
    nvic_priority_group_set                  0x0800d349   Thumb Code    28  gd32e501_misc.o(.text.nvic_priority_group_set)
    nvic_vector_table_set                    0x0800d365   Thumb Code    36  gd32e501_misc.o(.text.nvic_vector_table_set)
    om_cmd_ddm_read_reg_byte                 0x0800d389   Thumb Code   374  sff_8472.o(.text.om_cmd_ddm_read_reg_byte)
    om_crc32_reset                           0x0800d501   Thumb Code    24  sff_8472.o(.text.om_crc32_reset)
    om_default_config_flash_init             0x0800d519   Thumb Code   140  sff_8472.o(.text.om_default_config_flash_init)
    om_default_config_flash_read             0x0800d5a9   Thumb Code  1192  sff_8472.o(.text.om_default_config_flash_read)
    om_default_config_flash_write            0x0800da51   Thumb Code    38  sff_8472.o(.text.om_default_config_flash_write)
    om_flash_block_data_calculate_crc32      0x0800da79   Thumb Code   196  sff_8472.o(.text.om_flash_block_data_calculate_crc32)
    om_flash_write_reg_byte                  0x0800db3d   Thumb Code   466  sff_8472.o(.text.om_flash_write_reg_byte)
    om_save_config_flash_reg_write           0x0800dd11   Thumb Code    16  sff_8472.o(.text.om_save_config_flash_reg_write)
    om_v2_flash_read_reg_byte                0x0800dd21   Thumb Code   252  sff_8472.o(.text.om_v2_flash_read_reg_byte)
    om_v2_memory_read_reg_byte               0x0800de1d   Thumb Code   392  sff_8472.o(.text.om_v2_memory_read_reg_byte)
    rcu_adc_clock_config                     0x0800dfa5   Thumb Code   428  gd32e501_rcu.o(.text.rcu_adc_clock_config)
    rcu_clock_freq_get                       0x0800e151   Thumb Code   702  gd32e501_rcu.o(.text.rcu_clock_freq_get)
    rcu_config_init                          0x0800e411   Thumb Code   106  mcu_config_public.o(.text.rcu_config_init)
    rcu_i2c_clock_config                     0x0800e47d   Thumb Code   144  gd32e501_rcu.o(.text.rcu_i2c_clock_config)
    rcu_periph_clock_enable                  0x0800e50d   Thumb Code    40  gd32e501_rcu.o(.text.rcu_periph_clock_enable)
    rcu_periph_reset_disable                 0x0800e535   Thumb Code    40  gd32e501_rcu.o(.text.rcu_periph_reset_disable)
    rcu_periph_reset_enable                  0x0800e55d   Thumb Code    40  gd32e501_rcu.o(.text.rcu_periph_reset_enable)
    read_update_flag                         0x0800e585   Thumb Code    34  update_comm.o(.text.read_update_flag)
    rx_deemph_i2c_reg_write                  0x0800e5a9   Thumb Code   128  sff_8472.o(.text.rx_deemph_i2c_reg_write)
    rx_los_hyst_i2c_reg_write                0x0800e629   Thumb Code   128  sff_8472.o(.text.rx_los_hyst_i2c_reg_write)
    rx_los_threshold_i2c_reg_write           0x0800e6a9   Thumb Code   128  sff_8472.o(.text.rx_los_threshold_i2c_reg_write)
    search_bisection_temp_by_adc             0x0800e729   Thumb Code   432  mcu_system_comm.o(.text.search_bisection_temp_by_adc)
    set_u16                                  0x0800e8d9   Thumb Code    38  mcu_system_comm.o(.text.set_u16)
    set_u32                                  0x0800e901   Thumb Code    50  mcu_system_comm.o(.text.set_u32)
    sgm41282c_get_rssi_value                 0x0800e935   Thumb Code    50  sgm41282c.o(.text.sgm41282c_get_rssi_value)
    sgm41282c_gpio_init                      0x0800e969   Thumb Code   164  sgm41282c.o(.text.sgm41282c_gpio_init)
    sgm41282c_init                           0x0800ea0d   Thumb Code   106  sgm41282c.o(.text.sgm41282c_init)
    sgm41282c_set_apd                        0x0800ea79   Thumb Code   160  sgm41282c.o(.text.sgm41282c_set_apd)
    sgm41282c_set_apd_vcc                    0x0800eb19   Thumb Code    32  sgm41282c.o(.text.sgm41282c_set_apd_vcc)
    sgm41282c_set_rssi_value                 0x0800eb39   Thumb Code    24  sgm41282c.o(.text.sgm41282c_set_rssi_value)
    sgm41295_gpio_init                       0x0800eb51   Thumb Code    42  sgm41295.o(.text.sgm41295_gpio_init)
    sgm41295_init                            0x0800eb7d   Thumb Code    70  sgm41295.o(.text.sgm41295_init)
    sgm41295_ld_ctrl                         0x0800ebc5   Thumb Code    78  sgm41295.o(.text.sgm41295_ld_ctrl)
    sgm41295_set_ld                          0x0800ec15   Thumb Code    42  sgm41295.o(.text.sgm41295_set_ld)
    sgm41295_set_ld_reg                      0x0800ec41   Thumb Code    66  sgm41295.o(.text.sgm41295_set_ld_reg)
    sgm41295_set_vea                         0x0800ec89   Thumb Code   104  sgm41295.o(.text.sgm41295_set_vea)
    sgm41295_set_vea_reg                     0x0800ecf1   Thumb Code    38  sgm41295.o(.text.sgm41295_set_vea_reg)
    sgm41295_vea_ctrl                        0x0800ed19   Thumb Code    78  sgm41295.o(.text.sgm41295_vea_ctrl)
    slave_error_irq_handler                  0x0800ed69   Thumb Code   270  i2c_opt_ie.o(.text.slave_error_irq_handler)
    slave_event_irq_handler                  0x0800ee79   Thumb Code   628  i2c_opt_ie.o(.text.slave_event_irq_handler)
    slave_i2c_config_init                    0x0800f0ed   Thumb Code    98  i2c_opt_ie.o(.text.slave_i2c_config_init)
    slave_i2c_middle_handle                  0x0800f151   Thumb Code    70  i2c_opt_ie.o(.text.slave_i2c_middle_handle)
    slave_i2c_read_handle                    0x0800f199   Thumb Code   116  i2c_opt_ie.o(.text.slave_i2c_read_handle)
    slave_i2c_receive_handle                 0x0800f20d   Thumb Code   150  i2c_opt_ie.o(.text.slave_i2c_receive_handle)
    slave_i2c_write_handle                   0x0800f2a5   Thumb Code   104  i2c_opt_ie.o(.text.slave_i2c_write_handle)
    slave_reg_byte_write                     0x0800f30d   Thumb Code   172  i2c_opt_ie.o(.text.slave_reg_byte_write)
    slave_v2_reg_byte_read                   0x0800f3b9   Thumb Code   168  i2c_opt_ie.o(.text.slave_v2_reg_byte_read)
    soa_i2c_ild_reg_write                    0x0800f461   Thumb Code   144  sff_8472.o(.text.soa_i2c_ild_reg_write)
    swing_i2c_reg_write                      0x0800f4f1   Thumb Code   152  sff_8472.o(.text.swing_i2c_reg_write)
    syscfg_config                            0x0800f589   Thumb Code    12  mcu_config_public.o(.text.syscfg_config)
    syscfg_deinit                            0x0800f595   Thumb Code    24  gd32e501_syscfg.o(.text.syscfg_deinit)
    syscfg_exti_line_config                  0x0800f5ad   Thumb Code   172  gd32e501_syscfg.o(.text.syscfg_exti_line_config)
    syscfg_vref_enable                       0x0800f659   Thumb Code    16  gd32e501_syscfg.o(.text.syscfg_vref_enable)
    system_delay_ms                          0x0800f771   Thumb Code    72  mcu_system_comm.o(.text.system_delay_ms)
    systick_config                           0x0800f7b9   Thumb Code    50  systick.o(.text.systick_config)
    tec_calc_auto_rth_temp                   0x0800f7f1   Thumb Code   812  tec_comm.o(.text.tec_calc_auto_rth_temp)
    tec_config_init                          0x0800fb1d   Thumb Code   124  tec_comm.o(.text.tec_config_init)
    tec_get_therm_temperature                0x0800fb99   Thumb Code   124  tec_comm.o(.text.tec_get_therm_temperature)
    tec_get_xtec_voltage                     0x0800fc19   Thumb Code    88  tec_comm.o(.text.tec_get_xtec_voltage)
    tec_gpio_init                            0x0800fc71   Thumb Code    90  tec_comm.o(.text.tec_gpio_init)
    tec_i2_ctl_temperature_reg_read          0x0800fccd   Thumb Code    96  tec_comm.o(.text.tec_i2_ctl_temperature_reg_read)
    tec_i2c_auto_ctl_reg_write               0x0800fd2d   Thumb Code    54  tec_comm.o(.text.tec_i2c_auto_ctl_reg_write)
    tec_i2c_calc_ctl_auto_reg_write          0x0800fd65   Thumb Code   118  tec_comm.o(.text.tec_i2c_calc_ctl_auto_reg_write)
    tec_i2c_temperature_obj_write            0x0800fddd   Thumb Code   116  tec_comm.o(.text.tec_i2c_temperature_obj_write)
    tec_i2c_vtec_ctl_reg_read                0x0800fe51   Thumb Code    88  tec_comm.o(.text.tec_i2c_vtec_ctl_reg_read)
    tec_i2c_vtec_ctl_reg_write               0x0800fea9   Thumb Code   140  tec_comm.o(.text.tec_i2c_vtec_ctl_reg_write)
    tec_pid_calc_auto                        0x0800ff35   Thumb Code    12  tec_comm.o(.text.tec_pid_calc_auto)
    tec_process                              0x0800ff41   Thumb Code   392  tec_comm.o(.text.tec_process)
    tec_release_limit_refresh                0x080100c9   Thumb Code   160  tec_comm.o(.text.tec_release_limit_refresh)
    tec_save_ctl_temperature_value           0x08010169   Thumb Code    94  tec_comm.o(.text.tec_save_ctl_temperature_value)
    tec_set_ctl_voltage                      0x080101c9   Thumb Code   104  tec_comm.o(.text.tec_set_ctl_voltage)
    tec_set_ctrl_temperature_obj             0x08010231   Thumb Code    56  tec_comm.o(.text.tec_set_ctrl_temperature_obj)
    tec_set_default_mini_status              0x08010269   Thumb Code    34  tec_comm.o(.text.tec_set_default_mini_status)
    tec_start_auto_adjust                    0x0801028d   Thumb Code    14  tec_comm.o(.text.tec_start_auto_adjust)
    tec_xtec_value_reg_read                  0x0801029d   Thumb Code    96  tec_comm.o(.text.tec_xtec_value_reg_read)
    timer_deinit                             0x080102fd   Thumb Code   314  gd32e501_timer.o(.text.timer_deinit)
    timer_device_config                      0x08010439   Thumb Code   108  timer_comm.o(.text.timer_device_config)
    timer_enable                             0x080104a5   Thumb Code    18  gd32e501_timer.o(.text.timer_enable)
    timer_init                               0x080104b9   Thumb Code   318  gd32e501_timer.o(.text.timer_init)
    timer_interrupt_enable                   0x080105f9   Thumb Code    20  gd32e501_timer.o(.text.timer_interrupt_enable)
    timer_interrupt_flag_clear               0x0801060d   Thumb Code    18  gd32e501_timer.o(.text.timer_interrupt_flag_clear)
    timer_interrupt_flag_get                 0x08010621   Thumb Code    58  gd32e501_timer.o(.text.timer_interrupt_flag_get)
    timer_process_init                       0x0801065d   Thumb Code     8  timer_comm.o(.text.timer_process_init)
    timer_struct_para_init                   0x08010665   Thumb Code    38  gd32e501_timer.o(.text.timer_struct_para_init)
    tx_deemph_i2c_reg_write                  0x08010691   Thumb Code   128  sff_8472.o(.text.tx_deemph_i2c_reg_write)
    upate_mem_is_alloc                       0x08010711   Thumb Code    36  update_comm.o(.text.upate_mem_is_alloc)
    update_app_write_reg_byte                0x08010735   Thumb Code   570  update_comm.o(.text.update_app_write_reg_byte)
    update_firmware_write_reg_byte           0x08010971   Thumb Code   440  update_comm.o(.text.update_firmware_write_reg_byte)
    update_mem_all_memset                    0x08010b29   Thumb Code    60  update_comm.o(.text.update_mem_all_memset)
    update_mem_malloc                        0x08010b65   Thumb Code   118  update_comm.o(.text.update_mem_malloc)
    update_om_bias                           0x08010bdd   Thumb Code    76  sff_8472.o(.text.update_om_bias)
    update_om_diagnose                       0x08010c29   Thumb Code    24  sff_8472.o(.text.update_om_diagnose)
    update_om_rx_power                       0x08010c41   Thumb Code   140  sff_8472.o(.text.update_om_rx_power)
    update_om_temperature                    0x08010cd1   Thumb Code   216  sff_8472.o(.text.update_om_temperature)
    update_om_tx_power                       0x08010da9   Thumb Code   140  sff_8472.o(.text.update_om_tx_power)
    update_om_voltage                        0x08010e35   Thumb Code    76  sff_8472.o(.text.update_om_voltage)
    update_user_boot_write_reg_byte          0x08010e81   Thumb Code    10  update_comm.o(.text.update_user_boot_write_reg_byte)
    upgrade_dev_version_reg_read             0x08010e8d   Thumb Code   186  update_comm.o(.text.upgrade_dev_version_reg_read)
    usart_baudrate_set                       0x08010f49   Thumb Code   188  gd32e501_usart.o(.text.usart_baudrate_set)
    usart_data_receive                       0x08011005   Thumb Code    16  gd32e501_usart.o(.text.usart_data_receive)
    usart_data_transmit                      0x08011015   Thumb Code    20  gd32e501_usart.o(.text.usart_data_transmit)
    usart_deinit                             0x08011029   Thumb Code    82  gd32e501_usart.o(.text.usart_deinit)
    usart_enable                             0x0801107d   Thumb Code    18  gd32e501_usart.o(.text.usart_enable)
    usart_flag_get                           0x08011091   Thumb Code    58  gd32e501_usart.o(.text.usart_flag_get)
    usart_interrupt_disable                  0x080110cd   Thumb Code    36  gd32e501_usart.o(.text.usart_interrupt_disable)
    usart_interrupt_enable                   0x080110f1   Thumb Code    36  gd32e501_usart.o(.text.usart_interrupt_enable)
    usart_interrupt_flag_get                 0x08011115   Thumb Code    94  gd32e501_usart.o(.text.usart_interrupt_flag_get)
    usart_parity_config                      0x08011175   Thumb Code    40  gd32e501_usart.o(.text.usart_parity_config)
    usart_receive_config                     0x0801119d   Thumb Code    30  gd32e501_usart.o(.text.usart_receive_config)
    usart_stop_bit_set                       0x080111bd   Thumb Code    40  gd32e501_usart.o(.text.usart_stop_bit_set)
    usart_transmit_config                    0x080111e5   Thumb Code    30  gd32e501_usart.o(.text.usart_transmit_config)
    usart_word_length_set                    0x08011205   Thumb Code    40  gd32e501_usart.o(.text.usart_word_length_set)
    user_check_password_write_reg            0x0801122d   Thumb Code   216  i2c_opt_ie.o(.text.user_check_password_write_reg)
    user_optical_pwd_limit_init              0x08011305   Thumb Code    34  i2c_opt_ie.o(.text.user_optical_pwd_limit_init)
    vea_i2c_vcc_reg_write                    0x08011329   Thumb Code   192  sff_8472.o(.text.vea_i2c_vcc_reg_write)
    write_update_flag                        0x080113e9   Thumb Code    76  update_comm.o(.text.write_update_flag)
    __0printf                                0x08011435   Thumb Code    22  printfa.o(i.__0printf)
    __1printf                                0x08011435   Thumb Code     0  printfa.o(i.__0printf)
    __2printf                                0x08011435   Thumb Code     0  printfa.o(i.__0printf)
    __c89printf                              0x08011435   Thumb Code     0  printfa.o(i.__0printf)
    printf                                   0x08011435   Thumb Code     0  printfa.o(i.__0printf)
    __ARM_fpclassify                         0x08011455   Thumb Code    48  fpclassify.o(i.__ARM_fpclassify)
    __hardfp_log                             0x08011489   Thumb Code   872  log.o(i.__hardfp_log)
    __hardfp_log10                           0x08011851   Thumb Code   260  log10.o(i.__hardfp_log10)
    __hardfp_pow                             0x08011981   Thumb Code  3088  pow.o(i.__hardfp_pow)
    __kernel_poly                            0x080125e1   Thumb Code   248  poly.o(i.__kernel_poly)
    __mathlib_dbl_divzero                    0x080126d9   Thumb Code    28  dunder.o(i.__mathlib_dbl_divzero)
    __mathlib_dbl_infnan                     0x08012709   Thumb Code    20  dunder.o(i.__mathlib_dbl_infnan)
    __mathlib_dbl_infnan2                    0x0801271d   Thumb Code    20  dunder.o(i.__mathlib_dbl_infnan2)
    __mathlib_dbl_invalid                    0x08012731   Thumb Code    24  dunder.o(i.__mathlib_dbl_invalid)
    __mathlib_dbl_overflow                   0x08012751   Thumb Code    24  dunder.o(i.__mathlib_dbl_overflow)
    __mathlib_dbl_underflow                  0x08012771   Thumb Code    24  dunder.o(i.__mathlib_dbl_underflow)
    __scatterload_copy                       0x08012791   Thumb Code    14  handlers.o(i.__scatterload_copy)
    __scatterload_null                       0x0801279f   Thumb Code     2  handlers.o(i.__scatterload_null)
    __scatterload_zeroinit                   0x080127a1   Thumb Code    14  handlers.o(i.__scatterload_zeroinit)
    __set_errno                              0x080127b1   Thumb Code     6  errno.o(i.__set_errno)
    fabs                                     0x0801306f   Thumb Code    24  fabs.o(i.fabs)
    log                                      0x08013087   Thumb Code    16  log.o(i.log)
    malloc                                   0x08013099   Thumb Code    92  malloc.o(i.malloc)
    sqrt                                     0x08013105   Thumb Code   110  sqrt.o(i.sqrt)
    __mathlib_zero                           0x08013238   Data           8  qnan.o(.constdata)
    rssi_to_rxpower                          0x08013240   Data         192  sff_8472.o(.rodata.rssi_to_rxpower)
    Region$$Table$$Base                      0x0801361c   Number         0  anon$$obj.o(Region$$Table)
    Region$$Table$$Limit                     0x0801363c   Number         0  anon$$obj.o(Region$$Table)
    __stdout                                 0x20000000   Data           4  stdout.o(.data)
    __microlib_freelist                      0x20000004   Data           4  mvars.o(.data)
    __microlib_freelist_initialised          0x20000008   Data           4  mvars.o(.data)
    SystemCoreClock                          0x20000010   Data           4  system_gd32e501.o(.data.SystemCoreClock)
    a0                                       0x20000014   Data         256  sff_8472.o(.data.a0)
    a2                                       0x20000114   Data         256  sff_8472.o(.data.a2)
    b0                                       0x20000214   Data         256  sff_8472.o(.data.b0)
    b2                                       0x20000314   Data         256  sff_8472.o(.data.b2)
    default_config_percent                   0x20000414   Data          16  sff_8472.o(.data.default_config_percent)
    g_case_temp_adc                          0x20000424   Data          68  sff_8472.o(.data.g_case_temp_adc)
    g_ctl_voltage_set                        0x20000468   Data           4  tec_comm.o(.data.g_ctl_voltage_set)
    g_master_i2c_irq_status_pre              0x2000046c   Data           4  i2c_opt_ie.o(.data.g_master_i2c_irq_status_pre)
    g_slave_i2c_irq_status_pre               0x20000470   Data           4  i2c_opt_ie.o(.data.g_slave_i2c_irq_status_pre)
    g_tec_ctl_value                          0x20000474   Data           2  tec_comm.o(.data.g_tec_ctl_value)
    g_tec_ctrl_temperautre_obj               0x20000476   Data           2  tec_comm.o(.data.g_tec_ctrl_temperautre_obj)
    g_tec_temp_adc                           0x20000478   Data         332  tec_comm.o(.data.g_tec_temp_adc)
    g_usart_receivesize                      0x200005c4   Data           1  gd32e501_it.o(.data.g_usart_receivesize)
    update_flag                              0x200005c5   Data           1  update_comm.o(.data.update_flag)
    adc_dma_sample_value                     0x200005c8   Data           8  adc_comm.o(.bss.adc_dma_sample_value)
    ddm_adc_out_val                          0x200005d0   Data          10  sff_8472.o(.bss.ddm_adc_out_val)
    g_crc_is_ok                              0x200005e4   Data           1  update_comm.o(.bss.g_crc_is_ok)
    g_cur_pid_state                          0x200005e8   Data          24  tec_comm.o(.bss.g_cur_pid_state)
    g_ddm_sw_auto_process_flag               0x20000600   Data           1  sff_8472.o(.bss.g_ddm_sw_auto_process_flag)
    g_i2c_master_info_cfg                    0x20000604   Data          36  i2c_opt_ie.o(.bss.g_i2c_master_info_cfg)
    g_i2c_slave_info_cfg                     0x20000628   Data         296  i2c_opt_ie.o(.bss.g_i2c_slave_info_cfg)
    g_mcu_addr0xspec_reg_read_callback_array 0x20000750   Data         240  i2c_comm.o(.bss.g_mcu_addr0xspec_reg_read_callback_array)
    g_mcu_addr0xspec_reg_read_idx            0x20000840   Data           4  i2c_comm.o(.bss.g_mcu_addr0xspec_reg_read_idx)
    g_mcu_addr0xspec_reg_write_callback_array 0x20000844   Data         240  i2c_comm.o(.bss.g_mcu_addr0xspec_reg_write_callback_array)
    g_mcu_addr0xspec_reg_write_idx           0x20000934   Data           4  i2c_comm.o(.bss.g_mcu_addr0xspec_reg_write_idx)
    g_optical_limit_pwd                      0x20000938   Data          16  i2c_opt_ie.o(.bss.g_optical_limit_pwd)
    g_page_idx                               0x20000948   Data           4  update_comm.o(.bss.g_page_idx)
    g_pkt_count_to_flash                     0x2000094c   Data           4  update_comm.o(.bss.g_pkt_count_to_flash)
    g_pkt_rx                                 0x20000950   Data           4  update_comm.o(.bss.g_pkt_rx)
    g_pre_pid_state                          0x20000954   Data          24  tec_comm.o(.bss.g_pre_pid_state)
    g_receive_address                        0x2000096c   Data           4  i2c_opt_ie.o(.bss.g_receive_address)
    g_slave_read_cfg_callback_array          0x20000970   Data         160  i2c_opt_ie.o(.bss.g_slave_read_cfg_callback_array)
    g_slave_read_cfg_idx                     0x20000a10   Data           4  i2c_opt_ie.o(.bss.g_slave_read_cfg_idx)
    g_slave_read_handle_flag                 0x20000a14   Data           1  i2c_opt_ie.o(.bss.g_slave_read_handle_flag)
    g_slave_receive_handle_flag              0x20000a15   Data           1  i2c_opt_ie.o(.bss.g_slave_receive_handle_flag)
    g_slave_write_cfg_callback_array         0x20000a18   Data         160  i2c_opt_ie.o(.bss.g_slave_write_cfg_callback_array)
    g_slave_write_cfg_idx                    0x20000ab8   Data           4  i2c_opt_ie.o(.bss.g_slave_write_cfg_idx)
    g_slave_write_handle_flag                0x20000abc   Data           1  i2c_opt_ie.o(.bss.g_slave_write_handle_flag)
    g_sys_tick_period                        0x20000ac0   Data           4  gd32e501_it.o(.bss.g_sys_tick_period)
    g_tec_auto_ctrl_flag                     0x20000ac4   Data           1  tec_comm.o(.bss.g_tec_auto_ctrl_flag)
    g_tec_calc_argum_auto_flag               0x20000ac5   Data           1  tec_comm.o(.bss.g_tec_calc_argum_auto_flag)
    g_tec_pid_param                          0x20000ac8   Data          12  tec_comm.o(.bss.g_tec_pid_param)
    g_tec_proc_flag                          0x20000ad4   Data           1  tec_comm.o(.bss.g_tec_proc_flag)
    g_timer_iterrupt_period                  0x20000ad8   Data           4  gd32e501_it.o(.bss.g_timer_iterrupt_period)
    g_update_mem_idx                         0x20000adc   Data           4  update_comm.o(.bss.g_update_mem_idx)
    g_update_mem_ptr                         0x20000ae0   Data           4  update_comm.o(.bss.g_update_mem_ptr)
    g_usart_receiver_buffer                  0x20000ae4   Data          32  gd32e501_it.o(.bss.g_usart_receiver_buffer)
    g_usart_rxcount                          0x20000b04   Data           2  gd32e501_it.o(.bss.g_usart_rxcount)
    g_user_access_flag                       0x20000b06   Data           1  i2c_opt_ie.o(.bss.g_user_access_flag)
    g_write_doing_flag                       0x20000b07   Data           1  i2c_opt_ie.o(.bss.g_write_doing_flag)
    om_default_config                        0x20000b0c   Data          32  sff_8472.o(.bss.om_default_config)
    __heap_base                              0x20000b38   Data           0  startup_gd32e501.o(HEAP)
    __heap_limit                             0x20001138   Data           0  startup_gd32e501.o(HEAP)
    __initial_sp                             0x20001538   Data           0  startup_gd32e501.o(STACK)



==============================================================================

Memory Map of the image

  Image Entry point : 0x08007955

  Load Region LR_IROM1 (Base: 0x08007800, Size: 0x0000c408, Max: 0x00010000, ABSOLUTE, COMPRESSED[0x0000c0e8])

    Execution Region ER_IROM1 (Exec base: 0x08007800, Load base: 0x08007800, Size: 0x0000be3c, Max: 0x00010000, ABSOLUTE)

    Exec Addr    Load Addr    Size         Type   Attr      Idx    E Section Name        Object

    0x08007800   0x08007800   0x00000154   Data   RO         1818    RESET               startup_gd32e501.o
    0x08007954   0x08007954   0x00000000   Code   RO         2121  * .ARM.Collect$$$$00000000  mc_w.l(entry.o)
    0x08007954   0x08007954   0x00000004   Code   RO         2246    .ARM.Collect$$$$00000001  mc_w.l(entry2.o)
    0x08007958   0x08007958   0x00000004   Code   RO         2249    .ARM.Collect$$$$00000004  mc_w.l(entry5.o)
    0x0800795c   0x0800795c   0x00000000   Code   RO         2251    .ARM.Collect$$$$00000008  mc_w.l(entry7b.o)
    0x0800795c   0x0800795c   0x00000000   Code   RO         2253    .ARM.Collect$$$$0000000A  mc_w.l(entry8b.o)
    0x0800795c   0x0800795c   0x00000008   Code   RO         2254    .ARM.Collect$$$$0000000B  mc_w.l(entry9a.o)
    0x08007964   0x08007964   0x00000000   Code   RO         2256    .ARM.Collect$$$$0000000D  mc_w.l(entry10a.o)
    0x08007964   0x08007964   0x00000000   Code   RO         2258    .ARM.Collect$$$$0000000F  mc_w.l(entry11a.o)
    0x08007964   0x08007964   0x00000004   Code   RO         2247    .ARM.Collect$$$$00002712  mc_w.l(entry2.o)
    0x08007968   0x08007968   0x00000024   Code   RO         1819    .text               startup_gd32e501.o
    0x0800798c   0x0800798c   0x00000024   Code   RO         2124    .text               mc_w.l(memcpya.o)
    0x080079b0   0x080079b0   0x00000024   Code   RO         2126    .text               mc_w.l(memseta.o)
    0x080079d4   0x080079d4   0x0000000e   Code   RO         2128    .text               mc_w.l(strlen.o)
    0x080079e2   0x080079e2   0x0000001a   Code   RO         2130    .text               mc_w.l(memcmp.o)
    0x080079fc   0x080079fc   0x0000014e   Code   RO         2190    .text               mf_w.l(dadd.o)
    0x08007b4a   0x08007b4a   0x000000e4   Code   RO         2192    .text               mf_w.l(dmul.o)
    0x08007c2e   0x08007c2e   0x000000de   Code   RO         2194    .text               mf_w.l(ddiv.o)
    0x08007d0c   0x08007d0c   0x00000036   Code   RO         2196    .text               mf_w.l(dcmpge.o)
    0x08007d42   0x08007d42   0x00000022   Code   RO         2198    .text               mf_w.l(dflti.o)
    0x08007d64   0x08007d64   0x0000003e   Code   RO         2200    .text               mf_w.l(dfixi.o)
    0x08007da2   0x08007da2   0x00000032   Code   RO         2202    .text               mf_w.l(dfixui.o)
    0x08007dd4   0x08007dd4   0x00000026   Code   RO         2204    .text               mf_w.l(f2d.o)
    0x08007dfa   0x08007dfa   0x00000038   Code   RO         2206    .text               mf_w.l(d2f.o)
    0x08007e32   0x08007e32   0x0000002c   Code   RO         2270    .text               mc_w.l(uidiv.o)
    0x08007e5e   0x08007e5e   0x00000062   Code   RO         2272    .text               mc_w.l(uldiv.o)
    0x08007ec0   0x08007ec0   0x0000001e   Code   RO         2274    .text               mc_w.l(llshl.o)
    0x08007ede   0x08007ede   0x00000020   Code   RO         2276    .text               mc_w.l(llushr.o)
    0x08007efe   0x08007efe   0x00000024   Code   RO         2278    .text               mc_w.l(llsshr.o)
    0x08007f22   0x08007f22   0x00000000   Code   RO         2289    .text               mc_w.l(iusefp.o)
    0x08007f22   0x08007f22   0x0000006e   Code   RO         2290    .text               mf_w.l(fepilogue.o)
    0x08007f90   0x08007f90   0x000000ba   Code   RO         2292    .text               mf_w.l(depilogue.o)
    0x0800804a   0x0800804a   0x0000002e   Code   RO         2296    .text               mf_w.l(dscalb.o)
    0x08008078   0x08008078   0x00000030   Code   RO         2298    .text               mf_w.l(dfixul.o)
    0x080080a8   0x080080a8   0x00000030   Code   RO         2300    .text               mf_w.l(cdrcmple.o)
    0x080080d8   0x080080d8   0x00000024   Code   RO         2302    .text               mc_w.l(init.o)
    0x080080fc   0x080080fc   0x000000a2   Code   RO         2304    .text               mf_w.l(dsqrt.o)
    0x0800819e   0x0800819e   0x00000002   PAD
    0x080081a0   0x080081a0   0x00000030   Code   RO         2306    .text               mf_w.l(cdcmple.o)
    0x080081d0   0x080081d0   0x0000005e   Code   RO         2316    .text               mc_w.l(__dclz77c.o)
    0x0800822e   0x0800822e   0x00000002   PAD
    0x08008230   0x08008230   0x00000046   Code   RO           40    .text.EXTI0_1_IRQHandler  gd32e501_it.o
    0x08008276   0x08008276   0x00000002   PAD
    0x08008278   0x08008278   0x00000004   Code   RO           22    .text.HardFault_Handler  gd32e501_it.o
    0x0800827c   0x0800827c   0x00000008   Code   RO           30    .text.I2C1_ER_IRQHandler  gd32e501_it.o
    0x08008284   0x08008284   0x00000008   Code   RO           28    .text.I2C1_EV_IRQHandler  gd32e501_it.o
    0x0800828c   0x0800828c   0x00000008   Code   RO           34    .text.I2C2_ER_IRQHandler  gd32e501_it.o
    0x08008294   0x08008294   0x00000008   Code   RO           32    .text.I2C2_EV_IRQHandler  gd32e501_it.o
    0x0800829c   0x0800829c   0x00000002   Code   RO           20    .text.NMI_Handler   gd32e501_it.o
    0x0800829e   0x0800829e   0x00000002   PAD
    0x080082a0   0x080082a0   0x00000002   Code   RO           26    .text.PendSV_Handler  gd32e501_it.o
    0x080082a2   0x080082a2   0x00000002   PAD
    0x080082a4   0x080082a4   0x00000002   Code   RO           24    .text.SVC_Handler   gd32e501_it.o
    0x080082a6   0x080082a6   0x00000002   PAD
    0x080082a8   0x080082a8   0x00000052   Code   RO            4    .text.SysTick_Config  systick.o
    0x080082fa   0x080082fa   0x00000002   PAD
    0x080082fc   0x080082fc   0x00000016   Code   RO           38    .text.SysTick_Handler  gd32e501_it.o
    0x08008312   0x08008312   0x00000002   PAD
    0x08008314   0x08008314   0x0000013c   Code   RO          402    .text.SystemInit    system_gd32e501.o
    0x08008450   0x08008450   0x00000036   Code   RO           36    .text.TIMER13_IRQHandler  gd32e501_it.o
    0x08008486   0x08008486   0x00000002   PAD
    0x08008488   0x08008488   0x000000ca   Code   RO           42    .text.USART0_IRQHandler  gd32e501_it.o
    0x08008552   0x08008552   0x00000002   PAD
    0x08008554   0x08008554   0x00000042   Code   RO            6    .text.__NVIC_SetPriority  systick.o
    0x08008596   0x08008596   0x00000002   PAD
    0x08008598   0x08008598   0x000000ce   Code   RO          230    .text.adc_calc_temp_value  mcu_system_comm.o
    0x08008666   0x08008666   0x00000002   PAD
    0x08008668   0x08008668   0x0000004e   Code   RO          425    .text.adc_calibration_enable  gd32e501_adc.o
    0x080086b6   0x080086b6   0x00000002   PAD
    0x080086b8   0x080086b8   0x00000074   Code   RO          445    .text.adc_channel_length_config  gd32e501_adc.o
    0x0800872c   0x0800872c   0x0000005a   Code   RO          265    .text.adc_channel_sample_average  adc_comm.o
    0x08008786   0x08008786   0x00000002   PAD
    0x08008788   0x08008788   0x00000032   Code   RO          443    .text.adc_data_alignment_config  gd32e501_adc.o
    0x080087ba   0x080087ba   0x00000002   PAD
    0x080087bc   0x080087bc   0x00000064   Code   RO          267    .text.adc_dma_config_init  adc_comm.o
    0x08008820   0x08008820   0x00000012   Code   RO          427    .text.adc_dma_mode_enable  gd32e501_adc.o
    0x08008832   0x08008832   0x00000002   PAD
    0x08008834   0x08008834   0x00000024   Code   RO          421    .text.adc_enable    gd32e501_adc.o
    0x08008858   0x08008858   0x0000008e   Code   RO          455    .text.adc_external_trigger_config  gd32e501_adc.o
    0x080088e6   0x080088e6   0x00000002   PAD
    0x080088e8   0x080088e8   0x00000064   Code   RO          457    .text.adc_external_trigger_source_config  gd32e501_adc.o
    0x0800894c   0x0800894c   0x00000018   Code   RO          483    .text.adc_flag_clear  gd32e501_adc.o
    0x08008964   0x08008964   0x0000002c   Code   RO          481    .text.adc_flag_get  gd32e501_adc.o
    0x08008990   0x08008990   0x0000006a   Code   RO          259    .text.adc_get_dma_data_channel  adc_comm.o
    0x080089fa   0x080089fa   0x00000002   PAD
    0x080089fc   0x080089fc   0x0000003e   Code   RO          261    .text.adc_gpio_init  adc_comm.o
    0x08008a3a   0x08008a3a   0x00000002   PAD
    0x08008a3c   0x08008a3c   0x000000fa   Code   RO          449    .text.adc_inserted_channel_config  gd32e501_adc.o
    0x08008b36   0x08008b36   0x00000002   PAD
    0x08008b38   0x08008b38   0x0000008e   Code   RO          273    .text.adc_inserted_channel_sample_average  adc_comm.o
    0x08008bc6   0x08008bc6   0x00000002   PAD
    0x08008bc8   0x08008bc8   0x00000062   Code   RO          463    .text.adc_inserted_data_read  gd32e501_adc.o
    0x08008c2a   0x08008c2a   0x00000002   PAD
    0x08008c2c   0x08008c2c   0x00000092   Code   RO          269    .text.adc_module_config_init  adc_comm.o
    0x08008cbe   0x08008cbe   0x00000002   PAD
    0x08008cc0   0x08008cc0   0x00000010   Code   RO          263    .text.adc_periph_config  adc_comm.o
    0x08008cd0   0x08008cd0   0x00000186   Code   RO          447    .text.adc_regular_channel_config  gd32e501_adc.o
    0x08008e56   0x08008e56   0x00000002   PAD
    0x08008e58   0x08008e58   0x00000044   Code   RO          459    .text.adc_software_trigger_enable  gd32e501_adc.o
    0x08008e9c   0x08008e9c   0x000000c8   Code   RO          441    .text.adc_special_function_config  gd32e501_adc.o
    0x08008f64   0x08008f64   0x00000004   PAD
    0x08008f68   0x08008f68   0x000000a8   Code   RO          325    .text.apd_i2c_vcc_reg_write  sff_8472.o
    0x08009010   0x08009010   0x000000a8   Code   RO         1975    .text.calc_temp_value  tec_comm.o
    0x080090b8   0x080090b8   0x00000168   Code   RO          317    .text.calculate_om_rx_power  sff_8472.o
    0x08009220   0x08009220   0x00000078   Code   RO          315    .text.calculate_om_tx_power  sff_8472.o
    0x08009298   0x08009298   0x0000005e   Code   RO           58    .text.com_usart_gpio_config  com_usart_comm.o
    0x080092f6   0x080092f6   0x00000002   PAD
    0x080092f8   0x080092f8   0x0000005c   Code   RO           60    .text.com_usart_init  com_usart_comm.o
    0x08009354   0x08009354   0x0000006a   Code   RO         2088    .text.comm_update_flash_finish_one_page  update_comm.o
    0x080093be   0x080093be   0x00000002   PAD
    0x080093c0   0x080093c0   0x00000116   Code   RO         2076    .text.comm_update_write_mem_one_page_to_flash  update_comm.o
    0x080094d6   0x080094d6   0x00000002   PAD
    0x080094d8   0x080094d8   0x0000014e   Code   RO         2078    .text.comm_update_write_to_flash  update_comm.o
    0x08009626   0x08009626   0x00000002   PAD
    0x08009628   0x08009628   0x00000080   Code   RO          343    .text.cpa_i2c_reg_write  sff_8472.o
    0x080096a8   0x080096a8   0x00000044   Code   RO          576    .text.crc_deinit    gd32e501_crc.o
    0x080096ec   0x080096ec   0x00000020   Code   RO          592    .text.crc_input_data_reverse_config  gd32e501_crc.o
    0x0800970c   0x0800970c   0x00000020   Code   RO          594    .text.crc_polynomial_size_set  gd32e501_crc.o
    0x0800972c   0x0800972c   0x0000001a   Code   RO          578    .text.crc_reverse_output_data_enable  gd32e501_crc.o
    0x08009746   0x08009746   0x00000002   PAD
    0x08009748   0x08009748   0x0000003a   Code   RO          248    .text.dac_config_init  dac_comm.o
    0x08009782   0x08009782   0x00000002   PAD
    0x08009784   0x08009784   0x0000008e   Code   RO          625    .text.dac_data_set  gd32e501_dac.o
    0x08009812   0x08009812   0x00000002   PAD
    0x08009814   0x08009814   0x00000096   Code   RO          609    .text.dac_deinit    gd32e501_dac.o
    0x080098aa   0x080098aa   0x00000002   PAD
    0x080098ac   0x080098ac   0x0000002c   Code   RO          611    .text.dac_enable    gd32e501_dac.o
    0x080098d8   0x080098d8   0x00000012   Code   RO          242    .text.dac_gpion_init  dac_comm.o
    0x080098ea   0x080098ea   0x00000002   PAD
    0x080098ec   0x080098ec   0x0000002c   Code   RO          621    .text.dac_output_buffer_disable  gd32e501_dac.o
    0x08009918   0x08009918   0x0000002c   Code   RO          619    .text.dac_output_buffer_enable  gd32e501_dac.o
    0x08009944   0x08009944   0x00000048   Code   RO          244    .text.dac_periph_config  dac_comm.o
    0x0800998c   0x0800998c   0x0000002c   Code   RO          637    .text.dac_software_trigger_enable  gd32e501_dac.o
    0x080099b8   0x080099b8   0x0000002c   Code   RO          633    .text.dac_trigger_disable  gd32e501_dac.o
    0x080099e4   0x080099e4   0x0000004c   Code   RO          635    .text.dac_trigger_source_config  gd32e501_dac.o
    0x08009a30   0x08009a30   0x00000074   Code   RO          246    .text.dac_vtec_ctl_set  dac_comm.o
    0x08009aa4   0x08009aa4   0x00000044   Code   RO          641    .text.dac_wave_mode_config  gd32e501_dac.o
    0x08009ae8   0x08009ae8   0x0000005a   Code   RO          361    .text.ddm_i2c_switch_auto_process_reg_write  sff_8472.o
    0x08009b42   0x08009b42   0x00000002   PAD
    0x08009b44   0x08009b44   0x0000009e   Code   RO          363    .text.ddm_process   sff_8472.o
    0x08009be2   0x08009be2   0x00000002   PAD
    0x08009be4   0x08009be4   0x00000020   Code   RO           10    .text.delay_decrement  systick.o
    0x08009c04   0x08009c04   0x00000024   Code   RO          709    .text.dma_channel_disable  gd32e501_dma.o
    0x08009c28   0x08009c28   0x00000024   Code   RO          719    .text.dma_channel_enable  gd32e501_dma.o
    0x08009c4c   0x08009c4c   0x00000024   Code   RO          711    .text.dma_circulation_enable  gd32e501_dma.o
    0x08009c70   0x08009c70   0x00000080   Code   RO          703    .text.dma_deinit    gd32e501_dma.o
    0x08009cf0   0x08009cf0   0x00000158   Code   RO          707    .text.dma_init      gd32e501_dma.o
    0x08009e48   0x08009e48   0x00000080   Code   RO          335    .text.eq_i2c_reg_write  sff_8472.o
    0x08009ec8   0x08009ec8   0x0000010a   Code   RO          766    .text.exti_init     gd32e501_exti.o
    0x08009fd2   0x08009fd2   0x00000002   PAD
    0x08009fd4   0x08009fd4   0x00000014   Code   RO          786    .text.exti_interrupt_flag_clear  gd32e501_exti.o
    0x08009fe8   0x08009fe8   0x00000048   Code   RO          784    .text.exti_interrupt_flag_get  gd32e501_exti.o
    0x0800a030   0x0800a030   0x00000048   Code   RO          212    .text.fh_delay_ms   mcu_system_comm.o
    0x0800a078   0x0800a078   0x0000003e   Code   RO          214    .text.fh_delay_us   mcu_system_comm.o
    0x0800a0b6   0x0800a0b6   0x00000002   PAD
    0x0800a0b8   0x0800a0b8   0x00000186   Code   RO         1977    .text.find_adc_temp  tec_comm.o
    0x0800a23e   0x0800a23e   0x00000002   PAD
    0x0800a240   0x0800a240   0x00000116   Code   RO          365    .text.flash_config_init  sff_8472.o
    0x0800a356   0x0800a356   0x00000002   PAD
    0x0800a358   0x0800a358   0x00000048   Code   RO          283    .text.flash_read    sff_8472.o
    0x0800a3a0   0x0800a3a0   0x000000d2   Code   RO          285    .text.flash_write   sff_8472.o
    0x0800a472   0x0800a472   0x00000002   PAD
    0x0800a474   0x0800a474   0x00000018   Code   RO          867    .text.fmc_bank0_flag_clear  gd32e501_fmc.o
    0x0800a48c   0x0800a48c   0x0000005c   Code   RO          823    .text.fmc_bank0_ready_wait  gd32e501_fmc.o
    0x0800a4e8   0x0800a4e8   0x00000060   Code   RO          887    .text.fmc_bank0_state_get  gd32e501_fmc.o
    0x0800a548   0x0800a548   0x0000005c   Code   RO          825    .text.fmc_bank1_ready_wait  gd32e501_fmc.o
    0x0800a5a4   0x0800a5a4   0x00000060   Code   RO          889    .text.fmc_bank1_state_get  gd32e501_fmc.o
    0x0800a604   0x0800a604   0x000001f6   Code   RO          833    .text.fmc_doubleword_program  gd32e501_fmc.o
    0x0800a7fa   0x0800a7fa   0x00000002   PAD
    0x0800a7fc   0x0800a7fc   0x00000026   Code   RO          297    .text.fmc_erase_single_page  sff_8472.o
    0x0800a822   0x0800a822   0x00000002   PAD
    0x0800a824   0x0800a824   0x00000022   Code   RO          801    .text.fmc_lock      gd32e501_fmc.o
    0x0800a846   0x0800a846   0x00000002   PAD
    0x0800a848   0x0800a848   0x000001d6   Code   RO          821    .text.fmc_page_erase  gd32e501_fmc.o
    0x0800aa1e   0x0800aa1e   0x00000002   PAD
    0x0800aa20   0x0800aa20   0x00000062   Code   RO          795    .text.fmc_unlock    gd32e501_fmc.o
    0x0800aa82   0x0800aa82   0x00000002   PAD
    0x0800aa84   0x0800aa84   0x00000036   Code   RO         2053    .text.fputc         main.o
    0x0800aaba   0x0800aaba   0x00000002   PAD
    0x0800aabc   0x0800aabc   0x0000007c   Code   RO          271    .text.get_adc_inserted_channel_sample  adc_comm.o
    0x0800ab38   0x0800ab38   0x000000a0   Code   RO          303    .text.get_case_therm_temperature  sff_8472.o
    0x0800abd8   0x0800abd8   0x00000052   Code   RO          224    .text.get_u16       mcu_system_comm.o
    0x0800ac2a   0x0800ac2a   0x00000002   PAD
    0x0800ac2c   0x0800ac2c   0x0000006e   Code   RO          228    .text.get_u32       mcu_system_comm.o
    0x0800ac9a   0x0800ac9a   0x00000002   PAD
    0x0800ac9c   0x0800ac9c   0x000000da   Code   RO         1878    .text.gn7161_adc    gn7161.o
    0x0800ad76   0x0800ad76   0x00000002   PAD
    0x0800ad78   0x0800ad78   0x000000f4   Code   RO         1918    .text.gn7161_download_firmware  gn7161.o
    0x0800ae6c   0x0800ae6c   0x00000004   PAD
    0x0800ae70   0x0800ae70   0x00000110   Code   RO         1896    .text.gn7161_get_ld_ibias  gn7161.o
    0x0800af80   0x0800af80   0x00000110   Code   RO         1902    .text.gn7161_get_mpd_ibias  gn7161.o
    0x0800b090   0x0800b090   0x00000110   Code   RO         1892    .text.gn7161_get_voltage  gn7161.o
    0x0800b1a0   0x0800b1a0   0x00000050   Code   RO         1868    .text.gn7161_gpio_init  gn7161.o
    0x0800b1f0   0x0800b1f0   0x00000050   Code   RO         1860    .text.gn7161_init   gn7161.o
    0x0800b240   0x0800b240   0x0000003a   Code   RO         1894    .text.gn7161_ld_ibias_monitor_ctrl  gn7161.o
    0x0800b27a   0x0800b27a   0x00000002   PAD
    0x0800b27c   0x0800b27c   0x00000052   Code   RO         1900    .text.gn7161_mpd_ibias_monitor_ctrl  gn7161.o
    0x0800b2ce   0x0800b2ce   0x00000002   PAD
    0x0800b2d0   0x0800b2d0   0x000002dc   Code   RO         1872    .text.gn7161_normal_setting  gn7161.o
    0x0800b5ac   0x0800b5ac   0x00000026   Code   RO         1870    .text.gn7161_reset  gn7161.o
    0x0800b5d2   0x0800b5d2   0x00000002   PAD
    0x0800b5d4   0x0800b5d4   0x0000005a   Code   RO         1898    .text.gn7161_set_ld_ibias  gn7161.o
    0x0800b62e   0x0800b62e   0x00000002   PAD
    0x0800b630   0x0800b630   0x0000005a   Code   RO         1906    .text.gn7161_set_ld_imod  gn7161.o
    0x0800b68a   0x0800b68a   0x00000002   PAD
    0x0800b68c   0x0800b68c   0x0000004c   Code   RO         1910    .text.gn7161_set_rx_drv_deemph  gn7161.o
    0x0800b6d8   0x0800b6d8   0x0000002c   Code   RO         1876    .text.gn7161_set_rx_eq_boost  gn7161.o
    0x0800b704   0x0800b704   0x0000002a   Code   RO         1914    .text.gn7161_set_rx_los_hyst  gn7161.o
    0x0800b72e   0x0800b72e   0x00000002   PAD
    0x0800b730   0x0800b730   0x0000002a   Code   RO         1912    .text.gn7161_set_rx_los_threshold  gn7161.o
    0x0800b75a   0x0800b75a   0x00000002   PAD
    0x0800b75c   0x0800b75c   0x0000002c   Code   RO         1874    .text.gn7161_set_rx_swing  gn7161.o
    0x0800b788   0x0800b788   0x0000002a   Code   RO         1904    .text.gn7161_set_tx_ld_cpa  gn7161.o
    0x0800b7b2   0x0800b7b2   0x00000002   PAD
    0x0800b7b4   0x0800b7b4   0x0000007a   Code   RO         1908    .text.gn7161_set_tx_ld_deemph  gn7161.o
    0x0800b82e   0x0800b82e   0x00000002   PAD
    0x0800b830   0x0800b830   0x00000054   Code   RO         1864    .text.gn7161_soft_txdsbl_ctrl  gn7161.o
    0x0800b884   0x0800b884   0x000000e0   Code   RO         1866    .text.gn7161_tx_lane_ctrl  gn7161.o
    0x0800b964   0x0800b964   0x00000036   Code   RO         1862    .text.gn7161_txdsbl_ctrl  gn7161.o
    0x0800b99a   0x0800b99a   0x00000002   PAD
    0x0800b99c   0x0800b99c   0x0000003a   Code   RO         1890    .text.gn7161_voltage_monitor_ctrl  gn7161.o
    0x0800b9d6   0x0800b9d6   0x00000002   PAD
    0x0800b9d8   0x0800b9d8   0x000000d4   Code   RO          949    .text.gpio_af_set   gd32e501_gpio.o
    0x0800baac   0x0800baac   0x00000010   Code   RO          935    .text.gpio_bit_reset  gd32e501_gpio.o
    0x0800babc   0x0800babc   0x00000010   Code   RO          933    .text.gpio_bit_set  gd32e501_gpio.o
    0x0800bacc   0x0800bacc   0x00000062   Code   RO          176    .text.gpio_master_i2c_config_init  i2c_comm.o
    0x0800bb2e   0x0800bb2e   0x00000002   PAD
    0x0800bb30   0x0800bb30   0x0000009c   Code   RO          929    .text.gpio_mode_set  gd32e501_gpio.o
    0x0800bbcc   0x0800bbcc   0x00000092   Code   RO          931    .text.gpio_output_options_set  gd32e501_gpio.o
    0x0800bc5e   0x0800bc5e   0x00000002   PAD
    0x0800bc60   0x0800bc60   0x00000060   Code   RO          174    .text.gpio_slave_i2c_config_init  i2c_comm.o
    0x0800bcc0   0x0800bcc0   0x00000028   Code   RO          994    .text.i2c_address_config  gd32e501_i2c.o
    0x0800bce8   0x0800bce8   0x00000012   Code   RO          984    .text.i2c_automatic_end_disable  gd32e501_i2c.o
    0x0800bcfa   0x0800bcfa   0x00000002   PAD
    0x0800bcfc   0x0800bcfc   0x00000208   Code   RO         2049    .text.i2c_cmd_register_init  main.o
    0x0800bf04   0x0800bf04   0x0000002e   Code   RO          178    .text.i2c_config_init  i2c_comm.o
    0x0800bf32   0x0800bf32   0x00000002   PAD
    0x0800bf34   0x0800bf34   0x0000000e   Code   RO         1024    .text.i2c_data_receive  gd32e501_i2c.o
    0x0800bf42   0x0800bf42   0x00000002   PAD
    0x0800bf44   0x0800bf44   0x00000012   Code   RO         1022    .text.i2c_data_transmit  gd32e501_i2c.o
    0x0800bf56   0x0800bf56   0x00000002   PAD
    0x0800bf58   0x0800bf58   0x00000012   Code   RO         1016    .text.i2c_disable   gd32e501_i2c.o
    0x0800bf6a   0x0800bf6a   0x00000002   PAD
    0x0800bf6c   0x0800bf6c   0x00000012   Code   RO         1014    .text.i2c_enable    gd32e501_i2c.o
    0x0800bf7e   0x0800bf7e   0x00000002   PAD
    0x0800bf80   0x0800bf80   0x0000002a   Code   RO         1070    .text.i2c_flag_get  gd32e501_i2c.o
    0x0800bfaa   0x0800bfaa   0x00000002   PAD
    0x0800bfac   0x0800bfac   0x0000000c   Code   RO          101    .text.i2c_get_write_lock  i2c_opt_ie.o
    0x0800bfb8   0x0800bfb8   0x00000014   Code   RO         1076    .text.i2c_interrupt_disable  gd32e501_i2c.o
    0x0800bfcc   0x0800bfcc   0x00000014   Code   RO         1074    .text.i2c_interrupt_enable  gd32e501_i2c.o
    0x0800bfe0   0x0800bfe0   0x0000001e   Code   RO         1080    .text.i2c_interrupt_flag_clear  gd32e501_i2c.o
    0x0800bffe   0x0800bffe   0x00000002   PAD
    0x0800c000   0x0800c000   0x0000005e   Code   RO         1078    .text.i2c_interrupt_flag_get  gd32e501_i2c.o
    0x0800c05e   0x0800c05e   0x00000002   PAD
    0x0800c060   0x0800c060   0x00000036   Code   RO          972    .text.i2c_master_addressing  gd32e501_i2c.o
    0x0800c096   0x0800c096   0x00000002   PAD
    0x0800c098   0x0800c098   0x00000038   Code   RO           89    .text.i2c_master_buffer_info_data_add  i2c_opt_ie.o
    0x0800c0d0   0x0800c0d0   0x0000003e   Code   RO          970    .text.i2c_master_clock_config  gd32e501_i2c.o
    0x0800c10e   0x0800c10e   0x00000002   PAD
    0x0800c110   0x0800c110   0x00000012   Code   RO           93    .text.i2c_master_info_buffer_clear  i2c_opt_ie.o
    0x0800c122   0x0800c122   0x00000002   PAD
    0x0800c124   0x0800c124   0x00000014   Code   RO           95    .text.i2c_master_info_get_buff_info  i2c_opt_ie.o
    0x0800c138   0x0800c138   0x00000050   Code   RO           91    .text.i2c_master_info_popup_data_from_buffer  i2c_opt_ie.o
    0x0800c188   0x0800c188   0x00000010   Code   RO         1004    .text.i2c_recevied_address_get  gd32e501_i2c.o
    0x0800c198   0x0800c198   0x0000003e   Code   RO         1000    .text.i2c_second_address_config  gd32e501_i2c.o
    0x0800c1d6   0x0800c1d6   0x00000002   PAD
    0x0800c1d8   0x0800c1d8   0x00000014   Code   RO           73    .text.i2c_slave_buffer_info_clear  i2c_opt_ie.o
    0x0800c1ec   0x0800c1ec   0x00000036   Code   RO           77    .text.i2c_slave_buffer_info_data_add  i2c_opt_ie.o
    0x0800c222   0x0800c222   0x00000002   PAD
    0x0800c224   0x0800c224   0x00000058   Code   RO           79    .text.i2c_slave_buffer_mng_regaddress_info  i2c_opt_ie.o
    0x0800c27c   0x0800c27c   0x00000082   Code   RO           69    .text.i2c_slave_func_register_read_callback  i2c_opt_ie.o
    0x0800c2fe   0x0800c2fe   0x00000002   PAD
    0x0800c300   0x0800c300   0x00000080   Code   RO           71    .text.i2c_slave_func_register_write_callback  i2c_opt_ie.o
    0x0800c380   0x0800c380   0x00000014   Code   RO           81    .text.i2c_slave_info_get_buff_info  i2c_opt_ie.o
    0x0800c394   0x0800c394   0x00000050   Code   RO           83    .text.i2c_slave_info_popup_data_from_buffer  i2c_opt_ie.o
    0x0800c3e4   0x0800c3e4   0x00000018   Code   RO           87    .text.i2c_slave_info_set_state_read_flag  i2c_opt_ie.o
    0x0800c3fc   0x0800c3fc   0x00000014   Code   RO           75    .text.i2c_slave_info_slave_address_add  i2c_opt_ie.o
    0x0800c410   0x0800c410   0x0000000c   Code   RO           85    .text.i2c_slave_info_state_is_read  i2c_opt_ie.o
    0x0800c41c   0x0800c41c   0x00000008   Code   RO          123    .text.i2c_slave_read_write_handle  i2c_opt_ie.o
    0x0800c424   0x0800c424   0x00000012   Code   RO         1018    .text.i2c_start_on_bus  gd32e501_i2c.o
    0x0800c436   0x0800c436   0x00000002   PAD
    0x0800c438   0x0800c438   0x00000012   Code   RO         1020    .text.i2c_stop_on_bus  gd32e501_i2c.o
    0x0800c44a   0x0800c44a   0x00000002   PAD
    0x0800c44c   0x0800c44c   0x0000005e   Code   RO          966    .text.i2c_timing_config  gd32e501_i2c.o
    0x0800c4aa   0x0800c4aa   0x00000002   PAD
    0x0800c4ac   0x0800c4ac   0x00000020   Code   RO         1030    .text.i2c_transfer_byte_number_config  gd32e501_i2c.o
    0x0800c4cc   0x0800c4cc   0x0000000e   Code   RO           97    .text.i2c_write_lock  i2c_opt_ie.o
    0x0800c4da   0x0800c4da   0x00000002   PAD
    0x0800c4dc   0x0800c4dc   0x0000000e   Code   RO           99    .text.i2c_write_unlock  i2c_opt_ie.o
    0x0800c4ea   0x0800c4ea   0x00000006   PAD
    0x0800c4f0   0x0800c4f0   0x000000d8   Code   RO          331    .text.ibias_i2c_reg_write  sff_8472.o
    0x0800c5c8   0x0800c5c8   0x000000a0   Code   RO          333    .text.imod_i2c_reg_write  sff_8472.o
    0x0800c668   0x0800c668   0x00000118   Code   RO         2051    .text.main          main.o
    0x0800c780   0x0800c780   0x0000010e   Code   RO          129    .text.master_error_irq_handler  i2c_opt_ie.o
    0x0800c88e   0x0800c88e   0x00000002   PAD
    0x0800c890   0x0800c890   0x0000017c   Code   RO          127    .text.master_event_irq_handler  i2c_opt_ie.o
    0x0800ca0c   0x0800ca0c   0x0000007e   Code   RO          141    .text.master_i2c_config_init  i2c_opt_ie.o
    0x0800ca8a   0x0800ca8a   0x00000002   PAD
    0x0800ca8c   0x0800ca8c   0x00000038   Code   RO          135    .text.master_reg_1byte_size_read  i2c_opt_ie.o
    0x0800cac4   0x0800cac4   0x0000003e   Code   RO          139    .text.master_reg_2byte_size_read  i2c_opt_ie.o
    0x0800cb02   0x0800cb02   0x00000002   PAD
    0x0800cb04   0x0800cb04   0x000002aa   Code   RO          137    .text.master_reg_byte_read  i2c_opt_ie.o
    0x0800cdae   0x0800cdae   0x00000002   PAD
    0x0800cdb0   0x0800cdb0   0x000001ea   Code   RO          133    .text.master_reg_byte_write  i2c_opt_ie.o
    0x0800cf9a   0x0800cf9a   0x00000002   PAD
    0x0800cf9c   0x0800cf9c   0x00000092   Code   RO          186    .text.mcu_addr0xspec_1byte_reg_byte_read  i2c_comm.o
    0x0800d02e   0x0800d02e   0x00000002   PAD
    0x0800d030   0x0800d030   0x00000032   Code   RO          188    .text.mcu_addr0xspec_reg_byte_read  i2c_comm.o
    0x0800d062   0x0800d062   0x00000002   PAD
    0x0800d064   0x0800d064   0x000000a6   Code   RO          184    .text.mcu_addr0xspec_reg_byte_write  i2c_comm.o
    0x0800d10a   0x0800d10a   0x00000002   PAD
    0x0800d10c   0x0800d10c   0x00000088   Code   RO          182    .text.mcu_register_reg_addr_read_callback  i2c_comm.o
    0x0800d194   0x0800d194   0x00000088   Code   RO          180    .text.mcu_register_reg_addr_write_callback  i2c_comm.o
    0x0800d21c   0x0800d21c   0x0000012a   Code   RO         1142    .text.nvic_irq_enable  gd32e501_misc.o
    0x0800d346   0x0800d346   0x00000002   PAD
    0x0800d348   0x0800d348   0x0000001c   Code   RO         1140    .text.nvic_priority_group_set  gd32e501_misc.o
    0x0800d364   0x0800d364   0x00000024   Code   RO         1152    .text.nvic_vector_table_set  gd32e501_misc.o
    0x0800d388   0x0800d388   0x00000176   Code   RO          323    .text.om_cmd_ddm_read_reg_byte  sff_8472.o
    0x0800d4fe   0x0800d4fe   0x00000002   PAD
    0x0800d500   0x0800d500   0x00000018   Code   RO          357    .text.om_crc32_reset  sff_8472.o
    0x0800d518   0x0800d518   0x0000008c   Code   RO          355    .text.om_default_config_flash_init  sff_8472.o
    0x0800d5a4   0x0800d5a4   0x00000004   PAD
    0x0800d5a8   0x0800d5a8   0x000004a8   Code   RO          353    .text.om_default_config_flash_read  sff_8472.o
    0x0800da50   0x0800da50   0x00000026   Code   RO          349    .text.om_default_config_flash_write  sff_8472.o
    0x0800da76   0x0800da76   0x00000002   PAD
    0x0800da78   0x0800da78   0x000000c4   Code   RO          359    .text.om_flash_block_data_calculate_crc32  sff_8472.o
    0x0800db3c   0x0800db3c   0x000001d2   Code   RO          295    .text.om_flash_write_reg_byte  sff_8472.o
    0x0800dd0e   0x0800dd0e   0x00000002   PAD
    0x0800dd10   0x0800dd10   0x00000010   Code   RO          351    .text.om_save_config_flash_reg_write  sff_8472.o
    0x0800dd20   0x0800dd20   0x000000fc   Code   RO          301    .text.om_v2_flash_read_reg_byte  sff_8472.o
    0x0800de1c   0x0800de1c   0x00000188   Code   RO          319    .text.om_v2_memory_read_reg_byte  sff_8472.o
    0x0800dfa4   0x0800dfa4   0x000001ac   Code   RO         1228    .text.rcu_adc_clock_config  gd32e501_rcu.o
    0x0800e150   0x0800e150   0x000002be   Code   RO         1278    .text.rcu_clock_freq_get  gd32e501_rcu.o
    0x0800e40e   0x0800e40e   0x00000002   PAD
    0x0800e410   0x0800e410   0x0000006a   Code   RO          201    .text.rcu_config_init  mcu_config_public.o
    0x0800e47a   0x0800e47a   0x00000002   PAD
    0x0800e47c   0x0800e47c   0x00000090   Code   RO         1236    .text.rcu_i2c_clock_config  gd32e501_rcu.o
    0x0800e50c   0x0800e50c   0x00000028   Code   RO         1202    .text.rcu_periph_clock_enable  gd32e501_rcu.o
    0x0800e534   0x0800e534   0x00000028   Code   RO         1212    .text.rcu_periph_reset_disable  gd32e501_rcu.o
    0x0800e55c   0x0800e55c   0x00000028   Code   RO         1210    .text.rcu_periph_reset_enable  gd32e501_rcu.o
    0x0800e584   0x0800e584   0x00000022   Code   RO         2086    .text.read_update_flag  update_comm.o
    0x0800e5a6   0x0800e5a6   0x00000002   PAD
    0x0800e5a8   0x0800e5a8   0x00000080   Code   RO          341    .text.rx_deemph_i2c_reg_write  sff_8472.o
    0x0800e628   0x0800e628   0x00000080   Code   RO          347    .text.rx_los_hyst_i2c_reg_write  sff_8472.o
    0x0800e6a8   0x0800e6a8   0x00000080   Code   RO          345    .text.rx_los_threshold_i2c_reg_write  sff_8472.o
    0x0800e728   0x0800e728   0x000001b0   Code   RO          232    .text.search_bisection_temp_by_adc  mcu_system_comm.o
    0x0800e8d8   0x0800e8d8   0x00000026   Code   RO          222    .text.set_u16       mcu_system_comm.o
    0x0800e8fe   0x0800e8fe   0x00000002   PAD
    0x0800e900   0x0800e900   0x00000032   Code   RO          226    .text.set_u32       mcu_system_comm.o
    0x0800e932   0x0800e932   0x00000002   PAD
    0x0800e934   0x0800e934   0x00000032   Code   RO         1963    .text.sgm41282c_get_rssi_value  sgm41282c.o
    0x0800e966   0x0800e966   0x00000002   PAD
    0x0800e968   0x0800e968   0x000000a4   Code   RO         1957    .text.sgm41282c_gpio_init  sgm41282c.o
    0x0800ea0c   0x0800ea0c   0x0000006a   Code   RO         1953    .text.sgm41282c_init  sgm41282c.o
    0x0800ea76   0x0800ea76   0x00000002   PAD
    0x0800ea78   0x0800ea78   0x000000a0   Code   RO         1955    .text.sgm41282c_set_apd  sgm41282c.o
    0x0800eb18   0x0800eb18   0x00000020   Code   RO         1961    .text.sgm41282c_set_apd_vcc  sgm41282c.o
    0x0800eb38   0x0800eb38   0x00000018   Code   RO         1965    .text.sgm41282c_set_rssi_value  sgm41282c.o
    0x0800eb50   0x0800eb50   0x0000002a   Code   RO         1938    .text.sgm41295_gpio_init  sgm41295.o
    0x0800eb7a   0x0800eb7a   0x00000002   PAD
    0x0800eb7c   0x0800eb7c   0x00000046   Code   RO         1928    .text.sgm41295_init  sgm41295.o
    0x0800ebc2   0x0800ebc2   0x00000002   PAD
    0x0800ebc4   0x0800ebc4   0x0000004e   Code   RO         1932    .text.sgm41295_ld_ctrl  sgm41295.o
    0x0800ec12   0x0800ec12   0x00000002   PAD
    0x0800ec14   0x0800ec14   0x0000002a   Code   RO         1930    .text.sgm41295_set_ld  sgm41295.o
    0x0800ec3e   0x0800ec3e   0x00000002   PAD
    0x0800ec40   0x0800ec40   0x00000042   Code   RO         1944    .text.sgm41295_set_ld_reg  sgm41295.o
    0x0800ec82   0x0800ec82   0x00000006   PAD
    0x0800ec88   0x0800ec88   0x00000068   Code   RO         1934    .text.sgm41295_set_vea  sgm41295.o
    0x0800ecf0   0x0800ecf0   0x00000026   Code   RO         1942    .text.sgm41295_set_vea_reg  sgm41295.o
    0x0800ed16   0x0800ed16   0x00000002   PAD
    0x0800ed18   0x0800ed18   0x0000004e   Code   RO         1936    .text.sgm41295_vea_ctrl  sgm41295.o
    0x0800ed66   0x0800ed66   0x00000002   PAD
    0x0800ed68   0x0800ed68   0x0000010e   Code   RO          125    .text.slave_error_irq_handler  i2c_opt_ie.o
    0x0800ee76   0x0800ee76   0x00000002   PAD
    0x0800ee78   0x0800ee78   0x00000274   Code   RO          109    .text.slave_event_irq_handler  i2c_opt_ie.o
    0x0800f0ec   0x0800f0ec   0x00000062   Code   RO          131    .text.slave_i2c_config_init  i2c_opt_ie.o
    0x0800f14e   0x0800f14e   0x00000002   PAD
    0x0800f150   0x0800f150   0x00000046   Code   RO          121    .text.slave_i2c_middle_handle  i2c_opt_ie.o
    0x0800f196   0x0800f196   0x00000002   PAD
    0x0800f198   0x0800f198   0x00000074   Code   RO          113    .text.slave_i2c_read_handle  i2c_opt_ie.o
    0x0800f20c   0x0800f20c   0x00000096   Code   RO          111    .text.slave_i2c_receive_handle  i2c_opt_ie.o
    0x0800f2a2   0x0800f2a2   0x00000002   PAD
    0x0800f2a4   0x0800f2a4   0x00000068   Code   RO          117    .text.slave_i2c_write_handle  i2c_opt_ie.o
    0x0800f30c   0x0800f30c   0x000000ac   Code   RO          119    .text.slave_reg_byte_write  i2c_opt_ie.o
    0x0800f3b8   0x0800f3b8   0x000000a8   Code   RO          115    .text.slave_v2_reg_byte_read  i2c_opt_ie.o
    0x0800f460   0x0800f460   0x00000090   Code   RO          327    .text.soa_i2c_ild_reg_write  sff_8472.o
    0x0800f4f0   0x0800f4f0   0x00000098   Code   RO          337    .text.swing_i2c_reg_write  sff_8472.o
    0x0800f588   0x0800f588   0x0000000c   Code   RO          203    .text.syscfg_config  mcu_config_public.o
    0x0800f594   0x0800f594   0x00000018   Code   RO         1453    .text.syscfg_deinit  gd32e501_syscfg.o
    0x0800f5ac   0x0800f5ac   0x000000ac   Code   RO         1471    .text.syscfg_exti_line_config  gd32e501_syscfg.o
    0x0800f658   0x0800f658   0x00000010   Code   RO         1465    .text.syscfg_vref_enable  gd32e501_syscfg.o
    0x0800f668   0x0800f668   0x00000100   Code   RO          408    .text.system_clock_100m_irc8m  system_gd32e501.o
    0x0800f768   0x0800f768   0x00000008   Code   RO          404    .text.system_clock_config  system_gd32e501.o
    0x0800f770   0x0800f770   0x00000048   Code   RO          218    .text.system_delay_ms  mcu_system_comm.o
    0x0800f7b8   0x0800f7b8   0x00000032   Code   RO            2    .text.systick_config  systick.o
    0x0800f7ea   0x0800f7ea   0x00000006   PAD
    0x0800f7f0   0x0800f7f0   0x0000032c   Code   RO         1983    .text.tec_calc_auto_rth_temp  tec_comm.o
    0x0800fb1c   0x0800fb1c   0x0000007c   Code   RO         2007    .text.tec_config_init  tec_comm.o
    0x0800fb98   0x0800fb98   0x0000007c   Code   RO         1979    .text.tec_get_therm_temperature  tec_comm.o
    0x0800fc14   0x0800fc14   0x00000004   PAD
    0x0800fc18   0x0800fc18   0x00000058   Code   RO         1995    .text.tec_get_xtec_voltage  tec_comm.o
    0x0800fc70   0x0800fc70   0x0000005a   Code   RO         2005    .text.tec_gpio_init  tec_comm.o
    0x0800fcca   0x0800fcca   0x00000002   PAD
    0x0800fccc   0x0800fccc   0x00000060   Code   RO         1993    .text.tec_i2_ctl_temperature_reg_read  tec_comm.o
    0x0800fd2c   0x0800fd2c   0x00000036   Code   RO         1997    .text.tec_i2c_auto_ctl_reg_write  tec_comm.o
    0x0800fd62   0x0800fd62   0x00000002   PAD
    0x0800fd64   0x0800fd64   0x00000076   Code   RO         1999    .text.tec_i2c_calc_ctl_auto_reg_write  tec_comm.o
    0x0800fdda   0x0800fdda   0x00000002   PAD
    0x0800fddc   0x0800fddc   0x00000074   Code   RO         2003    .text.tec_i2c_temperature_obj_write  tec_comm.o
    0x0800fe50   0x0800fe50   0x00000058   Code   RO         1991    .text.tec_i2c_vtec_ctl_reg_read  tec_comm.o
    0x0800fea8   0x0800fea8   0x0000008c   Code   RO         1989    .text.tec_i2c_vtec_ctl_reg_write  tec_comm.o
    0x0800ff34   0x0800ff34   0x0000000c   Code   RO         2011    .text.tec_pid_calc_auto  tec_comm.o
    0x0800ff40   0x0800ff40   0x00000188   Code   RO         2009    .text.tec_process   tec_comm.o
    0x080100c8   0x080100c8   0x000000a0   Code   RO         1981    .text.tec_release_limit_refresh  tec_comm.o
    0x08010168   0x08010168   0x0000005e   Code   RO         2001    .text.tec_save_ctl_temperature_value  tec_comm.o
    0x080101c6   0x080101c6   0x00000002   PAD
    0x080101c8   0x080101c8   0x00000068   Code   RO         1985    .text.tec_set_ctl_voltage  tec_comm.o
    0x08010230   0x08010230   0x00000038   Code   RO         2019    .text.tec_set_ctrl_temperature_obj  tec_comm.o
    0x08010268   0x08010268   0x00000022   Code   RO         2017    .text.tec_set_default_mini_status  tec_comm.o
    0x0801028a   0x0801028a   0x00000002   PAD
    0x0801028c   0x0801028c   0x0000000e   Code   RO         2015    .text.tec_start_auto_adjust  tec_comm.o
    0x0801029a   0x0801029a   0x00000002   PAD
    0x0801029c   0x0801029c   0x00000060   Code   RO         2013    .text.tec_xtec_value_reg_read  tec_comm.o
    0x080102fc   0x080102fc   0x0000013a   Code   RO         1488    .text.timer_deinit  gd32e501_timer.o
    0x08010436   0x08010436   0x00000002   PAD
    0x08010438   0x08010438   0x0000006c   Code   RO          391    .text.timer_device_config  timer_comm.o
    0x080104a4   0x080104a4   0x00000012   Code   RO         1494    .text.timer_enable  gd32e501_timer.o
    0x080104b6   0x080104b6   0x00000002   PAD
    0x080104b8   0x080104b8   0x0000013e   Code   RO         1492    .text.timer_init    gd32e501_timer.o
    0x080105f6   0x080105f6   0x00000002   PAD
    0x080105f8   0x080105f8   0x00000014   Code   RO         1622    .text.timer_interrupt_enable  gd32e501_timer.o
    0x0801060c   0x0801060c   0x00000012   Code   RO         1628    .text.timer_interrupt_flag_clear  gd32e501_timer.o
    0x0801061e   0x0801061e   0x00000002   PAD
    0x08010620   0x08010620   0x0000003a   Code   RO         1626    .text.timer_interrupt_flag_get  gd32e501_timer.o
    0x0801065a   0x0801065a   0x00000002   PAD
    0x0801065c   0x0801065c   0x00000008   Code   RO          393    .text.timer_process_init  timer_comm.o
    0x08010664   0x08010664   0x00000026   Code   RO         1490    .text.timer_struct_para_init  gd32e501_timer.o
    0x0801068a   0x0801068a   0x00000006   PAD
    0x08010690   0x08010690   0x00000080   Code   RO          339    .text.tx_deemph_i2c_reg_write  sff_8472.o
    0x08010710   0x08010710   0x00000024   Code   RO         2068    .text.upate_mem_is_alloc  update_comm.o
    0x08010734   0x08010734   0x0000023a   Code   RO         2074    .text.update_app_write_reg_byte  update_comm.o
    0x0801096e   0x0801096e   0x00000002   PAD
    0x08010970   0x08010970   0x000001b8   Code   RO         2082    .text.update_firmware_write_reg_byte  update_comm.o
    0x08010b28   0x08010b28   0x0000003c   Code   RO         2072    .text.update_mem_all_memset  update_comm.o
    0x08010b64   0x08010b64   0x00000076   Code   RO         2066    .text.update_mem_malloc  update_comm.o
    0x08010bda   0x08010bda   0x00000002   PAD
    0x08010bdc   0x08010bdc   0x0000004c   Code   RO          309    .text.update_om_bias  sff_8472.o
    0x08010c28   0x08010c28   0x00000018   Code   RO          321    .text.update_om_diagnose  sff_8472.o
    0x08010c40   0x08010c40   0x0000008c   Code   RO          313    .text.update_om_rx_power  sff_8472.o
    0x08010ccc   0x08010ccc   0x00000004   PAD
    0x08010cd0   0x08010cd0   0x000000d8   Code   RO          305    .text.update_om_temperature  sff_8472.o
    0x08010da8   0x08010da8   0x0000008c   Code   RO          311    .text.update_om_tx_power  sff_8472.o
    0x08010e34   0x08010e34   0x0000004c   Code   RO          307    .text.update_om_voltage  sff_8472.o
    0x08010e80   0x08010e80   0x0000000a   Code   RO         2084    .text.update_user_boot_write_reg_byte  update_comm.o
    0x08010e8a   0x08010e8a   0x00000002   PAD
    0x08010e8c   0x08010e8c   0x000000ba   Code   RO         2090    .text.upgrade_dev_version_reg_read  update_comm.o
    0x08010f46   0x08010f46   0x00000002   PAD
    0x08010f48   0x08010f48   0x000000bc   Code   RO         1643    .text.usart_baudrate_set  gd32e501_usart.o
    0x08011004   0x08011004   0x00000010   Code   RO         1679    .text.usart_data_receive  gd32e501_usart.o
    0x08011014   0x08011014   0x00000014   Code   RO         1677    .text.usart_data_transmit  gd32e501_usart.o
    0x08011028   0x08011028   0x00000052   Code   RO         1641    .text.usart_deinit  gd32e501_usart.o
    0x0801107a   0x0801107a   0x00000002   PAD
    0x0801107c   0x0801107c   0x00000012   Code   RO         1651    .text.usart_enable  gd32e501_usart.o
    0x0801108e   0x0801108e   0x00000002   PAD
    0x08011090   0x08011090   0x0000003a   Code   RO         1775    .text.usart_flag_get  gd32e501_usart.o
    0x080110ca   0x080110ca   0x00000002   PAD
    0x080110cc   0x080110cc   0x00000024   Code   RO         1781    .text.usart_interrupt_disable  gd32e501_usart.o
    0x080110f0   0x080110f0   0x00000024   Code   RO         1779    .text.usart_interrupt_enable  gd32e501_usart.o
    0x08011114   0x08011114   0x0000005e   Code   RO         1785    .text.usart_interrupt_flag_get  gd32e501_usart.o
    0x08011172   0x08011172   0x00000002   PAD
    0x08011174   0x08011174   0x00000028   Code   RO         1645    .text.usart_parity_config  gd32e501_usart.o
    0x0801119c   0x0801119c   0x0000001e   Code   RO         1657    .text.usart_receive_config  gd32e501_usart.o
    0x080111ba   0x080111ba   0x00000002   PAD
    0x080111bc   0x080111bc   0x00000028   Code   RO         1649    .text.usart_stop_bit_set  gd32e501_usart.o
    0x080111e4   0x080111e4   0x0000001e   Code   RO         1655    .text.usart_transmit_config  gd32e501_usart.o
    0x08011202   0x08011202   0x00000002   PAD
    0x08011204   0x08011204   0x00000028   Code   RO         1647    .text.usart_word_length_set  gd32e501_usart.o
    0x0801122c   0x0801122c   0x000000d8   Code   RO          143    .text.user_check_password_write_reg  i2c_opt_ie.o
    0x08011304   0x08011304   0x00000022   Code   RO          145    .text.user_optical_pwd_limit_init  i2c_opt_ie.o
    0x08011326   0x08011326   0x00000002   PAD
    0x08011328   0x08011328   0x000000c0   Code   RO          329    .text.vea_i2c_vcc_reg_write  sff_8472.o
    0x080113e8   0x080113e8   0x0000004c   Code   RO         2080    .text.write_update_flag  update_comm.o
    0x08011434   0x08011434   0x00000020   Code   RO         2135    i.__0printf         mc_w.l(printfa.o)
    0x08011454   0x08011454   0x00000030   Code   RO         2228    i.__ARM_fpclassify  m_wm.l(fpclassify.o)
    0x08011484   0x08011484   0x00000004   PAD
    0x08011488   0x08011488   0x000003c4   Code   RO         2230    i.__hardfp_log      m_wm.l(log.o)
    0x0801184c   0x0801184c   0x00000004   PAD
    0x08011850   0x08011850   0x00000130   Code   RO         2108    i.__hardfp_log10    m_wm.l(log10.o)
    0x08011980   0x08011980   0x00000c60   Code   RO         2114    i.__hardfp_pow      m_wm.l(pow.o)
    0x080125e0   0x080125e0   0x000000f8   Code   RO         2237    i.__kernel_poly     m_wm.l(poly.o)
    0x080126d8   0x080126d8   0x00000030   Code   RO         2208    i.__mathlib_dbl_divzero  m_wm.l(dunder.o)
    0x08012708   0x08012708   0x00000014   Code   RO         2209    i.__mathlib_dbl_infnan  m_wm.l(dunder.o)
    0x0801271c   0x0801271c   0x00000014   Code   RO         2210    i.__mathlib_dbl_infnan2  m_wm.l(dunder.o)
    0x08012730   0x08012730   0x00000020   Code   RO         2211    i.__mathlib_dbl_invalid  m_wm.l(dunder.o)
    0x08012750   0x08012750   0x00000020   Code   RO         2212    i.__mathlib_dbl_overflow  m_wm.l(dunder.o)
    0x08012770   0x08012770   0x00000020   Code   RO         2214    i.__mathlib_dbl_underflow  m_wm.l(dunder.o)
    0x08012790   0x08012790   0x0000000e   Code   RO         2310    i.__scatterload_copy  mc_w.l(handlers.o)
    0x0801279e   0x0801279e   0x00000002   Code   RO         2311    i.__scatterload_null  mc_w.l(handlers.o)
    0x080127a0   0x080127a0   0x0000000e   Code   RO         2312    i.__scatterload_zeroinit  mc_w.l(handlers.o)
    0x080127ae   0x080127ae   0x00000002   PAD
    0x080127b0   0x080127b0   0x0000000c   Code   RO         2284    i.__set_errno       mc_w.l(errno.o)
    0x080127bc   0x080127bc   0x00000184   Code   RO         2142    i._fp_digits        mc_w.l(printfa.o)
    0x08012940   0x08012940   0x000006dc   Code   RO         2143    i._printf_core      mc_w.l(printfa.o)
    0x0801301c   0x0801301c   0x00000024   Code   RO         2144    i._printf_post_padding  mc_w.l(printfa.o)
    0x08013040   0x08013040   0x0000002e   Code   RO         2145    i._printf_pre_padding  mc_w.l(printfa.o)
    0x0801306e   0x0801306e   0x00000018   Code   RO         2224    i.fabs              m_wm.l(fabs.o)
    0x08013086   0x08013086   0x00000010   Code   RO         2232    i.log               m_wm.l(log.o)
    0x08013096   0x08013096   0x00000002   PAD
    0x08013098   0x08013098   0x0000006c   Code   RO         2163    i.malloc            mc_w.l(malloc.o)
    0x08013104   0x08013104   0x0000006e   Code   RO         2242    i.sqrt              m_wm.l(sqrt.o)
    0x08013172   0x08013172   0x00000006   PAD
    0x08013178   0x08013178   0x00000088   Data   RO         2117    .constdata          m_wm.l(pow.o)
    0x08013200   0x08013200   0x00000038   Data   RO         2233    .constdata          m_wm.l(log.o)
    0x08013238   0x08013238   0x00000008   Data   RO         2239    .constdata          m_wm.l(qnan.o)
    0x08013240   0x08013240   0x000000c0   Data   RO          377    .rodata.rssi_to_rxpower  sff_8472.o
    0x08013300   0x08013300   0x00000004   Data   RO           46    .rodata.str1.1      gd32e501_it.o
    0x08013304   0x08013304   0x0000000b   Data   RO          165    .rodata.str1.1      i2c_opt_ie.o
    0x0801330f   0x0801330f   0x000001c5   Data   RO          379    .rodata.str1.1      sff_8472.o
    0x080134d4   0x080134d4   0x00000043   Data   RO         1920    .rodata.str1.1      gn7161.o
    0x08013517   0x08013517   0x0000000f   Data   RO         1967    .rodata.str1.1      sgm41282c.o
    0x08013526   0x08013526   0x00000011   Data   RO         2028    .rodata.str1.1      tec_comm.o
    0x08013537   0x08013537   0x0000002d   Data   RO         2056    .rodata.str1.1      main.o
    0x08013564   0x08013564   0x000000b5   Data   RO         2101    .rodata.str1.1      update_comm.o
    0x08013619   0x08013619   0x00000003   PAD
    0x0801361c   0x0801361c   0x00000020   Data   RO         2309    Region$$Table       anon$$obj.o


    Execution Region RW_IRAM1 (Exec base: 0x20000000, Load base: 0x08013640, Size: 0x00001538, Max: 0x00008000, ABSOLUTE, COMPRESSED[0x000002a8])

    Exec Addr    Load Addr    Size         Type   Attr      Idx    E Section Name        Object

    0x20000000   COMPRESSED   0x00000004   Data   RW         2260    .data               mc_w.l(stdout.o)
    0x20000004   COMPRESSED   0x00000004   Data   RW         2280    .data               mc_w.l(mvars.o)
    0x20000008   COMPRESSED   0x00000004   Data   RW         2281    .data               mc_w.l(mvars.o)
    0x2000000c   COMPRESSED   0x00000004   Data   RW         2285    .data               mc_w.l(errno.o)
    0x20000010   COMPRESSED   0x00000004   Data   RW          410    .data.SystemCoreClock  system_gd32e501.o
    0x20000014   COMPRESSED   0x00000100   Data   RW          372    .data.a0            sff_8472.o
    0x20000114   COMPRESSED   0x00000100   Data   RW          373    .data.a2            sff_8472.o
    0x20000214   COMPRESSED   0x00000100   Data   RW          374    .data.b0            sff_8472.o
    0x20000314   COMPRESSED   0x00000100   Data   RW          375    .data.b2            sff_8472.o
    0x20000414   COMPRESSED   0x00000010   Data   RW          367    .data.default_config_percent  sff_8472.o
    0x20000424   COMPRESSED   0x00000044   Data   RW          376    .data.g_case_temp_adc  sff_8472.o
    0x20000468   COMPRESSED   0x00000004   Data   RW         2023    .data.g_ctl_voltage_set  tec_comm.o
    0x2000046c   COMPRESSED   0x00000004   Data   RW          151    .data.g_master_i2c_irq_status_pre  i2c_opt_ie.o
    0x20000470   COMPRESSED   0x00000004   Data   RW          152    .data.g_slave_i2c_irq_status_pre  i2c_opt_ie.o
    0x20000474   COMPRESSED   0x00000002   Data   RW         2022    .data.g_tec_ctl_value  tec_comm.o
    0x20000476   COMPRESSED   0x00000002   Data   RW         2026    .data.g_tec_ctrl_temperautre_obj  tec_comm.o
    0x20000478   COMPRESSED   0x0000014c   Data   RW         2027    .data.g_tec_temp_adc  tec_comm.o
    0x200005c4   COMPRESSED   0x00000001   Data   RW           47    .data.g_usart_receivesize  gd32e501_it.o
    0x200005c5   COMPRESSED   0x00000001   Data   RW         2099    .data.update_flag   update_comm.o
    0x200005c6   COMPRESSED   0x00000002   PAD
    0x200005c8        -       0x00000008   Zero   RW          275    .bss.adc_dma_sample_value  adc_comm.o
    0x200005d0        -       0x0000000a   Zero   RW          378    .bss.ddm_adc_out_val  sff_8472.o
    0x200005da   COMPRESSED   0x00000002   PAD
    0x200005dc        -       0x00000004   Zero   RW          381    .bss.ddm_process.ddm_update_ticks  sff_8472.o
    0x200005e0        -       0x00000004   Zero   RW           12    .bss.delay          systick.o
    0x200005e4        -       0x00000001   Zero   RW         2100    .bss.g_crc_is_ok    update_comm.o
    0x200005e5   COMPRESSED   0x00000003   PAD
    0x200005e8        -       0x00000018   Zero   RW         2030    .bss.g_cur_pid_state  tec_comm.o
    0x20000600        -       0x00000001   Zero   RW          368    .bss.g_ddm_sw_auto_process_flag  sff_8472.o
    0x20000601   COMPRESSED   0x00000003   PAD
    0x20000604        -       0x00000024   Zero   RW          164    .bss.g_i2c_master_info_cfg  i2c_opt_ie.o
    0x20000628        -       0x00000128   Zero   RW          163    .bss.g_i2c_slave_info_cfg  i2c_opt_ie.o
    0x20000750        -       0x000000f0   Zero   RW          193    .bss.g_mcu_addr0xspec_reg_read_callback_array  i2c_comm.o
    0x20000840        -       0x00000004   Zero   RW          191    .bss.g_mcu_addr0xspec_reg_read_idx  i2c_comm.o
    0x20000844        -       0x000000f0   Zero   RW          192    .bss.g_mcu_addr0xspec_reg_write_callback_array  i2c_comm.o
    0x20000934        -       0x00000004   Zero   RW          190    .bss.g_mcu_addr0xspec_reg_write_idx  i2c_comm.o
    0x20000938        -       0x00000010   Zero   RW          166    .bss.g_optical_limit_pwd  i2c_opt_ie.o
    0x20000948        -       0x00000004   Zero   RW         2096    .bss.g_page_idx     update_comm.o
    0x2000094c        -       0x00000004   Zero   RW         2097    .bss.g_pkt_count_to_flash  update_comm.o
    0x20000950        -       0x00000004   Zero   RW         2098    .bss.g_pkt_rx       update_comm.o
    0x20000954        -       0x00000018   Zero   RW         2031    .bss.g_pre_pid_state  tec_comm.o
    0x2000096c        -       0x00000004   Zero   RW          155    .bss.g_receive_address  i2c_opt_ie.o
    0x20000970        -       0x000000a0   Zero   RW          161    .bss.g_slave_read_cfg_callback_array  i2c_opt_ie.o
    0x20000a10        -       0x00000004   Zero   RW          150    .bss.g_slave_read_cfg_idx  i2c_opt_ie.o
    0x20000a14        -       0x00000001   Zero   RW          156    .bss.g_slave_read_handle_flag  i2c_opt_ie.o
    0x20000a15        -       0x00000001   Zero   RW          158    .bss.g_slave_receive_handle_flag  i2c_opt_ie.o
    0x20000a16   COMPRESSED   0x00000002   PAD
    0x20000a18        -       0x000000a0   Zero   RW          162    .bss.g_slave_write_cfg_callback_array  i2c_opt_ie.o
    0x20000ab8        -       0x00000004   Zero   RW          149    .bss.g_slave_write_cfg_idx  i2c_opt_ie.o
    0x20000abc        -       0x00000001   Zero   RW          157    .bss.g_slave_write_handle_flag  i2c_opt_ie.o
    0x20000abd   COMPRESSED   0x00000003   PAD
    0x20000ac0        -       0x00000004   Zero   RW           45    .bss.g_sys_tick_period  gd32e501_it.o
    0x20000ac4        -       0x00000001   Zero   RW         2024    .bss.g_tec_auto_ctrl_flag  tec_comm.o
    0x20000ac5        -       0x00000001   Zero   RW         2025    .bss.g_tec_calc_argum_auto_flag  tec_comm.o
    0x20000ac6   COMPRESSED   0x00000002   PAD
    0x20000ac8        -       0x0000000c   Zero   RW         2029    .bss.g_tec_pid_param  tec_comm.o
    0x20000ad4        -       0x00000001   Zero   RW         2021    .bss.g_tec_proc_flag  tec_comm.o
    0x20000ad5   COMPRESSED   0x00000003   PAD
    0x20000ad8        -       0x00000004   Zero   RW           44    .bss.g_timer_iterrupt_period  gd32e501_it.o
    0x20000adc        -       0x00000004   Zero   RW         2095    .bss.g_update_mem_idx  update_comm.o
    0x20000ae0        -       0x00000004   Zero   RW         2094    .bss.g_update_mem_ptr  update_comm.o
    0x20000ae4        -       0x00000020   Zero   RW           50    .bss.g_usart_receiver_buffer  gd32e501_it.o
    0x20000b04        -       0x00000002   Zero   RW           49    .bss.g_usart_rxcount  gd32e501_it.o
    0x20000b06        -       0x00000001   Zero   RW          153    .bss.g_user_access_flag  i2c_opt_ie.o
    0x20000b07        -       0x00000001   Zero   RW          159    .bss.g_write_doing_flag  i2c_opt_ie.o
    0x20000b08        -       0x00000004   Zero   RW         2057    .bss.main.print_ticks  main.o
    0x20000b0c        -       0x00000020   Zero   RW          380    .bss.om_default_config  sff_8472.o
    0x20000b2c        -       0x00000004   Zero   RW         2033    .bss.tec_process.tec_pid_ticks  tec_comm.o
    0x20000b30        -       0x00000004   Zero   RW         2032    .bss.tec_process.tec_show_ticks  tec_comm.o
    0x20000b34   COMPRESSED   0x00000004   PAD
    0x20000b38        -       0x00000600   Zero   RW         1817    HEAP                startup_gd32e501.o
    0x20001138        -       0x00000400   Zero   RW         1816    STACK               startup_gd32e501.o


==============================================================================

Image component sizes


      Code (inc. data)   RO Data    RW Data    ZI Data      Debug   Object Name

       786         10          0          0          8       3355   adc_comm.o
       186          0          0          0          0       1083   com_usart_comm.o
       264         12          0          0          0       1036   dac_comm.o
      1614          4          0          0          0       7937   gd32e501_adc.o
       158          0          0          0          0       2642   gd32e501_crc.o
       656          0          0          0          0       7461   gd32e501_dac.o
       580          0          0          0          0       5425   gd32e501_dma.o
       358          4          0          0          0       3188   gd32e501_exti.o
      1504          0          0          0          0      10836   gd32e501_fmc.o
       546          0          0          0          0       4413   gd32e501_gpio.o
       688          0          0          0          0       9894   gd32e501_i2c.o
       390          0          4          1         42       3623   gd32e501_it.o
       362          0          0          0          0       5074   gd32e501_misc.o
      1394         16          0          0          0      11590   gd32e501_rcu.o
       212          4          0          0          0       3568   gd32e501_syscfg.o
       784          0          0          0          0      16917   gd32e501_timer.o
       728          0          0          0          0      14319   gd32e501_usart.o
      3360         48         67          0          0       8486   gn7161.o
       874          0          0          0        488       3567   i2c_comm.o
      4890          0         11          8        685      13744   i2c_opt_ie.o
       854          0         45          0          4       3678   main.o
       118          0          0          0          0       1553   mcu_config_public.o
      1124          0          0          0          0       3774   mcu_system_comm.o
      7048        280        645       1108         47      16525   sff_8472.o
       536         32         15          0          0       3323   sgm41282c.o
       518         16          0          0          0       2019   sgm41295.o
        36          8        340          0       2560        952   startup_gd32e501.o
       580          0          0          4          0       3017   system_gd32e501.o
       230          0          0          0          4       4000   systick.o
      3370         88         17        340         71       8795   tec_comm.o
       116          0          0          0          0       3190   timer_comm.o
      2248          0        181          1         21       6319   update_comm.o

    ----------------------------------------------------------------------
     37416        530       1360       1464       3952     195303   Object Totals
         0          0         32          0          0          0   (incl. Generated)
       304          8          3          2         22          0   (incl. Padding)

    ----------------------------------------------------------------------

      Code (inc. data)   RO Data    RW Data    ZI Data      Debug   Library Member Name

       184         44          0          0          0        744   dunder.o
        24          0          0          0          0        124   fabs.o
        48          0          0          0          0        124   fpclassify.o
       980         92         56          0          0        440   log.o
       304         44          0          0          0        200   log10.o
       248          0          0          0          0        152   poly.o
      3168        296        136          0          0        352   pow.o
         0          0          8          0          0          0   qnan.o
       110          0          0          0          0        148   sqrt.o
        94          0          0          0          0          0   __dclz77c.o
         0          0          0          0          0          0   entry.o
         0          0          0          0          0          0   entry10a.o
         0          0          0          0          0          0   entry11a.o
         8          4          0          0          0          0   entry2.o
         4          0          0          0          0          0   entry5.o
         0          0          0          0          0          0   entry7b.o
         0          0          0          0          0          0   entry8b.o
         8          4          0          0          0          0   entry9a.o
        12          6          0          4          0         68   errno.o
        30          0          0          0          0          0   handlers.o
        36          8          0          0          0         68   init.o
         0          0          0          0          0          0   iusefp.o
        30          0          0          0          0         68   llshl.o
        36          0          0          0          0         68   llsshr.o
        32          0          0          0          0         68   llushr.o
       108         16          0          0          0         84   malloc.o
        26          0          0          0          0         80   memcmp.o
        36          0          0          0          0         68   memcpya.o
        36          0          0          0          0        108   memseta.o
         0          0          0          8          0          0   mvars.o
      2258         90          0          0          0        452   printfa.o
         0          0          0          4          0          0   stdout.o
        14          0          0          0          0         68   strlen.o
        44          0          0          0          0         80   uidiv.o
        98          0          0          0          0         92   uldiv.o
        48          0          0          0          0         68   cdcmple.o
        48          0          0          0          0         68   cdrcmple.o
        56          0          0          0          0         88   d2f.o
       334          0          0          0          0        148   dadd.o
        54          0          0          0          0         80   dcmpge.o
       222          0          0          0          0        100   ddiv.o
       186          0          0          0          0        176   depilogue.o
        62          0          0          0          0         80   dfixi.o
        50          0          0          0          0         76   dfixui.o
        48          0          0          0          0         68   dfixul.o
        34          0          0          0          0         76   dflti.o
       228          0          0          0          0         96   dmul.o
        46          0          0          0          0         80   dscalb.o
       162          0          0          0          0        100   dsqrt.o
        38          0          0          0          0         68   f2d.o
       110          0          0          0          0        168   fepilogue.o

    ----------------------------------------------------------------------
      9724        608        200         16          0       5196   Library Totals
        22          4          0          0          0          0   (incl. Padding)

    ----------------------------------------------------------------------

      Code (inc. data)   RO Data    RW Data    ZI Data      Debug   Library Name

      5066        476        200          0          0       2284   m_wm.l
      2910        128          0         16          0       1372   mc_w.l
      1726          0          0          0          0       1540   mf_w.l

    ----------------------------------------------------------------------
      9724        608        200         16          0       5196   Library Totals

    ----------------------------------------------------------------------

==============================================================================


      Code (inc. data)   RO Data    RW Data    ZI Data      Debug   

     47140       1138       1560       1480       3952     197323   Grand Totals
     47140       1138       1560        680       3952     197323   ELF Image Totals (compressed)
     47140       1138       1560        680          0          0   ROM Totals

==============================================================================

    Total RO  Size (Code + RO Data)                48700 (  47.56kB)
    Total RW  Size (RW Data + ZI Data)              5432 (   5.30kB)
    Total ROM Size (Code + RO Data + RW Data)      49380 (  48.22kB)

==============================================================================

