Component: Arm Compiler for Embedded 6.19 Tool: armlink [5e73cb00]

==============================================================================

Section Cross References

    com_usart_comm.o(.text.com_usart_gpio_config) refers to gd32e501_gpio.o(.text.gpio_af_set) for gpio_af_set
    com_usart_comm.o(.text.com_usart_gpio_config) refers to gd32e501_gpio.o(.text.gpio_mode_set) for gpio_mode_set
    com_usart_comm.o(.text.com_usart_gpio_config) refers to gd32e501_gpio.o(.text.gpio_output_options_set) for gpio_output_options_set
    com_usart_comm.o(.ARM.exidx.text.com_usart_gpio_config) refers to com_usart_comm.o(.text.com_usart_gpio_config) for [Anonymous Symbol]
    com_usart_comm.o(.text.com_usart_init) refers to gd32e501_usart.o(.text.usart_deinit) for usart_deinit
    com_usart_comm.o(.text.com_usart_init) refers to gd32e501_usart.o(.text.usart_word_length_set) for usart_word_length_set
    com_usart_comm.o(.text.com_usart_init) refers to gd32e501_usart.o(.text.usart_stop_bit_set) for usart_stop_bit_set
    com_usart_comm.o(.text.com_usart_init) refers to gd32e501_usart.o(.text.usart_parity_config) for usart_parity_config
    com_usart_comm.o(.text.com_usart_init) refers to gd32e501_usart.o(.text.usart_baudrate_set) for usart_baudrate_set
    com_usart_comm.o(.text.com_usart_init) refers to gd32e501_usart.o(.text.usart_receive_config) for usart_receive_config
    com_usart_comm.o(.text.com_usart_init) refers to gd32e501_usart.o(.text.usart_transmit_config) for usart_transmit_config
    com_usart_comm.o(.text.com_usart_init) refers to gd32e501_usart.o(.text.usart_enable) for usart_enable
    com_usart_comm.o(.text.com_usart_init) refers to gd32e501_usart.o(.text.usart_interrupt_enable) for usart_interrupt_enable
    com_usart_comm.o(.text.com_usart_init) refers to com_usart_comm.o(.text.com_usart_gpio_config) for com_usart_gpio_config
    com_usart_comm.o(.ARM.exidx.text.com_usart_init) refers to com_usart_comm.o(.text.com_usart_init) for [Anonymous Symbol]
    mcu_config_public.o(.text.rcu_config_init) refers to gd32e501_rcu.o(.text.rcu_periph_clock_enable) for rcu_periph_clock_enable
    mcu_config_public.o(.text.rcu_config_init) refers to gd32e501_rcu.o(.text.rcu_adc_clock_config) for rcu_adc_clock_config
    mcu_config_public.o(.ARM.exidx.text.rcu_config_init) refers to mcu_config_public.o(.text.rcu_config_init) for [Anonymous Symbol]
    mcu_config_public.o(.text.syscfg_config) refers to gd32e501_syscfg.o(.text.syscfg_deinit) for syscfg_deinit
    mcu_config_public.o(.text.syscfg_config) refers to gd32e501_syscfg.o(.text.syscfg_vref_enable) for syscfg_vref_enable
    mcu_config_public.o(.ARM.exidx.text.syscfg_config) refers to mcu_config_public.o(.text.syscfg_config) for [Anonymous Symbol]
    mcu_global_vars_param.o(.text.global_vars_param_init) refers to mcu_global_vars_param.o(.bss.g_mcu_vars_param) for g_mcu_vars_param
    mcu_global_vars_param.o(.ARM.exidx.text.global_vars_param_init) refers to mcu_global_vars_param.o(.text.global_vars_param_init) for [Anonymous Symbol]
    mcu_system_comm.o(.ARM.exidx.text.fh_delay_ms) refers to mcu_system_comm.o(.text.fh_delay_ms) for [Anonymous Symbol]
    mcu_system_comm.o(.ARM.exidx.text.fh_delay_us) refers to mcu_system_comm.o(.text.fh_delay_us) for [Anonymous Symbol]
    mcu_system_comm.o(.text.system_delay_ms) refers to mcu_global_vars_param.o(.bss.g_mcu_vars_param) for g_mcu_vars_param
    mcu_system_comm.o(.ARM.exidx.text.system_delay_ms) refers to mcu_system_comm.o(.text.system_delay_ms) for [Anonymous Symbol]
    mcu_system_comm.o(.text.system_get_current_ticks) refers to mcu_global_vars_param.o(.bss.g_mcu_vars_param) for g_mcu_vars_param
    mcu_system_comm.o(.ARM.exidx.text.system_get_current_ticks) refers to mcu_system_comm.o(.text.system_get_current_ticks) for [Anonymous Symbol]
    mcu_system_comm.o(.ARM.exidx.text.set_u16) refers to mcu_system_comm.o(.text.set_u16) for [Anonymous Symbol]
    mcu_system_comm.o(.ARM.exidx.text.get_u16) refers to mcu_system_comm.o(.text.get_u16) for [Anonymous Symbol]
    mcu_system_comm.o(.ARM.exidx.text.set_u32) refers to mcu_system_comm.o(.text.set_u32) for [Anonymous Symbol]
    mcu_system_comm.o(.ARM.exidx.text.get_u32) refers to mcu_system_comm.o(.text.get_u32) for [Anonymous Symbol]
    mcu_system_comm.o(.ARM.exidx.text.adc_calc_temp_value) refers to mcu_system_comm.o(.text.adc_calc_temp_value) for [Anonymous Symbol]
    mcu_system_comm.o(.text.search_bisection_temp_by_adc) refers to mcu_system_comm.o(.text.adc_calc_temp_value) for adc_calc_temp_value
    mcu_system_comm.o(.ARM.exidx.text.search_bisection_temp_by_adc) refers to mcu_system_comm.o(.text.search_bisection_temp_by_adc) for [Anonymous Symbol]
    mcu_system_comm.o(.ARM.exidx.text.flash_read) refers to mcu_system_comm.o(.text.flash_read) for [Anonymous Symbol]
    mcu_system_comm.o(.text.flash_write) refers to gd32e501_fmc.o(.text.fmc_bank0_flag_clear) for fmc_bank0_flag_clear
[...]
    c2                                       0x20000514   Data         256  sff_8472.o(.data.c2)
    g_case_temp_adc                          0x20000614   Data          68  thermistor_rth.o(.data.g_case_temp_adc)
    g_funcCat0Para                           0x20000658   Data          48  do_cmd_struct.o(.data.g_funcCat0Para)
    g_funcCat1Para                           0x20000688   Data          48  do_cmd_struct.o(.data.g_funcCat1Para)
    g_funcCat2Para                           0x200006b8   Data          48  do_cmd_struct.o(.data.g_funcCat2Para)
    g_funcCat3Para                           0x200006e8   Data          32  do_cmd_struct.o(.data.g_funcCat3Para)
    g_funcCat4Para                           0x20000708   Data          16  do_cmd_struct.o(.data.g_funcCat4Para)
    g_funcCat5Para                           0x20000718   Data          80  do_cmd_struct.o(.data.g_funcCat5Para)
    g_funcCat6Para                           0x20000768   Data          16  do_cmd_struct.o(.data.g_funcCat6Para)
    g_hpllFre                                0x20000778   Data         184  dsp_hpll_init.o(.data.g_hpllFre)
    g_regMaxOpNum                            0x20000830   Data           4  reg_op.o(.data.g_regMaxOpNum)
    g_sreFuncArr                             0x20000834   Data          28  do_cmd_struct.o(.data.g_sreFuncArr)
    g_tec_temp_adc                           0x20000850   Data         332  thermistor_rth.o(.data.g_tec_temp_adc)
    g_usart_receivesize                      0x2000099c   Data           1  gd32e501_it.o(.data.g_usart_receivesize)
    t0                                       0x2000099d   Data          40  ux3326.o(.data.t0)
    update_flag                              0x200009c5   Data           1  update_comm.o(.data.update_flag)
    adc_dma_sample_value                     0x200009c8   Data           6  adc_sample_comm.o(.bss.adc_dma_sample_value)
    ddm_adc_out_val                          0x200009ce   Data          26  sff_8472.o(.bss.ddm_adc_out_val)
    default_config_value                     0x200009e8   Data         120  sff_8472.o(.bss.default_config_value)
    g_acqCode                                0x20000a64   Data           2  dsp_hpll_init.o(.bss.g_acqCode)
    g_ai2c_master_info_cfg                   0x20000a68   Data         244  i2c_opt_ie.o(.bss.g_ai2c_master_info_cfg)
    g_bi2c_master_info_cfg                   0x20000b5c   Data         244  i2c_opt_ie.o(.bss.g_bi2c_master_info_cfg)
    g_crc_is_ok                              0x20000c50   Data           1  update_i2c_interface.o(.bss.g_crc_is_ok)
    g_dsp_info                               0x20000c51   Data          40  dsp_fsl_i2c_interface.o(.bss.g_dsp_info)
    g_dsp_pll                                0x20000c79   Data          20  dsp_fsl_i2c_interface.o(.bss.g_dsp_pll)
    g_i2c_global_vars                        0x20000c90   Data          24  i2c_opt_ie.o(.bss.g_i2c_global_vars)
    g_i2c_slave_info_cfg                     0x20000ca8   Data         288  i2c_opt_ie.o(.bss.g_i2c_slave_info_cfg)
    g_mcu_addr0xspec_reg_read_callback_array 0x20000dc8   Data         352  i2c_comm.o(.bss.g_mcu_addr0xspec_reg_read_callback_array)
    g_mcu_addr0xspec_reg_read_idx            0x20000f28   Data           4  i2c_comm.o(.bss.g_mcu_addr0xspec_reg_read_idx)
    g_mcu_addr0xspec_reg_write_callback_array 0x20000f2c   Data         352  i2c_comm.o(.bss.g_mcu_addr0xspec_reg_write_callback_array)
    g_mcu_addr0xspec_reg_write_idx           0x2000108c   Data           4  i2c_comm.o(.bss.g_mcu_addr0xspec_reg_write_idx)
    g_mcu_vars_param                         0x20001090   Data          40  mcu_global_vars_param.o(.bss.g_mcu_vars_param)
    g_optical_limit_pwd                      0x200010b8   Data          16  i2c_opt_ie.o(.bss.g_optical_limit_pwd)
    g_page_idx                               0x200010c8   Data           4  update_comm.o(.bss.g_page_idx)
    g_pkt_count_to_flash                     0x200010cc   Data           4  update_comm.o(.bss.g_pkt_count_to_flash)
    g_pkt_rx                                 0x200010d0   Data           4  update_comm.o(.bss.g_pkt_rx)
    g_slave_read_cfg_callback_array          0x200010d4   Data         160  i2c_opt_ie.o(.bss.g_slave_read_cfg_callback_array)
    g_slave_read_cfg_idx                     0x20001174   Data           4  i2c_opt_ie.o(.bss.g_slave_read_cfg_idx)
    g_slave_write_cfg_callback_array         0x20001178   Data         160  i2c_opt_ie.o(.bss.g_slave_write_cfg_callback_array)
    g_slave_write_cfg_idx                    0x20001218   Data           4  i2c_opt_ie.o(.bss.g_slave_write_cfg_idx)
    g_tec_vars_param                         0x2000121c   Data           8  tec_comm.o(.bss.g_tec_vars_param)
    g_update_mem_idx                         0x20001224   Data           4  update_comm.o(.bss.g_update_mem_idx)
    g_update_mem_ptr                         0x20001228   Data           4  update_comm.o(.bss.g_update_mem_ptr)
    g_usart_receiver_buffer                  0x2000122c   Data          32  gd32e501_it.o(.bss.g_usart_receiver_buffer)
    g_usart_rxcount                          0x2000124c   Data           2  gd32e501_it.o(.bss.g_usart_rxcount)
    om_default_config                        0x20001250   Data         168  sff_8472.o(.bss.om_default_config)
    test_gpio_flg                            0x200012fc   Data           1  update_comm.o(.bss.test_gpio_flg)
    test_gpio_in_out_flg                     0x200012fd   Data           1  update_comm.o(.bss.test_gpio_in_out_flg)
    test_gpio_pin_flg                        0x200012fe   Data           1  update_comm.o(.bss.test_gpio_pin_flg)
    __heap_base                              0x20001300   Data           0  startup_gd32e501.o(HEAP)
    __heap_limit                             0x20001900   Data           0  startup_gd32e501.o(HEAP)
    __initial_sp                             0x20001d00   Data           0  startup_gd32e501.o(STACK)



==============================================================================

Memory Map of the image

  Image Entry point : 0x08007955

  Load Region LR_IROM1 (Base: 0x08007800, Size: 0x00014d30, Max: 0x00015000, ABSOLUTE, COMPRESSED[0x000146d0])

    Execution Region ER_IROM1 (Exec base: 0x08007800, Load base: 0x08007800, Size: 0x00014368, Max: 0x00015000, ABSOLUTE)

    Exec Addr    Load Addr    Size         Type   Attr      Idx    E Section Name        Object

    0x08007800   0x08007800   0x00000154   Data   RO         1540    RESET               startup_gd32e501.o
    0x08007954   0x08007954   0x00000000   Code   RO         2238  * .ARM.Collect$$$$00000000  mc_w.l(entry.o)
    0x08007954   0x08007954   0x00000004   Code   RO         2306    .ARM.Collect$$$$00000001  mc_w.l(entry2.o)
    0x08007958   0x08007958   0x00000004   Code   RO         2309    .ARM.Collect$$$$00000004  mc_w.l(entry5.o)
    0x0800795c   0x0800795c   0x00000000   Code   RO         2311    .ARM.Collect$$$$00000008  mc_w.l(entry7b.o)
    0x0800795c   0x0800795c   0x00000000   Code   RO         2313    .ARM.Collect$$$$0000000A  mc_w.l(entry8b.o)
    0x0800795c   0x0800795c   0x00000008   Code   RO         2314    .ARM.Collect$$$$0000000B  mc_w.l(entry9a.o)
    0x08007964   0x08007964   0x00000000   Code   RO         2316    .ARM.Collect$$$$0000000D  mc_w.l(entry10a.o)
    0x08007964   0x08007964   0x00000000   Code   RO         2318    .ARM.Collect$$$$0000000F  mc_w.l(entry11a.o)
    0x08007964   0x08007964   0x00000004   Code   RO         2307    .ARM.Collect$$$$00002712  mc_w.l(entry2.o)
    0x08007968   0x08007968   0x00000024   Code   RO         1541    .text               startup_gd32e501.o
    0x0800798c   0x0800798c   0x00000024   Code   RO         2241    .text               mc_w.l(memcpya.o)
    0x080079b0   0x080079b0   0x00000024   Code   RO         2242    .text               mc_w.l(memseta.o)
    0x080079d4   0x080079d4   0x0000000e   Code   RO         2243    .text               mc_w.l(strlen.o)
    0x080079e2   0x080079e2   0x0000001a   Code   RO         2244    .text               mc_w.l(memcmp.o)
    0x080079fc   0x080079fc   0x0000014e   Code   RO         2274    .text               mf_w.l(dadd.o)
    0x08007b4a   0x08007b4a   0x000000e4   Code   RO         2275    .text               mf_w.l(dmul.o)
    0x08007c2e   0x08007c2e   0x000000de   Code   RO         2276    .text               mf_w.l(ddiv.o)
    0x08007d0c   0x08007d0c   0x00000036   Code   RO         2277    .text               mf_w.l(dcmple.o)
    0x08007d42   0x08007d42   0x00000036   Code   RO         2278    .text               mf_w.l(dcmpge.o)
    0x08007d78   0x08007d78   0x00000022   Code   RO         2279    .text               mf_w.l(dflti.o)
    0x08007d9a   0x08007d9a   0x0000001a   Code   RO         2280    .text               mf_w.l(dfltui.o)
    0x08007db4   0x08007db4   0x00000018   Code   RO         2281    .text               mf_w.l(dfltul.o)
    0x08007dcc   0x08007dcc   0x0000003e   Code   RO         2282    .text               mf_w.l(dfixi.o)
    0x08007e0a   0x08007e0a   0x00000032   Code   RO         2283    .text               mf_w.l(dfixui.o)
    0x08007e3c   0x08007e3c   0x00000026   Code   RO         2284    .text               mf_w.l(f2d.o)
    0x08007e62   0x08007e62   0x00000038   Code   RO         2285    .text               mf_w.l(d2f.o)
    0x08007e9a   0x08007e9a   0x0000002c   Code   RO         2326    .text               mc_w.l(uidiv.o)
    0x08007ec6   0x08007ec6   0x00000062   Code   RO         2327    .text               mc_w.l(uldiv.o)
    0x08007f28   0x08007f28   0x0000001e   Code   RO         2328    .text               mc_w.l(llshl.o)
    0x08007f46   0x08007f46   0x00000020   Code   RO         2329    .text               mc_w.l(llushr.o)
    0x08007f66   0x08007f66   0x00000024   Code   RO         2330    .text               mc_w.l(llsshr.o)
    0x08007f8a   0x08007f8a   0x00000000   Code   RO         2337    .text               mc_w.l(iusefp.o)
    0x08007f8a   0x08007f8a   0x0000006e   Code   RO         2338    .text               mf_w.l(fepilogue.o)
    0x08007ff8   0x08007ff8   0x000000ba   Code   RO         2339    .text               mf_w.l(depilogue.o)
    0x080080b2   0x080080b2   0x0000002e   Code   RO         2341    .text               mf_w.l(dscalb.o)
    0x080080e0   0x080080e0   0x00000030   Code   RO         2342    .text               mf_w.l(dfixul.o)
    0x08008110   0x08008110   0x00000030   Code   RO         2343    .text               mf_w.l(cdcmple.o)
    0x08008140   0x08008140   0x00000030   Code   RO         2344    .text               mf_w.l(cdrcmple.o)
    0x08008170   0x08008170   0x00000024   Code   RO         2345    .text               mc_w.l(init.o)
    0x08008194   0x08008194   0x000000a2   Code   RO         2346    .text               mf_w.l(dsqrt.o)
    0x08008236   0x08008236   0x00000056   Code   RO         2352    .text               mc_w.l(__dczerorl2.o)
    0x0800828c   0x0800828c   0x0000003e   Code   RO          210    .text.EXTI4_15_IRQHandler  gd32e501_it.o
    0x080082ca   0x080082ca   0x00000002   PAD
    0x080082cc   0x080082cc   0x00000004   Code   RO          190    .text.HardFault_Handler  gd32e501_it.o
    0x080082d0   0x080082d0   0x00000010   Code   RO          202    .text.I2C0_ER_IRQHandler  gd32e501_it.o
    0x080082e0   0x080082e0   0x00000010   Code   RO          200    .text.I2C0_EV_IRQHandler  gd32e501_it.o
    0x080082f0   0x080082f0   0x00000010   Code   RO          198    .text.I2C1_ER_IRQHandler  gd32e501_it.o
    0x08008300   0x08008300   0x00000010   Code   RO          196    .text.I2C1_EV_IRQHandler  gd32e501_it.o
    0x08008310   0x08008310   0x00000008   Code   RO          206    .text.I2C2_ER_IRQHandler  gd32e501_it.o
    0x08008318   0x08008318   0x00000010   Code   RO          204    .text.I2C2_EV_IRQHandler  gd32e501_it.o
    0x08008328   0x08008328   0x00000010   Code   RO         2218    .text.MCU_DelayUs   reg_op.o
    0x08008338   0x08008338   0x00000002   Code   RO          188    .text.NMI_Handler   gd32e501_it.o
    0x0800833a   0x0800833a   0x00000002   PAD
    0x0800833c   0x0800833c   0x00000002   Code   RO          194    .text.PendSV_Handler  gd32e501_it.o
    0x0800833e   0x0800833e   0x00000002   PAD
    0x08008340   0x08008340   0x0000000c   Code   RO         2165    .text.PllFreqCodeGet  dsp_hpll_init.o
    0x0800834c   0x0800834c   0x00000036   Code   RO         2183    .text.SREI_AnaCdrIsLock  dsp_hpll_init.o
    0x08008382   0x08008382   0x00000002   PAD
    0x08008384   0x08008384   0x0000006a   Code   RO         2161    .text.SREI_AnaRxAcqEn  dsp_hpll_init.o
    0x080083ee   0x080083ee   0x00000002   PAD
    0x080083f0   0x080083f0   0x00000042   Code   RO         2179    .text.SREI_AnaRxCdrAcqEn  dsp_hpll_init.o
    0x08008432   0x08008432   0x00000002   PAD
    0x08008434   0x08008434   0x0000003e   Code   RO         2163    .text.SREI_AnaRxCdrEn  dsp_hpll_init.o
    0x08008472   0x08008472   0x00000002   PAD
    0x08008474   0x08008474   0x00000036   Code   RO         2181    .text.SREI_AnaRxDtlLowGainEn  dsp_hpll_init.o
    0x080084aa   0x080084aa   0x00000002   PAD
    0x080084ac   0x080084ac   0x0000004c   Code   RO         2177    .text.SREI_AnaRxDtlManualEn  dsp_hpll_init.o
    0x080084f8   0x080084f8   0x000000ba   Code   RO         2167    .text.SREI_HostPllAcqSet  dsp_hpll_init.o
    0x080085b2   0x080085b2   0x00000002   PAD
    0x080085b4   0x080085b4   0x00000058   Code   RO         2169    .text.SREI_HostPllOpenLoop  dsp_hpll_init.o
    0x0800860c   0x0800860c   0x0000004a   Code   RO         2171    .text.SREI_HostPllSllpLoopFromRx  dsp_hpll_init.o
    0x08008656   0x08008656   0x00000002   PAD
    0x08008658   0x08008658   0x0000001e   Code   RO         2185    .text.SREI_PllAcqCodeGet  dsp_hpll_init.o
    0x08008676   0x08008676   0x00000002   PAD
    0x08008678   0x08008678   0x00000128   Code   RO         2173    .text.SREI_PllClkSel  dsp_hpll_init.o
    0x080087a0   0x080087a0   0x0000003a   Code   RO         2175    .text.SREI_PllFbdivEnReflessMode  dsp_hpll_init.o
    0x080087da   0x080087da   0x00000002   PAD
    0x080087dc   0x080087dc   0x0000002e   Code   RO         2191    .text.SREI_PllFracDsmDivConfig  dsp_hpll_init.o
    0x0800880a   0x0800880a   0x00000002   PAD
    0x0800880c   0x0800880c   0x0000003e   Code   RO         2193    .text.SREI_PllFracModeCfg  dsp_hpll_init.o
    0x0800884a   0x0800884a   0x00000002   PAD
    0x0800884c   0x0800884c   0x000000d0   Code   RO         2155    .text.SREI_PllFreCodeSet  dsp_hpll_init.o
    0x0800891c   0x0800891c   0x00000034   Code   RO         2187    .text.SREI_PllIsLock  dsp_hpll_init.o
    0x08008950   0x08008950   0x00000190   Code   RO         2210    .text.SRE_CmdSend   ip_op.o
    0x08008ae0   0x08008ae0   0x000000ac   Code   RO         2206    .text.SRE_DownloadFirmware  ip_op.o
    0x08008b8c   0x08008b8c   0x00000612   Code   RO         2214    .text.SRE_DspSetUp  ip_op.o
    0x0800919e   0x0800919e   0x00000002   PAD
    0x080091a0   0x080091a0   0x00000530   Code   RO         2195    .text.SRE_HpllInit  dsp_hpll_init.o
    0x080096d0   0x080096d0   0x000000e8   Code   RO         2197    .text.SRE_HpllSetup  dsp_hpll_init.o
    0x080097b8   0x080097b8   0x00000080   Code   RO         2204    .text.SRE_WriteBuff2Sram  ip_op.o
    0x08009838   0x08009838   0x00000002   Code   RO          192    .text.SVC_Handler   gd32e501_it.o
    0x0800983a   0x0800983a   0x00000002   PAD
    0x0800983c   0x0800983c   0x00000052   Code   RO          221    .text.SysTick_Config  systick.o
    0x0800988e   0x0800988e   0x00000002   PAD
    0x08009890   0x08009890   0x00000028   Code   RO          208    .text.SysTick_Handler  gd32e501_it.o
    0x080098b8   0x080098b8   0x0000013c   Code   RO          261    .text.SystemInit    system_gd32e501.o
    0x080099f4   0x080099f4   0x000000ca   Code   RO          212    .text.USART0_IRQHandler  gd32e501_it.o
    0x08009abe   0x08009abe   0x00000002   PAD
    0x08009ac0   0x08009ac0   0x00000042   Code   RO          223    .text.__NVIC_SetPriority  systick.o
    0x08009b02   0x08009b02   0x00000002   PAD
    0x08009b04   0x08009b04   0x000000ce   Code   RO           32    .text.adc_calc_temp_value  mcu_system_comm.o
    0x08009bd2   0x08009bd2   0x00000002   PAD
    0x08009bd4   0x08009bd4   0x0000004e   Code   RO          278    .text.adc_calibration_enable  gd32e501_adc.o
    0x08009c22   0x08009c22   0x00000002   PAD
    0x08009c24   0x08009c24   0x00000074   Code   RO          298    .text.adc_channel_length_config  gd32e501_adc.o
    0x08009c98   0x08009c98   0x00000032   Code   RO          296    .text.adc_data_alignment_config  gd32e501_adc.o
    0x08009cca   0x08009cca   0x00000002   PAD
    0x08009ccc   0x08009ccc   0x00000052   Code   RO          258    .text.adc_dma_channel_sample_average  adc_sample_interface.o
    0x08009d1e   0x08009d1e   0x00000002   PAD
    0x08009d20   0x08009d20   0x00000088   Code   RO          243    .text.adc_dma_config_init  adc_sample_comm.o
    0x08009da8   0x08009da8   0x00000012   Code   RO          280    .text.adc_dma_mode_enable  gd32e501_adc.o
    0x08009dba   0x08009dba   0x00000002   PAD
    0x08009dbc   0x08009dbc   0x00000024   Code   RO          274    .text.adc_enable    gd32e501_adc.o
    0x08009de0   0x08009de0   0x0000008e   Code   RO          308    .text.adc_external_trigger_config  gd32e501_adc.o
    0x08009e6e   0x08009e6e   0x00000002   PAD
    0x08009e70   0x08009e70   0x00000064   Code   RO          310    .text.adc_external_trigger_source_config  gd32e501_adc.o
    0x08009ed4   0x08009ed4   0x00000018   Code   RO          336    .text.adc_flag_clear  gd32e501_adc.o
    0x08009eec   0x08009eec   0x0000002c   Code   RO          334    .text.adc_flag_get  gd32e501_adc.o
    0x08009f18   0x08009f18   0x000000fa   Code   RO          302    .text.adc_inserted_channel_config  gd32e501_adc.o
    0x0800a012   0x0800a012   0x00000002   PAD
    0x0800a014   0x0800a014   0x00000090   Code   RO          256    .text.adc_inserted_channel_sample_average  adc_sample_interface.o
    0x0800a0a4   0x0800a0a4   0x00000062   Code   RO          316    .text.adc_inserted_data_read  gd32e501_adc.o
    0x0800a106   0x0800a106   0x00000002   PAD
    0x0800a108   0x0800a108   0x00000186   Code   RO          300    .text.adc_regular_channel_config  gd32e501_adc.o
    0x0800a28e   0x0800a28e   0x00000002   PAD
    0x0800a290   0x0800a290   0x00000062   Code   RO          239    .text.adc_sample_dma_regular_data_channel  adc_sample_comm.o
    0x0800a2f2   0x0800a2f2   0x00000002   PAD
    0x0800a2f4   0x0800a2f4   0x000000b8   Code   RO          245    .text.adc_sample_function_init  adc_sample_comm.o
    0x0800a3ac   0x0800a3ac   0x0000006a   Code   RO          251    .text.adc_sample_gpio_init  adc_sample_driver.o
    0x0800a416   0x0800a416   0x00000002   PAD
    0x0800a418   0x0800a418   0x00000010   Code   RO          254    .text.adc_sample_init  adc_sample_interface.o
    0x0800a428   0x0800a428   0x00000044   Code   RO          312    .text.adc_software_trigger_enable  gd32e501_adc.o
    0x0800a46c   0x0800a46c   0x000000c8   Code   RO          294    .text.adc_special_function_config  gd32e501_adc.o
    0x0800a534   0x0800a534   0x000000a2   Code   RO         1871    .text.apc_auto_enable_reg_write  ddm_i2c_interface.o
    0x0800a5d6   0x0800a5d6   0x00000002   PAD
    0x0800a5d8   0x0800a5d8   0x00000108   Code   RO         1869    .text.apc_target_voltage_reg_write  ddm_i2c_interface.o
    0x0800a6e0   0x0800a6e0   0x00000154   Code   RO         1873    .text.apd_i2c_vcc_reg_write  ddm_i2c_interface.o
    0x0800a834   0x0800a834   0x000000a8   Code   RO         2135    .text.calc_temp_value  thermistor_rth.o
    0x0800a8dc   0x0800a8dc   0x00000004   PAD
    0x0800a8e0   0x0800a8e0   0x000001b4   Code   RO         1937    .text.calculate_om_rx_power  sff_8472.o
    0x0800aa94   0x0800aa94   0x00000004   PAD
    0x0800aa98   0x0800aa98   0x00000200   Code   RO         1933    .text.calculate_om_tx_power  sff_8472.o
    0x0800ac98   0x0800ac98   0x00000270   Code   RO         1971    .text.calibration_rx_pwr_10g_reg_write  sff_8472.o
    0x0800af08   0x0800af08   0x00000278   Code   RO         1973    .text.calibration_rx_pwr_1g_reg_write  sff_8472.o
    0x0800b180   0x0800b180   0x00000270   Code   RO         1969    .text.calibration_rx_pwr_50g_reg_write  sff_8472.o
    0x0800b3f0   0x0800b3f0   0x000001b8   Code   RO         1959    .text.calibration_tx_i_10g_reg_write  sff_8472.o
    0x0800b5a8   0x0800b5a8   0x000001c0   Code   RO         1961    .text.calibration_tx_i_1g_reg_write  sff_8472.o
    0x0800b768   0x0800b768   0x000001b8   Code   RO         1957    .text.calibration_tx_i_50g_reg_write  sff_8472.o
    0x0800b920   0x0800b920   0x000001b8   Code   RO         1965    .text.calibration_tx_pwr_10g_reg_write  sff_8472.o
    0x0800bad8   0x0800bad8   0x000001c0   Code   RO         1967    .text.calibration_tx_pwr_1g_reg_write  sff_8472.o
    0x0800bc98   0x0800bc98   0x000001b8   Code   RO         1963    .text.calibration_tx_pwr_50g_reg_write  sff_8472.o
    0x0800be50   0x0800be50   0x0000008a   Code   RO         1920    .text.cfg_v2_flash_read_reg_byte  ddm_sff_i2c_interface.o
    0x0800beda   0x0800beda   0x00000002   PAD
    0x0800bedc   0x0800bedc   0x000000ca   Code   RO         1897    .text.cmd_command_map_reg_write  ddm_i2c_interface.o
    0x0800bfa6   0x0800bfa6   0x00000002   PAD
    0x0800bfa8   0x0800bfa8   0x0000002a   Code   RO         1922    .text.cmd_common_reg_read  ddm_sff_i2c_interface.o
    0x0800bfd2   0x0800bfd2   0x00000002   PAD
    0x0800bfd4   0x0800bfd4   0x0000005e   Code   RO            2    .text.com_usart_gpio_config  com_usart_comm.o
    0x0800c032   0x0800c032   0x00000002   PAD
    0x0800c034   0x0800c034   0x0000005c   Code   RO            4    .text.com_usart_init  com_usart_comm.o
    0x0800c090   0x0800c090   0x00000056   Code   RO         1827    .text.comm_update_flash_finish_one_page  update_comm.o
    0x0800c0e6   0x0800c0e6   0x00000002   PAD
    0x0800c0e8   0x0800c0e8   0x00000116   Code   RO         1831    .text.comm_update_write_mem_one_page_to_flash  update_comm.o
    0x0800c1fe   0x0800c1fe   0x00000002   PAD
    0x0800c200   0x0800c200   0x0000011e   Code   RO         1829    .text.comm_update_write_to_flash  update_comm.o
    0x0800c31e   0x0800c31e   0x00000002   PAD
    0x0800c320   0x0800c320   0x00000048   Code   RO         1977    .text.convert_2byte_to_int  sff_8472.o
    0x0800c368   0x0800c368   0x00000130   Code   RO         1887    .text.cpa_i2c_reg_write  ddm_i2c_interface.o
    0x0800c498   0x0800c498   0x00000044   Code   RO          412    .text.crc_deinit    gd32e501_crc.o
    0x0800c4dc   0x0800c4dc   0x00000020   Code   RO          428    .text.crc_input_data_reverse_config  gd32e501_crc.o
    0x0800c4fc   0x0800c4fc   0x00000020   Code   RO          430    .text.crc_polynomial_size_set  gd32e501_crc.o
    0x0800c51c   0x0800c51c   0x0000001a   Code   RO          414    .text.crc_reverse_output_data_enable  gd32e501_crc.o
    0x0800c536   0x0800c536   0x00000002   PAD
    0x0800c538   0x0800c538   0x0000000c   Code   RO          231    .text.dac_config_init  dac_comm.o
    0x0800c544   0x0800c544   0x0000008e   Code   RO          455    .text.dac_data_set  gd32e501_dac.o
    0x0800c5d2   0x0800c5d2   0x00000002   PAD
    0x0800c5d4   0x0800c5d4   0x00000096   Code   RO          439    .text.dac_deinit    gd32e501_dac.o
    0x0800c66a   0x0800c66a   0x00000002   PAD
    0x0800c66c   0x0800c66c   0x0000002c   Code   RO          441    .text.dac_enable    gd32e501_dac.o
    0x0800c698   0x0800c698   0x00000064   Code   RO          234    .text.dac_gpion_init  dac_driver.o
    0x0800c6fc   0x0800c6fc   0x0000002c   Code   RO          451    .text.dac_output_buffer_disable  gd32e501_dac.o
    0x0800c728   0x0800c728   0x0000002c   Code   RO          449    .text.dac_output_buffer_enable  gd32e501_dac.o
    0x0800c754   0x0800c754   0x00000104   Code   RO          236    .text.dac_periph_config  dac_driver.o
    0x0800c858   0x0800c858   0x0000002c   Code   RO          467    .text.dac_software_trigger_enable  gd32e501_dac.o
    0x0800c884   0x0800c884   0x0000002c   Code   RO          463    .text.dac_trigger_disable  gd32e501_dac.o
    0x0800c8b0   0x0800c8b0   0x0000004c   Code   RO          465    .text.dac_trigger_source_config  gd32e501_dac.o
    0x0800c8fc   0x0800c8fc   0x000000e4   Code   RO         1600    .text.data_path_config_init  dsp_fsl_i2c_interface.o
    0x0800c9e0   0x0800c9e0   0x00000014   Code   RO         2071    .text.ddm_10g_apc_auto_enable  ddm_10g_config_interface.o
    0x0800c9f4   0x0800c9f4   0x00000014   Code   RO         2069    .text.ddm_10g_apc_target_voltage  ddm_10g_config_interface.o
    0x0800ca08   0x0800ca08   0x0000000c   Code   RO         2083    .text.ddm_10g_dev_init  ddm_10g_config_interface.o
    0x0800ca14   0x0800ca14   0x00000010   Code   RO         2045    .text.ddm_10g_get_ld_ibias  ddm_10g_config_interface.o
    0x0800ca24   0x0800ca24   0x00000010   Code   RO         2077    .text.ddm_10g_get_mpd_ibias  ddm_10g_config_interface.o
    0x0800ca34   0x0800ca34   0x00000020   Code   RO         2081    .text.ddm_10g_get_rssi_value  ddm_10g_config_interface.o
    0x0800ca54   0x0800ca54   0x00000010   Code   RO         2075    .text.ddm_10g_get_voltage  ddm_10g_config_interface.o
    0x0800ca64   0x0800ca64   0x0000002a   Code   RO         2085    .text.ddm_10g_rssi_start_sample_adc_action  ddm_10g_config_interface.o
    0x0800ca8e   0x0800ca8e   0x00000002   PAD
    0x0800ca90   0x0800ca90   0x00000014   Code   RO         2049    .text.ddm_10g_set_ea  ddm_10g_config_interface.o
    0x0800caa4   0x0800caa4   0x00000014   Code   RO         2043    .text.ddm_10g_set_ld_ibias  ddm_10g_config_interface.o
    0x0800cab8   0x0800cab8   0x00000014   Code   RO         2053    .text.ddm_10g_set_ld_imod  ddm_10g_config_interface.o
    0x0800cacc   0x0800cacc   0x00000018   Code   RO         2079    .text.ddm_10g_set_rssi_value  ddm_10g_config_interface.o
    0x0800cae4   0x0800cae4   0x00000014   Code   RO         2061    .text.ddm_10g_set_rx_drv_deemph  ddm_10g_config_interface.o
    0x0800caf8   0x0800caf8   0x00000014   Code   RO         2059    .text.ddm_10g_set_rx_eq_boost  ddm_10g_config_interface.o
    0x0800cb0c   0x0800cb0c   0x00000014   Code   RO         2065    .text.ddm_10g_set_rx_los_hyst  ddm_10g_config_interface.o
    0x0800cb20   0x0800cb20   0x00000014   Code   RO         2063    .text.ddm_10g_set_rx_los_threshold  ddm_10g_config_interface.o
    0x0800cb34   0x0800cb34   0x00000014   Code   RO         2057    .text.ddm_10g_set_rx_swing  ddm_10g_config_interface.o
    0x0800cb48   0x0800cb48   0x00000016   Code   RO         2067    .text.ddm_10g_set_rx_vapd  ddm_10g_config_interface.o
    0x0800cb5e   0x0800cb5e   0x00000002   PAD
    0x0800cb60   0x0800cb60   0x00000014   Code   RO         2051    .text.ddm_10g_set_tx_ld_cpa  ddm_10g_config_interface.o
    0x0800cb74   0x0800cb74   0x00000014   Code   RO         2055    .text.ddm_10g_set_tx_ld_deempth  ddm_10g_config_interface.o
    0x0800cb88   0x0800cb88   0x00000026   Code   RO         2073    .text.ddm_10g_soft_txdsbl_ctrl  ddm_10g_config_interface.o
    0x0800cbae   0x0800cbae   0x00000002   PAD
    0x0800cbb0   0x0800cbb0   0x00000014   Code   RO         2026    .text.ddm_1g_apc_auto_enable  ddm_1g_config_interface.o
    0x0800cbc4   0x0800cbc4   0x00000014   Code   RO         2024    .text.ddm_1g_apc_target_voltage  ddm_1g_config_interface.o
    0x0800cbd8   0x0800cbd8   0x00000008   Code   RO         2040    .text.ddm_1g_dev_init  ddm_1g_config_interface.o
    0x0800cbe0   0x0800cbe0   0x00000010   Code   RO         2000    .text.ddm_1g_get_ld_ibias  ddm_1g_config_interface.o
    0x0800cbf0   0x0800cbf0   0x0000001a   Code   RO         2032    .text.ddm_1g_get_mpd_ibias  ddm_1g_config_interface.o
    0x0800cc0a   0x0800cc0a   0x00000002   PAD
    0x0800cc0c   0x0800cc0c   0x00000020   Code   RO         2036    .text.ddm_1g_get_rssi_value  ddm_1g_config_interface.o
    0x0800cc2c   0x0800cc2c   0x0000001a   Code   RO         2030    .text.ddm_1g_get_voltage  ddm_1g_config_interface.o
    0x0800cc46   0x0800cc46   0x00000002   PAD
    0x0800cc48   0x0800cc48   0x00000028   Code   RO         2038    .text.ddm_1g_rssi_start_sample_adc_action  ddm_1g_config_interface.o
    0x0800cc70   0x0800cc70   0x00000014   Code   RO         1998    .text.ddm_1g_set_ld_ibias  ddm_1g_config_interface.o
    0x0800cc84   0x0800cc84   0x00000014   Code   RO         2008    .text.ddm_1g_set_ld_imod  ddm_1g_config_interface.o
    0x0800cc98   0x0800cc98   0x00000018   Code   RO         2034    .text.ddm_1g_set_rssi_value  ddm_1g_config_interface.o
    0x0800ccb0   0x0800ccb0   0x00000014   Code   RO         2020    .text.ddm_1g_set_rx_los_hyst  ddm_1g_config_interface.o
    0x0800ccc4   0x0800ccc4   0x00000014   Code   RO         2018    .text.ddm_1g_set_rx_los_threshold  ddm_1g_config_interface.o
    0x0800ccd8   0x0800ccd8   0x00000014   Code   RO         2012    .text.ddm_1g_set_rx_swing  ddm_1g_config_interface.o
    0x0800ccec   0x0800ccec   0x00000016   Code   RO         2022    .text.ddm_1g_set_rx_vapd  ddm_1g_config_interface.o
    0x0800cd02   0x0800cd02   0x00000002   PAD
    0x0800cd04   0x0800cd04   0x00000014   Code   RO         2006    .text.ddm_1g_set_tx_ld_cpa  ddm_1g_config_interface.o
    0x0800cd18   0x0800cd18   0x00000026   Code   RO         2028    .text.ddm_1g_soft_txdsbl_ctrl  ddm_1g_config_interface.o
    0x0800cd3e   0x0800cd3e   0x00000002   PAD
    0x0800cd40   0x0800cd40   0x0000000a   Code   RO         2116    .text.ddm_50g_apc_auto_enable  ddm_50g_config_interface.o
    0x0800cd4a   0x0800cd4a   0x00000002   PAD
    0x0800cd4c   0x0800cd4c   0x0000000a   Code   RO         2114    .text.ddm_50g_apc_target_voltage  ddm_50g_config_interface.o
    0x0800cd56   0x0800cd56   0x00000002   PAD
    0x0800cd58   0x0800cd58   0x0000000c   Code   RO         2130    .text.ddm_50g_dev_init  ddm_50g_config_interface.o
    0x0800cd64   0x0800cd64   0x00000008   Code   RO         2090    .text.ddm_50g_get_ld_ibias  ddm_50g_config_interface.o
    0x0800cd6c   0x0800cd6c   0x00000010   Code   RO         2132    .text.ddm_50g_get_monitor_adc  ddm_50g_config_interface.o
    0x0800cd7c   0x0800cd7c   0x00000008   Code   RO         2122    .text.ddm_50g_get_mpd_ibias  ddm_50g_config_interface.o
    0x0800cd84   0x0800cd84   0x00000020   Code   RO         2126    .text.ddm_50g_get_rssi_value  ddm_50g_config_interface.o
    0x0800cda4   0x0800cda4   0x00000008   Code   RO         2120    .text.ddm_50g_get_voltage  ddm_50g_config_interface.o
    0x0800cdac   0x0800cdac   0x00000028   Code   RO         2128    .text.ddm_50g_rssi_start_sample_adc_action  ddm_50g_config_interface.o
    0x0800cdd4   0x0800cdd4   0x00000014   Code   RO         2094    .text.ddm_50g_set_ea  ddm_50g_config_interface.o
    0x0800cde8   0x0800cde8   0x0000000a   Code   RO         2088    .text.ddm_50g_set_ld_ibias  ddm_50g_config_interface.o
    0x0800cdf2   0x0800cdf2   0x00000002   PAD
    0x0800cdf4   0x0800cdf4   0x0000000a   Code   RO         2098    .text.ddm_50g_set_ld_imod  ddm_50g_config_interface.o
    0x0800cdfe   0x0800cdfe   0x00000002   PAD
    0x0800ce00   0x0800ce00   0x00000018   Code   RO         2124    .text.ddm_50g_set_rssi_value  ddm_50g_config_interface.o
    0x0800ce18   0x0800ce18   0x0000000a   Code   RO         2106    .text.ddm_50g_set_rx_drv_deemph  ddm_50g_config_interface.o
    0x0800ce22   0x0800ce22   0x00000002   PAD
    0x0800ce24   0x0800ce24   0x0000000a   Code   RO         2104    .text.ddm_50g_set_rx_eq_boost  ddm_50g_config_interface.o
    0x0800ce2e   0x0800ce2e   0x00000002   PAD
    0x0800ce30   0x0800ce30   0x0000000a   Code   RO         2110    .text.ddm_50g_set_rx_los_hyst  ddm_50g_config_interface.o
    0x0800ce3a   0x0800ce3a   0x00000002   PAD
    0x0800ce3c   0x0800ce3c   0x0000000a   Code   RO         2108    .text.ddm_50g_set_rx_los_threshold  ddm_50g_config_interface.o
    0x0800ce46   0x0800ce46   0x00000002   PAD
    0x0800ce48   0x0800ce48   0x0000000a   Code   RO         2102    .text.ddm_50g_set_rx_swing  ddm_50g_config_interface.o
    0x0800ce52   0x0800ce52   0x00000002   PAD
    0x0800ce54   0x0800ce54   0x00000016   Code   RO         2112    .text.ddm_50g_set_rx_vapd  ddm_50g_config_interface.o
    0x0800ce6a   0x0800ce6a   0x00000002   PAD
    0x0800ce6c   0x0800ce6c   0x0000000a   Code   RO         2092    .text.ddm_50g_set_soa_ild  ddm_50g_config_interface.o
    0x0800ce76   0x0800ce76   0x00000002   PAD
    0x0800ce78   0x0800ce78   0x0000000a   Code   RO         2096    .text.ddm_50g_set_tx_ld_cpa  ddm_50g_config_interface.o
    0x0800ce82   0x0800ce82   0x00000002   PAD
    0x0800ce84   0x0800ce84   0x0000000a   Code   RO         2100    .text.ddm_50g_set_tx_ld_deempth  ddm_50g_config_interface.o
    0x0800ce8e   0x0800ce8e   0x00000002   PAD
    0x0800ce90   0x0800ce90   0x0000000a   Code   RO         2118    .text.ddm_50g_soft_txdsbl_ctrl  ddm_50g_config_interface.o
    0x0800ce9a   0x0800ce9a   0x00000006   PAD
    0x0800cea0   0x0800cea0   0x00000070   Code   RO         1903    .text.ddm_i2c_50g_monitor_reg_read  ddm_i2c_interface.o
    0x0800cf10   0x0800cf10   0x00000088   Code   RO         1899    .text.ddm_i2c_switch_auto_process_reg_write  ddm_i2c_interface.o
    0x0800cf98   0x0800cf98   0x0000005e   Code   RO         1953    .text.ddm_process   sff_8472.o
    0x0800cff6   0x0800cff6   0x00000002   PAD
    0x0800cff8   0x0800cff8   0x00000110   Code   RO         1947    .text.default_config_apc_auto_enable  sff_8472.o
    0x0800d108   0x0800d108   0x00000020   Code   RO          227    .text.delay_decrement  systick.o
    0x0800d128   0x0800d128   0x00000024   Code   RO          527    .text.dma_channel_disable  gd32e501_dma.o
    0x0800d14c   0x0800d14c   0x00000024   Code   RO          537    .text.dma_channel_enable  gd32e501_dma.o
    0x0800d170   0x0800d170   0x00000024   Code   RO          529    .text.dma_circulation_enable  gd32e501_dma.o
    0x0800d194   0x0800d194   0x00000080   Code   RO          521    .text.dma_deinit    gd32e501_dma.o
    0x0800d214   0x0800d214   0x00000158   Code   RO          525    .text.dma_init      gd32e501_dma.o
    0x0800d36c   0x0800d36c   0x0000004c   Code   RO         1585    .text.dsp_fsl_continue_write  dsp_fsl.o
    0x0800d3b8   0x0800d3b8   0x00000040   Code   RO         1602    .text.dsp_fsl_i2c_data_path_reg_write  dsp_fsl_i2c_interface.o
    0x0800d3f8   0x0800d3f8   0x0000005e   Code   RO         1598    .text.dsp_fsl_i2c_info_reg_read  dsp_fsl_i2c_interface.o
    0x0800d456   0x0800d456   0x00000002   PAD
    0x0800d458   0x0800d458   0x00000064   Code   RO         1604    .text.dsp_fsl_i2c_rst_pin_reg_write  dsp_fsl_i2c_interface.o
    0x0800d4bc   0x0800d4bc   0x00000038   Code   RO         1596    .text.dsp_fsl_i2c_start_download_reg_write  dsp_fsl_i2c_interface.o
    0x0800d4f4   0x0800d4f4   0x0000002a   Code   RO         1579    .text.dsp_fsl_ic_download  dsp_fsl.o
    0x0800d51e   0x0800d51e   0x00000002   PAD
    0x0800d520   0x0800d520   0x00000024   Code   RO         1577    .text.dsp_fsl_init  dsp_fsl.o
    0x0800d544   0x0800d544   0x0000002e   Code   RO         1583    .text.dsp_fsl_reg_read  dsp_fsl.o
    0x0800d572   0x0800d572   0x00000002   PAD
    0x0800d574   0x0800d574   0x0000002a   Code   RO         1581    .text.dsp_fsl_reg_write  dsp_fsl.o
    0x0800d59e   0x0800d59e   0x00000002   PAD
    0x0800d5a0   0x0800d5a0   0x00000030   Code   RO         1571    .text.dsp_fsl_reset  dsp_fsl.o
    0x0800d5d0   0x0800d5d0   0x000000f2   Code   RO         1573    .text.dsp_gpio_init  dsp_fsl.o
    0x0800d6c2   0x0800d6c2   0x00000002   PAD
    0x0800d6c4   0x0800d6c4   0x0000010a   Code   RO          578    .text.exti_init     gd32e501_exti.o
    0x0800d7ce   0x0800d7ce   0x00000002   PAD
    0x0800d7d0   0x0800d7d0   0x00000014   Code   RO          598    .text.exti_interrupt_flag_clear  gd32e501_exti.o
    0x0800d7e4   0x0800d7e4   0x00000048   Code   RO          596    .text.exti_interrupt_flag_get  gd32e501_exti.o
    0x0800d82c   0x0800d82c   0x00000048   Code   RO           16    .text.fh_delay_ms   mcu_system_comm.o
    0x0800d874   0x0800d874   0x0000003e   Code   RO           18    .text.fh_delay_us   mcu_system_comm.o
    0x0800d8b2   0x0800d8b2   0x00000002   PAD
    0x0800d8b4   0x0800d8b4   0x00000186   Code   RO         2137    .text.find_adc_temp  thermistor_rth.o
    0x0800da3a   0x0800da3a   0x00000002   PAD
    0x0800da3c   0x0800da3c   0x0000042a   Code   RO         1955    .text.flash_config_init  sff_8472.o
    0x0800de66   0x0800de66   0x00000002   PAD
    0x0800de68   0x0800de68   0x0000004e   Code   RO           36    .text.flash_read    mcu_system_comm.o
    0x0800deb6   0x0800deb6   0x00000002   PAD
    0x0800deb8   0x0800deb8   0x000000d2   Code   RO           38    .text.flash_write   mcu_system_comm.o
    0x0800df8a   0x0800df8a   0x00000002   PAD
    0x0800df8c   0x0800df8c   0x00000018   Code   RO          673    .text.fmc_bank0_flag_clear  gd32e501_fmc.o
    0x0800dfa4   0x0800dfa4   0x0000005c   Code   RO          629    .text.fmc_bank0_ready_wait  gd32e501_fmc.o
    0x0800e000   0x0800e000   0x00000060   Code   RO          693    .text.fmc_bank0_state_get  gd32e501_fmc.o
    0x0800e060   0x0800e060   0x0000005c   Code   RO          631    .text.fmc_bank1_ready_wait  gd32e501_fmc.o
    0x0800e0bc   0x0800e0bc   0x00000060   Code   RO          695    .text.fmc_bank1_state_get  gd32e501_fmc.o
    0x0800e11c   0x0800e11c   0x000001f6   Code   RO          639    .text.fmc_doubleword_program  gd32e501_fmc.o
    0x0800e312   0x0800e312   0x00000002   PAD
    0x0800e314   0x0800e314   0x00000026   Code   RO           40    .text.fmc_erase_single_page  mcu_system_comm.o
    0x0800e33a   0x0800e33a   0x00000002   PAD
    0x0800e33c   0x0800e33c   0x00000022   Code   RO          607    .text.fmc_lock      gd32e501_fmc.o
    0x0800e35e   0x0800e35e   0x00000002   PAD
    0x0800e360   0x0800e360   0x000001d6   Code   RO          627    .text.fmc_page_erase  gd32e501_fmc.o
    0x0800e536   0x0800e536   0x00000002   PAD
    0x0800e538   0x0800e538   0x00000062   Code   RO          601    .text.fmc_unlock    gd32e501_fmc.o
    0x0800e59a   0x0800e59a   0x00000002   PAD
    0x0800e59c   0x0800e59c   0x00000036   Code   RO         1808    .text.fputc         main.o
    0x0800e5d2   0x0800e5d2   0x00000002   PAD
    0x0800e5d4   0x0800e5d4   0x00000086   Code   RO          247    .text.get_adc_inserted_channel_sample  adc_sample_comm.o
    0x0800e65a   0x0800e65a   0x00000002   PAD
    0x0800e65c   0x0800e65c   0x00000090   Code   RO         2141    .text.get_case_therm_temperature  thermistor_rth.o
    0x0800e6ec   0x0800e6ec   0x00000062   Code   RO          120    .text.get_master_i2c_by_dev_address  i2c_opt_ie.o
    0x0800e74e   0x0800e74e   0x00000002   PAD
    0x0800e750   0x0800e750   0x0000007c   Code   RO         2139    .text.get_tec_therm_temperature  thermistor_rth.o
    0x0800e7cc   0x0800e7cc   0x00000052   Code   RO           26    .text.get_u16       mcu_system_comm.o
    0x0800e81e   0x0800e81e   0x00000002   PAD
    0x0800e820   0x0800e820   0x0000006e   Code   RO           30    .text.get_u32       mcu_system_comm.o
    0x0800e88e   0x0800e88e   0x00000002   PAD
    0x0800e890   0x0800e890   0x00000022   Code   RO           12    .text.global_vars_param_init  mcu_global_vars_param.o
    0x0800e8b2   0x0800e8b2   0x00000002   PAD
    0x0800e8b4   0x0800e8b4   0x0000007c   Code   RO         1628    .text.gn7153_adc    gn7153.o
    0x0800e930   0x0800e930   0x000001ba   Code   RO         1666    .text.gn7153_apc_auto_enable_ctrl  gn7153.o
    0x0800eaea   0x0800eaea   0x00000002   PAD
    0x0800eaec   0x0800eaec   0x00000038   Code   RO         1622    .text.gn7153_apc_ctrl  gn7153.o
    0x0800eb24   0x0800eb24   0x00000004   PAD
    0x0800eb28   0x0800eb28   0x000000a8   Code   RO         1668    .text.gn7153_apc_target_voltage  gn7153.o
    0x0800ebd0   0x0800ebd0   0x000000ba   Code   RO         1640    .text.gn7153_get_ld_ibias  gn7153.o
    0x0800ec8a   0x0800ec8a   0x00000006   PAD
    0x0800ec90   0x0800ec90   0x000000e0   Code   RO         1646    .text.gn7153_get_mpd_ibias  gn7153.o
    0x0800ed70   0x0800ed70   0x000000f8   Code   RO         1636    .text.gn7153_get_voltage  gn7153.o
    0x0800ee68   0x0800ee68   0x0000006c   Code   RO         1614    .text.gn7153_gpio_init  gn7153.o
    0x0800eed4   0x0800eed4   0x00000020   Code   RO         1610    .text.gn7153_init   gn7153.o
    0x0800eef4   0x0800eef4   0x0000005a   Code   RO         1638    .text.gn7153_ld_ibias_monitor_ctrl  gn7153.o
    0x0800ef4e   0x0800ef4e   0x00000002   PAD
    0x0800ef50   0x0800ef50   0x00000038   Code   RO         1644    .text.gn7153_mpd_ibias_monitor_ctrl  gn7153.o
    0x0800ef88   0x0800ef88   0x0000011c   Code   RO         1618    .text.gn7153_normal_setting  gn7153.o
    0x0800f0a4   0x0800f0a4   0x00000038   Code   RO         1624    .text.gn7153_override_ctrl  gn7153.o
    0x0800f0dc   0x0800f0dc   0x00000024   Code   RO         1616    .text.gn7153_reset  gn7153.o
    0x0800f100   0x0800f100   0x00000050   Code   RO         1642    .text.gn7153_set_ld_ibias  gn7153.o
    0x0800f150   0x0800f150   0x00000078   Code   RO         1626    .text.gn7153_set_ld_imod  gn7153.o
    0x0800f1c8   0x0800f1c8   0x00000040   Code   RO         1658    .text.gn7153_set_rx_drv_preemph  gn7153.o
    0x0800f208   0x0800f208   0x00000024   Code   RO         1652    .text.gn7153_set_rx_eq_boost  gn7153.o
    0x0800f22c   0x0800f22c   0x00000026   Code   RO         1662    .text.gn7153_set_rx_los_hyst  gn7153.o
    0x0800f252   0x0800f252   0x00000002   PAD
    0x0800f254   0x0800f254   0x00000026   Code   RO         1660    .text.gn7153_set_rx_los_threshold  gn7153.o
    0x0800f27a   0x0800f27a   0x00000002   PAD
    0x0800f27c   0x0800f27c   0x00000024   Code   RO         1654    .text.gn7153_set_rx_swing  gn7153.o
    0x0800f2a0   0x0800f2a0   0x00000042   Code   RO         1648    .text.gn7153_set_tx_ld_cpa  gn7153.o
    0x0800f2e2   0x0800f2e2   0x00000002   PAD
    0x0800f2e4   0x0800f2e4   0x00000042   Code   RO         1656    .text.gn7153_set_tx_ld_preemph  gn7153.o
    0x0800f326   0x0800f326   0x00000002   PAD
    0x0800f328   0x0800f328   0x0000004a   Code   RO         1612    .text.gn7153_soft_txdsbl_ctrl  gn7153.o
    0x0800f372   0x0800f372   0x00000002   PAD
    0x0800f374   0x0800f374   0x00000038   Code   RO         1620    .text.gn7153_source_sink_select  gn7153.o
    0x0800f3ac   0x0800f3ac   0x00000030   Code   RO         1634    .text.gn7153_voltage_monitor_ctrl  gn7153.o
    0x0800f3dc   0x0800f3dc   0x000000d4   Code   RO          743    .text.gpio_af_set   gd32e501_gpio.o
    0x0800f4b0   0x0800f4b0   0x00000010   Code   RO          729    .text.gpio_bit_reset  gd32e501_gpio.o
    0x0800f4c0   0x0800f4c0   0x00000010   Code   RO          727    .text.gpio_bit_set  gd32e501_gpio.o
    0x0800f4d0   0x0800f4d0   0x0000002a   Code   RO          735    .text.gpio_input_bit_get  gd32e501_gpio.o
    0x0800f4fa   0x0800f4fa   0x00000002   PAD
    0x0800f4fc   0x0800f4fc   0x000000ae   Code   RO          185    .text.gpio_master_i2c_config_init  i2c_driver.o
    0x0800f5aa   0x0800f5aa   0x00000002   PAD
    0x0800f5ac   0x0800f5ac   0x0000009c   Code   RO          723    .text.gpio_mode_set  gd32e501_gpio.o
    0x0800f648   0x0800f648   0x0000002a   Code   RO          739    .text.gpio_output_bit_get  gd32e501_gpio.o
    0x0800f672   0x0800f672   0x00000002   PAD
    0x0800f674   0x0800f674   0x00000092   Code   RO          725    .text.gpio_output_options_set  gd32e501_gpio.o
    0x0800f706   0x0800f706   0x00000002   PAD
    0x0800f708   0x0800f708   0x00000060   Code   RO          183    .text.gpio_slave_i2c_config_init  i2c_driver.o
    0x0800f768   0x0800f768   0x00000028   Code   RO          782    .text.i2c_address_config  gd32e501_i2c.o
    0x0800f790   0x0800f790   0x00000012   Code   RO          772    .text.i2c_automatic_end_disable  gd32e501_i2c.o
    0x0800f7a2   0x0800f7a2   0x00000002   PAD
    0x0800f7a4   0x0800f7a4   0x0000031c   Code   RO         1810    .text.i2c_cmd_register_init  main.o
    0x0800fac0   0x0800fac0   0x0000002c   Code   RO          166    .text.i2c_config_init  i2c_comm.o
    0x0800faec   0x0800faec   0x0000000e   Code   RO          812    .text.i2c_data_receive  gd32e501_i2c.o
    0x0800fafa   0x0800fafa   0x00000002   PAD
    0x0800fafc   0x0800fafc   0x00000012   Code   RO          810    .text.i2c_data_transmit  gd32e501_i2c.o
    0x0800fb0e   0x0800fb0e   0x00000002   PAD
    0x0800fb10   0x0800fb10   0x00000012   Code   RO          804    .text.i2c_disable   gd32e501_i2c.o
    0x0800fb22   0x0800fb22   0x00000002   PAD
    0x0800fb24   0x0800fb24   0x00000012   Code   RO          802    .text.i2c_enable    gd32e501_i2c.o
    0x0800fb36   0x0800fb36   0x00000002   PAD
    0x0800fb38   0x0800fb38   0x0000002a   Code   RO          858    .text.i2c_flag_get  gd32e501_i2c.o
    0x0800fb62   0x0800fb62   0x00000002   PAD
    0x0800fb64   0x0800fb64   0x0000000c   Code   RO           78    .text.i2c_get_write_lock  i2c_opt_ie.o
    0x0800fb70   0x0800fb70   0x0000004a   Code   RO          140    .text.i2c_global_param_init  i2c_opt_ie.o
    0x0800fbba   0x0800fbba   0x00000002   PAD
    0x0800fbbc   0x0800fbbc   0x00000014   Code   RO          864    .text.i2c_interrupt_disable  gd32e501_i2c.o
    0x0800fbd0   0x0800fbd0   0x00000014   Code   RO          862    .text.i2c_interrupt_enable  gd32e501_i2c.o
    0x0800fbe4   0x0800fbe4   0x0000001e   Code   RO          868    .text.i2c_interrupt_flag_clear  gd32e501_i2c.o
    0x0800fc02   0x0800fc02   0x00000002   PAD
    0x0800fc04   0x0800fc04   0x0000005e   Code   RO          866    .text.i2c_interrupt_flag_get  gd32e501_i2c.o
    0x0800fc62   0x0800fc62   0x00000002   PAD
    0x0800fc64   0x0800fc64   0x00000036   Code   RO          760    .text.i2c_master_addressing  gd32e501_i2c.o
    0x0800fc9a   0x0800fc9a   0x00000002   PAD
    0x0800fc9c   0x0800fc9c   0x0000007a   Code   RO           70    .text.i2c_master_buffer_info_data_add  i2c_opt_ie.o
    0x0800fd16   0x0800fd16   0x00000002   PAD
    0x0800fd18   0x0800fd18   0x0000003e   Code   RO          758    .text.i2c_master_clock_config  gd32e501_i2c.o
    0x0800fd56   0x0800fd56   0x00000002   PAD
    0x0800fd58   0x0800fd58   0x0000001c   Code   RO           48    .text.i2c_master_info_buffer_clear  i2c_opt_ie.o
    0x0800fd74   0x0800fd74   0x0000006e   Code   RO           72    .text.i2c_master_info_popup_data_from_buffer  i2c_opt_ie.o
    0x0800fde2   0x0800fde2   0x00000002   PAD
    0x0800fde4   0x0800fde4   0x0000000e   Code   RO           82    .text.i2c_read_unlock  i2c_opt_ie.o
    0x0800fdf2   0x0800fdf2   0x00000002   PAD
    0x0800fdf4   0x0800fdf4   0x00000010   Code   RO          792    .text.i2c_recevied_address_get  gd32e501_i2c.o
    0x0800fe04   0x0800fe04   0x0000003e   Code   RO          788    .text.i2c_second_address_config  gd32e501_i2c.o
    0x0800fe42   0x0800fe42   0x00000002   PAD
    0x0800fe44   0x0800fe44   0x00000014   Code   RO           54    .text.i2c_slave_buffer_info_clear  i2c_opt_ie.o
    0x0800fe58   0x0800fe58   0x00000036   Code   RO           58    .text.i2c_slave_buffer_info_data_add  i2c_opt_ie.o
    0x0800fe8e   0x0800fe8e   0x00000002   PAD
    0x0800fe90   0x0800fe90   0x00000058   Code   RO           60    .text.i2c_slave_buffer_mng_regaddress_info  i2c_opt_ie.o
    0x0800fee8   0x0800fee8   0x00000082   Code   RO           50    .text.i2c_slave_func_register_read_callback  i2c_opt_ie.o
    0x0800ff6a   0x0800ff6a   0x00000002   PAD
    0x0800ff6c   0x0800ff6c   0x00000080   Code   RO           52    .text.i2c_slave_func_register_write_callback  i2c_opt_ie.o
    0x0800ffec   0x0800ffec   0x00000014   Code   RO           62    .text.i2c_slave_info_get_buff_info  i2c_opt_ie.o
    0x08010000   0x08010000   0x00000050   Code   RO           64    .text.i2c_slave_info_popup_data_from_buffer  i2c_opt_ie.o
    0x08010050   0x08010050   0x00000018   Code   RO           68    .text.i2c_slave_info_set_state_read_flag  i2c_opt_ie.o
    0x08010068   0x08010068   0x00000014   Code   RO           56    .text.i2c_slave_info_slave_address_add  i2c_opt_ie.o
    0x0801007c   0x0801007c   0x0000000c   Code   RO           66    .text.i2c_slave_info_state_is_read  i2c_opt_ie.o
    0x08010088   0x08010088   0x00000008   Code   RO          108    .text.i2c_slave_read_write_handle  i2c_opt_ie.o
    0x08010090   0x08010090   0x00000012   Code   RO          806    .text.i2c_start_on_bus  gd32e501_i2c.o
    0x080100a2   0x080100a2   0x00000002   PAD
    0x080100a4   0x080100a4   0x00000012   Code   RO          808    .text.i2c_stop_on_bus  gd32e501_i2c.o
    0x080100b6   0x080100b6   0x00000002   PAD
    0x080100b8   0x080100b8   0x0000005e   Code   RO          754    .text.i2c_timing_config  gd32e501_i2c.o
    0x08010116   0x08010116   0x00000002   PAD
    0x08010118   0x08010118   0x00000020   Code   RO          818    .text.i2c_transfer_byte_number_config  gd32e501_i2c.o
    0x08010138   0x08010138   0x0000000e   Code   RO           74    .text.i2c_write_lock  i2c_opt_ie.o
    0x08010146   0x08010146   0x00000002   PAD
    0x08010148   0x08010148   0x0000000e   Code   RO           76    .text.i2c_write_unlock  i2c_opt_ie.o
    0x08010156   0x08010156   0x00000002   PAD
    0x08010158   0x08010158   0x000001e8   Code   RO         1879    .text.ibias_i2c_reg_write  ddm_i2c_interface.o
    0x08010340   0x08010340   0x00000130   Code   RO         1881    .text.imod_i2c_reg_write  ddm_i2c_interface.o
    0x08010470   0x08010470   0x00000130   Code   RO         1901    .text.import_binary_file_data_to_mcu_flash  ddm_i2c_interface.o
    0x080105a0   0x080105a0   0x000000c4   Code   RO         1806    .text.main          main.o
    0x08010664   0x08010664   0x00000064   Code   RO          134    .text.master_dsp_fsl_reg_4byte_size_read  i2c_opt_ie.o
    0x080106c8   0x080106c8   0x0000005e   Code   RO          126    .text.master_dsp_fsl_reg_4byte_write  i2c_opt_ie.o
    0x08010726   0x08010726   0x00000002   PAD
    0x08010728   0x08010728   0x0000002e   Code   RO          138    .text.master_i2c_config_init  i2c_opt_ie.o
    0x08010756   0x08010756   0x00000002   PAD
    0x08010758   0x08010758   0x000000c4   Code   RO          136    .text.master_i2c_dev_config  i2c_opt_ie.o
    0x0801081c   0x0801081c   0x00000100   Code   RO          114    .text.master_i2c_error_irq_handler  i2c_opt_ie.o
    0x0801091c   0x0801091c   0x00000198   Code   RO          112    .text.master_i2c_event_irq_handler  i2c_opt_ie.o
    0x08010ab4   0x08010ab4   0x000000a0   Code   RO          122    .text.master_i2c_set_irq_status_info  i2c_opt_ie.o
    0x08010b54   0x08010b54   0x0000003a   Code   RO          128    .text.master_reg_1byte_size_read  i2c_opt_ie.o
    0x08010b8e   0x08010b8e   0x00000002   PAD
    0x08010b90   0x08010b90   0x00000314   Code   RO          130    .text.master_reg_byte_read  i2c_opt_ie.o
    0x08010ea4   0x08010ea4   0x00000264   Code   RO          124    .text.master_reg_byte_write  i2c_opt_ie.o
    0x08011108   0x08011108   0x00000092   Code   RO          174    .text.mcu_addr0xspec_1byte_reg_byte_read  i2c_comm.o
    0x0801119a   0x0801119a   0x00000002   PAD
    0x0801119c   0x0801119c   0x00000032   Code   RO          176    .text.mcu_addr0xspec_reg_byte_read  i2c_comm.o
    0x080111ce   0x080111ce   0x00000002   PAD
    0x080111d0   0x080111d0   0x000000a6   Code   RO          172    .text.mcu_addr0xspec_reg_byte_write  i2c_comm.o
    0x08011276   0x08011276   0x00000002   PAD
    0x08011278   0x08011278   0x00000088   Code   RO          170    .text.mcu_register_reg_addr_read_callback  i2c_comm.o
    0x08011300   0x08011300   0x00000088   Code   RO          168    .text.mcu_register_reg_addr_write_callback  i2c_comm.o
    0x08011388   0x08011388   0x0000002e   Code   RO         1757    .text.mcu_trigger_gpion_init  trigger_interrupt_mode.o
    0x080113b6   0x080113b6   0x00000002   PAD
    0x080113b8   0x080113b8   0x00000036   Code   RO         1759    .text.mcu_trigger_mode_init  trigger_interrupt_mode.o
    0x080113ee   0x080113ee   0x00000002   PAD
    0x080113f0   0x080113f0   0x00000080   Code   RO          142    .text.monitor_i2c_status_reg_read  i2c_opt_ie.o
    0x08011470   0x08011470   0x0000012a   Code   RO          918    .text.nvic_irq_enable  gd32e501_misc.o
    0x0801159a   0x0801159a   0x00000002   PAD
    0x0801159c   0x0801159c   0x0000001c   Code   RO          916    .text.nvic_priority_group_set  gd32e501_misc.o
    0x080115b8   0x080115b8   0x00000024   Code   RO          928    .text.nvic_vector_table_set  gd32e501_misc.o
    0x080115dc   0x080115dc   0x0000040a   Code   RO         1912    .text.om_cmd_ddm_read_reg_byte  ddm_sff_i2c_interface.o
    0x080119e6   0x080119e6   0x00000002   PAD
    0x080119e8   0x080119e8   0x00000018   Code   RO         1949    .text.om_crc32_reset  sff_8472.o
    0x08011a00   0x08011a00   0x0000015a   Code   RO         1945    .text.om_default_config_flash_init  sff_8472.o
    0x08011b5a   0x08011b5a   0x00000002   PAD
    0x08011b5c   0x08011b5c   0x000000d8   Code   RO         1943    .text.om_default_config_flash_read  sff_8472.o
    0x08011c34   0x08011c34   0x00000004   PAD
    0x08011c38   0x08011c38   0x000008e8   Code   RO         1979    .text.om_default_config_flash_read_10g  sff_8472.o
    0x08012520   0x08012520   0x00000700   Code   RO         1981    .text.om_default_config_flash_read_1g  sff_8472.o
    0x08012c20   0x08012c20   0x000009f8   Code   RO         1975    .text.om_default_config_flash_read_50g  sff_8472.o
    0x08013618   0x08013618   0x00000040   Code   RO         1918    .text.om_erase_data_config_flash_write  ddm_sff_i2c_interface.o
    0x08013658   0x08013658   0x000000c4   Code   RO         1951    .text.om_flash_block_data_calculate_crc32  sff_8472.o
    0x0801371c   0x0801371c   0x0000033e   Code   RO         1906    .text.om_flash_write_reg_byte  ddm_sff_i2c_interface.o
    0x08013a5a   0x08013a5a   0x00000002   PAD
    0x08013a5c   0x08013a5c   0x0000019a   Code   RO         1908    .text.om_memory_state_ctrl_write_reg_byte  ddm_sff_i2c_interface.o
    0x08013bf6   0x08013bf6   0x00000002   PAD
    0x08013bf8   0x08013bf8   0x00000050   Code   RO         1916    .text.om_save_data_config_flash_write  ddm_sff_i2c_interface.o
    0x08013c48   0x08013c48   0x000001c4   Code   RO         1910    .text.om_v2_flash_read_reg_byte  ddm_sff_i2c_interface.o
    0x08013e0c   0x08013e0c   0x00000228   Code   RO         1914    .text.om_v2_memory_read_reg_byte  ddm_sff_i2c_interface.o
    0x08014034   0x08014034   0x000001ac   Code   RO          992    .text.rcu_adc_clock_config  gd32e501_rcu.o
    0x080141e0   0x080141e0   0x000002be   Code   RO         1042    .text.rcu_clock_freq_get  gd32e501_rcu.o
    0x0801449e   0x0801449e   0x00000002   PAD
    0x080144a0   0x080144a0   0x00000082   Code   RO            7    .text.rcu_config_init  mcu_config_public.o
    0x08014522   0x08014522   0x00000002   PAD
    0x08014524   0x08014524   0x00000090   Code   RO         1000    .text.rcu_i2c_clock_config  gd32e501_rcu.o
    0x080145b4   0x080145b4   0x00000028   Code   RO          966    .text.rcu_periph_clock_enable  gd32e501_rcu.o
    0x080145dc   0x080145dc   0x00000028   Code   RO          976    .text.rcu_periph_reset_disable  gd32e501_rcu.o
    0x08014604   0x08014604   0x00000028   Code   RO          974    .text.rcu_periph_reset_enable  gd32e501_rcu.o
    0x0801462c   0x0801462c   0x00000022   Code   RO         1823    .text.read_update_flag  update_comm.o
    0x0801464e   0x0801464e   0x00000002   PAD
    0x08014650   0x08014650   0x00000072   Code   RO           46    .text.reset_master_i2c  i2c_opt_ie.o
    0x080146c2   0x080146c2   0x00000002   PAD
    0x080146c4   0x080146c4   0x00000034   Code   RO           86    .text.reset_slave_i2c  i2c_opt_ie.o
    0x080146f8   0x080146f8   0x000000e0   Code   RO         1891    .text.rx_deemph_i2c_reg_write  ddm_i2c_interface.o
    0x080147d8   0x080147d8   0x000000e0   Code   RO         1885    .text.rx_eq_i2c_reg_write  ddm_i2c_interface.o
    0x080148b8   0x080148b8   0x00000130   Code   RO         1895    .text.rx_los_hyst_i2c_reg_write  ddm_i2c_interface.o
    0x080149e8   0x080149e8   0x00000130   Code   RO         1893    .text.rx_los_threshold_i2c_reg_write  ddm_i2c_interface.o
    0x08014b18   0x08014b18   0x000001b0   Code   RO           34    .text.search_bisection_temp_by_adc  mcu_system_comm.o
    0x08014cc8   0x08014cc8   0x00000026   Code   RO           24    .text.set_u16       mcu_system_comm.o
    0x08014cee   0x08014cee   0x00000002   PAD
    0x08014cf0   0x08014cf0   0x00000032   Code   RO           28    .text.set_u32       mcu_system_comm.o
    0x08014d22   0x08014d22   0x00000002   PAD
    0x08014d24   0x08014d24   0x00000010   Code   RO         1752    .text.sgm1296_tec_init  sgm41296_tec.o
    0x08014d34   0x08014d34   0x00000066   Code   RO         1721    .text.sgm2508_gpio_init  sgm2508_ea.o
    0x08014d9a   0x08014d9a   0x00000002   PAD
    0x08014d9c   0x08014d9c   0x00000020   Code   RO         1715    .text.sgm2508_init  sgm2508_ea.o
    0x08014dbc   0x08014dbc   0x00000004   PAD
    0x08014dc0   0x08014dc0   0x00000070   Code   RO         1717    .text.sgm2508_set_vea_10g  sgm2508_ea.o
    0x08014e30   0x08014e30   0x00000070   Code   RO         1719    .text.sgm2508_set_vea_50g  sgm2508_ea.o
    0x08014ea0   0x08014ea0   0x00000084   Code   RO         1730    .text.sgm41282c_gpio_10g_init  sgm41282c_apd.o
    0x08014f24   0x08014f24   0x00000084   Code   RO         1732    .text.sgm41282c_gpio_1g_init  sgm41282c_apd.o
    0x08014fa8   0x08014fa8   0x00000082   Code   RO         1728    .text.sgm41282c_gpio_50g_init  sgm41282c_apd.o
    0x0801502a   0x0801502a   0x00000002   PAD
    0x0801502c   0x0801502c   0x0000003e   Code   RO         1724    .text.sgm41282c_init  sgm41282c_apd.o
    0x0801506a   0x0801506a   0x00000006   PAD
    0x08015070   0x08015070   0x000000a8   Code   RO         1726    .text.sgm41282c_set_apd  sgm41282c_apd.o
    0x08015118   0x08015118   0x00000072   Code   RO         1740    .text.sgm41282c_set_apd_vcc  sgm41282c_apd.o
    0x0801518a   0x0801518a   0x00000002   PAD
    0x0801518c   0x0801518c   0x0000000a   Code   RO         1748    .text.sgm41296_tec_get_therm_adc  sgm41296_tec.o
    0x08015196   0x08015196   0x00000002   PAD
    0x08015198   0x08015198   0x00000058   Code   RO         1746    .text.sgm41296_tec_get_xtec_voltage  sgm41296_tec.o
    0x080151f0   0x080151f0   0x0000005a   Code   RO         1744    .text.sgm41296_tec_gpio_init  sgm41296_tec.o
    0x0801524a   0x0801524a   0x00000002   PAD
    0x0801524c   0x0801524c   0x000000a0   Code   RO         1750    .text.sgm41296_tec_release_limit_refresh  sgm41296_tec.o
    0x080152ec   0x080152ec   0x00000004   PAD
    0x080152f0   0x080152f0   0x00000074   Code   RO         1754    .text.sgm41296_vtec_dac_ctl_set  sgm41296_tec.o
    0x08015364   0x08015364   0x0000015e   Code   RO          110    .text.slave_error_irq_handler  i2c_opt_ie.o
    0x080154c2   0x080154c2   0x00000002   PAD
    0x080154c4   0x080154c4   0x00000124   Code   RO           90    .text.slave_event_irq_handler  i2c_opt_ie.o
    0x080155e8   0x080155e8   0x000000a6   Code   RO           94    .text.slave_i2c_address_match_handle  i2c_opt_ie.o
    0x0801568e   0x0801568e   0x00000002   PAD
    0x08015690   0x08015690   0x00000016   Code   RO          118    .text.slave_i2c_config_init  i2c_opt_ie.o
    0x080156a6   0x080156a6   0x00000002   PAD
    0x080156a8   0x080156a8   0x00000068   Code   RO          116    .text.slave_i2c_dev_config  i2c_opt_ie.o
    0x08015710   0x08015710   0x000000da   Code   RO          104    .text.slave_i2c_lock_reset  i2c_opt_ie.o
    0x080157ea   0x080157ea   0x00000002   PAD
    0x080157ec   0x080157ec   0x000000b0   Code   RO          106    .text.slave_i2c_middle_handle  i2c_opt_ie.o
    0x0801589c   0x0801589c   0x00000070   Code   RO           96    .text.slave_i2c_read_handle  i2c_opt_ie.o
    0x0801590c   0x0801590c   0x00000078   Code   RO           92    .text.slave_i2c_receive_handle  i2c_opt_ie.o
    0x08015984   0x08015984   0x00000046   Code   RO          100    .text.slave_i2c_write_handle  i2c_opt_ie.o
    0x080159ca   0x080159ca   0x00000002   PAD
    0x080159cc   0x080159cc   0x00000046   Code   RO           88    .text.slave_i2c_write_special_handleing  i2c_opt_ie.o
    0x08015a12   0x08015a12   0x00000002   PAD
    0x08015a14   0x08015a14   0x000000c2   Code   RO          102    .text.slave_reg_byte_write  i2c_opt_ie.o
    0x08015ad6   0x08015ad6   0x00000002   PAD
    0x08015ad8   0x08015ad8   0x000000d4   Code   RO           98    .text.slave_v2_reg_byte_read  i2c_opt_ie.o
    0x08015bac   0x08015bac   0x00000004   PAD
    0x08015bb0   0x08015bb0   0x000000a4   Code   RO         1875    .text.soa_i2c_ild_reg_write  ddm_i2c_interface.o
    0x08015c54   0x08015c54   0x00000004   PAD
    0x08015c58   0x08015c58   0x00000130   Code   RO         1883    .text.swing_i2c_reg_write  ddm_i2c_interface.o
    0x08015d88   0x08015d88   0x0000000c   Code   RO            9    .text.syscfg_config  mcu_config_public.o
    0x08015d94   0x08015d94   0x00000018   Code   RO         1199    .text.syscfg_deinit  gd32e501_syscfg.o
    0x08015dac   0x08015dac   0x000000ac   Code   RO         1217    .text.syscfg_exti_line_config  gd32e501_syscfg.o
    0x08015e58   0x08015e58   0x00000010   Code   RO         1211    .text.syscfg_vref_enable  gd32e501_syscfg.o
    0x08015e68   0x08015e68   0x00000100   Code   RO          267    .text.system_clock_100m_irc8m  system_gd32e501.o
    0x08015f68   0x08015f68   0x00000008   Code   RO          263    .text.system_clock_config  system_gd32e501.o
    0x08015f70   0x08015f70   0x00000048   Code   RO           20    .text.system_delay_ms  mcu_system_comm.o
    0x08015fb8   0x08015fb8   0x00000032   Code   RO          219    .text.systick_config  systick.o
    0x08015fea   0x08015fea   0x00000006   PAD
    0x08015ff0   0x08015ff0   0x0000032c   Code   RO         1766    .text.tec_calc_auto_rth_temp  tec_comm.o
    0x0801631c   0x0801631c   0x0000000c   Code   RO         1764    .text.tec_config_init  tec_comm.o
    0x08016328   0x08016328   0x00000008   Code   RO         1788    .text.tec_device_init  tec_driver.o
    0x08016330   0x08016330   0x00000010   Code   RO         1786    .text.tec_get_xtec_voltage  tec_driver.o
    0x08016340   0x08016340   0x00000020   Code   RO         1762    .text.tec_global_vars_init  tec_comm.o
    0x08016360   0x08016360   0x0000006c   Code   RO         1795    .text.tec_i2_ctl_temperature_reg_read  tec_i2c_interface.o
    0x080163cc   0x080163cc   0x0000006a   Code   RO         1797    .text.tec_i2c_calc_ctl_auto_reg_write  tec_i2c_interface.o
    0x08016436   0x08016436   0x00000002   PAD
    0x08016438   0x08016438   0x00000066   Code   RO         1799    .text.tec_i2c_temperature_obj_write  tec_i2c_interface.o
    0x0801649e   0x0801649e   0x00000002   PAD
    0x080164a0   0x080164a0   0x00000058   Code   RO         1793    .text.tec_i2c_vtec_ctl_reg_read  tec_i2c_interface.o
    0x080164f8   0x080164f8   0x00000070   Code   RO         1791    .text.tec_i2c_vtec_ctl_reg_write  tec_i2c_interface.o
    0x08016568   0x08016568   0x0000000c   Code   RO         1772    .text.tec_pid_calc_auto  tec_comm.o
    0x08016574   0x08016574   0x0000003a   Code   RO         1770    .text.tec_process   tec_comm.o
    0x080165ae   0x080165ae   0x00000002   PAD
    0x080165b0   0x080165b0   0x00000008   Code   RO         1782    .text.tec_release_limit_refresh  tec_driver.o
    0x080165b8   0x080165b8   0x00000058   Code   RO         1768    .text.tec_save_ctl_temperature_value  tec_comm.o
    0x08016610   0x08016610   0x00000068   Code   RO         1784    .text.tec_set_ctl_voltage  tec_driver.o
    0x08016678   0x08016678   0x00000038   Code   RO         1778    .text.tec_set_ctrl_temperature_obj  tec_comm.o
    0x080166b0   0x080166b0   0x0000001a   Code   RO         1776    .text.tec_set_default_mini_status  tec_comm.o
    0x080166ca   0x080166ca   0x00000002   PAD
    0x080166cc   0x080166cc   0x0000000e   Code   RO         1774    .text.tec_start_auto_adjust  tec_comm.o
    0x080166da   0x080166da   0x00000002   PAD
    0x080166dc   0x080166dc   0x00000060   Code   RO         1801    .text.tec_xtec_value_reg_read  tec_i2c_interface.o
    0x0801673c   0x0801673c   0x0000010a   Code   RO         1833    .text.test_dac_value_write_reg  update_comm.o
    0x08016846   0x08016846   0x00000002   PAD
    0x08016848   0x08016848   0x00000060   Code   RO         1835    .text.test_get_gpio_periph  update_comm.o
    0x080168a8   0x080168a8   0x00000020   Code   RO         1837    .text.test_get_gpio_pin  update_comm.o
    0x080168c8   0x080168c8   0x0000008e   Code   RO         1843    .text.test_gpio_info_read_reg  update_comm.o
    0x08016956   0x08016956   0x00000002   PAD
    0x08016958   0x08016958   0x0000008a   Code   RO         1841    .text.test_gpio_info_write_reg  update_comm.o
    0x080169e2   0x080169e2   0x00000002   PAD
    0x080169e4   0x080169e4   0x0000008e   Code   RO         1839    .text.test_gpio_value_write_reg  update_comm.o
    0x08016a72   0x08016a72   0x00000002   PAD
    0x08016a74   0x08016a74   0x0000007a   Code   RO          144    .text.test_i2c_restart_reg_write  i2c_opt_ie.o
    0x08016aee   0x08016aee   0x00000002   PAD
    0x08016af0   0x08016af0   0x00000042   Code   RO         1803    .text.test_tec_i2c_rest_gpio_write  tec_i2c_interface.o
    0x08016b32   0x08016b32   0x00000006   PAD
    0x08016b38   0x08016b38   0x000000e8   Code   RO         1889    .text.tx_deemph_i2c_reg_write  ddm_i2c_interface.o
    0x08016c20   0x08016c20   0x00000024   Code   RO         1817    .text.upate_mem_is_alloc  update_comm.o
    0x08016c44   0x08016c44   0x0000026c   Code   RO         1856    .text.update_app_write_reg_byte  update_i2c_interface.o
    0x08016eb0   0x08016eb0   0x00000236   Code   RO         1858    .text.update_firmware_write_reg_byte  update_i2c_interface.o
    0x080170e6   0x080170e6   0x00000002   PAD
    0x080170e8   0x080170e8   0x0000003c   Code   RO         1821    .text.update_mem_all_memset  update_comm.o
    0x08017124   0x08017124   0x00000076   Code   RO         1815    .text.update_mem_malloc  update_comm.o
    0x0801719a   0x0801719a   0x00000002   PAD
    0x0801719c   0x0801719c   0x00000108   Code   RO         1929    .text.update_om_bias  sff_8472.o
    0x080172a4   0x080172a4   0x00000068   Code   RO         1939    .text.update_om_diagnose  sff_8472.o
    0x0801730c   0x0801730c   0x00000004   PAD
    0x08017310   0x08017310   0x0000017c   Code   RO         1935    .text.update_om_rx_power  sff_8472.o
    0x0801748c   0x0801748c   0x00000004   PAD
    0x08017490   0x08017490   0x00000108   Code   RO         1925    .text.update_om_temperature  sff_8472.o
    0x08017598   0x08017598   0x000001b4   Code   RO         1931    .text.update_om_tx_power  sff_8472.o
    0x0801774c   0x0801774c   0x00000108   Code   RO         1927    .text.update_om_voltage  sff_8472.o
    0x08017854   0x08017854   0x00000f94   Code   RO         1941    .text.update_om_warning  sff_8472.o
    0x080187e8   0x080187e8   0x000000d2   Code   RO         1860    .text.upgrade_dev_version_reg_read  update_i2c_interface.o
    0x080188ba   0x080188ba   0x00000002   PAD
    0x080188bc   0x080188bc   0x000000bc   Code   RO         1377    .text.usart_baudrate_set  gd32e501_usart.o
    0x08018978   0x08018978   0x00000010   Code   RO         1413    .text.usart_data_receive  gd32e501_usart.o
    0x08018988   0x08018988   0x00000014   Code   RO         1411    .text.usart_data_transmit  gd32e501_usart.o
    0x0801899c   0x0801899c   0x00000052   Code   RO         1375    .text.usart_deinit  gd32e501_usart.o
    0x080189ee   0x080189ee   0x00000002   PAD
    0x080189f0   0x080189f0   0x00000012   Code   RO         1385    .text.usart_enable  gd32e501_usart.o
    0x08018a02   0x08018a02   0x00000002   PAD
    0x08018a04   0x08018a04   0x0000003a   Code   RO         1509    .text.usart_flag_get  gd32e501_usart.o
    0x08018a3e   0x08018a3e   0x00000002   PAD
    0x08018a40   0x08018a40   0x00000024   Code   RO         1515    .text.usart_interrupt_disable  gd32e501_usart.o
    0x08018a64   0x08018a64   0x00000024   Code   RO         1513    .text.usart_interrupt_enable  gd32e501_usart.o
    0x08018a88   0x08018a88   0x0000005e   Code   RO         1519    .text.usart_interrupt_flag_get  gd32e501_usart.o
    0x08018ae6   0x08018ae6   0x00000002   PAD
    0x08018ae8   0x08018ae8   0x00000028   Code   RO         1379    .text.usart_parity_config  gd32e501_usart.o
    0x08018b10   0x08018b10   0x0000001e   Code   RO         1391    .text.usart_receive_config  gd32e501_usart.o
    0x08018b2e   0x08018b2e   0x00000002   PAD
    0x08018b30   0x08018b30   0x00000028   Code   RO         1383    .text.usart_stop_bit_set  gd32e501_usart.o
    0x08018b58   0x08018b58   0x0000001e   Code   RO         1389    .text.usart_transmit_config  gd32e501_usart.o
    0x08018b76   0x08018b76   0x00000002   PAD
    0x08018b78   0x08018b78   0x00000028   Code   RO         1381    .text.usart_word_length_set  gd32e501_usart.o
    0x08018ba0   0x08018ba0   0x000000d8   Code   RO          146    .text.user_check_password_write_reg  i2c_opt_ie.o
    0x08018c78   0x08018c78   0x00000022   Code   RO          148    .text.user_optical_pwd_limit_init  i2c_opt_ie.o
    0x08018c9a   0x08018c9a   0x00000002   PAD
    0x08018c9c   0x08018c9c   0x000000b6   Code   RO         1709    .text.ux3326_apc_auto_enable_ctrl  ux3326.o
    0x08018d52   0x08018d52   0x00000006   PAD
    0x08018d58   0x08018d58   0x000000bc   Code   RO         1711    .text.ux3326_apc_target_voltage  ux3326.o
    0x08018e14   0x08018e14   0x00000004   PAD
    0x08018e18   0x08018e18   0x000000b0   Code   RO         1691    .text.ux3326_get_ld_ibias  ux3326.o
    0x08018ec8   0x08018ec8   0x00000060   Code   RO         1697    .text.ux3326_get_mpd_ibias  ux3326.o
    0x08018f28   0x08018f28   0x000000b8   Code   RO         1689    .text.ux3326_get_voltage  ux3326.o
    0x08018fe0   0x08018fe0   0x0000006c   Code   RO         1677    .text.ux3326_gpio_init  ux3326.o
    0x0801904c   0x0801904c   0x00000010   Code   RO         1675    .text.ux3326_init   ux3326.o
    0x0801905c   0x0801905c   0x0000004c   Code   RO         1683    .text.ux3326_normal_setting  ux3326.o
    0x080190a8   0x080190a8   0x00000024   Code   RO         1679    .text.ux3326_reset  ux3326.o
    0x080190cc   0x080190cc   0x00000058   Code   RO         1693    .text.ux3326_set_ld_ibias  ux3326.o
    0x08019124   0x08019124   0x00000004   PAD
    0x08019128   0x08019128   0x00000080   Code   RO         1695    .text.ux3326_set_ld_imod  ux3326.o
    0x080191a8   0x080191a8   0x0000004e   Code   RO         1705    .text.ux3326_set_rx_los_hyst  ux3326.o
    0x080191f6   0x080191f6   0x00000002   PAD
    0x080191f8   0x080191f8   0x00000026   Code   RO         1703    .text.ux3326_set_rx_los_threshold  ux3326.o
    0x0801921e   0x0801921e   0x00000002   PAD
    0x08019220   0x08019220   0x00000024   Code   RO         1701    .text.ux3326_set_rx_swing  ux3326.o
    0x08019244   0x08019244   0x00000026   Code   RO         1699    .text.ux3326_set_tx_ld_cpa  ux3326.o
    0x0801926a   0x0801926a   0x00000002   PAD
    0x0801926c   0x0801926c   0x00000048   Code   RO         1681    .text.ux3326_soft_txdsbl_ctrl  ux3326.o
    0x080192b4   0x080192b4   0x00000004   PAD
    0x080192b8   0x080192b8   0x000000f0   Code   RO         1877    .text.vea_i2c_vcc_reg_write  ddm_i2c_interface.o
    0x080193a8   0x080193a8   0x0000004c   Code   RO         1825    .text.write_update_flag  update_comm.o
    0x080193f4   0x080193f4   0x00000020   Code   RO         2247    i.__0printf         mc_w.l(printfa.o)
    0x08019414   0x08019414   0x00000030   Code   RO         2296    i.__ARM_fpclassify  m_wm.l(fpclassify.o)
    0x08019444   0x08019444   0x00000004   PAD
    0x08019448   0x08019448   0x00000118   Code   RO         2221    i.__hardfp_ceil     m_wm.l(ceil.o)
    0x08019560   0x08019560   0x00000358   Code   RO         2224    i.__hardfp_exp      m_wm.l(exp.o)
    0x080198b8   0x080198b8   0x00000118   Code   RO         2228    i.__hardfp_floor    m_wm.l(floor.o)
    0x080199d0   0x080199d0   0x000003c4   Code   RO         2297    i.__hardfp_log      m_wm.l(log.o)
    0x08019d94   0x08019d94   0x00000004   PAD
    0x08019d98   0x08019d98   0x00000130   Code   RO         2231    i.__hardfp_log10    m_wm.l(log10.o)
    0x08019ec8   0x08019ec8   0x00000c60   Code   RO         2234    i.__hardfp_pow      m_wm.l(pow.o)
    0x0801ab28   0x0801ab28   0x000000f8   Code   RO         2301    i.__kernel_poly     m_wm.l(poly.o)
    0x0801ac20   0x0801ac20   0x00000030   Code   RO         2286    i.__mathlib_dbl_divzero  m_wm.l(dunder.o)
    0x0801ac50   0x0801ac50   0x00000014   Code   RO         2287    i.__mathlib_dbl_infnan  m_wm.l(dunder.o)
    0x0801ac64   0x0801ac64   0x00000014   Code   RO         2288    i.__mathlib_dbl_infnan2  m_wm.l(dunder.o)
    0x0801ac78   0x0801ac78   0x00000020   Code   RO         2289    i.__mathlib_dbl_invalid  m_wm.l(dunder.o)
    0x0801ac98   0x0801ac98   0x00000020   Code   RO         2290    i.__mathlib_dbl_overflow  m_wm.l(dunder.o)
    0x0801acb8   0x0801acb8   0x00000020   Code   RO         2292    i.__mathlib_dbl_underflow  m_wm.l(dunder.o)
    0x0801acd8   0x0801acd8   0x0000000e   Code   RO         2349    i.__scatterload_copy  mc_w.l(handlers.o)
    0x0801ace6   0x0801ace6   0x00000002   Code   RO         2350    i.__scatterload_null  mc_w.l(handlers.o)
    0x0801ace8   0x0801ace8   0x0000000e   Code   RO         2351    i.__scatterload_zeroinit  mc_w.l(handlers.o)
    0x0801acf6   0x0801acf6   0x00000002   PAD
    0x0801acf8   0x0801acf8   0x0000000c   Code   RO         2335    i.__set_errno       mc_w.l(errno.o)
    0x0801ad04   0x0801ad04   0x00000184   Code   RO         2254    i._fp_digits        mc_w.l(printfa.o)
    0x0801ae88   0x0801ae88   0x000006dc   Code   RO         2255    i._printf_core      mc_w.l(printfa.o)
    0x0801b564   0x0801b564   0x00000024   Code   RO         2256    i._printf_post_padding  mc_w.l(printfa.o)
    0x0801b588   0x0801b588   0x0000002e   Code   RO         2257    i._printf_pre_padding  mc_w.l(printfa.o)
    0x0801b5b6   0x0801b5b6   0x00000018   Code   RO         2295    i.fabs              m_wm.l(fabs.o)
    0x0801b5ce   0x0801b5ce   0x00000010   Code   RO         2299    i.log               m_wm.l(log.o)
    0x0801b5de   0x0801b5de   0x00000002   PAD
    0x0801b5e0   0x0801b5e0   0x0000006c   Code   RO         2261    i.malloc            mc_w.l(malloc.o)
    0x0801b64c   0x0801b64c   0x0000006e   Code   RO         2305    i.sqrt              m_wm.l(sqrt.o)
    0x0801b6ba   0x0801b6ba   0x00000006   PAD
    0x0801b6c0   0x0801b6c0   0x00000058   Data   RO         2227    .constdata          m_wm.l(exp.o)
    0x0801b718   0x0801b718   0x00000088   Data   RO         2237    .constdata          m_wm.l(pow.o)
    0x0801b7a0   0x0801b7a0   0x00000038   Data   RO         2300    .constdata          m_wm.l(log.o)
    0x0801b7d8   0x0801b7d8   0x00000008   Data   RO         2302    .constdata          m_wm.l(qnan.o)
    0x0801b7e0   0x0801b7e0   0x00000007   Data   RO          164    .rodata.str1.1      i2c_opt_ie.o
    0x0801b7e7   0x0801b7e7   0x0000000b   Data   RO         1606    .rodata.str1.1      dsp_fsl_i2c_interface.o
    0x0801b7f2   0x0801b7f2   0x00000010   Data   RO         1812    .rodata.str1.1      main.o
    0x0801b802   0x0801b802   0x0000005d   Data   RO         1851    .rodata.str1.1      update_comm.o
    0x0801b85f   0x0801b85f   0x00000098   Data   RO         1867    .rodata.str1.1      update_i2c_interface.o
    0x0801b8f7   0x0801b8f7   0x00000251   Data   RO         1995    .rodata.str1.1      sff_8472.o
    0x0801bb48   0x0801bb48   0x00000020   Data   RO         2348    Region$$Table       anon$$obj.o


    Execution Region RW_IRAM1 (Exec base: 0x20000000, Load base: 0x0801bb68, Size: 0x00001d00, Max: 0x00008000, ABSOLUTE, COMPRESSED[0x00000368])

    Exec Addr    Load Addr    Size         Type   Attr      Idx    E Section Name        Object

    0x20000000   COMPRESSED   0x00000004   Data   RW         2320    .data               mc_w.l(stdout.o)
    0x20000004   COMPRESSED   0x00000004   Data   RW         2331    .data               mc_w.l(mvars.o)
    0x20000008   COMPRESSED   0x00000004   Data   RW         2332    .data               mc_w.l(mvars.o)
    0x2000000c   COMPRESSED   0x00000004   Data   RW         2336    .data               mc_w.l(errno.o)
    0x20000010   COMPRESSED   0x00000004   Data   RW          269    .data.SystemCoreClock  system_gd32e501.o
    0x20000014   COMPRESSED   0x00000100   Data   RW         1983    .data.a0            sff_8472.o
    0x20000114   COMPRESSED   0x00000100   Data   RW         1984    .data.a2            sff_8472.o
    0x20000214   COMPRESSED   0x00000100   Data   RW         1985    .data.b0            sff_8472.o
    0x20000314   COMPRESSED   0x00000100   Data   RW         1986    .data.b2            sff_8472.o
    0x20000414   COMPRESSED   0x00000100   Data   RW         1987    .data.c0            sff_8472.o
    0x20000514   COMPRESSED   0x00000100   Data   RW         1988    .data.c2            sff_8472.o
    0x20000614   COMPRESSED   0x00000044   Data   RW         2144    .data.g_case_temp_adc  thermistor_rth.o
    0x20000658   COMPRESSED   0x00000030   Data   RW         2146    .data.g_funcCat0Para  do_cmd_struct.o
    0x20000688   COMPRESSED   0x00000030   Data   RW         2147    .data.g_funcCat1Para  do_cmd_struct.o
    0x200006b8   COMPRESSED   0x00000030   Data   RW         2148    .data.g_funcCat2Para  do_cmd_struct.o
    0x200006e8   COMPRESSED   0x00000020   Data   RW         2149    .data.g_funcCat3Para  do_cmd_struct.o
    0x20000708   COMPRESSED   0x00000010   Data   RW         2150    .data.g_funcCat4Para  do_cmd_struct.o
    0x20000718   COMPRESSED   0x00000050   Data   RW         2151    .data.g_funcCat5Para  do_cmd_struct.o
    0x20000768   COMPRESSED   0x00000010   Data   RW         2152    .data.g_funcCat6Para  do_cmd_struct.o
    0x20000778   COMPRESSED   0x000000b8   Data   RW         2200    .data.g_hpllFre     dsp_hpll_init.o
    0x20000830   COMPRESSED   0x00000004   Data   RW         2220    .data.g_regMaxOpNum  reg_op.o
    0x20000834   COMPRESSED   0x0000001c   Data   RW         2153    .data.g_sreFuncArr  do_cmd_struct.o
    0x20000850   COMPRESSED   0x0000014c   Data   RW         2143    .data.g_tec_temp_adc  thermistor_rth.o
    0x2000099c   COMPRESSED   0x00000001   Data   RW          214    .data.g_usart_receivesize  gd32e501_it.o
    0x2000099d   COMPRESSED   0x00000028   Data   RW         1713    .data.t0            ux3326.o
    0x200009c5   COMPRESSED   0x00000001   Data   RW         1850    .data.update_flag   update_comm.o
    0x200009c6   COMPRESSED   0x00000002   PAD
    0x200009c8        -       0x00000006   Zero   RW          249    .bss.adc_dma_sample_value  adc_sample_comm.o
    0x200009ce        -       0x0000001a   Zero   RW         1993    .bss.ddm_adc_out_val  sff_8472.o
    0x200009e8        -       0x00000078   Zero   RW         1994    .bss.default_config_value  sff_8472.o
    0x20000a60        -       0x00000004   Zero   RW          229    .bss.delay          systick.o
    0x20000a64        -       0x00000002   Zero   RW         2199    .bss.g_acqCode      dsp_hpll_init.o
    0x20000a66   COMPRESSED   0x00000002   PAD
    0x20000a68        -       0x000000f4   Zero   RW          156    .bss.g_ai2c_master_info_cfg  i2c_opt_ie.o
    0x20000b5c        -       0x000000f4   Zero   RW          157    .bss.g_bi2c_master_info_cfg  i2c_opt_ie.o
    0x20000c50        -       0x00000001   Zero   RW         1866    .bss.g_crc_is_ok    update_i2c_interface.o
    0x20000c51        -       0x00000028   Zero   RW         1607    .bss.g_dsp_info     dsp_fsl_i2c_interface.o
    0x20000c79        -       0x00000014   Zero   RW         1608    .bss.g_dsp_pll      dsp_fsl_i2c_interface.o
    0x20000c8d   COMPRESSED   0x00000003   PAD
    0x20000c90        -       0x00000018   Zero   RW          155    .bss.g_i2c_global_vars  i2c_opt_ie.o
    0x20000ca8        -       0x00000120   Zero   RW          160    .bss.g_i2c_slave_info_cfg  i2c_opt_ie.o
    0x20000dc8        -       0x00000160   Zero   RW          181    .bss.g_mcu_addr0xspec_reg_read_callback_array  i2c_comm.o
    0x20000f28        -       0x00000004   Zero   RW          179    .bss.g_mcu_addr0xspec_reg_read_idx  i2c_comm.o
    0x20000f2c        -       0x00000160   Zero   RW          180    .bss.g_mcu_addr0xspec_reg_write_callback_array  i2c_comm.o
    0x2000108c        -       0x00000004   Zero   RW          178    .bss.g_mcu_addr0xspec_reg_write_idx  i2c_comm.o
    0x20001090        -       0x00000028   Zero   RW           14    .bss.g_mcu_vars_param  mcu_global_vars_param.o
    0x200010b8        -       0x00000010   Zero   RW          163    .bss.g_optical_limit_pwd  i2c_opt_ie.o
    0x200010c8        -       0x00000004   Zero   RW         1847    .bss.g_page_idx     update_comm.o
    0x200010cc        -       0x00000004   Zero   RW         1848    .bss.g_pkt_count_to_flash  update_comm.o
    0x200010d0        -       0x00000004   Zero   RW         1849    .bss.g_pkt_rx       update_comm.o
    0x200010d4        -       0x000000a0   Zero   RW          158    .bss.g_slave_read_cfg_callback_array  i2c_opt_ie.o
    0x20001174        -       0x00000004   Zero   RW          153    .bss.g_slave_read_cfg_idx  i2c_opt_ie.o
    0x20001178        -       0x000000a0   Zero   RW          159    .bss.g_slave_write_cfg_callback_array  i2c_opt_ie.o
    0x20001218        -       0x00000004   Zero   RW          152    .bss.g_slave_write_cfg_idx  i2c_opt_ie.o
    0x2000121c        -       0x00000008   Zero   RW         1780    .bss.g_tec_vars_param  tec_comm.o
    0x20001224        -       0x00000004   Zero   RW         1846    .bss.g_update_mem_idx  update_comm.o
    0x20001228        -       0x00000004   Zero   RW         1845    .bss.g_update_mem_ptr  update_comm.o
    0x2000122c        -       0x00000020   Zero   RW          217    .bss.g_usart_receiver_buffer  gd32e501_it.o
    0x2000124c        -       0x00000002   Zero   RW          216    .bss.g_usart_rxcount  gd32e501_it.o
    0x2000124e   COMPRESSED   0x00000002   PAD
    0x20001250        -       0x000000a8   Zero   RW         1992    .bss.om_default_config  sff_8472.o
    0x200012f8        -       0x00000004   Zero   RW          161    .bss.slave_i2c_lock_reset.pre_ticks  i2c_opt_ie.o
    0x200012fc        -       0x00000001   Zero   RW         1852    .bss.test_gpio_flg  update_comm.o
    0x200012fd        -       0x00000001   Zero   RW         1853    .bss.test_gpio_in_out_flg  update_comm.o
    0x200012fe        -       0x00000001   Zero   RW         1854    .bss.test_gpio_pin_flg  update_comm.o
    0x200012ff   COMPRESSED   0x00000001   PAD
    0x20001300        -       0x00000600   Zero   RW         1539    HEAP                startup_gd32e501.o
    0x20001900        -       0x00000400   Zero   RW         1538    STACK               startup_gd32e501.o


==============================================================================

Image component sizes


      Code (inc. data)   RO Data    RW Data    ZI Data      Debug   Object Name

       552          0          0          0          6          0   adc_sample_comm.o
       106          0          0          0          0          0   adc_sample_driver.o
       242          0          0          0          0          0   adc_sample_interface.o
       186          0          0          0          0          0   com_usart_comm.o
        12          0          0          0          0          0   dac_comm.o
       360          0          0          0          0          0   dac_driver.o
       458          0          0          0          0          0   ddm_10g_config_interface.o
       392          0          0          0          0          0   ddm_1g_config_interface.o
       320          0          0          0          0          0   ddm_50g_config_interface.o
      4612        174          0          0          0          0   ddm_i2c_interface.o
      3602          0          0          0          0          0   ddm_sff_i2c_interface.o
         0          0          0        316          0          0   do_cmd_struct.o
       532          0          0          0          0          0   dsp_fsl.o
       542          0         11          0         60          0   dsp_fsl_i2c_interface.o
      3090         64          0        184          2          0   dsp_hpll_init.o
      1614          4          0          0          0          0   gd32e501_adc.o
       158          0          0          0          0          0   gd32e501_crc.o
       588          0          0          0          0          0   gd32e501_dac.o
       580          0          0          0          0          0   gd32e501_dma.o
       358          4          0          0          0          0   gd32e501_exti.o
      1504          0          0          0          0          0   gd32e501_fmc.o
       630          0          0          0          0          0   gd32e501_gpio.o
       688          0          0          0          0          0   gd32e501_i2c.o
       402          0          0          1         34          0   gd32e501_it.o
       362          0          0          0          0          0   gd32e501_misc.o
      1394         16          0          0          0          0   gd32e501_rcu.o
       212          4          0          0          0          0   gd32e501_syscfg.o
       728          0          0          0          0          0   gd32e501_usart.o
      2832         48          0          0          0          0   gn7153.o
       678          0          0          0        712          0   i2c_comm.o
       270          0          0          0          0          0   i2c_driver.o
      6560          0          7          0       1148          0   i2c_opt_ie.o
      2254          0          0          0          0          0   ip_op.o
      1046          0         16          0          0          0   main.o
       142          0          0          0          0          0   mcu_config_public.o
        34          0          0          0         40          0   mcu_global_vars_param.o
      1450          0          0          0          0          0   mcu_system_comm.o
        16          0          0          4          0          0   reg_op.o
     20094        284        593       1536        314          0   sff_8472.o
       358         32          0          0          0          0   sgm2508_ea.o
       738         32          0          0          0          0   sgm41282c_apd.o
       480         20          0          0          0          0   sgm41296_tec.o
        36          8        340          0       2560          0   startup_gd32e501.o
       580          0          0          4          0          0   system_gd32e501.o
       230          0          0          0          4          0   systick.o
      1110         48          0          0          8          0   tec_comm.o
       136          8          0          0          0          0   tec_driver.o
       678         20          0          0          0          0   tec_i2c_interface.o
       826         16          0        400          0          0   thermistor_rth.o
       100          0          0          0          0          0   trigger_interrupt_mode.o
      1790          6         93          1         23          0   update_comm.o
      1396          0        152          0          1          0   update_i2c_interface.o
      1540         36          0         40          0          0   ux3326.o

    ----------------------------------------------------------------------
     70028        840       1244       2488       4920          0   Object Totals
         0          0         32          0          0          0   (incl. Generated)
       430         16          0          2          8          0   (incl. Padding)

    ----------------------------------------------------------------------

      Code (inc. data)   RO Data    RW Data    ZI Data      Debug   Library Member Name

       280         28          0          0          0          0   ceil.o
       184         44          0          0          0          0   dunder.o
       856        142         88          0          0          0   exp.o
        24          0          0          0          0          0   fabs.o
       280         28          0          0          0          0   floor.o
        48          0          0          0          0          0   fpclassify.o
       980         92         56          0          0          0   log.o
       304         44          0          0          0          0   log10.o
       248          0          0          0          0          0   poly.o
      3168        296        136          0          0          0   pow.o
         0          0          8          0          0          0   qnan.o
       110          0          0          0          0          0   sqrt.o
        86          0          0          0          0          0   __dczerorl2.o
         0          0          0          0          0          0   entry.o
         0          0          0          0          0          0   entry10a.o
         0          0          0          0          0          0   entry11a.o
         8          4          0          0          0          0   entry2.o
         4          0          0          0          0          0   entry5.o
         0          0          0          0          0          0   entry7b.o
         0          0          0          0          0          0   entry8b.o
         8          4          0          0          0          0   entry9a.o
        12          6          0          4          0          0   errno.o
        30          0          0          0          0          0   handlers.o
        36          8          0          0          0          0   init.o
         0          0          0          0          0          0   iusefp.o
        30          0          0          0          0          0   llshl.o
        36          0          0          0          0          0   llsshr.o
        32          0          0          0          0          0   llushr.o
       108         16          0          0          0          0   malloc.o
        26          0          0          0          0          0   memcmp.o
        36          0          0          0          0          0   memcpya.o
        36          0          0          0          0          0   memseta.o
         0          0          0          8          0          0   mvars.o
      2258         90          0          0          0          0   printfa.o
         0          0          0          4          0          0   stdout.o
        14          0          0          0          0          0   strlen.o
        44          0          0          0          0          0   uidiv.o
        98          0          0          0          0          0   uldiv.o
        48          0          0          0          0          0   cdcmple.o
        48          0          0          0          0          0   cdrcmple.o
        56          0          0          0          0          0   d2f.o
       334          0          0          0          0          0   dadd.o
        54          0          0          0          0          0   dcmpge.o
        54          0          0          0          0          0   dcmple.o
       222          0          0          0          0          0   ddiv.o
       186          0          0          0          0          0   depilogue.o
        62          0          0          0          0          0   dfixi.o
        50          0          0          0          0          0   dfixui.o
        48          0          0          0          0          0   dfixul.o
        34          0          0          0          0          0   dflti.o
        26          0          0          0          0          0   dfltui.o
        24          0          0          0          0          0   dfltul.o
       228          0          0          0          0          0   dmul.o
        46          0          0          0          0          0   dscalb.o
       162          0          0          0          0          0   dsqrt.o
        38          0          0          0          0          0   f2d.o
       110          0          0          0          0          0   fepilogue.o

    ----------------------------------------------------------------------
     11232        806        288         16          0          0   Library Totals
        18          4          0          0          0          0   (incl. Padding)

    ----------------------------------------------------------------------

      Code (inc. data)   RO Data    RW Data    ZI Data      Debug   Library Name

      6482        674        288          0          0          0   m_wm.l
      2902        128          0         16          0          0   mc_w.l
      1830          0          0          0          0          0   mf_w.l

    ----------------------------------------------------------------------
     11232        806        288         16          0          0   Library Totals

    ----------------------------------------------------------------------

==============================================================================


      Code (inc. data)   RO Data    RW Data    ZI Data      Debug   

     81260       1646       1532       2504       4920          0   Grand Totals
     81260       1646       1532        872       4920          0   ELF Image Totals (compressed)
     81260       1646       1532        872          0          0   ROM Totals

==============================================================================

    Total RO  Size (Code + RO Data)                82792 (  80.85kB)
    Total RW  Size (RW Data + ZI Data)              7424 (   7.25kB)
    Total ROM Size (Code + RO Data + RW Data)      83664 (  81.70kB)

==============================================================================

