	.text
	.syntax unified
	.eabi_attribute	67, "2.09"	@ Tag_conformance
	.cpu	cortex-m33
	.eabi_attribute	6, 17	@ Tag_CPU_arch
	.eabi_attribute	7, 77	@ Tag_CPU_arch_profile
	.eabi_attribute	8, 0	@ Tag_ARM_ISA_use
	.eabi_attribute	9, 3	@ Tag_THUMB_ISA_use
	.fpu	fpv5-sp-d16
	.eabi_attribute	27, 1	@ Tag_ABI_HardFP_use
	.eabi_attribute	36, 1	@ Tag_FP_HP_extension
	.eabi_attribute	34, 1	@ Tag_CPU_unaligned_access
	.eabi_attribute	17, 1	@ Tag_ABI_PCS_GOT_use
	.eabi_attribute	20, 2	@ Tag_ABI_FP_denormal
	.eabi_attribute	21, 0	@ Tag_ABI_FP_exceptions
	.eabi_attribute	23, 1	@ Tag_ABI_FP_number_model
	.eabi_attribute	24, 1	@ Tag_ABI_align_needed
	.eabi_attribute	25, 1	@ Tag_ABI_align_preserved
	.eabi_attribute	28, 1	@ Tag_ABI_VFP_args
	.eabi_attribute	38, 1	@ Tag_ABI_FP_16bit_format
	.eabi_attribute	18, 2	@ Tag_ABI_PCS_wchar_t
	.eabi_attribute	26, 1	@ Tag_ABI_enum_size
	.eabi_attribute	14, 0	@ Tag_ABI_PCS_R9_use
	.file	"reg_op.c"
	.section	.text.MCU_DelayUs,"ax",%progbits
	.hidden	MCU_DelayUs                     @ -- Begin function MCU_DelayUs
	.globl	MCU_DelayUs
	.p2align	2
	.type	MCU_DelayUs,%function
	.code	16                              @ @MCU_DelayUs
	.thumb_func
MCU_DelayUs:
	.fnstart
	.cfi_sections .debug_frame
	.cfi_startproc
@ %bb.0:
	.save	{r7, lr}
	push	{r7, lr}
	.cfi_def_cfa_offset 8
	.cfi_offset lr, -4
	.cfi_offset r7, -8
	.pad	#8
	sub	sp, #8
	.cfi_def_cfa_offset 16
	str	r0, [sp, #4]
	ldr	r0, [sp, #4]
	bl	fh_delay_us
	add	sp, #8
	pop	{r7, pc}
.Lfunc_end0:
	.size	MCU_DelayUs, .Lfunc_end0-MCU_DelayUs
	.cfi_endproc
	.cantunwind
	.fnend
                                        @ -- End function
	.hidden	g_regMaxOpNum                   @ @g_regMaxOpNum
	.type	g_regMaxOpNum,%object
	.section	.data.g_regMaxOpNum,"aw",%progbits
	.globl	g_regMaxOpNum
	.p2align	2, 0x0
g_regMaxOpNum:
	.long	40                              @ 0x28
	.size	g_regMaxOpNum, 4

	.ident	"Component: Arm Compiler for Embedded 6.19 Tool: armclang [5e73cb00]"
	.section	".note.GNU-stack","",%progbits
	.eabi_attribute	30, 6	@ Tag_ABI_optimization_goals
	.ARM_attribute	16, 1	@ Tag_AV_eba
