<!doctype html public "-//w3c//dtd html 4.0 transitional//en">
<html><head>
<title>Static Call Graph - [.\output\Project_app.axf]</title></head>
<body><HR>
<H1>Static Call Graph for image .\output\Project_app.axf</H1><HR>
<BR><P>#&#060CALLGRAPH&#062# ARM Linker, 6190004: Last Updated: Mon May  5 17:54:08 2025
<BR><P>
<H3>Maximum Stack Usage =          0 bytes + Unknown(Cycles, Untraceable Function Pointers)</H3><H3>
Call chain for Maximum Stack Depth:</H3>

<P>
<H3>
Mutually Recursive functions
</H3> <LI><a href="#[3]">MemManage_Handler</a>&nbsp;&nbsp;&nbsp;&rArr;&nbsp;&nbsp;&nbsp;<a href="#[3]">MemManage_Handler</a><BR>
 <LI><a href="#[4]">BusFault_Handler</a>&nbsp;&nbsp;&nbsp;&rArr;&nbsp;&nbsp;&nbsp;<a href="#[4]">BusFault_Handler</a><BR>
 <LI><a href="#[5]">UsageFault_Handler</a>&nbsp;&nbsp;&nbsp;&rArr;&nbsp;&nbsp;&nbsp;<a href="#[5]">UsageFault_Handler</a><BR>
 <LI><a href="#[7]">DebugMon_Handler</a>&nbsp;&nbsp;&nbsp;&rArr;&nbsp;&nbsp;&nbsp;<a href="#[7]">DebugMon_Handler</a><BR>
 <LI><a href="#[15]">ADC_CMP_IRQHandler</a>&nbsp;&nbsp;&nbsp;&rArr;&nbsp;&nbsp;&nbsp;<a href="#[15]">ADC_CMP_IRQHandler</a><BR>
</UL>
<P>
<H3>
Function Pointers
</H3><UL>
 <LI><a href="#[15]">ADC_CMP_IRQHandler</a> from startup_gd32e501.o(.text) referenced from startup_gd32e501.o(RESET)
 <LI><a href="#[4]">BusFault_Handler</a> from startup_gd32e501.o(.text) referenced from startup_gd32e501.o(RESET)
 <LI><a href="#[2a]">CLA_IRQHandler</a> from startup_gd32e501.o(.text) referenced from startup_gd32e501.o(RESET)
 <LI><a href="#[12]">DMA_Channel0_IRQHandler</a> from startup_gd32e501.o(.text) referenced from startup_gd32e501.o(RESET)
 <LI><a href="#[13]">DMA_Channel1_2_IRQHandler</a> from startup_gd32e501.o(.text) referenced from startup_gd32e501.o(RESET)
 <LI><a href="#[14]">DMA_Channel3_4_IRQHandler</a> from startup_gd32e501.o(.text) referenced from startup_gd32e501.o(RESET)
 <LI><a href="#[2c]">DMA_Channel5_6_IRQHandler</a> from startup_gd32e501.o(.text) referenced from startup_gd32e501.o(RESET)
 <LI><a href="#[7]">DebugMon_Handler</a> from startup_gd32e501.o(.text) referenced from startup_gd32e501.o(RESET)
 <LI><a href="#[f]">EXTI0_1_IRQHandler</a> from startup_gd32e501.o(.text) referenced from startup_gd32e501.o(RESET)
 <LI><a href="#[10]">EXTI2_3_IRQHandler</a> from startup_gd32e501.o(.text) referenced from startup_gd32e501.o(RESET)
 <LI><a href="#[11]">EXTI4_15_IRQHandler</a> from gd32e501_it.o(.text.EXTI4_15_IRQHandler) referenced from startup_gd32e501.o(RESET)
 <LI><a href="#[d]">FMC_IRQHandler</a> from startup_gd32e501.o(.text) referenced from startup_gd32e501.o(RESET)
 <LI><a href="#[2e]">FPU_IRQHandler</a> from startup_gd32e501.o(.text) referenced from startup_gd32e501.o(RESET)
 <LI><a href="#[2]">HardFault_Handler</a> from gd32e501_it.o(.text.HardFault_Handler) referenced from startup_gd32e501.o(RESET)
 <LI><a href="#[26]">I2C0_ER_IRQHandler</a> from gd32e501_it.o(.text.I2C0_ER_IRQHandler) referenced from startup_gd32e501.o(RESET)
 <LI><a href="#[20]">I2C0_EV_IRQHandler</a> from gd32e501_it.o(.text.I2C0_EV_IRQHandler) referenced from startup_gd32e501.o(RESET)
 <LI><a href="#[27]">I2C1_ER_IRQHandler</a> from gd32e501_it.o(.text.I2C1_ER_IRQHandler) referenced from startup_gd32e501.o(RESET)
 <LI><a href="#[21]">I2C1_EV_IRQHandler</a> from gd32e501_it.o(.text.I2C1_EV_IRQHandler) referenced from startup_gd32e501.o(RESET)
 <LI><a href="#[29]">I2C2_ER_IRQHandler</a> from gd32e501_it.o(.text.I2C2_ER_IRQHandler) referenced from startup_gd32e501.o(RESET)
 <LI><a href="#[28]">I2C2_EV_IRQHandler</a> from gd32e501_it.o(.text.I2C2_EV_IRQHandler) referenced from startup_gd32e501.o(RESET)
 <LI><a href="#[b]">LVD_IRQHandler</a> from startup_gd32e501.o(.text) referenced from startup_gd32e501.o(RESET)
 <LI><a href="#[2b]">MDIO_IRQHandler</a> from startup_gd32e501.o(.text) referenced from startup_gd32e501.o(RESET)
 <LI><a href="#[3]">MemManage_Handler</a> from startup_gd32e501.o(.text) referenced from startup_gd32e501.o(RESET)
 <LI><a href="#[1]">NMI_Handler</a> from gd32e501_it.o(.text.NMI_Handler) referenced from startup_gd32e501.o(RESET)
 <LI><a href="#[8]">PendSV_Handler</a> from gd32e501_it.o(.text.PendSV_Handler) referenced from startup_gd32e501.o(RESET)
 <LI><a href="#[e]">RCU_IRQHandler</a> from startup_gd32e501.o(.text) referenced from startup_gd32e501.o(RESET)
 <LI><a href="#[c]">RTC_IRQHandler</a> from startup_gd32e501.o(.text) referenced from startup_gd32e501.o(RESET)
 <LI><a href="#[0]">Reset_Handler</a> from startup_gd32e501.o(.text) referenced from startup_gd32e501.o(RESET)
 <LI><a href="#[22]">SPI0_IRQHandler</a> from startup_gd32e501.o(.text) referenced from startup_gd32e501.o(RESET)
 <LI><a href="#[23]">SPI1_IRQHandler</a> from startup_gd32e501.o(.text) referenced from startup_gd32e501.o(RESET)
 <LI><a href="#[2d]">SPI2_IRQHandler</a> from startup_gd32e501.o(.text) referenced from startup_gd32e501.o(RESET)
 <LI><a href="#[6]">SVC_Handler</a> from gd32e501_it.o(.text.SVC_Handler) referenced from startup_gd32e501.o(RESET)
 <LI><a href="#[9]">SysTick_Handler</a> from gd32e501_it.o(.text.SysTick_Handler) referenced from startup_gd32e501.o(RESET)
 <LI><a href="#[30]">SystemInit</a> from system_gd32e501.o(.text.SystemInit) referenced from startup_gd32e501.o(.text)
 <LI><a href="#[16]">TIMER0_BRK_UP_TRG_COM_IRQHandler</a> from startup_gd32e501.o(.text) referenced from startup_gd32e501.o(RESET)
 <LI><a href="#[17]">TIMER0_Channel_IRQHandler</a> from startup_gd32e501.o(.text) referenced from startup_gd32e501.o(RESET)
 <LI><a href="#[1c]">TIMER13_IRQHandler</a> from startup_gd32e501.o(.text) referenced from startup_gd32e501.o(RESET)
 <LI><a href="#[1d]">TIMER14_IRQHandler</a> from startup_gd32e501.o(.text) referenced from startup_gd32e501.o(RESET)
 <LI><a href="#[1e]">TIMER15_IRQHandler</a> from startup_gd32e501.o(.text) referenced from startup_gd32e501.o(RESET)
 <LI><a href="#[1f]">TIMER16_IRQHandler</a> from startup_gd32e501.o(.text) referenced from startup_gd32e501.o(RESET)
 <LI><a href="#[18]">TIMER1_IRQHandler</a> from startup_gd32e501.o(.text) referenced from startup_gd32e501.o(RESET)
 <LI><a href="#[19]">TIMER2_IRQHandler</a> from startup_gd32e501.o(.text) referenced from startup_gd32e501.o(RESET)
 <LI><a href="#[1a]">TIMER5_DAC0_1_IRQHandler</a> from startup_gd32e501.o(.text) referenced from startup_gd32e501.o(RESET)
 <LI><a href="#[1b]">TIMER6_DAC2_3_IRQHandler</a> from startup_gd32e501.o(.text) referenced from startup_gd32e501.o(RESET)
 <LI><a href="#[24]">USART0_IRQHandler</a> from gd32e501_it.o(.text.USART0_IRQHandler) referenced from startup_gd32e501.o(RESET)
 <LI><a href="#[25]">USART1_IRQHandler</a> from startup_gd32e501.o(.text) referenced from startup_gd32e501.o(RESET)
 <LI><a href="#[5]">UsageFault_Handler</a> from startup_gd32e501.o(.text) referenced from startup_gd32e501.o(RESET)
 <LI><a href="#[a]">WWDGT_IRQHandler</a> from startup_gd32e501.o(.text) referenced from startup_gd32e501.o(RESET)
 <LI><a href="#[31]">__main</a> from entry.o(.ARM.Collect$$$$00000000) referenced from startup_gd32e501.o(.text)
 <LI><a href="#[3e]">apd_i2c_vcc_reg_write</a> from ddm_i2c_interface.o(.text.apd_i2c_vcc_reg_write) referenced 2 times from main.o(.text.i2c_cmd_register_init)
 <LI><a href="#[37]">cfg_v2_flash_read_reg_byte</a> from ddm_sff_i2c_interface.o(.text.cfg_v2_flash_read_reg_byte) referenced 2 times from main.o(.text.i2c_cmd_register_init)
 <LI><a href="#[51]">cmd_command_map_reg_write</a> from ddm_i2c_interface.o(.text.cmd_command_map_reg_write) referenced 2 times from main.o(.text.i2c_cmd_register_init)
 <LI><a href="#[52]">cmd_common_reg_read</a> from ddm_sff_i2c_interface.o(.text.cmd_common_reg_read) referenced 2 times from main.o(.text.i2c_cmd_register_init)
 <LI><a href="#[45]">cpa_i2c_reg_write</a> from ddm_i2c_interface.o(.text.cpa_i2c_reg_write) referenced 2 times from main.o(.text.i2c_cmd_register_init)
 <LI><a href="#[53]">ddm_i2c_50g_monitor_reg_read</a> from ddm_i2c_interface.o(.text.ddm_i2c_50g_monitor_reg_read) referenced 2 times from main.o(.text.i2c_cmd_register_init)
 <LI><a href="#[3d]">ddm_i2c_switch_auto_process_reg_write</a> from ddm_i2c_interface.o(.text.ddm_i2c_switch_auto_process_reg_write) referenced 2 times from main.o(.text.i2c_cmd_register_init)
 <LI><a href="#[59]">dsp_fsl_i2c_data_path_reg_write</a> from dsp_fsl_i2c_interface.o(.text.dsp_fsl_i2c_data_path_reg_write) referenced 2 times from main.o(.text.i2c_cmd_register_init)
 <LI><a href="#[5a]">dsp_fsl_i2c_info_reg_read</a> from dsp_fsl_i2c_interface.o(.text.dsp_fsl_i2c_info_reg_read) referenced 2 times from main.o(.text.i2c_cmd_register_init)
 <LI><a href="#[58]">dsp_fsl_i2c_rst_pin_reg_write</a> from dsp_fsl_i2c_interface.o(.text.dsp_fsl_i2c_rst_pin_reg_write) referenced 2 times from main.o(.text.i2c_cmd_register_init)
 <LI><a href="#[5b]">dsp_fsl_i2c_start_download_reg_write</a> from dsp_fsl_i2c_interface.o(.text.dsp_fsl_i2c_start_download_reg_write) referenced 2 times from main.o(.text.i2c_cmd_register_init)
 <LI><a href="#[60]">fputc</a> from main.o(.text.fputc) referenced from printfa.o(i.__0printf)
 <LI><a href="#[41]">ibias_i2c_reg_write</a> from ddm_i2c_interface.o(.text.ibias_i2c_reg_write) referenced 2 times from main.o(.text.i2c_cmd_register_init)
 <LI><a href="#[42]">imod_i2c_reg_write</a> from ddm_i2c_interface.o(.text.imod_i2c_reg_write) referenced 2 times from main.o(.text.i2c_cmd_register_init)
 <LI><a href="#[4a]">import_binary_file_data_to_mcu_flash</a> from ddm_i2c_interface.o(.text.import_binary_file_data_to_mcu_flash) referenced 2 times from main.o(.text.i2c_cmd_register_init)
 <LI><a href="#[2f]">main</a> from main.o(.text.main) referenced from entry9a.o(.ARM.Collect$$$$0000000B)
 <LI><a href="#[33]">mcu_addr0xspec_reg_byte_read</a> from i2c_comm.o(.text.mcu_addr0xspec_reg_byte_read) referenced 2 times from main.o(.text.i2c_cmd_register_init)
 <LI><a href="#[32]">mcu_addr0xspec_reg_byte_write</a> from i2c_comm.o(.text.mcu_addr0xspec_reg_byte_write) referenced 2 times from main.o(.text.i2c_cmd_register_init)
 <LI><a href="#[54]">monitor_i2c_status_reg_read</a> from i2c_opt_ie.o(.text.monitor_i2c_status_reg_read) referenced 2 times from main.o(.text.i2c_cmd_register_init)
 <LI><a href="#[3b]">om_cmd_ddm_read_reg_byte</a> from ddm_sff_i2c_interface.o(.text.om_cmd_ddm_read_reg_byte) referenced 2 times from main.o(.text.i2c_cmd_register_init)
 <LI><a href="#[34]">om_flash_write_reg_byte</a> from ddm_sff_i2c_interface.o(.text.om_flash_write_reg_byte) referenced 2 times from main.o(.text.i2c_cmd_register_init)
 <LI><a href="#[55]">om_memory_state_ctrl_write_reg_byte</a> from ddm_sff_i2c_interface.o(.text.om_memory_state_ctrl_write_reg_byte) referenced 2 times from main.o(.text.i2c_cmd_register_init)
 <LI><a href="#[35]">om_v2_flash_read_reg_byte</a> from ddm_sff_i2c_interface.o(.text.om_v2_flash_read_reg_byte) referenced 2 times from main.o(.text.i2c_cmd_register_init)
 <LI><a href="#[36]">om_v2_memory_read_reg_byte</a> from ddm_sff_i2c_interface.o(.text.om_v2_memory_read_reg_byte) referenced 2 times from main.o(.text.i2c_cmd_register_init)
 <LI><a href="#[47]">rx_deemph_i2c_reg_write</a> from ddm_i2c_interface.o(.text.rx_deemph_i2c_reg_write) referenced 2 times from main.o(.text.i2c_cmd_register_init)
 <LI><a href="#[44]">rx_eq_i2c_reg_write</a> from ddm_i2c_interface.o(.text.rx_eq_i2c_reg_write) referenced 2 times from main.o(.text.i2c_cmd_register_init)
 <LI><a href="#[49]">rx_los_hyst_i2c_reg_write</a> from ddm_i2c_interface.o(.text.rx_los_hyst_i2c_reg_write) referenced 2 times from main.o(.text.i2c_cmd_register_init)
 <LI><a href="#[48]">rx_los_threshold_i2c_reg_write</a> from ddm_i2c_interface.o(.text.rx_los_threshold_i2c_reg_write) referenced 2 times from main.o(.text.i2c_cmd_register_init)
 <LI><a href="#[3f]">soa_i2c_ild_reg_write</a> from ddm_i2c_interface.o(.text.soa_i2c_ild_reg_write) referenced 2 times from main.o(.text.i2c_cmd_register_init)
 <LI><a href="#[43]">swing_i2c_reg_write</a> from ddm_i2c_interface.o(.text.swing_i2c_reg_write) referenced 2 times from main.o(.text.i2c_cmd_register_init)
 <LI><a href="#[4b]">tec_i2_ctl_temperature_reg_read</a> from tec_i2c_interface.o(.text.tec_i2_ctl_temperature_reg_read) referenced 2 times from main.o(.text.i2c_cmd_register_init)
 <LI><a href="#[4e]">tec_i2c_calc_ctl_auto_reg_write</a> from tec_i2c_interface.o(.text.tec_i2c_calc_ctl_auto_reg_write) referenced 2 times from main.o(.text.i2c_cmd_register_init)
 <LI><a href="#[50]">tec_i2c_temperature_obj_write</a> from tec_i2c_interface.o(.text.tec_i2c_temperature_obj_write) referenced 2 times from main.o(.text.i2c_cmd_register_init)
 <LI><a href="#[4d]">tec_i2c_vtec_ctl_reg_read</a> from tec_i2c_interface.o(.text.tec_i2c_vtec_ctl_reg_read) referenced 2 times from main.o(.text.i2c_cmd_register_init)
 <LI><a href="#[4c]">tec_i2c_vtec_ctl_reg_write</a> from tec_i2c_interface.o(.text.tec_i2c_vtec_ctl_reg_write) referenced 2 times from main.o(.text.i2c_cmd_register_init)
 <LI><a href="#[4f]">tec_xtec_value_reg_read</a> from tec_i2c_interface.o(.text.tec_xtec_value_reg_read) referenced 2 times from main.o(.text.i2c_cmd_register_init)
 <LI><a href="#[5c]">test_dac_value_write_reg</a> from update_comm.o(.text.test_dac_value_write_reg) referenced 2 times from main.o(.text.i2c_cmd_register_init)
 <LI><a href="#[5f]">test_gpio_info_read_reg</a> from update_comm.o(.text.test_gpio_info_read_reg) referenced 2 times from main.o(.text.i2c_cmd_register_init)
 <LI><a href="#[5e]">test_gpio_info_write_reg</a> from update_comm.o(.text.test_gpio_info_write_reg) referenced 2 times from main.o(.text.i2c_cmd_register_init)
 <LI><a href="#[5d]">test_gpio_value_write_reg</a> from update_comm.o(.text.test_gpio_value_write_reg) referenced 2 times from main.o(.text.i2c_cmd_register_init)
 <LI><a href="#[56]">test_i2c_restart_reg_write</a> from i2c_opt_ie.o(.text.test_i2c_restart_reg_write) referenced 2 times from main.o(.text.i2c_cmd_register_init)
 <LI><a href="#[57]">test_tec_i2c_rest_gpio_write</a> from tec_i2c_interface.o(.text.test_tec_i2c_rest_gpio_write) referenced 2 times from main.o(.text.i2c_cmd_register_init)
 <LI><a href="#[46]">tx_deemph_i2c_reg_write</a> from ddm_i2c_interface.o(.text.tx_deemph_i2c_reg_write) referenced 2 times from main.o(.text.i2c_cmd_register_init)
 <LI><a href="#[38]">update_app_write_reg_byte</a> from update_i2c_interface.o(.text.update_app_write_reg_byte) referenced 2 times from main.o(.text.i2c_cmd_register_init)
 <LI><a href="#[39]">update_firmware_write_reg_byte</a> from update_i2c_interface.o(.text.update_firmware_write_reg_byte) referenced 2 times from main.o(.text.i2c_cmd_register_init)
 <LI><a href="#[3a]">upgrade_dev_version_reg_read</a> from update_i2c_interface.o(.text.upgrade_dev_version_reg_read) referenced 2 times from main.o(.text.i2c_cmd_register_init)
 <LI><a href="#[3c]">user_check_password_write_reg</a> from i2c_opt_ie.o(.text.user_check_password_write_reg) referenced 2 times from main.o(.text.i2c_cmd_register_init)
 <LI><a href="#[40]">vea_i2c_vcc_reg_write</a> from ddm_i2c_interface.o(.text.vea_i2c_vcc_reg_write) referenced 2 times from main.o(.text.i2c_cmd_register_init)
</UL>
<P>
<H3>
Global Symbols
</H3>
<P><STRONG><a name="[31]"></a>__main</STRONG> (Thumb, 0 bytes, Stack size 0 bytes, entry.o(.ARM.Collect$$$$00000000))
<BR>[Address Reference Count : 1]<UL><LI> startup_gd32e501.o(.text)
</UL>
<P><STRONG><a name="[61]"></a>_main_scatterload</STRONG> (Thumb, 0 bytes, Stack size 0 bytes, entry5.o(.ARM.Collect$$$$00000004))
<BR><BR>[Calls]<UL><LI><a href="#[62]">&gt;&gt;</a>&nbsp;&nbsp;&nbsp;__scatterload
</UL>

<P><STRONG><a name="[79]"></a>__main_after_scatterload</STRONG> (Thumb, 0 bytes, Stack size 0 bytes, entry5.o(.ARM.Collect$$$$00000004))
<BR><BR>[Called By]<UL><LI><a href="#[62]">&gt;&gt;</a>&nbsp;&nbsp;&nbsp;__scatterload
</UL>

<P><STRONG><a name="[0]"></a>Reset_Handler</STRONG> (Thumb, 8 bytes, Stack size 0 bytes, startup_gd32e501.o(.text))
<BR>[Address Reference Count : 1]<UL><LI> startup_gd32e501.o(RESET)
</UL>
<P><STRONG><a name="[3]"></a>MemManage_Handler</STRONG> (Thumb, 2 bytes, Stack size 0 bytes, startup_gd32e501.o(.text))
<BR><BR>[Calls]<UL><LI><a href="#[3]">&gt;&gt;</a>&nbsp;&nbsp;&nbsp;MemManage_Handler
</UL>
<BR>[Called By]<UL><LI><a href="#[3]">&gt;&gt;</a>&nbsp;&nbsp;&nbsp;MemManage_Handler
</UL>
<BR>[Address Reference Count : 1]<UL><LI> startup_gd32e501.o(RESET)
</UL>
<P><STRONG><a name="[4]"></a>BusFault_Handler</STRONG> (Thumb, 2 bytes, Stack size 0 bytes, startup_gd32e501.o(.text))
<BR><BR>[Calls]<UL><LI><a href="#[4]">&gt;&gt;</a>&nbsp;&nbsp;&nbsp;BusFault_Handler
</UL>
<BR>[Called By]<UL><LI><a href="#[4]">&gt;&gt;</a>&nbsp;&nbsp;&nbsp;BusFault_Handler
</UL>
<BR>[Address Reference Count : 1]<UL><LI> startup_gd32e501.o(RESET)
</UL>
<P><STRONG><a name="[5]"></a>UsageFault_Handler</STRONG> (Thumb, 2 bytes, Stack size 0 bytes, startup_gd32e501.o(.text))
<BR><BR>[Calls]<UL><LI><a href="#[5]">&gt;&gt;</a>&nbsp;&nbsp;&nbsp;UsageFault_Handler
</UL>
<BR>[Called By]<UL><LI><a href="#[5]">&gt;&gt;</a>&nbsp;&nbsp;&nbsp;UsageFault_Handler
</UL>
<BR>[Address Reference Count : 1]<UL><LI> startup_gd32e501.o(RESET)
</UL>
<P><STRONG><a name="[7]"></a>DebugMon_Handler</STRONG> (Thumb, 2 bytes, Stack size 0 bytes, startup_gd32e501.o(.text))
<BR><BR>[Calls]<UL><LI><a href="#[7]">&gt;&gt;</a>&nbsp;&nbsp;&nbsp;DebugMon_Handler
</UL>
<BR>[Called By]<UL><LI><a href="#[7]">&gt;&gt;</a>&nbsp;&nbsp;&nbsp;DebugMon_Handler
</UL>
<BR>[Address Reference Count : 1]<UL><LI> startup_gd32e501.o(RESET)
</UL>
<P><STRONG><a name="[15]"></a>ADC_CMP_IRQHandler</STRONG> (Thumb, 0 bytes, Stack size 0 bytes, startup_gd32e501.o(.text))
<BR><BR>[Calls]<UL><LI><a href="#[15]">&gt;&gt;</a>&nbsp;&nbsp;&nbsp;ADC_CMP_IRQHandler
</UL>
<BR>[Called By]<UL><LI><a href="#[15]">&gt;&gt;</a>&nbsp;&nbsp;&nbsp;ADC_CMP_IRQHandler
</UL>
<BR>[Address Reference Count : 1]<UL><LI> startup_gd32e501.o(RESET)
</UL>
<P><STRONG><a name="[2a]"></a>CLA_IRQHandler</STRONG> (Thumb, 0 bytes, Stack size 0 bytes, startup_gd32e501.o(.text))
<BR>[Address Reference Count : 1]<UL><LI> startup_gd32e501.o(RESET)
</UL>
<P><STRONG><a name="[12]"></a>DMA_Channel0_IRQHandler</STRONG> (Thumb, 0 bytes, Stack size 0 bytes, startup_gd32e501.o(.text))
<BR>[Address Reference Count : 1]<UL><LI> startup_gd32e501.o(RESET)
</UL>
<P><STRONG><a name="[13]"></a>DMA_Channel1_2_IRQHandler</STRONG> (Thumb, 0 bytes, Stack size 0 bytes, startup_gd32e501.o(.text))
<BR>[Address Reference Count : 1]<UL><LI> startup_gd32e501.o(RESET)
</UL>
<P><STRONG><a name="[14]"></a>DMA_Channel3_4_IRQHandler</STRONG> (Thumb, 0 bytes, Stack size 0 bytes, startup_gd32e501.o(.text))
<BR>[Address Reference Count : 1]<UL><LI> startup_gd32e501.o(RESET)
</UL>
<P><STRONG><a name="[2c]"></a>DMA_Channel5_6_IRQHandler</STRONG> (Thumb, 0 bytes, Stack size 0 bytes, startup_gd32e501.o(.text))
<BR>[Address Reference Count : 1]<UL><LI> startup_gd32e501.o(RESET)
</UL>
<P><STRONG><a name="[f]"></a>EXTI0_1_IRQHandler</STRONG> (Thumb, 0 bytes, Stack size 0 bytes, startup_gd32e501.o(.text))
<BR>[Address Reference Count : 1]<UL><LI> startup_gd32e501.o(RESET)
</UL>
<P><STRONG><a name="[10]"></a>EXTI2_3_IRQHandler</STRONG> (Thumb, 0 bytes, Stack size 0 bytes, startup_gd32e501.o(.text))
<BR>[Address Reference Count : 1]<UL><LI> startup_gd32e501.o(RESET)
</UL>
<P><STRONG><a name="[d]"></a>FMC_IRQHandler</STRONG> (Thumb, 0 bytes, Stack size 0 bytes, startup_gd32e501.o(.text))
<BR>[Address Reference Count : 1]<UL><LI> startup_gd32e501.o(RESET)
</UL>
<P><STRONG><a name="[2e]"></a>FPU_IRQHandler</STRONG> (Thumb, 0 bytes, Stack size 0 bytes, startup_gd32e501.o(.text))
<BR>[Address Reference Count : 1]<UL><LI> startup_gd32e501.o(RESET)
</UL>
<P><STRONG><a name="[b]"></a>LVD_IRQHandler</STRONG> (Thumb, 0 bytes, Stack size 0 bytes, startup_gd32e501.o(.text))
<BR>[Address Reference Count : 1]<UL><LI> startup_gd32e501.o(RESET)
</UL>
<P><STRONG><a name="[2b]"></a>MDIO_IRQHandler</STRONG> (Thumb, 0 bytes, Stack size 0 bytes, startup_gd32e501.o(.text))
<BR>[Address Reference Count : 1]<UL><LI> startup_gd32e501.o(RESET)
</UL>
<P><STRONG><a name="[e]"></a>RCU_IRQHandler</STRONG> (Thumb, 0 bytes, Stack size 0 bytes, startup_gd32e501.o(.text))
<BR>[Address Reference Count : 1]<UL><LI> startup_gd32e501.o(RESET)
</UL>
<P><STRONG><a name="[c]"></a>RTC_IRQHandler</STRONG> (Thumb, 0 bytes, Stack size 0 bytes, startup_gd32e501.o(.text))
<BR>[Address Reference Count : 1]<UL><LI> startup_gd32e501.o(RESET)
</UL>
<P><STRONG><a name="[22]"></a>SPI0_IRQHandler</STRONG> (Thumb, 0 bytes, Stack size 0 bytes, startup_gd32e501.o(.text))
<BR>[Address Reference Count : 1]<UL><LI> startup_gd32e501.o(RESET)
</UL>
<P><STRONG><a name="[23]"></a>SPI1_IRQHandler</STRONG> (Thumb, 0 bytes, Stack size 0 bytes, startup_gd32e501.o(.text))
<BR>[Address Reference Count : 1]<UL><LI> startup_gd32e501.o(RESET)
</UL>
<P><STRONG><a name="[2d]"></a>SPI2_IRQHandler</STRONG> (Thumb, 0 bytes, Stack size 0 bytes, startup_gd32e501.o(.text))
<BR>[Address Reference Count : 1]<UL><LI> startup_gd32e501.o(RESET)
</UL>
<P><STRONG><a name="[16]"></a>TIMER0_BRK_UP_TRG_COM_IRQHandler</STRONG> (Thumb, 0 bytes, Stack size 0 bytes, startup_gd32e501.o(.text))
<BR>[Address Reference Count : 1]<UL><LI> startup_gd32e501.o(RESET)
</UL>
<P><STRONG><a name="[17]"></a>TIMER0_Channel_IRQHandler</STRONG> (Thumb, 0 bytes, Stack size 0 bytes, startup_gd32e501.o(.text))
<BR>[Address Reference Count : 1]<UL><LI> startup_gd32e501.o(RESET)
</UL>
<P><STRONG><a name="[1c]"></a>TIMER13_IRQHandler</STRONG> (Thumb, 0 bytes, Stack size 0 bytes, startup_gd32e501.o(.text))
<BR>[Address Reference Count : 1]<UL><LI> startup_gd32e501.o(RESET)
</UL>
<P><STRONG><a name="[1d]"></a>TIMER14_IRQHandler</STRONG> (Thumb, 0 bytes, Stack size 0 bytes, startup_gd32e501.o(.text))
<BR>[Address Reference Count : 1]<UL><LI> startup_gd32e501.o(RESET)
</UL>
<P><STRONG><a name="[1e]"></a>TIMER15_IRQHandler</STRONG> (Thumb, 0 bytes, Stack size 0 bytes, startup_gd32e501.o(.text))
<BR>[Address Reference Count : 1]<UL><LI> startup_gd32e501.o(RESET)
</UL>
<P><STRONG><a name="[1f]"></a>TIMER16_IRQHandler</STRONG> (Thumb, 0 bytes, Stack size 0 bytes, startup_gd32e501.o(.text))
<BR>[Address Reference Count : 1]<UL><LI> startup_gd32e501.o(RESET)
</UL>
<P><STRONG><a name="[18]"></a>TIMER1_IRQHandler</STRONG> (Thumb, 0 bytes, Stack size 0 bytes, startup_gd32e501.o(.text))
<BR>[Address Reference Count : 1]<UL><LI> startup_gd32e501.o(RESET)
</UL>
<P><STRONG><a name="[19]"></a>TIMER2_IRQHandler</STRONG> (Thumb, 0 bytes, Stack size 0 bytes, startup_gd32e501.o(.text))
<BR>[Address Reference Count : 1]<UL><LI> startup_gd32e501.o(RESET)
</UL>
<P><STRONG><a name="[1a]"></a>TIMER5_DAC0_1_IRQHandler</STRONG> (Thumb, 0 bytes, Stack size 0 bytes, startup_gd32e501.o(.text))
<BR>[Address Reference Count : 1]<UL><LI> startup_gd32e501.o(RESET)
</UL>
<P><STRONG><a name="[1b]"></a>TIMER6_DAC2_3_IRQHandler</STRONG> (Thumb, 0 bytes, Stack size 0 bytes, startup_gd32e501.o(.text))
<BR>[Address Reference Count : 1]<UL><LI> startup_gd32e501.o(RESET)
</UL>
<P><STRONG><a name="[25]"></a>USART1_IRQHandler</STRONG> (Thumb, 0 bytes, Stack size 0 bytes, startup_gd32e501.o(.text))
<BR>[Address Reference Count : 1]<UL><LI> startup_gd32e501.o(RESET)
</UL>
<P><STRONG><a name="[a]"></a>WWDGT_IRQHandler</STRONG> (Thumb, 0 bytes, Stack size 0 bytes, startup_gd32e501.o(.text))
<BR>[Address Reference Count : 1]<UL><LI> startup_gd32e501.o(RESET)
</UL>
<P><STRONG><a name="[fb]"></a>__aeabi_memcpy</STRONG> (Thumb, 36 bytes, Stack size 0 bytes, memcpya.o(.text))
<BR><BR>[Called By]<UL><LI><a href="#[173]">&gt;&gt;</a>&nbsp;&nbsp;&nbsp;master_reg_byte_write
<LI><a href="#[19e]">&gt;&gt;</a>&nbsp;&nbsp;&nbsp;master_reg_byte_read
<LI><a href="#[fa]">&gt;&gt;</a>&nbsp;&nbsp;&nbsp;comm_update_write_mem_one_page_to_flash
<LI><a href="#[4a]">&gt;&gt;</a>&nbsp;&nbsp;&nbsp;import_binary_file_data_to_mcu_flash
<LI><a href="#[3a]">&gt;&gt;</a>&nbsp;&nbsp;&nbsp;upgrade_dev_version_reg_read
<LI><a href="#[a4]">&gt;&gt;</a>&nbsp;&nbsp;&nbsp;dsp_fsl_continue_write
</UL>

<P><STRONG><a name="[18e]"></a>__aeabi_memcpy4</STRONG> (Thumb, 0 bytes, Stack size 0 bytes, memcpya.o(.text))
<BR><BR>[Called By]<UL><LI><a href="#[19e]">&gt;&gt;</a>&nbsp;&nbsp;&nbsp;master_reg_byte_read
<LI><a href="#[18d]">&gt;&gt;</a>&nbsp;&nbsp;&nbsp;i2c_slave_buffer_mng_regaddress_info
</UL>

<P><STRONG><a name="[64]"></a>__aeabi_memset</STRONG> (Thumb, 14 bytes, Stack size 0 bytes, memseta.o(.text))
<BR><BR>[Called By]<UL><LI><a href="#[19b]">&gt;&gt;</a>&nbsp;&nbsp;&nbsp;om_default_config_flash_init
<LI><a href="#[65]">&gt;&gt;</a>&nbsp;&nbsp;&nbsp;_memset$wrapper
<LI><a href="#[63]">&gt;&gt;</a>&nbsp;&nbsp;&nbsp;__aeabi_memclr
</UL>

<P><STRONG><a name="[63]"></a>__aeabi_memclr</STRONG> (Thumb, 4 bytes, Stack size 0 bytes, memseta.o(.text))
<BR><BR>[Calls]<UL><LI><a href="#[64]">&gt;&gt;</a>&nbsp;&nbsp;&nbsp;__aeabi_memset
</UL>
<BR>[Called By]<UL><LI><a href="#[fa]">&gt;&gt;</a>&nbsp;&nbsp;&nbsp;comm_update_write_mem_one_page_to_flash
<LI><a href="#[193]">&gt;&gt;</a>&nbsp;&nbsp;&nbsp;update_mem_all_memset
<LI><a href="#[192]">&gt;&gt;</a>&nbsp;&nbsp;&nbsp;update_mem_malloc
<LI><a href="#[3a]">&gt;&gt;</a>&nbsp;&nbsp;&nbsp;upgrade_dev_version_reg_read
<LI><a href="#[9c]">&gt;&gt;</a>&nbsp;&nbsp;&nbsp;SRE_DspSetUp
</UL>

<P><STRONG><a name="[a0]"></a>__aeabi_memclr4</STRONG> (Thumb, 0 bytes, Stack size 0 bytes, memseta.o(.text))
<BR><BR>[Called By]<UL><LI><a href="#[186]">&gt;&gt;</a>&nbsp;&nbsp;&nbsp;i2c_config_init
<LI><a href="#[187]">&gt;&gt;</a>&nbsp;&nbsp;&nbsp;i2c_global_param_init
<LI><a href="#[81]">&gt;&gt;</a>&nbsp;&nbsp;&nbsp;master_i2c_event_irq_handler
<LI><a href="#[18d]">&gt;&gt;</a>&nbsp;&nbsp;&nbsp;i2c_slave_buffer_mng_regaddress_info
<LI><a href="#[18c]">&gt;&gt;</a>&nbsp;&nbsp;&nbsp;i2c_slave_buffer_info_clear
<LI><a href="#[18b]">&gt;&gt;</a>&nbsp;&nbsp;&nbsp;i2c_master_info_buffer_clear
<LI><a href="#[160]">&gt;&gt;</a>&nbsp;&nbsp;&nbsp;flash_config_init
<LI><a href="#[9c]">&gt;&gt;</a>&nbsp;&nbsp;&nbsp;SRE_DspSetUp
</UL>

<P><STRONG><a name="[65]"></a>_memset$wrapper</STRONG> (Thumb, 18 bytes, Stack size 0 bytes, memseta.o(.text), UNUSED)
<BR><BR>[Calls]<UL><LI><a href="#[64]">&gt;&gt;</a>&nbsp;&nbsp;&nbsp;__aeabi_memset
</UL>

<P><STRONG><a name="[210]"></a>strlen</STRONG> (Thumb, 14 bytes, Stack size 0 bytes, strlen.o(.text))
<BR><BR>[Called By]<UL><LI><a href="#[3c]">&gt;&gt;</a>&nbsp;&nbsp;&nbsp;user_check_password_write_reg
</UL>

<P><STRONG><a name="[211]"></a>memcmp</STRONG> (Thumb, 26 bytes, Stack size 0 bytes, memcmp.o(.text))
<BR><BR>[Called By]<UL><LI><a href="#[3c]">&gt;&gt;</a>&nbsp;&nbsp;&nbsp;user_check_password_write_reg
</UL>

<P><STRONG><a name="[66]"></a>__aeabi_dadd</STRONG> (Thumb, 322 bytes, Stack size 0 bytes, dadd.o(.text))
<BR><BR>[Calls]<UL><LI><a href="#[68]">&gt;&gt;</a>&nbsp;&nbsp;&nbsp;__aeabi_lasr
<LI><a href="#[67]">&gt;&gt;</a>&nbsp;&nbsp;&nbsp;__aeabi_llsl
<LI><a href="#[6a]">&gt;&gt;</a>&nbsp;&nbsp;&nbsp;_double_round
<LI><a href="#[69]">&gt;&gt;</a>&nbsp;&nbsp;&nbsp;_double_epilogue
</UL>
<BR>[Called By]<UL><LI><a href="#[1f9]">&gt;&gt;</a>&nbsp;&nbsp;&nbsp;tec_calc_auto_rth_temp
<LI><a href="#[129]">&gt;&gt;</a>&nbsp;&nbsp;&nbsp;sgm41282c_set_apd
<LI><a href="#[115]">&gt;&gt;</a>&nbsp;&nbsp;&nbsp;gn7153_get_mpd_ibias
<LI><a href="#[117]">&gt;&gt;</a>&nbsp;&nbsp;&nbsp;gn7153_get_voltage
<LI><a href="#[21d]">&gt;&gt;</a>&nbsp;&nbsp;&nbsp;__kernel_poly
<LI><a href="#[21f]">&gt;&gt;</a>&nbsp;&nbsp;&nbsp;__hardfp_log
<LI><a href="#[224]">&gt;&gt;</a>&nbsp;&nbsp;&nbsp;__mathlib_dbl_infnan2
<LI><a href="#[218]">&gt;&gt;</a>&nbsp;&nbsp;&nbsp;__mathlib_dbl_infnan
<LI><a href="#[228]">&gt;&gt;</a>&nbsp;&nbsp;&nbsp;_fp_digits
<LI><a href="#[20d]">&gt;&gt;</a>&nbsp;&nbsp;&nbsp;__hardfp_pow
<LI><a href="#[d9]">&gt;&gt;</a>&nbsp;&nbsp;&nbsp;__hardfp_log10
<LI><a href="#[a3]">&gt;&gt;</a>&nbsp;&nbsp;&nbsp;__hardfp_floor
<LI><a href="#[6b]">&gt;&gt;</a>&nbsp;&nbsp;&nbsp;__aeabi_dsub
<LI><a href="#[d7]">&gt;&gt;</a>&nbsp;&nbsp;&nbsp;__hardfp_exp
<LI><a href="#[6c]">&gt;&gt;</a>&nbsp;&nbsp;&nbsp;__aeabi_drsub
<LI><a href="#[a2]">&gt;&gt;</a>&nbsp;&nbsp;&nbsp;__hardfp_ceil
<LI><a href="#[a1]">&gt;&gt;</a>&nbsp;&nbsp;&nbsp;SRE_HpllInit
<LI><a href="#[d2]">&gt;&gt;</a>&nbsp;&nbsp;&nbsp;calculate_om_rx_power
<LI><a href="#[da]">&gt;&gt;</a>&nbsp;&nbsp;&nbsp;calculate_om_tx_power
</UL>

<P><STRONG><a name="[6b]"></a>__aeabi_dsub</STRONG> (Thumb, 6 bytes, Stack size 0 bytes, dadd.o(.text))
<BR><BR>[Calls]<UL><LI><a href="#[66]">&gt;&gt;</a>&nbsp;&nbsp;&nbsp;__aeabi_dadd
</UL>
<BR>[Called By]<UL><LI><a href="#[21f]">&gt;&gt;</a>&nbsp;&nbsp;&nbsp;__hardfp_log
<LI><a href="#[20d]">&gt;&gt;</a>&nbsp;&nbsp;&nbsp;__hardfp_pow
<LI><a href="#[d7]">&gt;&gt;</a>&nbsp;&nbsp;&nbsp;__hardfp_exp
</UL>

<P><STRONG><a name="[6c]"></a>__aeabi_drsub</STRONG> (Thumb, 6 bytes, Stack size 0 bytes, dadd.o(.text))
<BR><BR>[Calls]<UL><LI><a href="#[66]">&gt;&gt;</a>&nbsp;&nbsp;&nbsp;__aeabi_dadd
</UL>
<BR>[Called By]<UL><LI><a href="#[21f]">&gt;&gt;</a>&nbsp;&nbsp;&nbsp;__hardfp_log
<LI><a href="#[20d]">&gt;&gt;</a>&nbsp;&nbsp;&nbsp;__hardfp_pow
<LI><a href="#[a3]">&gt;&gt;</a>&nbsp;&nbsp;&nbsp;__hardfp_floor
<LI><a href="#[d7]">&gt;&gt;</a>&nbsp;&nbsp;&nbsp;__hardfp_exp
<LI><a href="#[a2]">&gt;&gt;</a>&nbsp;&nbsp;&nbsp;__hardfp_ceil
</UL>

<P><STRONG><a name="[6d]"></a>__aeabi_dmul</STRONG> (Thumb, 228 bytes, Stack size 0 bytes, dmul.o(.text))
<BR><BR>[Calls]<UL><LI><a href="#[69]">&gt;&gt;</a>&nbsp;&nbsp;&nbsp;_double_epilogue
</UL>
<BR>[Called By]<UL><LI><a href="#[53]">&gt;&gt;</a>&nbsp;&nbsp;&nbsp;ddm_i2c_50g_monitor_reg_read
<LI><a href="#[49]">&gt;&gt;</a>&nbsp;&nbsp;&nbsp;rx_los_hyst_i2c_reg_write
<LI><a href="#[48]">&gt;&gt;</a>&nbsp;&nbsp;&nbsp;rx_los_threshold_i2c_reg_write
<LI><a href="#[47]">&gt;&gt;</a>&nbsp;&nbsp;&nbsp;rx_deemph_i2c_reg_write
<LI><a href="#[46]">&gt;&gt;</a>&nbsp;&nbsp;&nbsp;tx_deemph_i2c_reg_write
<LI><a href="#[45]">&gt;&gt;</a>&nbsp;&nbsp;&nbsp;cpa_i2c_reg_write
<LI><a href="#[44]">&gt;&gt;</a>&nbsp;&nbsp;&nbsp;rx_eq_i2c_reg_write
<LI><a href="#[43]">&gt;&gt;</a>&nbsp;&nbsp;&nbsp;swing_i2c_reg_write
<LI><a href="#[42]">&gt;&gt;</a>&nbsp;&nbsp;&nbsp;imod_i2c_reg_write
<LI><a href="#[41]">&gt;&gt;</a>&nbsp;&nbsp;&nbsp;ibias_i2c_reg_write
<LI><a href="#[40]">&gt;&gt;</a>&nbsp;&nbsp;&nbsp;vea_i2c_vcc_reg_write
<LI><a href="#[3f]">&gt;&gt;</a>&nbsp;&nbsp;&nbsp;soa_i2c_ild_reg_write
<LI><a href="#[3e]">&gt;&gt;</a>&nbsp;&nbsp;&nbsp;apd_i2c_vcc_reg_write
<LI><a href="#[1f9]">&gt;&gt;</a>&nbsp;&nbsp;&nbsp;tec_calc_auto_rth_temp
<LI><a href="#[1e0]">&gt;&gt;</a>&nbsp;&nbsp;&nbsp;sgm41296_tec_get_xtec_voltage
<LI><a href="#[129]">&gt;&gt;</a>&nbsp;&nbsp;&nbsp;sgm41282c_set_apd
<LI><a href="#[14b]">&gt;&gt;</a>&nbsp;&nbsp;&nbsp;sgm2508_set_vea_50g
<LI><a href="#[11a]">&gt;&gt;</a>&nbsp;&nbsp;&nbsp;sgm2508_set_vea_10g
<LI><a href="#[134]">&gt;&gt;</a>&nbsp;&nbsp;&nbsp;ux3326_get_ld_ibias
<LI><a href="#[137]">&gt;&gt;</a>&nbsp;&nbsp;&nbsp;ux3326_get_voltage
<LI><a href="#[115]">&gt;&gt;</a>&nbsp;&nbsp;&nbsp;gn7153_get_mpd_ibias
<LI><a href="#[117]">&gt;&gt;</a>&nbsp;&nbsp;&nbsp;gn7153_get_voltage
<LI><a href="#[21d]">&gt;&gt;</a>&nbsp;&nbsp;&nbsp;__kernel_poly
<LI><a href="#[21f]">&gt;&gt;</a>&nbsp;&nbsp;&nbsp;__hardfp_log
<LI><a href="#[21c]">&gt;&gt;</a>&nbsp;&nbsp;&nbsp;__mathlib_dbl_underflow
<LI><a href="#[21a]">&gt;&gt;</a>&nbsp;&nbsp;&nbsp;__mathlib_dbl_overflow
<LI><a href="#[228]">&gt;&gt;</a>&nbsp;&nbsp;&nbsp;_fp_digits
<LI><a href="#[20d]">&gt;&gt;</a>&nbsp;&nbsp;&nbsp;__hardfp_pow
<LI><a href="#[d9]">&gt;&gt;</a>&nbsp;&nbsp;&nbsp;__hardfp_log10
<LI><a href="#[d7]">&gt;&gt;</a>&nbsp;&nbsp;&nbsp;__hardfp_exp
<LI><a href="#[a1]">&gt;&gt;</a>&nbsp;&nbsp;&nbsp;SRE_HpllInit
<LI><a href="#[1cd]">&gt;&gt;</a>&nbsp;&nbsp;&nbsp;om_default_config_flash_read_1g
<LI><a href="#[1cc]">&gt;&gt;</a>&nbsp;&nbsp;&nbsp;om_default_config_flash_read_10g
<LI><a href="#[1cb]">&gt;&gt;</a>&nbsp;&nbsp;&nbsp;om_default_config_flash_read_50g
<LI><a href="#[d2]">&gt;&gt;</a>&nbsp;&nbsp;&nbsp;calculate_om_rx_power
<LI><a href="#[da]">&gt;&gt;</a>&nbsp;&nbsp;&nbsp;calculate_om_tx_power
<LI><a href="#[ca]">&gt;&gt;</a>&nbsp;&nbsp;&nbsp;apc_target_voltage_reg_write
</UL>

<P><STRONG><a name="[6e]"></a>__aeabi_ddiv</STRONG> (Thumb, 222 bytes, Stack size 0 bytes, ddiv.o(.text))
<BR><BR>[Calls]<UL><LI><a href="#[6a]">&gt;&gt;</a>&nbsp;&nbsp;&nbsp;_double_round
</UL>
<BR>[Called By]<UL><LI><a href="#[41]">&gt;&gt;</a>&nbsp;&nbsp;&nbsp;ibias_i2c_reg_write
<LI><a href="#[1d8]">&gt;&gt;</a>&nbsp;&nbsp;&nbsp;sgm41296_vtec_dac_ctl_set
<LI><a href="#[129]">&gt;&gt;</a>&nbsp;&nbsp;&nbsp;sgm41282c_set_apd
<LI><a href="#[14b]">&gt;&gt;</a>&nbsp;&nbsp;&nbsp;sgm2508_set_vea_50g
<LI><a href="#[11a]">&gt;&gt;</a>&nbsp;&nbsp;&nbsp;sgm2508_set_vea_10g
<LI><a href="#[130]">&gt;&gt;</a>&nbsp;&nbsp;&nbsp;ux3326_apc_target_voltage
<LI><a href="#[13c]">&gt;&gt;</a>&nbsp;&nbsp;&nbsp;ux3326_set_ld_imod
<LI><a href="#[11e]">&gt;&gt;</a>&nbsp;&nbsp;&nbsp;gn7153_set_ld_imod
<LI><a href="#[21f]">&gt;&gt;</a>&nbsp;&nbsp;&nbsp;__hardfp_log
<LI><a href="#[220]">&gt;&gt;</a>&nbsp;&nbsp;&nbsp;__mathlib_dbl_invalid
<LI><a href="#[221]">&gt;&gt;</a>&nbsp;&nbsp;&nbsp;__mathlib_dbl_divzero
<LI><a href="#[228]">&gt;&gt;</a>&nbsp;&nbsp;&nbsp;_fp_digits
<LI><a href="#[20d]">&gt;&gt;</a>&nbsp;&nbsp;&nbsp;__hardfp_pow
<LI><a href="#[d7]">&gt;&gt;</a>&nbsp;&nbsp;&nbsp;__hardfp_exp
<LI><a href="#[a1]">&gt;&gt;</a>&nbsp;&nbsp;&nbsp;SRE_HpllInit
<LI><a href="#[1cd]">&gt;&gt;</a>&nbsp;&nbsp;&nbsp;om_default_config_flash_read_1g
<LI><a href="#[1cc]">&gt;&gt;</a>&nbsp;&nbsp;&nbsp;om_default_config_flash_read_10g
<LI><a href="#[1cb]">&gt;&gt;</a>&nbsp;&nbsp;&nbsp;om_default_config_flash_read_50g
<LI><a href="#[d2]">&gt;&gt;</a>&nbsp;&nbsp;&nbsp;calculate_om_rx_power
<LI><a href="#[da]">&gt;&gt;</a>&nbsp;&nbsp;&nbsp;calculate_om_tx_power
<LI><a href="#[df]">&gt;&gt;</a>&nbsp;&nbsp;&nbsp;calibration_rx_pwr_1g_reg_write
<LI><a href="#[e5]">&gt;&gt;</a>&nbsp;&nbsp;&nbsp;calibration_tx_pwr_1g_reg_write
<LI><a href="#[e2]">&gt;&gt;</a>&nbsp;&nbsp;&nbsp;calibration_tx_i_1g_reg_write
<LI><a href="#[de]">&gt;&gt;</a>&nbsp;&nbsp;&nbsp;calibration_rx_pwr_10g_reg_write
<LI><a href="#[e4]">&gt;&gt;</a>&nbsp;&nbsp;&nbsp;calibration_tx_pwr_10g_reg_write
<LI><a href="#[e1]">&gt;&gt;</a>&nbsp;&nbsp;&nbsp;calibration_tx_i_10g_reg_write
<LI><a href="#[e0]">&gt;&gt;</a>&nbsp;&nbsp;&nbsp;calibration_rx_pwr_50g_reg_write
<LI><a href="#[e6]">&gt;&gt;</a>&nbsp;&nbsp;&nbsp;calibration_tx_pwr_50g_reg_write
<LI><a href="#[e3]">&gt;&gt;</a>&nbsp;&nbsp;&nbsp;calibration_tx_i_50g_reg_write
</UL>

<P><STRONG><a name="[176]"></a>__aeabi_dcmple</STRONG> (Thumb, 54 bytes, Stack size 0 bytes, dcmple.o(.text))
<BR><BR>[Called By]<UL><LI><a href="#[10f]">&gt;&gt;</a>&nbsp;&nbsp;&nbsp;gn7153_apc_target_voltage
<LI><a href="#[209]">&gt;&gt;</a>&nbsp;&nbsp;&nbsp;update_om_temperature
</UL>

<P><STRONG><a name="[d8]"></a>__aeabi_dcmpge</STRONG> (Thumb, 54 bytes, Stack size 0 bytes, dcmpge.o(.text))
<BR><BR>[Called By]<UL><LI><a href="#[1fa]">&gt;&gt;</a>&nbsp;&nbsp;&nbsp;tec_set_ctl_voltage
<LI><a href="#[1f9]">&gt;&gt;</a>&nbsp;&nbsp;&nbsp;tec_calc_auto_rth_temp
<LI><a href="#[d2]">&gt;&gt;</a>&nbsp;&nbsp;&nbsp;calculate_om_rx_power
<LI><a href="#[209]">&gt;&gt;</a>&nbsp;&nbsp;&nbsp;update_om_temperature
</UL>

<P><STRONG><a name="[6f]"></a>__aeabi_i2d</STRONG> (Thumb, 34 bytes, Stack size 0 bytes, dflti.o(.text))
<BR><BR>[Calls]<UL><LI><a href="#[69]">&gt;&gt;</a>&nbsp;&nbsp;&nbsp;_double_epilogue
</UL>
<BR>[Called By]<UL><LI><a href="#[53]">&gt;&gt;</a>&nbsp;&nbsp;&nbsp;ddm_i2c_50g_monitor_reg_read
<LI><a href="#[49]">&gt;&gt;</a>&nbsp;&nbsp;&nbsp;rx_los_hyst_i2c_reg_write
<LI><a href="#[48]">&gt;&gt;</a>&nbsp;&nbsp;&nbsp;rx_los_threshold_i2c_reg_write
<LI><a href="#[47]">&gt;&gt;</a>&nbsp;&nbsp;&nbsp;rx_deemph_i2c_reg_write
<LI><a href="#[46]">&gt;&gt;</a>&nbsp;&nbsp;&nbsp;tx_deemph_i2c_reg_write
<LI><a href="#[45]">&gt;&gt;</a>&nbsp;&nbsp;&nbsp;cpa_i2c_reg_write
<LI><a href="#[44]">&gt;&gt;</a>&nbsp;&nbsp;&nbsp;rx_eq_i2c_reg_write
<LI><a href="#[43]">&gt;&gt;</a>&nbsp;&nbsp;&nbsp;swing_i2c_reg_write
<LI><a href="#[42]">&gt;&gt;</a>&nbsp;&nbsp;&nbsp;imod_i2c_reg_write
<LI><a href="#[41]">&gt;&gt;</a>&nbsp;&nbsp;&nbsp;ibias_i2c_reg_write
<LI><a href="#[40]">&gt;&gt;</a>&nbsp;&nbsp;&nbsp;vea_i2c_vcc_reg_write
<LI><a href="#[3f]">&gt;&gt;</a>&nbsp;&nbsp;&nbsp;soa_i2c_ild_reg_write
<LI><a href="#[3e]">&gt;&gt;</a>&nbsp;&nbsp;&nbsp;apd_i2c_vcc_reg_write
<LI><a href="#[1e0]">&gt;&gt;</a>&nbsp;&nbsp;&nbsp;sgm41296_tec_get_xtec_voltage
<LI><a href="#[13c]">&gt;&gt;</a>&nbsp;&nbsp;&nbsp;ux3326_set_ld_imod
<LI><a href="#[115]">&gt;&gt;</a>&nbsp;&nbsp;&nbsp;gn7153_get_mpd_ibias
<LI><a href="#[117]">&gt;&gt;</a>&nbsp;&nbsp;&nbsp;gn7153_get_voltage
<LI><a href="#[11e]">&gt;&gt;</a>&nbsp;&nbsp;&nbsp;gn7153_set_ld_imod
<LI><a href="#[21f]">&gt;&gt;</a>&nbsp;&nbsp;&nbsp;__hardfp_log
<LI><a href="#[20d]">&gt;&gt;</a>&nbsp;&nbsp;&nbsp;__hardfp_pow
<LI><a href="#[d9]">&gt;&gt;</a>&nbsp;&nbsp;&nbsp;__hardfp_log10
<LI><a href="#[d7]">&gt;&gt;</a>&nbsp;&nbsp;&nbsp;__hardfp_exp
<LI><a href="#[1cd]">&gt;&gt;</a>&nbsp;&nbsp;&nbsp;om_default_config_flash_read_1g
<LI><a href="#[1cc]">&gt;&gt;</a>&nbsp;&nbsp;&nbsp;om_default_config_flash_read_10g
<LI><a href="#[1cb]">&gt;&gt;</a>&nbsp;&nbsp;&nbsp;om_default_config_flash_read_50g
<LI><a href="#[d2]">&gt;&gt;</a>&nbsp;&nbsp;&nbsp;calculate_om_rx_power
<LI><a href="#[da]">&gt;&gt;</a>&nbsp;&nbsp;&nbsp;calculate_om_tx_power
<LI><a href="#[df]">&gt;&gt;</a>&nbsp;&nbsp;&nbsp;calibration_rx_pwr_1g_reg_write
<LI><a href="#[e5]">&gt;&gt;</a>&nbsp;&nbsp;&nbsp;calibration_tx_pwr_1g_reg_write
<LI><a href="#[e2]">&gt;&gt;</a>&nbsp;&nbsp;&nbsp;calibration_tx_i_1g_reg_write
<LI><a href="#[de]">&gt;&gt;</a>&nbsp;&nbsp;&nbsp;calibration_rx_pwr_10g_reg_write
<LI><a href="#[e4]">&gt;&gt;</a>&nbsp;&nbsp;&nbsp;calibration_tx_pwr_10g_reg_write
<LI><a href="#[e1]">&gt;&gt;</a>&nbsp;&nbsp;&nbsp;calibration_tx_i_10g_reg_write
<LI><a href="#[e0]">&gt;&gt;</a>&nbsp;&nbsp;&nbsp;calibration_rx_pwr_50g_reg_write
<LI><a href="#[e6]">&gt;&gt;</a>&nbsp;&nbsp;&nbsp;calibration_tx_pwr_50g_reg_write
<LI><a href="#[e3]">&gt;&gt;</a>&nbsp;&nbsp;&nbsp;calibration_tx_i_50g_reg_write
<LI><a href="#[ca]">&gt;&gt;</a>&nbsp;&nbsp;&nbsp;apc_target_voltage_reg_write
</UL>

<P><STRONG><a name="[70]"></a>__aeabi_ui2d</STRONG> (Thumb, 26 bytes, Stack size 0 bytes, dfltui.o(.text))
<BR><BR>[Calls]<UL><LI><a href="#[69]">&gt;&gt;</a>&nbsp;&nbsp;&nbsp;_double_epilogue
</UL>
<BR>[Called By]<UL><LI><a href="#[a1]">&gt;&gt;</a>&nbsp;&nbsp;&nbsp;SRE_HpllInit
</UL>

<P><STRONG><a name="[71]"></a>__aeabi_ul2d</STRONG> (Thumb, 24 bytes, Stack size 0 bytes, dfltul.o(.text))
<BR><BR>[Calls]<UL><LI><a href="#[69]">&gt;&gt;</a>&nbsp;&nbsp;&nbsp;_double_epilogue
</UL>
<BR>[Called By]<UL><LI><a href="#[9d]">&gt;&gt;</a>&nbsp;&nbsp;&nbsp;SRE_HpllSetup
</UL>

<P><STRONG><a name="[72]"></a>__aeabi_d2iz</STRONG> (Thumb, 62 bytes, Stack size 0 bytes, dfixi.o(.text))
<BR><BR>[Calls]<UL><LI><a href="#[73]">&gt;&gt;</a>&nbsp;&nbsp;&nbsp;__aeabi_llsr
</UL>
<BR>[Called By]<UL><LI><a href="#[49]">&gt;&gt;</a>&nbsp;&nbsp;&nbsp;rx_los_hyst_i2c_reg_write
<LI><a href="#[48]">&gt;&gt;</a>&nbsp;&nbsp;&nbsp;rx_los_threshold_i2c_reg_write
<LI><a href="#[47]">&gt;&gt;</a>&nbsp;&nbsp;&nbsp;rx_deemph_i2c_reg_write
<LI><a href="#[46]">&gt;&gt;</a>&nbsp;&nbsp;&nbsp;tx_deemph_i2c_reg_write
<LI><a href="#[45]">&gt;&gt;</a>&nbsp;&nbsp;&nbsp;cpa_i2c_reg_write
<LI><a href="#[44]">&gt;&gt;</a>&nbsp;&nbsp;&nbsp;rx_eq_i2c_reg_write
<LI><a href="#[43]">&gt;&gt;</a>&nbsp;&nbsp;&nbsp;swing_i2c_reg_write
<LI><a href="#[42]">&gt;&gt;</a>&nbsp;&nbsp;&nbsp;imod_i2c_reg_write
<LI><a href="#[41]">&gt;&gt;</a>&nbsp;&nbsp;&nbsp;ibias_i2c_reg_write
<LI><a href="#[1d8]">&gt;&gt;</a>&nbsp;&nbsp;&nbsp;sgm41296_vtec_dac_ctl_set
<LI><a href="#[129]">&gt;&gt;</a>&nbsp;&nbsp;&nbsp;sgm41282c_set_apd
<LI><a href="#[14b]">&gt;&gt;</a>&nbsp;&nbsp;&nbsp;sgm2508_set_vea_50g
<LI><a href="#[11a]">&gt;&gt;</a>&nbsp;&nbsp;&nbsp;sgm2508_set_vea_10g
<LI><a href="#[130]">&gt;&gt;</a>&nbsp;&nbsp;&nbsp;ux3326_apc_target_voltage
<LI><a href="#[13c]">&gt;&gt;</a>&nbsp;&nbsp;&nbsp;ux3326_set_ld_imod
<LI><a href="#[11e]">&gt;&gt;</a>&nbsp;&nbsp;&nbsp;gn7153_set_ld_imod
<LI><a href="#[d7]">&gt;&gt;</a>&nbsp;&nbsp;&nbsp;__hardfp_exp
<LI><a href="#[1cd]">&gt;&gt;</a>&nbsp;&nbsp;&nbsp;om_default_config_flash_read_1g
<LI><a href="#[1cc]">&gt;&gt;</a>&nbsp;&nbsp;&nbsp;om_default_config_flash_read_10g
<LI><a href="#[1cb]">&gt;&gt;</a>&nbsp;&nbsp;&nbsp;om_default_config_flash_read_50g
</UL>

<P><STRONG><a name="[74]"></a>__aeabi_d2uiz</STRONG> (Thumb, 50 bytes, Stack size 0 bytes, dfixui.o(.text))
<BR><BR>[Calls]<UL><LI><a href="#[73]">&gt;&gt;</a>&nbsp;&nbsp;&nbsp;__aeabi_llsr
</UL>
<BR>[Called By]<UL><LI><a href="#[1f9]">&gt;&gt;</a>&nbsp;&nbsp;&nbsp;tec_calc_auto_rth_temp
<LI><a href="#[a1]">&gt;&gt;</a>&nbsp;&nbsp;&nbsp;SRE_HpllInit
</UL>

<P><STRONG><a name="[d6]"></a>__aeabi_f2d</STRONG> (Thumb, 38 bytes, Stack size 0 bytes, f2d.o(.text))
<BR><BR>[Called By]<UL><LI><a href="#[41]">&gt;&gt;</a>&nbsp;&nbsp;&nbsp;ibias_i2c_reg_write
<LI><a href="#[1fa]">&gt;&gt;</a>&nbsp;&nbsp;&nbsp;tec_set_ctl_voltage
<LI><a href="#[1f9]">&gt;&gt;</a>&nbsp;&nbsp;&nbsp;tec_calc_auto_rth_temp
<LI><a href="#[1d8]">&gt;&gt;</a>&nbsp;&nbsp;&nbsp;sgm41296_vtec_dac_ctl_set
<LI><a href="#[129]">&gt;&gt;</a>&nbsp;&nbsp;&nbsp;sgm41282c_set_apd
<LI><a href="#[14b]">&gt;&gt;</a>&nbsp;&nbsp;&nbsp;sgm2508_set_vea_50g
<LI><a href="#[11a]">&gt;&gt;</a>&nbsp;&nbsp;&nbsp;sgm2508_set_vea_10g
<LI><a href="#[130]">&gt;&gt;</a>&nbsp;&nbsp;&nbsp;ux3326_apc_target_voltage
<LI><a href="#[134]">&gt;&gt;</a>&nbsp;&nbsp;&nbsp;ux3326_get_ld_ibias
<LI><a href="#[137]">&gt;&gt;</a>&nbsp;&nbsp;&nbsp;ux3326_get_voltage
<LI><a href="#[10f]">&gt;&gt;</a>&nbsp;&nbsp;&nbsp;gn7153_apc_target_voltage
<LI><a href="#[1cc]">&gt;&gt;</a>&nbsp;&nbsp;&nbsp;om_default_config_flash_read_10g
<LI><a href="#[1cb]">&gt;&gt;</a>&nbsp;&nbsp;&nbsp;om_default_config_flash_read_50g
<LI><a href="#[d2]">&gt;&gt;</a>&nbsp;&nbsp;&nbsp;calculate_om_rx_power
<LI><a href="#[20c]">&gt;&gt;</a>&nbsp;&nbsp;&nbsp;update_om_rx_power
<LI><a href="#[da]">&gt;&gt;</a>&nbsp;&nbsp;&nbsp;calculate_om_tx_power
<LI><a href="#[20b]">&gt;&gt;</a>&nbsp;&nbsp;&nbsp;update_om_tx_power
<LI><a href="#[209]">&gt;&gt;</a>&nbsp;&nbsp;&nbsp;update_om_temperature
</UL>

<P><STRONG><a name="[75]"></a>__aeabi_d2f</STRONG> (Thumb, 56 bytes, Stack size 0 bytes, d2f.o(.text))
<BR><BR>[Calls]<UL><LI><a href="#[76]">&gt;&gt;</a>&nbsp;&nbsp;&nbsp;_float_round
</UL>
<BR>[Called By]<UL><LI><a href="#[53]">&gt;&gt;</a>&nbsp;&nbsp;&nbsp;ddm_i2c_50g_monitor_reg_read
<LI><a href="#[41]">&gt;&gt;</a>&nbsp;&nbsp;&nbsp;ibias_i2c_reg_write
<LI><a href="#[40]">&gt;&gt;</a>&nbsp;&nbsp;&nbsp;vea_i2c_vcc_reg_write
<LI><a href="#[3f]">&gt;&gt;</a>&nbsp;&nbsp;&nbsp;soa_i2c_ild_reg_write
<LI><a href="#[3e]">&gt;&gt;</a>&nbsp;&nbsp;&nbsp;apd_i2c_vcc_reg_write
<LI><a href="#[1f9]">&gt;&gt;</a>&nbsp;&nbsp;&nbsp;tec_calc_auto_rth_temp
<LI><a href="#[1e0]">&gt;&gt;</a>&nbsp;&nbsp;&nbsp;sgm41296_tec_get_xtec_voltage
<LI><a href="#[134]">&gt;&gt;</a>&nbsp;&nbsp;&nbsp;ux3326_get_ld_ibias
<LI><a href="#[137]">&gt;&gt;</a>&nbsp;&nbsp;&nbsp;ux3326_get_voltage
<LI><a href="#[10f]">&gt;&gt;</a>&nbsp;&nbsp;&nbsp;gn7153_apc_target_voltage
<LI><a href="#[115]">&gt;&gt;</a>&nbsp;&nbsp;&nbsp;gn7153_get_mpd_ibias
<LI><a href="#[117]">&gt;&gt;</a>&nbsp;&nbsp;&nbsp;gn7153_get_voltage
<LI><a href="#[1cd]">&gt;&gt;</a>&nbsp;&nbsp;&nbsp;om_default_config_flash_read_1g
<LI><a href="#[1cc]">&gt;&gt;</a>&nbsp;&nbsp;&nbsp;om_default_config_flash_read_10g
<LI><a href="#[1cb]">&gt;&gt;</a>&nbsp;&nbsp;&nbsp;om_default_config_flash_read_50g
<LI><a href="#[d2]">&gt;&gt;</a>&nbsp;&nbsp;&nbsp;calculate_om_rx_power
<LI><a href="#[20c]">&gt;&gt;</a>&nbsp;&nbsp;&nbsp;update_om_rx_power
<LI><a href="#[da]">&gt;&gt;</a>&nbsp;&nbsp;&nbsp;calculate_om_tx_power
<LI><a href="#[20b]">&gt;&gt;</a>&nbsp;&nbsp;&nbsp;update_om_tx_power
<LI><a href="#[df]">&gt;&gt;</a>&nbsp;&nbsp;&nbsp;calibration_rx_pwr_1g_reg_write
<LI><a href="#[e5]">&gt;&gt;</a>&nbsp;&nbsp;&nbsp;calibration_tx_pwr_1g_reg_write
<LI><a href="#[e2]">&gt;&gt;</a>&nbsp;&nbsp;&nbsp;calibration_tx_i_1g_reg_write
<LI><a href="#[de]">&gt;&gt;</a>&nbsp;&nbsp;&nbsp;calibration_rx_pwr_10g_reg_write
<LI><a href="#[e4]">&gt;&gt;</a>&nbsp;&nbsp;&nbsp;calibration_tx_pwr_10g_reg_write
<LI><a href="#[e1]">&gt;&gt;</a>&nbsp;&nbsp;&nbsp;calibration_tx_i_10g_reg_write
<LI><a href="#[e0]">&gt;&gt;</a>&nbsp;&nbsp;&nbsp;calibration_rx_pwr_50g_reg_write
<LI><a href="#[e6]">&gt;&gt;</a>&nbsp;&nbsp;&nbsp;calibration_tx_pwr_50g_reg_write
<LI><a href="#[e3]">&gt;&gt;</a>&nbsp;&nbsp;&nbsp;calibration_tx_i_50g_reg_write
<LI><a href="#[ca]">&gt;&gt;</a>&nbsp;&nbsp;&nbsp;apc_target_voltage_reg_write
</UL>

<P><STRONG><a name="[22b]"></a>__aeabi_uidivmod</STRONG> (Thumb, 44 bytes, Stack size 0 bytes, uidiv.o(.text), UNUSED)
<BR><BR>[Called By]<UL><LI><a href="#[216]">&gt;&gt;</a>&nbsp;&nbsp;&nbsp;_printf_core
</UL>

<P><STRONG><a name="[77]"></a>__aeabi_uldivmod</STRONG> (Thumb, 98 bytes, Stack size 0 bytes, uldiv.o(.text), UNUSED)
<BR><BR>[Calls]<UL><LI><a href="#[73]">&gt;&gt;</a>&nbsp;&nbsp;&nbsp;__aeabi_llsr
<LI><a href="#[67]">&gt;&gt;</a>&nbsp;&nbsp;&nbsp;__aeabi_llsl
</UL>
<BR>[Called By]<UL><LI><a href="#[216]">&gt;&gt;</a>&nbsp;&nbsp;&nbsp;_printf_core
<LI><a href="#[228]">&gt;&gt;</a>&nbsp;&nbsp;&nbsp;_fp_digits
</UL>

<P><STRONG><a name="[67]"></a>__aeabi_llsl</STRONG> (Thumb, 30 bytes, Stack size 0 bytes, llshl.o(.text))
<BR><BR>[Called By]<UL><LI><a href="#[66]">&gt;&gt;</a>&nbsp;&nbsp;&nbsp;__aeabi_dadd
<LI><a href="#[77]">&gt;&gt;</a>&nbsp;&nbsp;&nbsp;__aeabi_uldivmod
<LI><a href="#[69]">&gt;&gt;</a>&nbsp;&nbsp;&nbsp;_double_epilogue
<LI><a href="#[78]">&gt;&gt;</a>&nbsp;&nbsp;&nbsp;__aeabi_d2ulz
</UL>

<P><STRONG><a name="[73]"></a>__aeabi_llsr</STRONG> (Thumb, 32 bytes, Stack size 0 bytes, llushr.o(.text))
<BR><BR>[Called By]<UL><LI><a href="#[74]">&gt;&gt;</a>&nbsp;&nbsp;&nbsp;__aeabi_d2uiz
<LI><a href="#[72]">&gt;&gt;</a>&nbsp;&nbsp;&nbsp;__aeabi_d2iz
<LI><a href="#[77]">&gt;&gt;</a>&nbsp;&nbsp;&nbsp;__aeabi_uldivmod
<LI><a href="#[7a]">&gt;&gt;</a>&nbsp;&nbsp;&nbsp;_dsqrt
<LI><a href="#[69]">&gt;&gt;</a>&nbsp;&nbsp;&nbsp;_double_epilogue
<LI><a href="#[78]">&gt;&gt;</a>&nbsp;&nbsp;&nbsp;__aeabi_d2ulz
</UL>

<P><STRONG><a name="[68]"></a>__aeabi_lasr</STRONG> (Thumb, 36 bytes, Stack size 0 bytes, llsshr.o(.text))
<BR><BR>[Called By]<UL><LI><a href="#[66]">&gt;&gt;</a>&nbsp;&nbsp;&nbsp;__aeabi_dadd
</UL>

<P><STRONG><a name="[76]"></a>_float_round</STRONG> (Thumb, 18 bytes, Stack size 0 bytes, fepilogue.o(.text))
<BR><BR>[Called By]<UL><LI><a href="#[75]">&gt;&gt;</a>&nbsp;&nbsp;&nbsp;__aeabi_d2f
</UL>

<P><STRONG><a name="[6a]"></a>_double_round</STRONG> (Thumb, 30 bytes, Stack size 0 bytes, depilogue.o(.text))
<BR><BR>[Called By]<UL><LI><a href="#[66]">&gt;&gt;</a>&nbsp;&nbsp;&nbsp;__aeabi_dadd
<LI><a href="#[6e]">&gt;&gt;</a>&nbsp;&nbsp;&nbsp;__aeabi_ddiv
<LI><a href="#[7a]">&gt;&gt;</a>&nbsp;&nbsp;&nbsp;_dsqrt
<LI><a href="#[69]">&gt;&gt;</a>&nbsp;&nbsp;&nbsp;_double_epilogue
</UL>

<P><STRONG><a name="[69]"></a>_double_epilogue</STRONG> (Thumb, 156 bytes, Stack size 0 bytes, depilogue.o(.text))
<BR><BR>[Calls]<UL><LI><a href="#[73]">&gt;&gt;</a>&nbsp;&nbsp;&nbsp;__aeabi_llsr
<LI><a href="#[67]">&gt;&gt;</a>&nbsp;&nbsp;&nbsp;__aeabi_llsl
<LI><a href="#[6a]">&gt;&gt;</a>&nbsp;&nbsp;&nbsp;_double_round
</UL>
<BR>[Called By]<UL><LI><a href="#[66]">&gt;&gt;</a>&nbsp;&nbsp;&nbsp;__aeabi_dadd
<LI><a href="#[6d]">&gt;&gt;</a>&nbsp;&nbsp;&nbsp;__aeabi_dmul
<LI><a href="#[6f]">&gt;&gt;</a>&nbsp;&nbsp;&nbsp;__aeabi_i2d
<LI><a href="#[71]">&gt;&gt;</a>&nbsp;&nbsp;&nbsp;__aeabi_ul2d
<LI><a href="#[70]">&gt;&gt;</a>&nbsp;&nbsp;&nbsp;__aeabi_ui2d
</UL>

<P><STRONG><a name="[227]"></a>__ARM_scalbn</STRONG> (Thumb, 46 bytes, Stack size 0 bytes, dscalb.o(.text))
<BR><BR>[Called By]<UL><LI><a href="#[20d]">&gt;&gt;</a>&nbsp;&nbsp;&nbsp;__hardfp_pow
</UL>

<P><STRONG><a name="[78]"></a>__aeabi_d2ulz</STRONG> (Thumb, 48 bytes, Stack size 0 bytes, dfixul.o(.text), UNUSED)
<BR><BR>[Calls]<UL><LI><a href="#[73]">&gt;&gt;</a>&nbsp;&nbsp;&nbsp;__aeabi_llsr
<LI><a href="#[67]">&gt;&gt;</a>&nbsp;&nbsp;&nbsp;__aeabi_llsl
</UL>
<BR>[Called By]<UL><LI><a href="#[228]">&gt;&gt;</a>&nbsp;&nbsp;&nbsp;_fp_digits
</UL>

<P><STRONG><a name="[222]"></a>__aeabi_cdcmpeq</STRONG> (Thumb, 0 bytes, Stack size 0 bytes, cdcmple.o(.text))
<BR><BR>[Called By]<UL><LI><a href="#[21f]">&gt;&gt;</a>&nbsp;&nbsp;&nbsp;__hardfp_log
</UL>

<P><STRONG><a name="[21b]"></a>__aeabi_cdcmple</STRONG> (Thumb, 48 bytes, Stack size 0 bytes, cdcmple.o(.text))
<BR><BR>[Called By]<UL><LI><a href="#[d7]">&gt;&gt;</a>&nbsp;&nbsp;&nbsp;__hardfp_exp
</UL>

<P><STRONG><a name="[217]"></a>__aeabi_cdrcmple</STRONG> (Thumb, 48 bytes, Stack size 0 bytes, cdrcmple.o(.text))
<BR><BR>[Called By]<UL><LI><a href="#[228]">&gt;&gt;</a>&nbsp;&nbsp;&nbsp;_fp_digits
<LI><a href="#[20d]">&gt;&gt;</a>&nbsp;&nbsp;&nbsp;__hardfp_pow
<LI><a href="#[a3]">&gt;&gt;</a>&nbsp;&nbsp;&nbsp;__hardfp_floor
<LI><a href="#[d7]">&gt;&gt;</a>&nbsp;&nbsp;&nbsp;__hardfp_exp
<LI><a href="#[a2]">&gt;&gt;</a>&nbsp;&nbsp;&nbsp;__hardfp_ceil
</UL>

<P><STRONG><a name="[62]"></a>__scatterload</STRONG> (Thumb, 28 bytes, Stack size 0 bytes, init.o(.text))
<BR><BR>[Calls]<UL><LI><a href="#[79]">&gt;&gt;</a>&nbsp;&nbsp;&nbsp;__main_after_scatterload
</UL>
<BR>[Called By]<UL><LI><a href="#[61]">&gt;&gt;</a>&nbsp;&nbsp;&nbsp;_main_scatterload
</UL>

<P><STRONG><a name="[7a]"></a>_dsqrt</STRONG> (Thumb, 162 bytes, Stack size 0 bytes, dsqrt.o(.text))
<BR><BR>[Calls]<UL><LI><a href="#[73]">&gt;&gt;</a>&nbsp;&nbsp;&nbsp;__aeabi_llsr
<LI><a href="#[6a]">&gt;&gt;</a>&nbsp;&nbsp;&nbsp;_double_round
</UL>
<BR>[Called By]<UL><LI><a href="#[225]">&gt;&gt;</a>&nbsp;&nbsp;&nbsp;sqrt
</UL>

<P><STRONG><a name="[11]"></a>EXTI4_15_IRQHandler</STRONG> (Thumb, 62 bytes, Stack size 0 bytes, gd32e501_it.o(.text.EXTI4_15_IRQHandler))
<BR><BR>[Calls]<UL><LI><a href="#[7f]">&gt;&gt;</a>&nbsp;&nbsp;&nbsp;exti_interrupt_flag_clear
<LI><a href="#[7e]">&gt;&gt;</a>&nbsp;&nbsp;&nbsp;ddm_1g_rssi_start_sample_adc_action
<LI><a href="#[7d]">&gt;&gt;</a>&nbsp;&nbsp;&nbsp;ddm_10g_rssi_start_sample_adc_action
<LI><a href="#[7c]">&gt;&gt;</a>&nbsp;&nbsp;&nbsp;ddm_50g_rssi_start_sample_adc_action
<LI><a href="#[7b]">&gt;&gt;</a>&nbsp;&nbsp;&nbsp;exti_interrupt_flag_get
</UL>
<BR>[Address Reference Count : 1]<UL><LI> startup_gd32e501.o(RESET)
</UL>
<P><STRONG><a name="[2]"></a>HardFault_Handler</STRONG> (Thumb, 4 bytes, Stack size 0 bytes, gd32e501_it.o(.text.HardFault_Handler))
<BR>[Address Reference Count : 1]<UL><LI> startup_gd32e501.o(RESET)
</UL>
<P><STRONG><a name="[26]"></a>I2C0_ER_IRQHandler</STRONG> (Thumb, 16 bytes, Stack size 0 bytes, gd32e501_it.o(.text.I2C0_ER_IRQHandler))
<BR><BR>[Calls]<UL><LI><a href="#[80]">&gt;&gt;</a>&nbsp;&nbsp;&nbsp;master_i2c_error_irq_handler
</UL>
<BR>[Address Reference Count : 1]<UL><LI> startup_gd32e501.o(RESET)
</UL>
<P><STRONG><a name="[20]"></a>I2C0_EV_IRQHandler</STRONG> (Thumb, 16 bytes, Stack size 0 bytes, gd32e501_it.o(.text.I2C0_EV_IRQHandler))
<BR><BR>[Calls]<UL><LI><a href="#[81]">&gt;&gt;</a>&nbsp;&nbsp;&nbsp;master_i2c_event_irq_handler
</UL>
<BR>[Address Reference Count : 1]<UL><LI> startup_gd32e501.o(RESET)
</UL>
<P><STRONG><a name="[27]"></a>I2C1_ER_IRQHandler</STRONG> (Thumb, 16 bytes, Stack size 0 bytes, gd32e501_it.o(.text.I2C1_ER_IRQHandler))
<BR><BR>[Calls]<UL><LI><a href="#[80]">&gt;&gt;</a>&nbsp;&nbsp;&nbsp;master_i2c_error_irq_handler
</UL>
<BR>[Address Reference Count : 1]<UL><LI> startup_gd32e501.o(RESET)
</UL>
<P><STRONG><a name="[21]"></a>I2C1_EV_IRQHandler</STRONG> (Thumb, 16 bytes, Stack size 0 bytes, gd32e501_it.o(.text.I2C1_EV_IRQHandler))
<BR><BR>[Calls]<UL><LI><a href="#[81]">&gt;&gt;</a>&nbsp;&nbsp;&nbsp;master_i2c_event_irq_handler
</UL>
<BR>[Address Reference Count : 1]<UL><LI> startup_gd32e501.o(RESET)
</UL>
<P><STRONG><a name="[29]"></a>I2C2_ER_IRQHandler</STRONG> (Thumb, 8 bytes, Stack size 0 bytes, gd32e501_it.o(.text.I2C2_ER_IRQHandler))
<BR><BR>[Calls]<UL><LI><a href="#[82]">&gt;&gt;</a>&nbsp;&nbsp;&nbsp;slave_error_irq_handler
</UL>
<BR>[Address Reference Count : 1]<UL><LI> startup_gd32e501.o(RESET)
</UL>
<P><STRONG><a name="[28]"></a>I2C2_EV_IRQHandler</STRONG> (Thumb, 16 bytes, Stack size 0 bytes, gd32e501_it.o(.text.I2C2_EV_IRQHandler))
<BR><BR>[Calls]<UL><LI><a href="#[83]">&gt;&gt;</a>&nbsp;&nbsp;&nbsp;slave_event_irq_handler
</UL>
<BR>[Address Reference Count : 1]<UL><LI> startup_gd32e501.o(RESET)
</UL>
<P><STRONG><a name="[84]"></a>MCU_DelayUs</STRONG> (Thumb, 16 bytes, Stack size 0 bytes, reg_op.o(.text.MCU_DelayUs))
<BR><BR>[Calls]<UL><LI><a href="#[85]">&gt;&gt;</a>&nbsp;&nbsp;&nbsp;fh_delay_us
</UL>
<BR>[Called By]<UL><LI><a href="#[9d]">&gt;&gt;</a>&nbsp;&nbsp;&nbsp;SRE_HpllSetup
<LI><a href="#[a1]">&gt;&gt;</a>&nbsp;&nbsp;&nbsp;SRE_HpllInit
<LI><a href="#[97]">&gt;&gt;</a>&nbsp;&nbsp;&nbsp;SREI_PllFreCodeSet
</UL>

<P><STRONG><a name="[1]"></a>NMI_Handler</STRONG> (Thumb, 2 bytes, Stack size 0 bytes, gd32e501_it.o(.text.NMI_Handler))
<BR>[Address Reference Count : 1]<UL><LI> startup_gd32e501.o(RESET)
</UL>
<P><STRONG><a name="[8]"></a>PendSV_Handler</STRONG> (Thumb, 2 bytes, Stack size 0 bytes, gd32e501_it.o(.text.PendSV_Handler))
<BR>[Address Reference Count : 1]<UL><LI> startup_gd32e501.o(RESET)
</UL>
<P><STRONG><a name="[8f]"></a>PllFreqCodeGet</STRONG> (Thumb, 12 bytes, Stack size 0 bytes, dsp_hpll_init.o(.text.PllFreqCodeGet))
<BR><BR>[Called By]<UL><LI><a href="#[8e]">&gt;&gt;</a>&nbsp;&nbsp;&nbsp;SREI_HostPllAcqSet
</UL>

<P><STRONG><a name="[86]"></a>SREI_AnaCdrIsLock</STRONG> (Thumb, 54 bytes, Stack size 0 bytes, dsp_hpll_init.o(.text.SREI_AnaCdrIsLock))
<BR><BR>[Calls]<UL><LI><a href="#[87]">&gt;&gt;</a>&nbsp;&nbsp;&nbsp;dsp_fsl_reg_read
</UL>
<BR>[Called By]<UL><LI><a href="#[a1]">&gt;&gt;</a>&nbsp;&nbsp;&nbsp;SRE_HpllInit
</UL>

<P><STRONG><a name="[88]"></a>SREI_AnaRxAcqEn</STRONG> (Thumb, 106 bytes, Stack size 0 bytes, dsp_hpll_init.o(.text.SREI_AnaRxAcqEn))
<BR><BR>[Calls]<UL><LI><a href="#[87]">&gt;&gt;</a>&nbsp;&nbsp;&nbsp;dsp_fsl_reg_read
<LI><a href="#[89]">&gt;&gt;</a>&nbsp;&nbsp;&nbsp;dsp_fsl_reg_write
</UL>
<BR>[Called By]<UL><LI><a href="#[8e]">&gt;&gt;</a>&nbsp;&nbsp;&nbsp;SREI_HostPllAcqSet
</UL>

<P><STRONG><a name="[8a]"></a>SREI_AnaRxCdrAcqEn</STRONG> (Thumb, 66 bytes, Stack size 0 bytes, dsp_hpll_init.o(.text.SREI_AnaRxCdrAcqEn))
<BR><BR>[Calls]<UL><LI><a href="#[87]">&gt;&gt;</a>&nbsp;&nbsp;&nbsp;dsp_fsl_reg_read
<LI><a href="#[89]">&gt;&gt;</a>&nbsp;&nbsp;&nbsp;dsp_fsl_reg_write
</UL>
<BR>[Called By]<UL><LI><a href="#[a1]">&gt;&gt;</a>&nbsp;&nbsp;&nbsp;SRE_HpllInit
</UL>

<P><STRONG><a name="[8b]"></a>SREI_AnaRxCdrEn</STRONG> (Thumb, 62 bytes, Stack size 0 bytes, dsp_hpll_init.o(.text.SREI_AnaRxCdrEn))
<BR><BR>[Calls]<UL><LI><a href="#[87]">&gt;&gt;</a>&nbsp;&nbsp;&nbsp;dsp_fsl_reg_read
<LI><a href="#[89]">&gt;&gt;</a>&nbsp;&nbsp;&nbsp;dsp_fsl_reg_write
</UL>
<BR>[Called By]<UL><LI><a href="#[8e]">&gt;&gt;</a>&nbsp;&nbsp;&nbsp;SREI_HostPllAcqSet
</UL>

<P><STRONG><a name="[8c]"></a>SREI_AnaRxDtlLowGainEn</STRONG> (Thumb, 54 bytes, Stack size 0 bytes, dsp_hpll_init.o(.text.SREI_AnaRxDtlLowGainEn))
<BR><BR>[Calls]<UL><LI><a href="#[87]">&gt;&gt;</a>&nbsp;&nbsp;&nbsp;dsp_fsl_reg_read
<LI><a href="#[89]">&gt;&gt;</a>&nbsp;&nbsp;&nbsp;dsp_fsl_reg_write
</UL>
<BR>[Called By]<UL><LI><a href="#[a1]">&gt;&gt;</a>&nbsp;&nbsp;&nbsp;SRE_HpllInit
</UL>

<P><STRONG><a name="[8d]"></a>SREI_AnaRxDtlManualEn</STRONG> (Thumb, 76 bytes, Stack size 0 bytes, dsp_hpll_init.o(.text.SREI_AnaRxDtlManualEn))
<BR><BR>[Calls]<UL><LI><a href="#[87]">&gt;&gt;</a>&nbsp;&nbsp;&nbsp;dsp_fsl_reg_read
<LI><a href="#[89]">&gt;&gt;</a>&nbsp;&nbsp;&nbsp;dsp_fsl_reg_write
</UL>
<BR>[Called By]<UL><LI><a href="#[a1]">&gt;&gt;</a>&nbsp;&nbsp;&nbsp;SRE_HpllInit
</UL>

<P><STRONG><a name="[8e]"></a>SREI_HostPllAcqSet</STRONG> (Thumb, 186 bytes, Stack size 0 bytes, dsp_hpll_init.o(.text.SREI_HostPllAcqSet))
<BR><BR>[Calls]<UL><LI><a href="#[87]">&gt;&gt;</a>&nbsp;&nbsp;&nbsp;dsp_fsl_reg_read
<LI><a href="#[89]">&gt;&gt;</a>&nbsp;&nbsp;&nbsp;dsp_fsl_reg_write
<LI><a href="#[8f]">&gt;&gt;</a>&nbsp;&nbsp;&nbsp;PllFreqCodeGet
<LI><a href="#[8b]">&gt;&gt;</a>&nbsp;&nbsp;&nbsp;SREI_AnaRxCdrEn
<LI><a href="#[88]">&gt;&gt;</a>&nbsp;&nbsp;&nbsp;SREI_AnaRxAcqEn
</UL>
<BR>[Called By]<UL><LI><a href="#[a1]">&gt;&gt;</a>&nbsp;&nbsp;&nbsp;SRE_HpllInit
</UL>

<P><STRONG><a name="[90]"></a>SREI_HostPllOpenLoop</STRONG> (Thumb, 88 bytes, Stack size 0 bytes, dsp_hpll_init.o(.text.SREI_HostPllOpenLoop))
<BR><BR>[Calls]<UL><LI><a href="#[87]">&gt;&gt;</a>&nbsp;&nbsp;&nbsp;dsp_fsl_reg_read
<LI><a href="#[89]">&gt;&gt;</a>&nbsp;&nbsp;&nbsp;dsp_fsl_reg_write
</UL>
<BR>[Called By]<UL><LI><a href="#[a1]">&gt;&gt;</a>&nbsp;&nbsp;&nbsp;SRE_HpllInit
</UL>

<P><STRONG><a name="[91]"></a>SREI_HostPllSllpLoopFromRx</STRONG> (Thumb, 74 bytes, Stack size 0 bytes, dsp_hpll_init.o(.text.SREI_HostPllSllpLoopFromRx))
<BR><BR>[Calls]<UL><LI><a href="#[87]">&gt;&gt;</a>&nbsp;&nbsp;&nbsp;dsp_fsl_reg_read
<LI><a href="#[89]">&gt;&gt;</a>&nbsp;&nbsp;&nbsp;dsp_fsl_reg_write
</UL>
<BR>[Called By]<UL><LI><a href="#[a1]">&gt;&gt;</a>&nbsp;&nbsp;&nbsp;SRE_HpllInit
</UL>

<P><STRONG><a name="[92]"></a>SREI_PllAcqCodeGet</STRONG> (Thumb, 30 bytes, Stack size 0 bytes, dsp_hpll_init.o(.text.SREI_PllAcqCodeGet))
<BR><BR>[Calls]<UL><LI><a href="#[87]">&gt;&gt;</a>&nbsp;&nbsp;&nbsp;dsp_fsl_reg_read
</UL>
<BR>[Called By]<UL><LI><a href="#[9d]">&gt;&gt;</a>&nbsp;&nbsp;&nbsp;SRE_HpllSetup
<LI><a href="#[a1]">&gt;&gt;</a>&nbsp;&nbsp;&nbsp;SRE_HpllInit
</UL>

<P><STRONG><a name="[93]"></a>SREI_PllClkSel</STRONG> (Thumb, 296 bytes, Stack size 0 bytes, dsp_hpll_init.o(.text.SREI_PllClkSel))
<BR><BR>[Calls]<UL><LI><a href="#[87]">&gt;&gt;</a>&nbsp;&nbsp;&nbsp;dsp_fsl_reg_read
<LI><a href="#[89]">&gt;&gt;</a>&nbsp;&nbsp;&nbsp;dsp_fsl_reg_write
</UL>
<BR>[Called By]<UL><LI><a href="#[a1]">&gt;&gt;</a>&nbsp;&nbsp;&nbsp;SRE_HpllInit
</UL>

<P><STRONG><a name="[94]"></a>SREI_PllFbdivEnReflessMode</STRONG> (Thumb, 58 bytes, Stack size 0 bytes, dsp_hpll_init.o(.text.SREI_PllFbdivEnReflessMode))
<BR><BR>[Calls]<UL><LI><a href="#[87]">&gt;&gt;</a>&nbsp;&nbsp;&nbsp;dsp_fsl_reg_read
<LI><a href="#[89]">&gt;&gt;</a>&nbsp;&nbsp;&nbsp;dsp_fsl_reg_write
</UL>
<BR>[Called By]<UL><LI><a href="#[a1]">&gt;&gt;</a>&nbsp;&nbsp;&nbsp;SRE_HpllInit
</UL>

<P><STRONG><a name="[95]"></a>SREI_PllFracDsmDivConfig</STRONG> (Thumb, 46 bytes, Stack size 0 bytes, dsp_hpll_init.o(.text.SREI_PllFracDsmDivConfig))
<BR><BR>[Calls]<UL><LI><a href="#[87]">&gt;&gt;</a>&nbsp;&nbsp;&nbsp;dsp_fsl_reg_read
<LI><a href="#[89]">&gt;&gt;</a>&nbsp;&nbsp;&nbsp;dsp_fsl_reg_write
</UL>
<BR>[Called By]<UL><LI><a href="#[a1]">&gt;&gt;</a>&nbsp;&nbsp;&nbsp;SRE_HpllInit
</UL>

<P><STRONG><a name="[96]"></a>SREI_PllFracModeCfg</STRONG> (Thumb, 62 bytes, Stack size 0 bytes, dsp_hpll_init.o(.text.SREI_PllFracModeCfg))
<BR><BR>[Calls]<UL><LI><a href="#[87]">&gt;&gt;</a>&nbsp;&nbsp;&nbsp;dsp_fsl_reg_read
<LI><a href="#[89]">&gt;&gt;</a>&nbsp;&nbsp;&nbsp;dsp_fsl_reg_write
</UL>
<BR>[Called By]<UL><LI><a href="#[a1]">&gt;&gt;</a>&nbsp;&nbsp;&nbsp;SRE_HpllInit
</UL>

<P><STRONG><a name="[97]"></a>SREI_PllFreCodeSet</STRONG> (Thumb, 208 bytes, Stack size 0 bytes, dsp_hpll_init.o(.text.SREI_PllFreCodeSet))
<BR><BR>[Calls]<UL><LI><a href="#[87]">&gt;&gt;</a>&nbsp;&nbsp;&nbsp;dsp_fsl_reg_read
<LI><a href="#[89]">&gt;&gt;</a>&nbsp;&nbsp;&nbsp;dsp_fsl_reg_write
<LI><a href="#[84]">&gt;&gt;</a>&nbsp;&nbsp;&nbsp;MCU_DelayUs
</UL>
<BR>[Called By]<UL><LI><a href="#[a1]">&gt;&gt;</a>&nbsp;&nbsp;&nbsp;SRE_HpllInit
</UL>

<P><STRONG><a name="[98]"></a>SREI_PllIsLock</STRONG> (Thumb, 52 bytes, Stack size 0 bytes, dsp_hpll_init.o(.text.SREI_PllIsLock))
<BR><BR>[Calls]<UL><LI><a href="#[87]">&gt;&gt;</a>&nbsp;&nbsp;&nbsp;dsp_fsl_reg_read
</UL>
<BR>[Called By]<UL><LI><a href="#[9d]">&gt;&gt;</a>&nbsp;&nbsp;&nbsp;SRE_HpllSetup
</UL>

<P><STRONG><a name="[99]"></a>SRE_CmdSend</STRONG> (Thumb, 400 bytes, Stack size 0 bytes, ip_op.o(.text.SRE_CmdSend))
<BR><BR>[Calls]<UL><LI><a href="#[87]">&gt;&gt;</a>&nbsp;&nbsp;&nbsp;dsp_fsl_reg_read
<LI><a href="#[89]">&gt;&gt;</a>&nbsp;&nbsp;&nbsp;dsp_fsl_reg_write
</UL>
<BR>[Called By]<UL><LI><a href="#[10d]">&gt;&gt;</a>&nbsp;&nbsp;&nbsp;data_path_config_init
<LI><a href="#[9c]">&gt;&gt;</a>&nbsp;&nbsp;&nbsp;SRE_DspSetUp
</UL>

<P><STRONG><a name="[9a]"></a>SRE_DownloadFirmware</STRONG> (Thumb, 172 bytes, Stack size 0 bytes, ip_op.o(.text.SRE_DownloadFirmware))
<BR><BR>[Calls]<UL><LI><a href="#[89]">&gt;&gt;</a>&nbsp;&nbsp;&nbsp;dsp_fsl_reg_write
<LI><a href="#[9b]">&gt;&gt;</a>&nbsp;&nbsp;&nbsp;SRE_WriteBuff2Sram
</UL>
<BR>[Called By]<UL><LI><a href="#[9c]">&gt;&gt;</a>&nbsp;&nbsp;&nbsp;SRE_DspSetUp
</UL>

<P><STRONG><a name="[9c]"></a>SRE_DspSetUp</STRONG> (Thumb, 1554 bytes, Stack size 0 bytes, ip_op.o(.text.SRE_DspSetUp))
<BR><BR>[Calls]<UL><LI><a href="#[9e]">&gt;&gt;</a>&nbsp;&nbsp;&nbsp;set_u32
<LI><a href="#[9f]">&gt;&gt;</a>&nbsp;&nbsp;&nbsp;system_delay_ms
<LI><a href="#[99]">&gt;&gt;</a>&nbsp;&nbsp;&nbsp;SRE_CmdSend
<LI><a href="#[9d]">&gt;&gt;</a>&nbsp;&nbsp;&nbsp;SRE_HpllSetup
<LI><a href="#[87]">&gt;&gt;</a>&nbsp;&nbsp;&nbsp;dsp_fsl_reg_read
<LI><a href="#[a0]">&gt;&gt;</a>&nbsp;&nbsp;&nbsp;__aeabi_memclr4
<LI><a href="#[63]">&gt;&gt;</a>&nbsp;&nbsp;&nbsp;__aeabi_memclr
<LI><a href="#[9a]">&gt;&gt;</a>&nbsp;&nbsp;&nbsp;SRE_DownloadFirmware
</UL>
<BR>[Called By]<UL><LI><a href="#[15a]">&gt;&gt;</a>&nbsp;&nbsp;&nbsp;dsp_fsl_ic_download
</UL>

<P><STRONG><a name="[a1]"></a>SRE_HpllInit</STRONG> (Thumb, 1328 bytes, Stack size 0 bytes, dsp_hpll_init.o(.text.SRE_HpllInit))
<BR><BR>[Calls]<UL><LI><a href="#[74]">&gt;&gt;</a>&nbsp;&nbsp;&nbsp;__aeabi_d2uiz
<LI><a href="#[66]">&gt;&gt;</a>&nbsp;&nbsp;&nbsp;__aeabi_dadd
<LI><a href="#[6d]">&gt;&gt;</a>&nbsp;&nbsp;&nbsp;__aeabi_dmul
<LI><a href="#[6e]">&gt;&gt;</a>&nbsp;&nbsp;&nbsp;__aeabi_ddiv
<LI><a href="#[87]">&gt;&gt;</a>&nbsp;&nbsp;&nbsp;dsp_fsl_reg_read
<LI><a href="#[89]">&gt;&gt;</a>&nbsp;&nbsp;&nbsp;dsp_fsl_reg_write
<LI><a href="#[a3]">&gt;&gt;</a>&nbsp;&nbsp;&nbsp;__hardfp_floor
<LI><a href="#[a2]">&gt;&gt;</a>&nbsp;&nbsp;&nbsp;__hardfp_ceil
<LI><a href="#[70]">&gt;&gt;</a>&nbsp;&nbsp;&nbsp;__aeabi_ui2d
<LI><a href="#[96]">&gt;&gt;</a>&nbsp;&nbsp;&nbsp;SREI_PllFracModeCfg
<LI><a href="#[95]">&gt;&gt;</a>&nbsp;&nbsp;&nbsp;SREI_PllFracDsmDivConfig
<LI><a href="#[92]">&gt;&gt;</a>&nbsp;&nbsp;&nbsp;SREI_PllAcqCodeGet
<LI><a href="#[86]">&gt;&gt;</a>&nbsp;&nbsp;&nbsp;SREI_AnaCdrIsLock
<LI><a href="#[8c]">&gt;&gt;</a>&nbsp;&nbsp;&nbsp;SREI_AnaRxDtlLowGainEn
<LI><a href="#[8a]">&gt;&gt;</a>&nbsp;&nbsp;&nbsp;SREI_AnaRxCdrAcqEn
<LI><a href="#[8d]">&gt;&gt;</a>&nbsp;&nbsp;&nbsp;SREI_AnaRxDtlManualEn
<LI><a href="#[94]">&gt;&gt;</a>&nbsp;&nbsp;&nbsp;SREI_PllFbdivEnReflessMode
<LI><a href="#[93]">&gt;&gt;</a>&nbsp;&nbsp;&nbsp;SREI_PllClkSel
<LI><a href="#[91]">&gt;&gt;</a>&nbsp;&nbsp;&nbsp;SREI_HostPllSllpLoopFromRx
<LI><a href="#[90]">&gt;&gt;</a>&nbsp;&nbsp;&nbsp;SREI_HostPllOpenLoop
<LI><a href="#[8e]">&gt;&gt;</a>&nbsp;&nbsp;&nbsp;SREI_HostPllAcqSet
<LI><a href="#[84]">&gt;&gt;</a>&nbsp;&nbsp;&nbsp;MCU_DelayUs
<LI><a href="#[97]">&gt;&gt;</a>&nbsp;&nbsp;&nbsp;SREI_PllFreCodeSet
</UL>
<BR>[Called By]<UL><LI><a href="#[9d]">&gt;&gt;</a>&nbsp;&nbsp;&nbsp;SRE_HpllSetup
</UL>

<P><STRONG><a name="[9d]"></a>SRE_HpllSetup</STRONG> (Thumb, 232 bytes, Stack size 0 bytes, dsp_hpll_init.o(.text.SRE_HpllSetup))
<BR><BR>[Calls]<UL><LI><a href="#[98]">&gt;&gt;</a>&nbsp;&nbsp;&nbsp;SREI_PllIsLock
<LI><a href="#[89]">&gt;&gt;</a>&nbsp;&nbsp;&nbsp;dsp_fsl_reg_write
<LI><a href="#[71]">&gt;&gt;</a>&nbsp;&nbsp;&nbsp;__aeabi_ul2d
<LI><a href="#[a1]">&gt;&gt;</a>&nbsp;&nbsp;&nbsp;SRE_HpllInit
<LI><a href="#[92]">&gt;&gt;</a>&nbsp;&nbsp;&nbsp;SREI_PllAcqCodeGet
<LI><a href="#[84]">&gt;&gt;</a>&nbsp;&nbsp;&nbsp;MCU_DelayUs
</UL>
<BR>[Called By]<UL><LI><a href="#[9c]">&gt;&gt;</a>&nbsp;&nbsp;&nbsp;SRE_DspSetUp
</UL>

<P><STRONG><a name="[9b]"></a>SRE_WriteBuff2Sram</STRONG> (Thumb, 128 bytes, Stack size 0 bytes, ip_op.o(.text.SRE_WriteBuff2Sram))
<BR><BR>[Calls]<UL><LI><a href="#[a4]">&gt;&gt;</a>&nbsp;&nbsp;&nbsp;dsp_fsl_continue_write
<LI><a href="#[89]">&gt;&gt;</a>&nbsp;&nbsp;&nbsp;dsp_fsl_reg_write
</UL>
<BR>[Called By]<UL><LI><a href="#[9a]">&gt;&gt;</a>&nbsp;&nbsp;&nbsp;SRE_DownloadFirmware
</UL>

<P><STRONG><a name="[6]"></a>SVC_Handler</STRONG> (Thumb, 2 bytes, Stack size 0 bytes, gd32e501_it.o(.text.SVC_Handler))
<BR>[Address Reference Count : 1]<UL><LI> startup_gd32e501.o(RESET)
</UL>
<P><STRONG><a name="[9]"></a>SysTick_Handler</STRONG> (Thumb, 40 bytes, Stack size 0 bytes, gd32e501_it.o(.text.SysTick_Handler))
<BR><BR>[Calls]<UL><LI><a href="#[a7]">&gt;&gt;</a>&nbsp;&nbsp;&nbsp;delay_decrement
</UL>
<BR>[Address Reference Count : 1]<UL><LI> startup_gd32e501.o(RESET)
</UL>
<P><STRONG><a name="[30]"></a>SystemInit</STRONG> (Thumb, 316 bytes, Stack size 0 bytes, system_gd32e501.o(.text.SystemInit))
<BR><BR>[Calls]<UL><LI><a href="#[a9]">&gt;&gt;</a>&nbsp;&nbsp;&nbsp;nvic_vector_table_set
<LI><a href="#[a8]">&gt;&gt;</a>&nbsp;&nbsp;&nbsp;system_clock_config
</UL>
<BR>[Address Reference Count : 1]<UL><LI> startup_gd32e501.o(.text)
</UL>
<P><STRONG><a name="[24]"></a>USART0_IRQHandler</STRONG> (Thumb, 202 bytes, Stack size 0 bytes, gd32e501_it.o(.text.USART0_IRQHandler))
<BR><BR>[Calls]<UL><LI><a href="#[ad]">&gt;&gt;</a>&nbsp;&nbsp;&nbsp;usart_data_transmit
<LI><a href="#[ac]">&gt;&gt;</a>&nbsp;&nbsp;&nbsp;usart_interrupt_disable
<LI><a href="#[ab]">&gt;&gt;</a>&nbsp;&nbsp;&nbsp;usart_data_receive
<LI><a href="#[aa]">&gt;&gt;</a>&nbsp;&nbsp;&nbsp;usart_interrupt_flag_get
</UL>
<BR>[Address Reference Count : 1]<UL><LI> startup_gd32e501.o(RESET)
</UL>
<P><STRONG><a name="[1d6]"></a>adc_calc_temp_value</STRONG> (Thumb, 206 bytes, Stack size 0 bytes, mcu_system_comm.o(.text.adc_calc_temp_value))
<BR><BR>[Called By]<UL><LI><a href="#[16f]">&gt;&gt;</a>&nbsp;&nbsp;&nbsp;search_bisection_temp_by_adc
</UL>

<P><STRONG><a name="[c0]"></a>adc_calibration_enable</STRONG> (Thumb, 78 bytes, Stack size 0 bytes, gd32e501_adc.o(.text.adc_calibration_enable))
<BR><BR>[Called By]<UL><LI><a href="#[b7]">&gt;&gt;</a>&nbsp;&nbsp;&nbsp;adc_sample_function_init
</UL>

<P><STRONG><a name="[bc]"></a>adc_channel_length_config</STRONG> (Thumb, 116 bytes, Stack size 0 bytes, gd32e501_adc.o(.text.adc_channel_length_config))
<BR><BR>[Called By]<UL><LI><a href="#[b7]">&gt;&gt;</a>&nbsp;&nbsp;&nbsp;adc_sample_function_init
</UL>

<P><STRONG><a name="[bb]"></a>adc_data_alignment_config</STRONG> (Thumb, 50 bytes, Stack size 0 bytes, gd32e501_adc.o(.text.adc_data_alignment_config))
<BR><BR>[Called By]<UL><LI><a href="#[b7]">&gt;&gt;</a>&nbsp;&nbsp;&nbsp;adc_sample_function_init
</UL>

<P><STRONG><a name="[ae]"></a>adc_dma_channel_sample_average</STRONG> (Thumb, 82 bytes, Stack size 0 bytes, adc_sample_interface.o(.text.adc_dma_channel_sample_average))
<BR><BR>[Calls]<UL><LI><a href="#[af]">&gt;&gt;</a>&nbsp;&nbsp;&nbsp;adc_sample_dma_regular_data_channel
</UL>
<BR>[Called By]<UL><LI><a href="#[171]">&gt;&gt;</a>&nbsp;&nbsp;&nbsp;sgm41296_tec_get_therm_adc
<LI><a href="#[1e0]">&gt;&gt;</a>&nbsp;&nbsp;&nbsp;sgm41296_tec_get_xtec_voltage
<LI><a href="#[16e]">&gt;&gt;</a>&nbsp;&nbsp;&nbsp;get_case_therm_temperature
</UL>

<P><STRONG><a name="[b0]"></a>adc_dma_config_init</STRONG> (Thumb, 136 bytes, Stack size 0 bytes, adc_sample_comm.o(.text.adc_dma_config_init))
<BR><BR>[Calls]<UL><LI><a href="#[b4]">&gt;&gt;</a>&nbsp;&nbsp;&nbsp;dma_channel_enable
<LI><a href="#[b3]">&gt;&gt;</a>&nbsp;&nbsp;&nbsp;dma_circulation_enable
<LI><a href="#[b2]">&gt;&gt;</a>&nbsp;&nbsp;&nbsp;dma_init
<LI><a href="#[b1]">&gt;&gt;</a>&nbsp;&nbsp;&nbsp;dma_deinit
</UL>
<BR>[Called By]<UL><LI><a href="#[c5]">&gt;&gt;</a>&nbsp;&nbsp;&nbsp;adc_sample_init
</UL>

<P><STRONG><a name="[c1]"></a>adc_dma_mode_enable</STRONG> (Thumb, 18 bytes, Stack size 0 bytes, gd32e501_adc.o(.text.adc_dma_mode_enable))
<BR><BR>[Called By]<UL><LI><a href="#[b7]">&gt;&gt;</a>&nbsp;&nbsp;&nbsp;adc_sample_function_init
</UL>

<P><STRONG><a name="[bf]"></a>adc_enable</STRONG> (Thumb, 36 bytes, Stack size 0 bytes, gd32e501_adc.o(.text.adc_enable))
<BR><BR>[Called By]<UL><LI><a href="#[b7]">&gt;&gt;</a>&nbsp;&nbsp;&nbsp;adc_sample_function_init
</UL>

<P><STRONG><a name="[ba]"></a>adc_external_trigger_config</STRONG> (Thumb, 142 bytes, Stack size 0 bytes, gd32e501_adc.o(.text.adc_external_trigger_config))
<BR><BR>[Called By]<UL><LI><a href="#[b7]">&gt;&gt;</a>&nbsp;&nbsp;&nbsp;adc_sample_function_init
</UL>

<P><STRONG><a name="[b9]"></a>adc_external_trigger_source_config</STRONG> (Thumb, 100 bytes, Stack size 0 bytes, gd32e501_adc.o(.text.adc_external_trigger_source_config))
<BR><BR>[Called By]<UL><LI><a href="#[b7]">&gt;&gt;</a>&nbsp;&nbsp;&nbsp;adc_sample_function_init
</UL>

<P><STRONG><a name="[16c]"></a>adc_flag_clear</STRONG> (Thumb, 24 bytes, Stack size 0 bytes, gd32e501_adc.o(.text.adc_flag_clear))
<BR><BR>[Called By]<UL><LI><a href="#[b6]">&gt;&gt;</a>&nbsp;&nbsp;&nbsp;get_adc_inserted_channel_sample
</UL>

<P><STRONG><a name="[16b]"></a>adc_flag_get</STRONG> (Thumb, 44 bytes, Stack size 0 bytes, gd32e501_adc.o(.text.adc_flag_get))
<BR><BR>[Called By]<UL><LI><a href="#[b6]">&gt;&gt;</a>&nbsp;&nbsp;&nbsp;get_adc_inserted_channel_sample
</UL>

<P><STRONG><a name="[be]"></a>adc_inserted_channel_config</STRONG> (Thumb, 250 bytes, Stack size 0 bytes, gd32e501_adc.o(.text.adc_inserted_channel_config))
<BR><BR>[Called By]<UL><LI><a href="#[b6]">&gt;&gt;</a>&nbsp;&nbsp;&nbsp;get_adc_inserted_channel_sample
<LI><a href="#[b7]">&gt;&gt;</a>&nbsp;&nbsp;&nbsp;adc_sample_function_init
</UL>

<P><STRONG><a name="[b5]"></a>adc_inserted_channel_sample_average</STRONG> (Thumb, 144 bytes, Stack size 0 bytes, adc_sample_interface.o(.text.adc_inserted_channel_sample_average))
<BR><BR>[Calls]<UL><LI><a href="#[b6]">&gt;&gt;</a>&nbsp;&nbsp;&nbsp;get_adc_inserted_channel_sample
</UL>
<BR>[Called By]<UL><LI><a href="#[7e]">&gt;&gt;</a>&nbsp;&nbsp;&nbsp;ddm_1g_rssi_start_sample_adc_action
<LI><a href="#[7d]">&gt;&gt;</a>&nbsp;&nbsp;&nbsp;ddm_10g_rssi_start_sample_adc_action
<LI><a href="#[7c]">&gt;&gt;</a>&nbsp;&nbsp;&nbsp;ddm_50g_rssi_start_sample_adc_action
</UL>

<P><STRONG><a name="[16d]"></a>adc_inserted_data_read</STRONG> (Thumb, 98 bytes, Stack size 0 bytes, gd32e501_adc.o(.text.adc_inserted_data_read))
<BR><BR>[Called By]<UL><LI><a href="#[b6]">&gt;&gt;</a>&nbsp;&nbsp;&nbsp;get_adc_inserted_channel_sample
</UL>

<P><STRONG><a name="[bd]"></a>adc_regular_channel_config</STRONG> (Thumb, 390 bytes, Stack size 0 bytes, gd32e501_adc.o(.text.adc_regular_channel_config))
<BR><BR>[Called By]<UL><LI><a href="#[b7]">&gt;&gt;</a>&nbsp;&nbsp;&nbsp;adc_sample_function_init
</UL>

<P><STRONG><a name="[af]"></a>adc_sample_dma_regular_data_channel</STRONG> (Thumb, 98 bytes, Stack size 0 bytes, adc_sample_comm.o(.text.adc_sample_dma_regular_data_channel))
<BR><BR>[Called By]<UL><LI><a href="#[ae]">&gt;&gt;</a>&nbsp;&nbsp;&nbsp;adc_dma_channel_sample_average
</UL>

<P><STRONG><a name="[b7]"></a>adc_sample_function_init</STRONG> (Thumb, 184 bytes, Stack size 0 bytes, adc_sample_comm.o(.text.adc_sample_function_init))
<BR><BR>[Calls]<UL><LI><a href="#[c1]">&gt;&gt;</a>&nbsp;&nbsp;&nbsp;adc_dma_mode_enable
<LI><a href="#[c0]">&gt;&gt;</a>&nbsp;&nbsp;&nbsp;adc_calibration_enable
<LI><a href="#[bf]">&gt;&gt;</a>&nbsp;&nbsp;&nbsp;adc_enable
<LI><a href="#[be]">&gt;&gt;</a>&nbsp;&nbsp;&nbsp;adc_inserted_channel_config
<LI><a href="#[bc]">&gt;&gt;</a>&nbsp;&nbsp;&nbsp;adc_channel_length_config
<LI><a href="#[bb]">&gt;&gt;</a>&nbsp;&nbsp;&nbsp;adc_data_alignment_config
<LI><a href="#[ba]">&gt;&gt;</a>&nbsp;&nbsp;&nbsp;adc_external_trigger_config
<LI><a href="#[b9]">&gt;&gt;</a>&nbsp;&nbsp;&nbsp;adc_external_trigger_source_config
<LI><a href="#[b8]">&gt;&gt;</a>&nbsp;&nbsp;&nbsp;adc_special_function_config
<LI><a href="#[c2]">&gt;&gt;</a>&nbsp;&nbsp;&nbsp;adc_software_trigger_enable
<LI><a href="#[bd]">&gt;&gt;</a>&nbsp;&nbsp;&nbsp;adc_regular_channel_config
<LI><a href="#[9f]">&gt;&gt;</a>&nbsp;&nbsp;&nbsp;system_delay_ms
</UL>
<BR>[Called By]<UL><LI><a href="#[c5]">&gt;&gt;</a>&nbsp;&nbsp;&nbsp;adc_sample_init
</UL>

<P><STRONG><a name="[c3]"></a>adc_sample_gpio_init</STRONG> (Thumb, 106 bytes, Stack size 0 bytes, adc_sample_driver.o(.text.adc_sample_gpio_init))
<BR><BR>[Calls]<UL><LI><a href="#[c4]">&gt;&gt;</a>&nbsp;&nbsp;&nbsp;gpio_mode_set
</UL>
<BR>[Called By]<UL><LI><a href="#[c5]">&gt;&gt;</a>&nbsp;&nbsp;&nbsp;adc_sample_init
</UL>

<P><STRONG><a name="[c5]"></a>adc_sample_init</STRONG> (Thumb, 16 bytes, Stack size 0 bytes, adc_sample_interface.o(.text.adc_sample_init))
<BR><BR>[Calls]<UL><LI><a href="#[c3]">&gt;&gt;</a>&nbsp;&nbsp;&nbsp;adc_sample_gpio_init
<LI><a href="#[b7]">&gt;&gt;</a>&nbsp;&nbsp;&nbsp;adc_sample_function_init
<LI><a href="#[b0]">&gt;&gt;</a>&nbsp;&nbsp;&nbsp;adc_dma_config_init
</UL>
<BR>[Called By]<UL><LI><a href="#[2f]">&gt;&gt;</a>&nbsp;&nbsp;&nbsp;main
</UL>

<P><STRONG><a name="[c2]"></a>adc_software_trigger_enable</STRONG> (Thumb, 68 bytes, Stack size 0 bytes, gd32e501_adc.o(.text.adc_software_trigger_enable))
<BR><BR>[Called By]<UL><LI><a href="#[b6]">&gt;&gt;</a>&nbsp;&nbsp;&nbsp;get_adc_inserted_channel_sample
<LI><a href="#[b7]">&gt;&gt;</a>&nbsp;&nbsp;&nbsp;adc_sample_function_init
</UL>

<P><STRONG><a name="[b8]"></a>adc_special_function_config</STRONG> (Thumb, 200 bytes, Stack size 0 bytes, gd32e501_adc.o(.text.adc_special_function_config))
<BR><BR>[Called By]<UL><LI><a href="#[b7]">&gt;&gt;</a>&nbsp;&nbsp;&nbsp;adc_sample_function_init
</UL>

<P><STRONG><a name="[c6]"></a>apc_auto_enable_reg_write</STRONG> (Thumb, 162 bytes, Stack size 0 bytes, ddm_i2c_interface.o(.text.apc_auto_enable_reg_write))
<BR><BR>[Calls]<UL><LI><a href="#[c9]">&gt;&gt;</a>&nbsp;&nbsp;&nbsp;ddm_1g_apc_auto_enable
<LI><a href="#[c8]">&gt;&gt;</a>&nbsp;&nbsp;&nbsp;ddm_10g_apc_auto_enable
<LI><a href="#[c7]">&gt;&gt;</a>&nbsp;&nbsp;&nbsp;ddm_50g_apc_auto_enable
</UL>
<BR>[Called By]<UL><LI><a href="#[51]">&gt;&gt;</a>&nbsp;&nbsp;&nbsp;cmd_command_map_reg_write
</UL>

<P><STRONG><a name="[ca]"></a>apc_target_voltage_reg_write</STRONG> (Thumb, 264 bytes, Stack size 0 bytes, ddm_i2c_interface.o(.text.apc_target_voltage_reg_write))
<BR><BR>[Calls]<UL><LI><a href="#[cb]">&gt;&gt;</a>&nbsp;&nbsp;&nbsp;get_u16
<LI><a href="#[75]">&gt;&gt;</a>&nbsp;&nbsp;&nbsp;__aeabi_d2f
<LI><a href="#[6d]">&gt;&gt;</a>&nbsp;&nbsp;&nbsp;__aeabi_dmul
<LI><a href="#[6f]">&gt;&gt;</a>&nbsp;&nbsp;&nbsp;__aeabi_i2d
<LI><a href="#[ce]">&gt;&gt;</a>&nbsp;&nbsp;&nbsp;ddm_1g_apc_target_voltage
<LI><a href="#[cd]">&gt;&gt;</a>&nbsp;&nbsp;&nbsp;ddm_10g_apc_target_voltage
<LI><a href="#[cc]">&gt;&gt;</a>&nbsp;&nbsp;&nbsp;ddm_50g_apc_target_voltage
</UL>
<BR>[Called By]<UL><LI><a href="#[51]">&gt;&gt;</a>&nbsp;&nbsp;&nbsp;cmd_command_map_reg_write
</UL>

<P><STRONG><a name="[3e]"></a>apd_i2c_vcc_reg_write</STRONG> (Thumb, 340 bytes, Stack size 0 bytes, ddm_i2c_interface.o(.text.apd_i2c_vcc_reg_write))
<BR><BR>[Calls]<UL><LI><a href="#[cb]">&gt;&gt;</a>&nbsp;&nbsp;&nbsp;get_u16
<LI><a href="#[75]">&gt;&gt;</a>&nbsp;&nbsp;&nbsp;__aeabi_d2f
<LI><a href="#[6d]">&gt;&gt;</a>&nbsp;&nbsp;&nbsp;__aeabi_dmul
<LI><a href="#[6f]">&gt;&gt;</a>&nbsp;&nbsp;&nbsp;__aeabi_i2d
<LI><a href="#[d1]">&gt;&gt;</a>&nbsp;&nbsp;&nbsp;ddm_1g_set_rx_vapd
<LI><a href="#[d0]">&gt;&gt;</a>&nbsp;&nbsp;&nbsp;ddm_10g_set_rx_vapd
<LI><a href="#[cf]">&gt;&gt;</a>&nbsp;&nbsp;&nbsp;ddm_50g_set_rx_vapd
</UL>
<BR>[Address Reference Count : 1]<UL><LI> main.o(.text.i2c_cmd_register_init)
</UL>
<P><STRONG><a name="[15f]"></a>calc_temp_value</STRONG> (Thumb, 168 bytes, Stack size 0 bytes, thermistor_rth.o(.text.calc_temp_value))
<BR><BR>[Called By]<UL><LI><a href="#[15e]">&gt;&gt;</a>&nbsp;&nbsp;&nbsp;find_adc_temp
</UL>

<P><STRONG><a name="[d2]"></a>calculate_om_rx_power</STRONG> (Thumb, 436 bytes, Stack size 0 bytes, sff_8472.o(.text.calculate_om_rx_power))
<BR><BR>[Calls]<UL><LI><a href="#[d8]">&gt;&gt;</a>&nbsp;&nbsp;&nbsp;__aeabi_dcmpge
<LI><a href="#[d6]">&gt;&gt;</a>&nbsp;&nbsp;&nbsp;__aeabi_f2d
<LI><a href="#[75]">&gt;&gt;</a>&nbsp;&nbsp;&nbsp;__aeabi_d2f
<LI><a href="#[66]">&gt;&gt;</a>&nbsp;&nbsp;&nbsp;__aeabi_dadd
<LI><a href="#[6d]">&gt;&gt;</a>&nbsp;&nbsp;&nbsp;__aeabi_dmul
<LI><a href="#[6e]">&gt;&gt;</a>&nbsp;&nbsp;&nbsp;__aeabi_ddiv
<LI><a href="#[6f]">&gt;&gt;</a>&nbsp;&nbsp;&nbsp;__aeabi_i2d
<LI><a href="#[d9]">&gt;&gt;</a>&nbsp;&nbsp;&nbsp;__hardfp_log10
<LI><a href="#[d7]">&gt;&gt;</a>&nbsp;&nbsp;&nbsp;__hardfp_exp
<LI><a href="#[d5]">&gt;&gt;</a>&nbsp;&nbsp;&nbsp;ddm_1g_get_rssi_value
<LI><a href="#[d4]">&gt;&gt;</a>&nbsp;&nbsp;&nbsp;ddm_10g_get_rssi_value
<LI><a href="#[d3]">&gt;&gt;</a>&nbsp;&nbsp;&nbsp;ddm_50g_get_rssi_value
</UL>
<BR>[Called By]<UL><LI><a href="#[20c]">&gt;&gt;</a>&nbsp;&nbsp;&nbsp;update_om_rx_power
</UL>

<P><STRONG><a name="[da]"></a>calculate_om_tx_power</STRONG> (Thumb, 512 bytes, Stack size 0 bytes, sff_8472.o(.text.calculate_om_tx_power))
<BR><BR>[Calls]<UL><LI><a href="#[d6]">&gt;&gt;</a>&nbsp;&nbsp;&nbsp;__aeabi_f2d
<LI><a href="#[75]">&gt;&gt;</a>&nbsp;&nbsp;&nbsp;__aeabi_d2f
<LI><a href="#[66]">&gt;&gt;</a>&nbsp;&nbsp;&nbsp;__aeabi_dadd
<LI><a href="#[6d]">&gt;&gt;</a>&nbsp;&nbsp;&nbsp;__aeabi_dmul
<LI><a href="#[6e]">&gt;&gt;</a>&nbsp;&nbsp;&nbsp;__aeabi_ddiv
<LI><a href="#[6f]">&gt;&gt;</a>&nbsp;&nbsp;&nbsp;__aeabi_i2d
<LI><a href="#[d9]">&gt;&gt;</a>&nbsp;&nbsp;&nbsp;__hardfp_log10
<LI><a href="#[dd]">&gt;&gt;</a>&nbsp;&nbsp;&nbsp;ddm_1g_get_mpd_ibias
<LI><a href="#[dc]">&gt;&gt;</a>&nbsp;&nbsp;&nbsp;ddm_10g_get_mpd_ibias
<LI><a href="#[db]">&gt;&gt;</a>&nbsp;&nbsp;&nbsp;ddm_50g_get_mpd_ibias
</UL>
<BR>[Called By]<UL><LI><a href="#[20b]">&gt;&gt;</a>&nbsp;&nbsp;&nbsp;update_om_tx_power
</UL>

<P><STRONG><a name="[de]"></a>calibration_rx_pwr_10g_reg_write</STRONG> (Thumb, 624 bytes, Stack size 0 bytes, sff_8472.o(.text.calibration_rx_pwr_10g_reg_write))
<BR><BR>[Calls]<UL><LI><a href="#[75]">&gt;&gt;</a>&nbsp;&nbsp;&nbsp;__aeabi_d2f
<LI><a href="#[6e]">&gt;&gt;</a>&nbsp;&nbsp;&nbsp;__aeabi_ddiv
<LI><a href="#[6f]">&gt;&gt;</a>&nbsp;&nbsp;&nbsp;__aeabi_i2d
</UL>
<BR>[Called By]<UL><LI><a href="#[51]">&gt;&gt;</a>&nbsp;&nbsp;&nbsp;cmd_command_map_reg_write
</UL>

<P><STRONG><a name="[df]"></a>calibration_rx_pwr_1g_reg_write</STRONG> (Thumb, 632 bytes, Stack size 0 bytes, sff_8472.o(.text.calibration_rx_pwr_1g_reg_write))
<BR><BR>[Calls]<UL><LI><a href="#[75]">&gt;&gt;</a>&nbsp;&nbsp;&nbsp;__aeabi_d2f
<LI><a href="#[6e]">&gt;&gt;</a>&nbsp;&nbsp;&nbsp;__aeabi_ddiv
<LI><a href="#[6f]">&gt;&gt;</a>&nbsp;&nbsp;&nbsp;__aeabi_i2d
</UL>
<BR>[Called By]<UL><LI><a href="#[51]">&gt;&gt;</a>&nbsp;&nbsp;&nbsp;cmd_command_map_reg_write
</UL>

<P><STRONG><a name="[e0]"></a>calibration_rx_pwr_50g_reg_write</STRONG> (Thumb, 624 bytes, Stack size 0 bytes, sff_8472.o(.text.calibration_rx_pwr_50g_reg_write))
<BR><BR>[Calls]<UL><LI><a href="#[75]">&gt;&gt;</a>&nbsp;&nbsp;&nbsp;__aeabi_d2f
<LI><a href="#[6e]">&gt;&gt;</a>&nbsp;&nbsp;&nbsp;__aeabi_ddiv
<LI><a href="#[6f]">&gt;&gt;</a>&nbsp;&nbsp;&nbsp;__aeabi_i2d
</UL>
<BR>[Called By]<UL><LI><a href="#[51]">&gt;&gt;</a>&nbsp;&nbsp;&nbsp;cmd_command_map_reg_write
</UL>

<P><STRONG><a name="[e1]"></a>calibration_tx_i_10g_reg_write</STRONG> (Thumb, 440 bytes, Stack size 0 bytes, sff_8472.o(.text.calibration_tx_i_10g_reg_write))
<BR><BR>[Calls]<UL><LI><a href="#[75]">&gt;&gt;</a>&nbsp;&nbsp;&nbsp;__aeabi_d2f
<LI><a href="#[6e]">&gt;&gt;</a>&nbsp;&nbsp;&nbsp;__aeabi_ddiv
<LI><a href="#[6f]">&gt;&gt;</a>&nbsp;&nbsp;&nbsp;__aeabi_i2d
</UL>
<BR>[Called By]<UL><LI><a href="#[51]">&gt;&gt;</a>&nbsp;&nbsp;&nbsp;cmd_command_map_reg_write
</UL>

<P><STRONG><a name="[e2]"></a>calibration_tx_i_1g_reg_write</STRONG> (Thumb, 448 bytes, Stack size 0 bytes, sff_8472.o(.text.calibration_tx_i_1g_reg_write))
<BR><BR>[Calls]<UL><LI><a href="#[75]">&gt;&gt;</a>&nbsp;&nbsp;&nbsp;__aeabi_d2f
[...]
</UL>

<P><STRONG><a name="[212]"></a>ux3326_gpio_init</STRONG> (Thumb, 108 bytes, Stack size 0 bytes, ux3326.o(.text.ux3326_gpio_init))
<BR><BR>[Calls]<UL><LI><a href="#[ec]">&gt;&gt;</a>&nbsp;&nbsp;&nbsp;gpio_output_options_set
<LI><a href="#[c4]">&gt;&gt;</a>&nbsp;&nbsp;&nbsp;gpio_mode_set
</UL>
<BR>[Called By]<UL><LI><a href="#[132]">&gt;&gt;</a>&nbsp;&nbsp;&nbsp;ux3326_init
</UL>

<P><STRONG><a name="[132]"></a>ux3326_init</STRONG> (Thumb, 16 bytes, Stack size 0 bytes, ux3326.o(.text.ux3326_init))
<BR><BR>[Calls]<UL><LI><a href="#[214]">&gt;&gt;</a>&nbsp;&nbsp;&nbsp;ux3326_normal_setting
<LI><a href="#[213]">&gt;&gt;</a>&nbsp;&nbsp;&nbsp;ux3326_reset
<LI><a href="#[212]">&gt;&gt;</a>&nbsp;&nbsp;&nbsp;ux3326_gpio_init
</UL>
<BR>[Called By]<UL><LI><a href="#[131]">&gt;&gt;</a>&nbsp;&nbsp;&nbsp;ddm_1g_dev_init
</UL>

<P><STRONG><a name="[214]"></a>ux3326_normal_setting</STRONG> (Thumb, 76 bytes, Stack size 0 bytes, ux3326.o(.text.ux3326_normal_setting))
<BR><BR>[Calls]<UL><LI><a href="#[173]">&gt;&gt;</a>&nbsp;&nbsp;&nbsp;master_reg_byte_write
</UL>
<BR>[Called By]<UL><LI><a href="#[132]">&gt;&gt;</a>&nbsp;&nbsp;&nbsp;ux3326_init
</UL>

<P><STRONG><a name="[213]"></a>ux3326_reset</STRONG> (Thumb, 36 bytes, Stack size 0 bytes, ux3326.o(.text.ux3326_reset))
<BR><BR>[Calls]<UL><LI><a href="#[156]">&gt;&gt;</a>&nbsp;&nbsp;&nbsp;gpio_bit_reset
<LI><a href="#[158]">&gt;&gt;</a>&nbsp;&nbsp;&nbsp;gpio_bit_set
<LI><a href="#[9f]">&gt;&gt;</a>&nbsp;&nbsp;&nbsp;system_delay_ms
</UL>
<BR>[Called By]<UL><LI><a href="#[132]">&gt;&gt;</a>&nbsp;&nbsp;&nbsp;ux3326_init
</UL>

<P><STRONG><a name="[13a]"></a>ux3326_set_ld_ibias</STRONG> (Thumb, 88 bytes, Stack size 0 bytes, ux3326.o(.text.ux3326_set_ld_ibias))
<BR><BR>[Calls]<UL><LI><a href="#[173]">&gt;&gt;</a>&nbsp;&nbsp;&nbsp;master_reg_byte_write
</UL>
<BR>[Called By]<UL><LI><a href="#[139]">&gt;&gt;</a>&nbsp;&nbsp;&nbsp;ddm_1g_set_ld_ibias
</UL>

<P><STRONG><a name="[13c]"></a>ux3326_set_ld_imod</STRONG> (Thumb, 128 bytes, Stack size 0 bytes, ux3326.o(.text.ux3326_set_ld_imod))
<BR><BR>[Calls]<UL><LI><a href="#[173]">&gt;&gt;</a>&nbsp;&nbsp;&nbsp;master_reg_byte_write
<LI><a href="#[72]">&gt;&gt;</a>&nbsp;&nbsp;&nbsp;__aeabi_d2iz
<LI><a href="#[6e]">&gt;&gt;</a>&nbsp;&nbsp;&nbsp;__aeabi_ddiv
<LI><a href="#[6f]">&gt;&gt;</a>&nbsp;&nbsp;&nbsp;__aeabi_i2d
</UL>
<BR>[Called By]<UL><LI><a href="#[13b]">&gt;&gt;</a>&nbsp;&nbsp;&nbsp;ddm_1g_set_ld_imod
</UL>

<P><STRONG><a name="[13e]"></a>ux3326_set_rx_los_hyst</STRONG> (Thumb, 78 bytes, Stack size 0 bytes, ux3326.o(.text.ux3326_set_rx_los_hyst))
<BR><BR>[Calls]<UL><LI><a href="#[174]">&gt;&gt;</a>&nbsp;&nbsp;&nbsp;master_reg_1byte_size_read
<LI><a href="#[173]">&gt;&gt;</a>&nbsp;&nbsp;&nbsp;master_reg_byte_write
</UL>
<BR>[Called By]<UL><LI><a href="#[13d]">&gt;&gt;</a>&nbsp;&nbsp;&nbsp;ddm_1g_set_rx_los_hyst
</UL>

<P><STRONG><a name="[140]"></a>ux3326_set_rx_los_threshold</STRONG> (Thumb, 38 bytes, Stack size 0 bytes, ux3326.o(.text.ux3326_set_rx_los_threshold))
<BR><BR>[Calls]<UL><LI><a href="#[173]">&gt;&gt;</a>&nbsp;&nbsp;&nbsp;master_reg_byte_write
</UL>
<BR>[Called By]<UL><LI><a href="#[13f]">&gt;&gt;</a>&nbsp;&nbsp;&nbsp;ddm_1g_set_rx_los_threshold
</UL>

<P><STRONG><a name="[142]"></a>ux3326_set_rx_swing</STRONG> (Thumb, 36 bytes, Stack size 0 bytes, ux3326.o(.text.ux3326_set_rx_swing))
<BR><BR>[Calls]<UL><LI><a href="#[173]">&gt;&gt;</a>&nbsp;&nbsp;&nbsp;master_reg_byte_write
</UL>
<BR>[Called By]<UL><LI><a href="#[141]">&gt;&gt;</a>&nbsp;&nbsp;&nbsp;ddm_1g_set_rx_swing
</UL>

<P><STRONG><a name="[143]"></a>ux3326_set_tx_ld_cpa</STRONG> (Thumb, 38 bytes, Stack size 0 bytes, ux3326.o(.text.ux3326_set_tx_ld_cpa))
<BR><BR>[Calls]<UL><LI><a href="#[173]">&gt;&gt;</a>&nbsp;&nbsp;&nbsp;master_reg_byte_write
</UL>
<BR>[Called By]<UL><LI><a href="#[100]">&gt;&gt;</a>&nbsp;&nbsp;&nbsp;ddm_1g_set_tx_ld_cpa
</UL>

<P><STRONG><a name="[145]"></a>ux3326_soft_txdsbl_ctrl</STRONG> (Thumb, 72 bytes, Stack size 0 bytes, ux3326.o(.text.ux3326_soft_txdsbl_ctrl))
<BR><BR>[Calls]<UL><LI><a href="#[173]">&gt;&gt;</a>&nbsp;&nbsp;&nbsp;master_reg_byte_write
</UL>
<BR>[Called By]<UL><LI><a href="#[144]">&gt;&gt;</a>&nbsp;&nbsp;&nbsp;ddm_1g_soft_txdsbl_ctrl
</UL>

<P><STRONG><a name="[40]"></a>vea_i2c_vcc_reg_write</STRONG> (Thumb, 240 bytes, Stack size 0 bytes, ddm_i2c_interface.o(.text.vea_i2c_vcc_reg_write))
<BR><BR>[Calls]<UL><LI><a href="#[cb]">&gt;&gt;</a>&nbsp;&nbsp;&nbsp;get_u16
<LI><a href="#[75]">&gt;&gt;</a>&nbsp;&nbsp;&nbsp;__aeabi_d2f
<LI><a href="#[6d]">&gt;&gt;</a>&nbsp;&nbsp;&nbsp;__aeabi_dmul
<LI><a href="#[6f]">&gt;&gt;</a>&nbsp;&nbsp;&nbsp;__aeabi_i2d
<LI><a href="#[119]">&gt;&gt;</a>&nbsp;&nbsp;&nbsp;ddm_10g_set_ea
<LI><a href="#[14a]">&gt;&gt;</a>&nbsp;&nbsp;&nbsp;ddm_50g_set_ea
</UL>
<BR>[Address Reference Count : 1]<UL><LI> main.o(.text.i2c_cmd_register_init)
</UL>
<P><STRONG><a name="[205]"></a>write_update_flag</STRONG> (Thumb, 76 bytes, Stack size 0 bytes, update_comm.o(.text.write_update_flag))
<BR><BR>[Calls]<UL><LI><a href="#[f8]">&gt;&gt;</a>&nbsp;&nbsp;&nbsp;fmc_erase_single_page
<LI><a href="#[f9]">&gt;&gt;</a>&nbsp;&nbsp;&nbsp;flash_write
</UL>
<BR>[Called By]<UL><LI><a href="#[38]">&gt;&gt;</a>&nbsp;&nbsp;&nbsp;update_app_write_reg_byte
</UL>

<P><STRONG><a name="[215]"></a>__0printf</STRONG> (Thumb, 22 bytes, Stack size 0 bytes, printfa.o(i.__0printf), UNUSED)
<BR><BR>[Calls]<UL><LI><a href="#[216]">&gt;&gt;</a>&nbsp;&nbsp;&nbsp;_printf_core
</UL>

<P><STRONG><a name="[159]"></a>printf</STRONG> (Thumb, 0 bytes, Stack size 0 bytes, printfa.o(i.__0printf))
<BR><BR>[Called By]<UL><LI><a href="#[192]">&gt;&gt;</a>&nbsp;&nbsp;&nbsp;update_mem_malloc
<LI><a href="#[5f]">&gt;&gt;</a>&nbsp;&nbsp;&nbsp;test_gpio_info_read_reg
<LI><a href="#[5e]">&gt;&gt;</a>&nbsp;&nbsp;&nbsp;test_gpio_info_write_reg
<LI><a href="#[5c]">&gt;&gt;</a>&nbsp;&nbsp;&nbsp;test_dac_value_write_reg
<LI><a href="#[39]">&gt;&gt;</a>&nbsp;&nbsp;&nbsp;update_firmware_write_reg_byte
<LI><a href="#[38]">&gt;&gt;</a>&nbsp;&nbsp;&nbsp;update_app_write_reg_byte
<LI><a href="#[2f]">&gt;&gt;</a>&nbsp;&nbsp;&nbsp;main
<LI><a href="#[5b]">&gt;&gt;</a>&nbsp;&nbsp;&nbsp;dsp_fsl_i2c_start_download_reg_write
<LI><a href="#[1cc]">&gt;&gt;</a>&nbsp;&nbsp;&nbsp;om_default_config_flash_read_10g
<LI><a href="#[1cb]">&gt;&gt;</a>&nbsp;&nbsp;&nbsp;om_default_config_flash_read_50g
</UL>

<P><STRONG><a name="[21e]"></a>__ARM_fpclassify</STRONG> (Thumb, 48 bytes, Stack size 0 bytes, fpclassify.o(i.__ARM_fpclassify))
<BR><BR>[Called By]<UL><LI><a href="#[20d]">&gt;&gt;</a>&nbsp;&nbsp;&nbsp;__hardfp_pow
<LI><a href="#[d7]">&gt;&gt;</a>&nbsp;&nbsp;&nbsp;__hardfp_exp
</UL>

<P><STRONG><a name="[a2]"></a>__hardfp_ceil</STRONG> (Thumb, 252 bytes, Stack size 0 bytes, ceil.o(i.__hardfp_ceil))
<BR><BR>[Calls]<UL><LI><a href="#[66]">&gt;&gt;</a>&nbsp;&nbsp;&nbsp;__aeabi_dadd
<LI><a href="#[6c]">&gt;&gt;</a>&nbsp;&nbsp;&nbsp;__aeabi_drsub
<LI><a href="#[217]">&gt;&gt;</a>&nbsp;&nbsp;&nbsp;__aeabi_cdrcmple
</UL>
<BR>[Called By]<UL><LI><a href="#[a1]">&gt;&gt;</a>&nbsp;&nbsp;&nbsp;SRE_HpllInit
</UL>

<P><STRONG><a name="[d7]"></a>__hardfp_exp</STRONG> (Thumb, 714 bytes, Stack size 0 bytes, exp.o(i.__hardfp_exp))
<BR><BR>[Calls]<UL><LI><a href="#[66]">&gt;&gt;</a>&nbsp;&nbsp;&nbsp;__aeabi_dadd
<LI><a href="#[6d]">&gt;&gt;</a>&nbsp;&nbsp;&nbsp;__aeabi_dmul
<LI><a href="#[72]">&gt;&gt;</a>&nbsp;&nbsp;&nbsp;__aeabi_d2iz
<LI><a href="#[6e]">&gt;&gt;</a>&nbsp;&nbsp;&nbsp;__aeabi_ddiv
<LI><a href="#[6f]">&gt;&gt;</a>&nbsp;&nbsp;&nbsp;__aeabi_i2d
<LI><a href="#[219]">&gt;&gt;</a>&nbsp;&nbsp;&nbsp;__set_errno
<LI><a href="#[21d]">&gt;&gt;</a>&nbsp;&nbsp;&nbsp;__kernel_poly
<LI><a href="#[21e]">&gt;&gt;</a>&nbsp;&nbsp;&nbsp;__ARM_fpclassify
<LI><a href="#[21c]">&gt;&gt;</a>&nbsp;&nbsp;&nbsp;__mathlib_dbl_underflow
<LI><a href="#[21a]">&gt;&gt;</a>&nbsp;&nbsp;&nbsp;__mathlib_dbl_overflow
<LI><a href="#[218]">&gt;&gt;</a>&nbsp;&nbsp;&nbsp;__mathlib_dbl_infnan
<LI><a href="#[6b]">&gt;&gt;</a>&nbsp;&nbsp;&nbsp;__aeabi_dsub
<LI><a href="#[21b]">&gt;&gt;</a>&nbsp;&nbsp;&nbsp;__aeabi_cdcmple
<LI><a href="#[6c]">&gt;&gt;</a>&nbsp;&nbsp;&nbsp;__aeabi_drsub
<LI><a href="#[217]">&gt;&gt;</a>&nbsp;&nbsp;&nbsp;__aeabi_cdrcmple
</UL>
<BR>[Called By]<UL><LI><a href="#[d2]">&gt;&gt;</a>&nbsp;&nbsp;&nbsp;calculate_om_rx_power
</UL>

<P><STRONG><a name="[a3]"></a>__hardfp_floor</STRONG> (Thumb, 252 bytes, Stack size 0 bytes, floor.o(i.__hardfp_floor))
<BR><BR>[Calls]<UL><LI><a href="#[66]">&gt;&gt;</a>&nbsp;&nbsp;&nbsp;__aeabi_dadd
<LI><a href="#[6c]">&gt;&gt;</a>&nbsp;&nbsp;&nbsp;__aeabi_drsub
<LI><a href="#[217]">&gt;&gt;</a>&nbsp;&nbsp;&nbsp;__aeabi_cdrcmple
</UL>
<BR>[Called By]<UL><LI><a href="#[a1]">&gt;&gt;</a>&nbsp;&nbsp;&nbsp;SRE_HpllInit
</UL>

<P><STRONG><a name="[21f]"></a>__hardfp_log</STRONG> (Thumb, 872 bytes, Stack size 0 bytes, log.o(i.__hardfp_log))
<BR><BR>[Calls]<UL><LI><a href="#[66]">&gt;&gt;</a>&nbsp;&nbsp;&nbsp;__aeabi_dadd
<LI><a href="#[6d]">&gt;&gt;</a>&nbsp;&nbsp;&nbsp;__aeabi_dmul
<LI><a href="#[6e]">&gt;&gt;</a>&nbsp;&nbsp;&nbsp;__aeabi_ddiv
<LI><a href="#[6f]">&gt;&gt;</a>&nbsp;&nbsp;&nbsp;__aeabi_i2d
<LI><a href="#[219]">&gt;&gt;</a>&nbsp;&nbsp;&nbsp;__set_errno
<LI><a href="#[21d]">&gt;&gt;</a>&nbsp;&nbsp;&nbsp;__kernel_poly
<LI><a href="#[222]">&gt;&gt;</a>&nbsp;&nbsp;&nbsp;__aeabi_cdcmpeq
<LI><a href="#[220]">&gt;&gt;</a>&nbsp;&nbsp;&nbsp;__mathlib_dbl_invalid
<LI><a href="#[218]">&gt;&gt;</a>&nbsp;&nbsp;&nbsp;__mathlib_dbl_infnan
<LI><a href="#[221]">&gt;&gt;</a>&nbsp;&nbsp;&nbsp;__mathlib_dbl_divzero
<LI><a href="#[6b]">&gt;&gt;</a>&nbsp;&nbsp;&nbsp;__aeabi_dsub
<LI><a href="#[6c]">&gt;&gt;</a>&nbsp;&nbsp;&nbsp;__aeabi_drsub
</UL>
<BR>[Called By]<UL><LI><a href="#[223]">&gt;&gt;</a>&nbsp;&nbsp;&nbsp;log
</UL>

<P><STRONG><a name="[d9]"></a>__hardfp_log10</STRONG> (Thumb, 260 bytes, Stack size 0 bytes, log10.o(i.__hardfp_log10))
<BR><BR>[Calls]<UL><LI><a href="#[66]">&gt;&gt;</a>&nbsp;&nbsp;&nbsp;__aeabi_dadd
<LI><a href="#[6d]">&gt;&gt;</a>&nbsp;&nbsp;&nbsp;__aeabi_dmul
<LI><a href="#[6f]">&gt;&gt;</a>&nbsp;&nbsp;&nbsp;__aeabi_i2d
<LI><a href="#[219]">&gt;&gt;</a>&nbsp;&nbsp;&nbsp;__set_errno
<LI><a href="#[223]">&gt;&gt;</a>&nbsp;&nbsp;&nbsp;log
<LI><a href="#[220]">&gt;&gt;</a>&nbsp;&nbsp;&nbsp;__mathlib_dbl_invalid
<LI><a href="#[218]">&gt;&gt;</a>&nbsp;&nbsp;&nbsp;__mathlib_dbl_infnan
<LI><a href="#[221]">&gt;&gt;</a>&nbsp;&nbsp;&nbsp;__mathlib_dbl_divzero
</UL>
<BR>[Called By]<UL><LI><a href="#[d2]">&gt;&gt;</a>&nbsp;&nbsp;&nbsp;calculate_om_rx_power
<LI><a href="#[da]">&gt;&gt;</a>&nbsp;&nbsp;&nbsp;calculate_om_tx_power
</UL>

<P><STRONG><a name="[20d]"></a>__hardfp_pow</STRONG> (Thumb, 3088 bytes, Stack size 0 bytes, pow.o(i.__hardfp_pow))
<BR><BR>[Calls]<UL><LI><a href="#[66]">&gt;&gt;</a>&nbsp;&nbsp;&nbsp;__aeabi_dadd
<LI><a href="#[6d]">&gt;&gt;</a>&nbsp;&nbsp;&nbsp;__aeabi_dmul
<LI><a href="#[6e]">&gt;&gt;</a>&nbsp;&nbsp;&nbsp;__aeabi_ddiv
<LI><a href="#[6f]">&gt;&gt;</a>&nbsp;&nbsp;&nbsp;__aeabi_i2d
<LI><a href="#[219]">&gt;&gt;</a>&nbsp;&nbsp;&nbsp;__set_errno
<LI><a href="#[225]">&gt;&gt;</a>&nbsp;&nbsp;&nbsp;sqrt
<LI><a href="#[21d]">&gt;&gt;</a>&nbsp;&nbsp;&nbsp;__kernel_poly
<LI><a href="#[21e]">&gt;&gt;</a>&nbsp;&nbsp;&nbsp;__ARM_fpclassify
<LI><a href="#[226]">&gt;&gt;</a>&nbsp;&nbsp;&nbsp;fabs
<LI><a href="#[21c]">&gt;&gt;</a>&nbsp;&nbsp;&nbsp;__mathlib_dbl_underflow
<LI><a href="#[21a]">&gt;&gt;</a>&nbsp;&nbsp;&nbsp;__mathlib_dbl_overflow
<LI><a href="#[220]">&gt;&gt;</a>&nbsp;&nbsp;&nbsp;__mathlib_dbl_invalid
<LI><a href="#[224]">&gt;&gt;</a>&nbsp;&nbsp;&nbsp;__mathlib_dbl_infnan2
<LI><a href="#[221]">&gt;&gt;</a>&nbsp;&nbsp;&nbsp;__mathlib_dbl_divzero
<LI><a href="#[227]">&gt;&gt;</a>&nbsp;&nbsp;&nbsp;__ARM_scalbn
<LI><a href="#[6b]">&gt;&gt;</a>&nbsp;&nbsp;&nbsp;__aeabi_dsub
<LI><a href="#[6c]">&gt;&gt;</a>&nbsp;&nbsp;&nbsp;__aeabi_drsub
<LI><a href="#[217]">&gt;&gt;</a>&nbsp;&nbsp;&nbsp;__aeabi_cdrcmple
</UL>
<BR>[Called By]<UL><LI><a href="#[20c]">&gt;&gt;</a>&nbsp;&nbsp;&nbsp;update_om_rx_power
<LI><a href="#[20b]">&gt;&gt;</a>&nbsp;&nbsp;&nbsp;update_om_tx_power
</UL>

<P><STRONG><a name="[21d]"></a>__kernel_poly</STRONG> (Thumb, 248 bytes, Stack size 0 bytes, poly.o(i.__kernel_poly))
<BR><BR>[Calls]<UL><LI><a href="#[66]">&gt;&gt;</a>&nbsp;&nbsp;&nbsp;__aeabi_dadd
<LI><a href="#[6d]">&gt;&gt;</a>&nbsp;&nbsp;&nbsp;__aeabi_dmul
</UL>
<BR>[Called By]<UL><LI><a href="#[21f]">&gt;&gt;</a>&nbsp;&nbsp;&nbsp;__hardfp_log
<LI><a href="#[20d]">&gt;&gt;</a>&nbsp;&nbsp;&nbsp;__hardfp_pow
<LI><a href="#[d7]">&gt;&gt;</a>&nbsp;&nbsp;&nbsp;__hardfp_exp
</UL>

<P><STRONG><a name="[221]"></a>__mathlib_dbl_divzero</STRONG> (Thumb, 28 bytes, Stack size 0 bytes, dunder.o(i.__mathlib_dbl_divzero))
<BR><BR>[Calls]<UL><LI><a href="#[6e]">&gt;&gt;</a>&nbsp;&nbsp;&nbsp;__aeabi_ddiv
</UL>
<BR>[Called By]<UL><LI><a href="#[21f]">&gt;&gt;</a>&nbsp;&nbsp;&nbsp;__hardfp_log
<LI><a href="#[20d]">&gt;&gt;</a>&nbsp;&nbsp;&nbsp;__hardfp_pow
<LI><a href="#[d9]">&gt;&gt;</a>&nbsp;&nbsp;&nbsp;__hardfp_log10
</UL>

<P><STRONG><a name="[218]"></a>__mathlib_dbl_infnan</STRONG> (Thumb, 20 bytes, Stack size 0 bytes, dunder.o(i.__mathlib_dbl_infnan))
<BR><BR>[Calls]<UL><LI><a href="#[66]">&gt;&gt;</a>&nbsp;&nbsp;&nbsp;__aeabi_dadd
</UL>
<BR>[Called By]<UL><LI><a href="#[21f]">&gt;&gt;</a>&nbsp;&nbsp;&nbsp;__hardfp_log
<LI><a href="#[d9]">&gt;&gt;</a>&nbsp;&nbsp;&nbsp;__hardfp_log10
<LI><a href="#[d7]">&gt;&gt;</a>&nbsp;&nbsp;&nbsp;__hardfp_exp
</UL>

<P><STRONG><a name="[224]"></a>__mathlib_dbl_infnan2</STRONG> (Thumb, 20 bytes, Stack size 0 bytes, dunder.o(i.__mathlib_dbl_infnan2))
<BR><BR>[Calls]<UL><LI><a href="#[66]">&gt;&gt;</a>&nbsp;&nbsp;&nbsp;__aeabi_dadd
</UL>
<BR>[Called By]<UL><LI><a href="#[20d]">&gt;&gt;</a>&nbsp;&nbsp;&nbsp;__hardfp_pow
</UL>

<P><STRONG><a name="[220]"></a>__mathlib_dbl_invalid</STRONG> (Thumb, 24 bytes, Stack size 0 bytes, dunder.o(i.__mathlib_dbl_invalid))
<BR><BR>[Calls]<UL><LI><a href="#[6e]">&gt;&gt;</a>&nbsp;&nbsp;&nbsp;__aeabi_ddiv
</UL>
<BR>[Called By]<UL><LI><a href="#[21f]">&gt;&gt;</a>&nbsp;&nbsp;&nbsp;__hardfp_log
<LI><a href="#[20d]">&gt;&gt;</a>&nbsp;&nbsp;&nbsp;__hardfp_pow
<LI><a href="#[d9]">&gt;&gt;</a>&nbsp;&nbsp;&nbsp;__hardfp_log10
</UL>

<P><STRONG><a name="[21a]"></a>__mathlib_dbl_overflow</STRONG> (Thumb, 24 bytes, Stack size 0 bytes, dunder.o(i.__mathlib_dbl_overflow))
<BR><BR>[Calls]<UL><LI><a href="#[6d]">&gt;&gt;</a>&nbsp;&nbsp;&nbsp;__aeabi_dmul
</UL>
<BR>[Called By]<UL><LI><a href="#[20d]">&gt;&gt;</a>&nbsp;&nbsp;&nbsp;__hardfp_pow
<LI><a href="#[d7]">&gt;&gt;</a>&nbsp;&nbsp;&nbsp;__hardfp_exp
</UL>

<P><STRONG><a name="[21c]"></a>__mathlib_dbl_underflow</STRONG> (Thumb, 24 bytes, Stack size 0 bytes, dunder.o(i.__mathlib_dbl_underflow))
<BR><BR>[Calls]<UL><LI><a href="#[6d]">&gt;&gt;</a>&nbsp;&nbsp;&nbsp;__aeabi_dmul
</UL>
<BR>[Called By]<UL><LI><a href="#[20d]">&gt;&gt;</a>&nbsp;&nbsp;&nbsp;__hardfp_pow
<LI><a href="#[d7]">&gt;&gt;</a>&nbsp;&nbsp;&nbsp;__hardfp_exp
</UL>

<P><STRONG><a name="[219]"></a>__set_errno</STRONG> (Thumb, 6 bytes, Stack size 0 bytes, errno.o(i.__set_errno))
<BR><BR>[Called By]<UL><LI><a href="#[225]">&gt;&gt;</a>&nbsp;&nbsp;&nbsp;sqrt
<LI><a href="#[21f]">&gt;&gt;</a>&nbsp;&nbsp;&nbsp;__hardfp_log
<LI><a href="#[20d]">&gt;&gt;</a>&nbsp;&nbsp;&nbsp;__hardfp_pow
<LI><a href="#[d9]">&gt;&gt;</a>&nbsp;&nbsp;&nbsp;__hardfp_log10
<LI><a href="#[d7]">&gt;&gt;</a>&nbsp;&nbsp;&nbsp;__hardfp_exp
</UL>

<P><STRONG><a name="[226]"></a>fabs</STRONG> (Thumb, 24 bytes, Stack size 0 bytes, fabs.o(i.fabs))
<BR><BR>[Called By]<UL><LI><a href="#[20d]">&gt;&gt;</a>&nbsp;&nbsp;&nbsp;__hardfp_pow
</UL>

<P><STRONG><a name="[223]"></a>log</STRONG> (Thumb, 16 bytes, Stack size 0 bytes, log.o(i.log))
<BR><BR>[Calls]<UL><LI><a href="#[21f]">&gt;&gt;</a>&nbsp;&nbsp;&nbsp;__hardfp_log
</UL>
<BR>[Called By]<UL><LI><a href="#[d9]">&gt;&gt;</a>&nbsp;&nbsp;&nbsp;__hardfp_log10
</UL>

<P><STRONG><a name="[206]"></a>malloc</STRONG> (Thumb, 92 bytes, Stack size 0 bytes, malloc.o(i.malloc))
<BR><BR>[Called By]<UL><LI><a href="#[192]">&gt;&gt;</a>&nbsp;&nbsp;&nbsp;update_mem_malloc
</UL>

<P><STRONG><a name="[225]"></a>sqrt</STRONG> (Thumb, 110 bytes, Stack size 0 bytes, sqrt.o(i.sqrt))
<BR><BR>[Calls]<UL><LI><a href="#[219]">&gt;&gt;</a>&nbsp;&nbsp;&nbsp;__set_errno
<LI><a href="#[7a]">&gt;&gt;</a>&nbsp;&nbsp;&nbsp;_dsqrt
</UL>
<BR>[Called By]<UL><LI><a href="#[20d]">&gt;&gt;</a>&nbsp;&nbsp;&nbsp;__hardfp_pow
</UL>
<P>
<H3>
Local Symbols
</H3>
<P><STRONG><a name="[a5]"></a>SysTick_Config</STRONG> (Thumb, 82 bytes, Stack size 0 bytes, systick.o(.text.SysTick_Config))
<BR><BR>[Calls]<UL><LI><a href="#[a6]">&gt;&gt;</a>&nbsp;&nbsp;&nbsp;__NVIC_SetPriority
</UL>
<BR>[Called By]<UL><LI><a href="#[195]">&gt;&gt;</a>&nbsp;&nbsp;&nbsp;systick_config
</UL>

<P><STRONG><a name="[a6]"></a>__NVIC_SetPriority</STRONG> (Thumb, 66 bytes, Stack size 0 bytes, systick.o(.text.__NVIC_SetPriority))
<BR><BR>[Called By]<UL><LI><a href="#[195]">&gt;&gt;</a>&nbsp;&nbsp;&nbsp;systick_config
<LI><a href="#[a5]">&gt;&gt;</a>&nbsp;&nbsp;&nbsp;SysTick_Config
</UL>

<P><STRONG><a name="[a8]"></a>system_clock_config</STRONG> (Thumb, 8 bytes, Stack size 0 bytes, system_gd32e501.o(.text.system_clock_config))
<BR><BR>[Calls]<UL><LI><a href="#[1f8]">&gt;&gt;</a>&nbsp;&nbsp;&nbsp;system_clock_100m_irc8m
</UL>
<BR>[Called By]<UL><LI><a href="#[30]">&gt;&gt;</a>&nbsp;&nbsp;&nbsp;SystemInit
</UL>

<P><STRONG><a name="[1f8]"></a>system_clock_100m_irc8m</STRONG> (Thumb, 256 bytes, Stack size 0 bytes, system_gd32e501.o(.text.system_clock_100m_irc8m))
<BR><BR>[Called By]<UL><LI><a href="#[a8]">&gt;&gt;</a>&nbsp;&nbsp;&nbsp;system_clock_config
</UL>

<P><STRONG><a name="[181]"></a>i2c_cmd_register_init</STRONG> (Thumb, 796 bytes, Stack size 0 bytes, main.o(.text.i2c_cmd_register_init))
<BR><BR>[Calls]<UL><LI><a href="#[185]">&gt;&gt;</a>&nbsp;&nbsp;&nbsp;mcu_register_reg_addr_read_callback
<LI><a href="#[184]">&gt;&gt;</a>&nbsp;&nbsp;&nbsp;mcu_register_reg_addr_write_callback
<LI><a href="#[182]">&gt;&gt;</a>&nbsp;&nbsp;&nbsp;i2c_slave_func_register_write_callback
<LI><a href="#[183]">&gt;&gt;</a>&nbsp;&nbsp;&nbsp;i2c_slave_func_register_read_callback
</UL>
<BR>[Called By]<UL><LI><a href="#[2f]">&gt;&gt;</a>&nbsp;&nbsp;&nbsp;main
</UL>

<P><STRONG><a name="[228]"></a>_fp_digits</STRONG> (Thumb, 366 bytes, Stack size 0 bytes, printfa.o(i._fp_digits), UNUSED)
<BR><BR>[Calls]<UL><LI><a href="#[66]">&gt;&gt;</a>&nbsp;&nbsp;&nbsp;__aeabi_dadd
<LI><a href="#[6d]">&gt;&gt;</a>&nbsp;&nbsp;&nbsp;__aeabi_dmul
<LI><a href="#[6e]">&gt;&gt;</a>&nbsp;&nbsp;&nbsp;__aeabi_ddiv
<LI><a href="#[77]">&gt;&gt;</a>&nbsp;&nbsp;&nbsp;__aeabi_uldivmod
<LI><a href="#[78]">&gt;&gt;</a>&nbsp;&nbsp;&nbsp;__aeabi_d2ulz
<LI><a href="#[217]">&gt;&gt;</a>&nbsp;&nbsp;&nbsp;__aeabi_cdrcmple
</UL>
<BR>[Called By]<UL><LI><a href="#[216]">&gt;&gt;</a>&nbsp;&nbsp;&nbsp;_printf_core
</UL>

<P><STRONG><a name="[216]"></a>_printf_core</STRONG> (Thumb, 1744 bytes, Stack size 0 bytes, printfa.o(i._printf_core), UNUSED)
<BR><BR>[Calls]<UL><LI><a href="#[77]">&gt;&gt;</a>&nbsp;&nbsp;&nbsp;__aeabi_uldivmod
<LI><a href="#[22b]">&gt;&gt;</a>&nbsp;&nbsp;&nbsp;__aeabi_uidivmod
<LI><a href="#[229]">&gt;&gt;</a>&nbsp;&nbsp;&nbsp;_printf_pre_padding
<LI><a href="#[22a]">&gt;&gt;</a>&nbsp;&nbsp;&nbsp;_printf_post_padding
<LI><a href="#[228]">&gt;&gt;</a>&nbsp;&nbsp;&nbsp;_fp_digits
</UL>
<BR>[Called By]<UL><LI><a href="#[215]">&gt;&gt;</a>&nbsp;&nbsp;&nbsp;__0printf
</UL>

<P><STRONG><a name="[22a]"></a>_printf_post_padding</STRONG> (Thumb, 36 bytes, Stack size 0 bytes, printfa.o(i._printf_post_padding), UNUSED)
<BR><BR>[Called By]<UL><LI><a href="#[216]">&gt;&gt;</a>&nbsp;&nbsp;&nbsp;_printf_core
</UL>

<P><STRONG><a name="[229]"></a>_printf_pre_padding</STRONG> (Thumb, 46 bytes, Stack size 0 bytes, printfa.o(i._printf_pre_padding), UNUSED)
<BR><BR>[Called By]<UL><LI><a href="#[216]">&gt;&gt;</a>&nbsp;&nbsp;&nbsp;_printf_core
</UL>
<P>
<H3>
Undefined Global Symbols
</H3><HR></body></html>
