<!doctype html public "-//w3c//dtd html 4.0 transitional//en">
<html><head>
<title>Static Call Graph - [.\output\Project.axf]</title></head>
<body><HR>
<H1>Static Call Graph for image .\output\Project.axf</H1><HR>
<BR><P>#&#060CALLGRAPH&#062# ARM Linker, 6190004: Last Updated: Fri Sep  6 16:02:46 2024
<BR><P>
<H3>Maximum Stack Usage =        408 bytes + Unknown(Cycles, Untraceable Function Pointers)</H3><H3>
Call chain for Maximum Stack Depth:</H3>
main &rArr; ddm_process &rArr; update_om_diagnose &rArr; update_om_tx_power &rArr; __hardfp_pow &rArr; __kernel_poly &rArr; __aeabi_dmul &rArr; _double_epilogue &rArr; _double_round
<P>
<H3>
Mutually Recursive functions
</H3> <LI><a href="#[3]">MemManage_Handler</a>&nbsp;&nbsp;&nbsp;&rArr;&nbsp;&nbsp;&nbsp;<a href="#[3]">MemManage_Handler</a><BR>
 <LI><a href="#[4]">BusFault_Handler</a>&nbsp;&nbsp;&nbsp;&rArr;&nbsp;&nbsp;&nbsp;<a href="#[4]">BusFault_Handler</a><BR>
 <LI><a href="#[5]">UsageFault_Handler</a>&nbsp;&nbsp;&nbsp;&rArr;&nbsp;&nbsp;&nbsp;<a href="#[5]">UsageFault_Handler</a><BR>
 <LI><a href="#[7]">DebugMon_Handler</a>&nbsp;&nbsp;&nbsp;&rArr;&nbsp;&nbsp;&nbsp;<a href="#[7]">DebugMon_Handler</a><BR>
 <LI><a href="#[15]">ADC_CMP_IRQHandler</a>&nbsp;&nbsp;&nbsp;&rArr;&nbsp;&nbsp;&nbsp;<a href="#[15]">ADC_CMP_IRQHandler</a><BR>
</UL>
<P>
<H3>
Function Pointers
</H3><UL>
 <LI><a href="#[15]">ADC_CMP_IRQHandler</a> from startup_gd32e501.o(.text) referenced from startup_gd32e501.o(RESET)
 <LI><a href="#[4]">BusFault_Handler</a> from startup_gd32e501.o(.text) referenced from startup_gd32e501.o(RESET)
 <LI><a href="#[2a]">CLA_IRQHandler</a> from startup_gd32e501.o(.text) referenced from startup_gd32e501.o(RESET)
 <LI><a href="#[12]">DMA_Channel0_IRQHandler</a> from startup_gd32e501.o(.text) referenced from startup_gd32e501.o(RESET)
 <LI><a href="#[13]">DMA_Channel1_2_IRQHandler</a> from startup_gd32e501.o(.text) referenced from startup_gd32e501.o(RESET)
 <LI><a href="#[14]">DMA_Channel3_4_IRQHandler</a> from startup_gd32e501.o(.text) referenced from startup_gd32e501.o(RESET)
 <LI><a href="#[2c]">DMA_Channel5_6_IRQHandler</a> from startup_gd32e501.o(.text) referenced from startup_gd32e501.o(RESET)
 <LI><a href="#[7]">DebugMon_Handler</a> from startup_gd32e501.o(.text) referenced from startup_gd32e501.o(RESET)
 <LI><a href="#[f]">EXTI0_1_IRQHandler</a> from gd32e501_it.o(.text.EXTI0_1_IRQHandler) referenced from startup_gd32e501.o(RESET)
 <LI><a href="#[10]">EXTI2_3_IRQHandler</a> from startup_gd32e501.o(.text) referenced from startup_gd32e501.o(RESET)
 <LI><a href="#[11]">EXTI4_15_IRQHandler</a> from startup_gd32e501.o(.text) referenced from startup_gd32e501.o(RESET)
 <LI><a href="#[d]">FMC_IRQHandler</a> from startup_gd32e501.o(.text) referenced from startup_gd32e501.o(RESET)
 <LI><a href="#[2e]">FPU_IRQHandler</a> from startup_gd32e501.o(.text) referenced from startup_gd32e501.o(RESET)
 <LI><a href="#[2]">HardFault_Handler</a> from gd32e501_it.o(.text.HardFault_Handler) referenced from startup_gd32e501.o(RESET)
 <LI><a href="#[26]">I2C0_ER_IRQHandler</a> from gd32e501_it.o(.text.I2C0_ER_IRQHandler) referenced from startup_gd32e501.o(RESET)
 <LI><a href="#[20]">I2C0_EV_IRQHandler</a> from gd32e501_it.o(.text.I2C0_EV_IRQHandler) referenced from startup_gd32e501.o(RESET)
 <LI><a href="#[27]">I2C1_ER_IRQHandler</a> from gd32e501_it.o(.text.I2C1_ER_IRQHandler) referenced from startup_gd32e501.o(RESET)
 <LI><a href="#[21]">I2C1_EV_IRQHandler</a> from gd32e501_it.o(.text.I2C1_EV_IRQHandler) referenced from startup_gd32e501.o(RESET)
 <LI><a href="#[29]">I2C2_ER_IRQHandler</a> from gd32e501_it.o(.text.I2C2_ER_IRQHandler) referenced from startup_gd32e501.o(RESET)
 <LI><a href="#[28]">I2C2_EV_IRQHandler</a> from gd32e501_it.o(.text.I2C2_EV_IRQHandler) referenced from startup_gd32e501.o(RESET)
 <LI><a href="#[b]">LVD_IRQHandler</a> from startup_gd32e501.o(.text) referenced from startup_gd32e501.o(RESET)
 <LI><a href="#[2b]">MDIO_IRQHandler</a> from startup_gd32e501.o(.text) referenced from startup_gd32e501.o(RESET)
 <LI><a href="#[3]">MemManage_Handler</a> from startup_gd32e501.o(.text) referenced from startup_gd32e501.o(RESET)
 <LI><a href="#[1]">NMI_Handler</a> from gd32e501_it.o(.text.NMI_Handler) referenced from startup_gd32e501.o(RESET)
 <LI><a href="#[8]">PendSV_Handler</a> from gd32e501_it.o(.text.PendSV_Handler) referenced from startup_gd32e501.o(RESET)
 <LI><a href="#[e]">RCU_IRQHandler</a> from startup_gd32e501.o(.text) referenced from startup_gd32e501.o(RESET)
 <LI><a href="#[c]">RTC_IRQHandler</a> from startup_gd32e501.o(.text) referenced from startup_gd32e501.o(RESET)
 <LI><a href="#[0]">Reset_Handler</a> from startup_gd32e501.o(.text) referenced from startup_gd32e501.o(RESET)
 <LI><a href="#[22]">SPI0_IRQHandler</a> from startup_gd32e501.o(.text) referenced from startup_gd32e501.o(RESET)
 <LI><a href="#[23]">SPI1_IRQHandler</a> from startup_gd32e501.o(.text) referenced from startup_gd32e501.o(RESET)
 <LI><a href="#[2d]">SPI2_IRQHandler</a> from startup_gd32e501.o(.text) referenced from startup_gd32e501.o(RESET)
 <LI><a href="#[6]">SVC_Handler</a> from gd32e501_it.o(.text.SVC_Handler) referenced from startup_gd32e501.o(RESET)
 <LI><a href="#[9]">SysTick_Handler</a> from gd32e501_it.o(.text.SysTick_Handler) referenced from startup_gd32e501.o(RESET)
 <LI><a href="#[30]">SystemInit</a> from system_gd32e501.o(.text.SystemInit) referenced from startup_gd32e501.o(.text)
 <LI><a href="#[16]">TIMER0_BRK_UP_TRG_COM_IRQHandler</a> from startup_gd32e501.o(.text) referenced from startup_gd32e501.o(RESET)
 <LI><a href="#[17]">TIMER0_Channel_IRQHandler</a> from startup_gd32e501.o(.text) referenced from startup_gd32e501.o(RESET)
 <LI><a href="#[1c]">TIMER13_IRQHandler</a> from gd32e501_it.o(.text.TIMER13_IRQHandler) referenced from startup_gd32e501.o(RESET)
 <LI><a href="#[1d]">TIMER14_IRQHandler</a> from startup_gd32e501.o(.text) referenced from startup_gd32e501.o(RESET)
 <LI><a href="#[1e]">TIMER15_IRQHandler</a> from startup_gd32e501.o(.text) referenced from startup_gd32e501.o(RESET)
 <LI><a href="#[1f]">TIMER16_IRQHandler</a> from startup_gd32e501.o(.text) referenced from startup_gd32e501.o(RESET)
 <LI><a href="#[18]">TIMER1_IRQHandler</a> from startup_gd32e501.o(.text) referenced from startup_gd32e501.o(RESET)
 <LI><a href="#[19]">TIMER2_IRQHandler</a> from startup_gd32e501.o(.text) referenced from startup_gd32e501.o(RESET)
 <LI><a href="#[1a]">TIMER5_DAC0_1_IRQHandler</a> from startup_gd32e501.o(.text) referenced from startup_gd32e501.o(RESET)
 <LI><a href="#[1b]">TIMER6_DAC2_3_IRQHandler</a> from startup_gd32e501.o(.text) referenced from startup_gd32e501.o(RESET)
 <LI><a href="#[24]">USART0_IRQHandler</a> from gd32e501_it.o(.text.USART0_IRQHandler) referenced from startup_gd32e501.o(RESET)
 <LI><a href="#[25]">USART1_IRQHandler</a> from startup_gd32e501.o(.text) referenced from startup_gd32e501.o(RESET)
 <LI><a href="#[5]">UsageFault_Handler</a> from startup_gd32e501.o(.text) referenced from startup_gd32e501.o(RESET)
 <LI><a href="#[a]">WWDGT_IRQHandler</a> from startup_gd32e501.o(.text) referenced from startup_gd32e501.o(RESET)
 <LI><a href="#[31]">__main</a> from entry.o(.ARM.Collect$$$$00000000) referenced from startup_gd32e501.o(.text)
 <LI><a href="#[3d]">apd_i2c_vcc_reg_write</a> from sff_8472.o(.text.apd_i2c_vcc_reg_write) referenced 2 times from main.o(.text.i2c_cmd_register_init)
 <LI><a href="#[50]">cmd_command_map_reg_write</a> from mcu_config_public.o(.text.cmd_command_map_reg_write) referenced 2 times from main.o(.text.i2c_cmd_register_init)
 <LI><a href="#[44]">cpa_i2c_reg_write</a> from sff_8472.o(.text.cpa_i2c_reg_write) referenced 2 times from main.o(.text.i2c_cmd_register_init)
 <LI><a href="#[3c]">ddm_i2c_switch_auto_process_reg_write</a> from sff_8472.o(.text.ddm_i2c_switch_auto_process_reg_write) referenced 2 times from main.o(.text.i2c_cmd_register_init)
 <LI><a href="#[43]">eq_i2c_reg_write</a> from sff_8472.o(.text.eq_i2c_reg_write) referenced 2 times from main.o(.text.i2c_cmd_register_init)
 <LI><a href="#[56]">fputc</a> from main.o(.text.fputc) referenced from printfa.o(i.__0printf)
 <LI><a href="#[40]">ibias_i2c_reg_write</a> from sff_8472.o(.text.ibias_i2c_reg_write) referenced 2 times from main.o(.text.i2c_cmd_register_init)
 <LI><a href="#[41]">imod_i2c_reg_write</a> from sff_8472.o(.text.imod_i2c_reg_write) referenced 2 times from main.o(.text.i2c_cmd_register_init)
 <LI><a href="#[2f]">main</a> from main.o(.text.main) referenced from entry9a.o(.ARM.Collect$$$$0000000B)
 <LI><a href="#[33]">mcu_addr0xspec_reg_byte_read</a> from i2c_comm.o(.text.mcu_addr0xspec_reg_byte_read) referenced 2 times from main.o(.text.i2c_cmd_register_init)
 <LI><a href="#[32]">mcu_addr0xspec_reg_byte_write</a> from i2c_comm.o(.text.mcu_addr0xspec_reg_byte_write) referenced 2 times from main.o(.text.i2c_cmd_register_init)
 <LI><a href="#[3a]">om_cmd_ddm_read_reg_byte</a> from sff_8472.o(.text.om_cmd_ddm_read_reg_byte) referenced 2 times from main.o(.text.i2c_cmd_register_init)
 <LI><a href="#[34]">om_flash_write_reg_byte</a> from sff_8472.o(.text.om_flash_write_reg_byte) referenced 2 times from main.o(.text.i2c_cmd_register_init)
 <LI><a href="#[51]">om_memory_state_ctrl_write_reg_byte</a> from sff_8472.o(.text.om_memory_state_ctrl_write_reg_byte) referenced 2 times from main.o(.text.i2c_cmd_register_init)
 <LI><a href="#[35]">om_v2_flash_read_reg_byte</a> from sff_8472.o(.text.om_v2_flash_read_reg_byte) referenced 2 times from main.o(.text.i2c_cmd_register_init)
 <LI><a href="#[36]">om_v2_memory_read_reg_byte</a> from sff_8472.o(.text.om_v2_memory_read_reg_byte) referenced 2 times from main.o(.text.i2c_cmd_register_init)
 <LI><a href="#[46]">rx_deemph_i2c_reg_write</a> from sff_8472.o(.text.rx_deemph_i2c_reg_write) referenced 2 times from main.o(.text.i2c_cmd_register_init)
 <LI><a href="#[48]">rx_los_hyst_i2c_reg_write</a> from sff_8472.o(.text.rx_los_hyst_i2c_reg_write) referenced 2 times from main.o(.text.i2c_cmd_register_init)
 <LI><a href="#[47]">rx_los_threshold_i2c_reg_write</a> from sff_8472.o(.text.rx_los_threshold_i2c_reg_write) referenced 2 times from main.o(.text.i2c_cmd_register_init)
 <LI><a href="#[3e]">soa_i2c_ild_reg_write</a> from sff_8472.o(.text.soa_i2c_ild_reg_write) referenced 2 times from main.o(.text.i2c_cmd_register_init)
 <LI><a href="#[42]">swing_i2c_reg_write</a> from sff_8472.o(.text.swing_i2c_reg_write) referenced 2 times from main.o(.text.i2c_cmd_register_init)
 <LI><a href="#[49]">tec_i2_ctl_temperature_reg_read</a> from tec_comm.o(.text.tec_i2_ctl_temperature_reg_read) referenced 2 times from main.o(.text.i2c_cmd_register_init)
 <LI><a href="#[4e]">tec_i2c_auto_ctl_reg_write</a> from tec_comm.o(.text.tec_i2c_auto_ctl_reg_write) referenced 2 times from main.o(.text.i2c_cmd_register_init)
 <LI><a href="#[4c]">tec_i2c_calc_ctl_auto_reg_write</a> from tec_comm.o(.text.tec_i2c_calc_ctl_auto_reg_write) referenced 2 times from main.o(.text.i2c_cmd_register_init)
 <LI><a href="#[4f]">tec_i2c_temperature_obj_write</a> from tec_comm.o(.text.tec_i2c_temperature_obj_write) referenced 2 times from main.o(.text.i2c_cmd_register_init)
 <LI><a href="#[4b]">tec_i2c_vtec_ctl_reg_read</a> from tec_comm.o(.text.tec_i2c_vtec_ctl_reg_read) referenced 2 times from main.o(.text.i2c_cmd_register_init)
 <LI><a href="#[4a]">tec_i2c_vtec_ctl_reg_write</a> from tec_comm.o(.text.tec_i2c_vtec_ctl_reg_write) referenced 2 times from main.o(.text.i2c_cmd_register_init)
 <LI><a href="#[4d]">tec_xtec_value_reg_read</a> from tec_comm.o(.text.tec_xtec_value_reg_read) referenced 2 times from main.o(.text.i2c_cmd_register_init)
 <LI><a href="#[52]">test_dac_value_write_reg</a> from update_comm.o(.text.test_dac_value_write_reg) referenced 2 times from main.o(.text.i2c_cmd_register_init)
 <LI><a href="#[55]">test_gpio_info_read_reg</a> from update_comm.o(.text.test_gpio_info_read_reg) referenced 2 times from main.o(.text.i2c_cmd_register_init)
 <LI><a href="#[54]">test_gpio_info_write_reg</a> from update_comm.o(.text.test_gpio_info_write_reg) referenced 2 times from main.o(.text.i2c_cmd_register_init)
 <LI><a href="#[53]">test_gpio_value_write_reg</a> from update_comm.o(.text.test_gpio_value_write_reg) referenced 2 times from main.o(.text.i2c_cmd_register_init)
 <LI><a href="#[45]">tx_deemph_i2c_reg_write</a> from sff_8472.o(.text.tx_deemph_i2c_reg_write) referenced 2 times from main.o(.text.i2c_cmd_register_init)
 <LI><a href="#[37]">update_app_write_reg_byte</a> from update_comm.o(.text.update_app_write_reg_byte) referenced 2 times from main.o(.text.i2c_cmd_register_init)
 <LI><a href="#[38]">update_firmware_write_reg_byte</a> from update_comm.o(.text.update_firmware_write_reg_byte) referenced 2 times from main.o(.text.i2c_cmd_register_init)
 <LI><a href="#[39]">upgrade_dev_version_reg_read</a> from update_comm.o(.text.upgrade_dev_version_reg_read) referenced 2 times from main.o(.text.i2c_cmd_register_init)
 <LI><a href="#[3b]">user_check_password_write_reg</a> from i2c_opt_ie.o(.text.user_check_password_write_reg) referenced 2 times from main.o(.text.i2c_cmd_register_init)
 <LI><a href="#[3f]">vea_i2c_vcc_reg_write</a> from sff_8472.o(.text.vea_i2c_vcc_reg_write) referenced 2 times from main.o(.text.i2c_cmd_register_init)
</UL>
<P>
<H3>
Global Symbols
</H3>
<P><STRONG><a name="[31]"></a>__main</STRONG> (Thumb, 0 bytes, Stack size unknown bytes, entry.o(.ARM.Collect$$$$00000000))
<BR>[Address Reference Count : 1]<UL><LI> startup_gd32e501.o(.text)
</UL>
<P><STRONG><a name="[1c4]"></a>_main_stk</STRONG> (Thumb, 0 bytes, Stack size unknown bytes, entry2.o(.ARM.Collect$$$$00000001))

<P><STRONG><a name="[57]"></a>_main_scatterload</STRONG> (Thumb, 0 bytes, Stack size unknown bytes, entry5.o(.ARM.Collect$$$$00000004))
<BR><BR>[Calls]<UL><LI><a href="#[58]">&gt;&gt;</a>&nbsp;&nbsp;&nbsp;__scatterload
</UL>

<P><STRONG><a name="[6d]"></a>__main_after_scatterload</STRONG> (Thumb, 0 bytes, Stack size unknown bytes, entry5.o(.ARM.Collect$$$$00000004))
<BR><BR>[Called By]<UL><LI><a href="#[58]">&gt;&gt;</a>&nbsp;&nbsp;&nbsp;__scatterload
</UL>

<P><STRONG><a name="[1c5]"></a>_main_clock</STRONG> (Thumb, 0 bytes, Stack size unknown bytes, entry7b.o(.ARM.Collect$$$$00000008))

<P><STRONG><a name="[1c6]"></a>_main_cpp_init</STRONG> (Thumb, 0 bytes, Stack size unknown bytes, entry8b.o(.ARM.Collect$$$$0000000A))

<P><STRONG><a name="[1c7]"></a>_main_init</STRONG> (Thumb, 0 bytes, Stack size unknown bytes, entry9a.o(.ARM.Collect$$$$0000000B))

<P><STRONG><a name="[1c8]"></a>__rt_final_cpp</STRONG> (Thumb, 0 bytes, Stack size unknown bytes, entry10a.o(.ARM.Collect$$$$0000000D))

<P><STRONG><a name="[1c9]"></a>__rt_final_exit</STRONG> (Thumb, 0 bytes, Stack size unknown bytes, entry11a.o(.ARM.Collect$$$$0000000F))

<P><STRONG><a name="[0]"></a>Reset_Handler</STRONG> (Thumb, 8 bytes, Stack size 0 bytes, startup_gd32e501.o(.text))
<BR>[Address Reference Count : 1]<UL><LI> startup_gd32e501.o(RESET)
</UL>
<P><STRONG><a name="[3]"></a>MemManage_Handler</STRONG> (Thumb, 2 bytes, Stack size 0 bytes, startup_gd32e501.o(.text))
<BR><BR>[Calls]<UL><LI><a href="#[3]">&gt;&gt;</a>&nbsp;&nbsp;&nbsp;MemManage_Handler
</UL>
<BR>[Called By]<UL><LI><a href="#[3]">&gt;&gt;</a>&nbsp;&nbsp;&nbsp;MemManage_Handler
</UL>
<BR>[Address Reference Count : 1]<UL><LI> startup_gd32e501.o(RESET)
</UL>
<P><STRONG><a name="[4]"></a>BusFault_Handler</STRONG> (Thumb, 2 bytes, Stack size 0 bytes, startup_gd32e501.o(.text))
<BR><BR>[Calls]<UL><LI><a href="#[4]">&gt;&gt;</a>&nbsp;&nbsp;&nbsp;BusFault_Handler
</UL>
<BR>[Called By]<UL><LI><a href="#[4]">&gt;&gt;</a>&nbsp;&nbsp;&nbsp;BusFault_Handler
</UL>
<BR>[Address Reference Count : 1]<UL><LI> startup_gd32e501.o(RESET)
</UL>
<P><STRONG><a name="[5]"></a>UsageFault_Handler</STRONG> (Thumb, 2 bytes, Stack size 0 bytes, startup_gd32e501.o(.text))
<BR><BR>[Calls]<UL><LI><a href="#[5]">&gt;&gt;</a>&nbsp;&nbsp;&nbsp;UsageFault_Handler
</UL>
<BR>[Called By]<UL><LI><a href="#[5]">&gt;&gt;</a>&nbsp;&nbsp;&nbsp;UsageFault_Handler
</UL>
<BR>[Address Reference Count : 1]<UL><LI> startup_gd32e501.o(RESET)
</UL>
<P><STRONG><a name="[7]"></a>DebugMon_Handler</STRONG> (Thumb, 2 bytes, Stack size 0 bytes, startup_gd32e501.o(.text))
<BR><BR>[Calls]<UL><LI><a href="#[7]">&gt;&gt;</a>&nbsp;&nbsp;&nbsp;DebugMon_Handler
</UL>
<BR>[Called By]<UL><LI><a href="#[7]">&gt;&gt;</a>&nbsp;&nbsp;&nbsp;DebugMon_Handler
</UL>
<BR>[Address Reference Count : 1]<UL><LI> startup_gd32e501.o(RESET)
</UL>
<P><STRONG><a name="[15]"></a>ADC_CMP_IRQHandler</STRONG> (Thumb, 0 bytes, Stack size 0 bytes, startup_gd32e501.o(.text))
<BR><BR>[Calls]<UL><LI><a href="#[15]">&gt;&gt;</a>&nbsp;&nbsp;&nbsp;ADC_CMP_IRQHandler
</UL>
<BR>[Called By]<UL><LI><a href="#[15]">&gt;&gt;</a>&nbsp;&nbsp;&nbsp;ADC_CMP_IRQHandler
</UL>
<BR>[Address Reference Count : 1]<UL><LI> startup_gd32e501.o(RESET)
</UL>
<P><STRONG><a name="[2a]"></a>CLA_IRQHandler</STRONG> (Thumb, 0 bytes, Stack size 0 bytes, startup_gd32e501.o(.text))
<BR>[Address Reference Count : 1]<UL><LI> startup_gd32e501.o(RESET)
</UL>
<P><STRONG><a name="[12]"></a>DMA_Channel0_IRQHandler</STRONG> (Thumb, 0 bytes, Stack size 0 bytes, startup_gd32e501.o(.text))
<BR>[Address Reference Count : 1]<UL><LI> startup_gd32e501.o(RESET)
</UL>
<P><STRONG><a name="[13]"></a>DMA_Channel1_2_IRQHandler</STRONG> (Thumb, 0 bytes, Stack size 0 bytes, startup_gd32e501.o(.text))
<BR>[Address Reference Count : 1]<UL><LI> startup_gd32e501.o(RESET)
</UL>
<P><STRONG><a name="[14]"></a>DMA_Channel3_4_IRQHandler</STRONG> (Thumb, 0 bytes, Stack size 0 bytes, startup_gd32e501.o(.text))
<BR>[Address Reference Count : 1]<UL><LI> startup_gd32e501.o(RESET)
</UL>
<P><STRONG><a name="[2c]"></a>DMA_Channel5_6_IRQHandler</STRONG> (Thumb, 0 bytes, Stack size 0 bytes, startup_gd32e501.o(.text))
<BR>[Address Reference Count : 1]<UL><LI> startup_gd32e501.o(RESET)
</UL>
<P><STRONG><a name="[10]"></a>EXTI2_3_IRQHandler</STRONG> (Thumb, 0 bytes, Stack size 0 bytes, startup_gd32e501.o(.text))
<BR>[Address Reference Count : 1]<UL><LI> startup_gd32e501.o(RESET)
</UL>
<P><STRONG><a name="[11]"></a>EXTI4_15_IRQHandler</STRONG> (Thumb, 0 bytes, Stack size 0 bytes, startup_gd32e501.o(.text))
<BR>[Address Reference Count : 1]<UL><LI> startup_gd32e501.o(RESET)
</UL>
<P><STRONG><a name="[d]"></a>FMC_IRQHandler</STRONG> (Thumb, 0 bytes, Stack size 0 bytes, startup_gd32e501.o(.text))
<BR>[Address Reference Count : 1]<UL><LI> startup_gd32e501.o(RESET)
</UL>
<P><STRONG><a name="[2e]"></a>FPU_IRQHandler</STRONG> (Thumb, 0 bytes, Stack size 0 bytes, startup_gd32e501.o(.text))
<BR>[Address Reference Count : 1]<UL><LI> startup_gd32e501.o(RESET)
</UL>
<P><STRONG><a name="[b]"></a>LVD_IRQHandler</STRONG> (Thumb, 0 bytes, Stack size 0 bytes, startup_gd32e501.o(.text))
<BR>[Address Reference Count : 1]<UL><LI> startup_gd32e501.o(RESET)
</UL>
<P><STRONG><a name="[2b]"></a>MDIO_IRQHandler</STRONG> (Thumb, 0 bytes, Stack size 0 bytes, startup_gd32e501.o(.text))
<BR>[Address Reference Count : 1]<UL><LI> startup_gd32e501.o(RESET)
</UL>
<P><STRONG><a name="[e]"></a>RCU_IRQHandler</STRONG> (Thumb, 0 bytes, Stack size 0 bytes, startup_gd32e501.o(.text))
<BR>[Address Reference Count : 1]<UL><LI> startup_gd32e501.o(RESET)
</UL>
<P><STRONG><a name="[c]"></a>RTC_IRQHandler</STRONG> (Thumb, 0 bytes, Stack size 0 bytes, startup_gd32e501.o(.text))
<BR>[Address Reference Count : 1]<UL><LI> startup_gd32e501.o(RESET)
</UL>
<P><STRONG><a name="[22]"></a>SPI0_IRQHandler</STRONG> (Thumb, 0 bytes, Stack size 0 bytes, startup_gd32e501.o(.text))
<BR>[Address Reference Count : 1]<UL><LI> startup_gd32e501.o(RESET)
</UL>
<P><STRONG><a name="[23]"></a>SPI1_IRQHandler</STRONG> (Thumb, 0 bytes, Stack size 0 bytes, startup_gd32e501.o(.text))
<BR>[Address Reference Count : 1]<UL><LI> startup_gd32e501.o(RESET)
</UL>
<P><STRONG><a name="[2d]"></a>SPI2_IRQHandler</STRONG> (Thumb, 0 bytes, Stack size 0 bytes, startup_gd32e501.o(.text))
<BR>[Address Reference Count : 1]<UL><LI> startup_gd32e501.o(RESET)
</UL>
<P><STRONG><a name="[16]"></a>TIMER0_BRK_UP_TRG_COM_IRQHandler</STRONG> (Thumb, 0 bytes, Stack size 0 bytes, startup_gd32e501.o(.text))
<BR>[Address Reference Count : 1]<UL><LI> startup_gd32e501.o(RESET)
</UL>
<P><STRONG><a name="[17]"></a>TIMER0_Channel_IRQHandler</STRONG> (Thumb, 0 bytes, Stack size 0 bytes, startup_gd32e501.o(.text))
<BR>[Address Reference Count : 1]<UL><LI> startup_gd32e501.o(RESET)
</UL>
<P><STRONG><a name="[1d]"></a>TIMER14_IRQHandler</STRONG> (Thumb, 0 bytes, Stack size 0 bytes, startup_gd32e501.o(.text))
<BR>[Address Reference Count : 1]<UL><LI> startup_gd32e501.o(RESET)
</UL>
<P><STRONG><a name="[1e]"></a>TIMER15_IRQHandler</STRONG> (Thumb, 0 bytes, Stack size 0 bytes, startup_gd32e501.o(.text))
<BR>[Address Reference Count : 1]<UL><LI> startup_gd32e501.o(RESET)
</UL>
<P><STRONG><a name="[1f]"></a>TIMER16_IRQHandler</STRONG> (Thumb, 0 bytes, Stack size 0 bytes, startup_gd32e501.o(.text))
<BR>[Address Reference Count : 1]<UL><LI> startup_gd32e501.o(RESET)
</UL>
<P><STRONG><a name="[18]"></a>TIMER1_IRQHandler</STRONG> (Thumb, 0 bytes, Stack size 0 bytes, startup_gd32e501.o(.text))
<BR>[Address Reference Count : 1]<UL><LI> startup_gd32e501.o(RESET)
</UL>
<P><STRONG><a name="[19]"></a>TIMER2_IRQHandler</STRONG> (Thumb, 0 bytes, Stack size 0 bytes, startup_gd32e501.o(.text))
<BR>[Address Reference Count : 1]<UL><LI> startup_gd32e501.o(RESET)
</UL>
<P><STRONG><a name="[1a]"></a>TIMER5_DAC0_1_IRQHandler</STRONG> (Thumb, 0 bytes, Stack size 0 bytes, startup_gd32e501.o(.text))
<BR>[Address Reference Count : 1]<UL><LI> startup_gd32e501.o(RESET)
</UL>
<P><STRONG><a name="[1b]"></a>TIMER6_DAC2_3_IRQHandler</STRONG> (Thumb, 0 bytes, Stack size 0 bytes, startup_gd32e501.o(.text))
<BR>[Address Reference Count : 1]<UL><LI> startup_gd32e501.o(RESET)
</UL>
<P><STRONG><a name="[25]"></a>USART1_IRQHandler</STRONG> (Thumb, 0 bytes, Stack size 0 bytes, startup_gd32e501.o(.text))
<BR>[Address Reference Count : 1]<UL><LI> startup_gd32e501.o(RESET)
</UL>
<P><STRONG><a name="[a]"></a>WWDGT_IRQHandler</STRONG> (Thumb, 0 bytes, Stack size 0 bytes, startup_gd32e501.o(.text))
<BR>[Address Reference Count : 1]<UL><LI> startup_gd32e501.o(RESET)
</UL>
<P><STRONG><a name="[bc]"></a>__aeabi_memcpy</STRONG> (Thumb, 36 bytes, Stack size 0 bytes, memcpya.o(.text))
<BR><BR>[Called By]<UL><LI><a href="#[eb]">&gt;&gt;</a>&nbsp;&nbsp;&nbsp;master_reg_byte_write
<LI><a href="#[14a]">&gt;&gt;</a>&nbsp;&nbsp;&nbsp;master_reg_byte_read
<LI><a href="#[bb]">&gt;&gt;</a>&nbsp;&nbsp;&nbsp;comm_update_write_mem_one_page_to_flash
<LI><a href="#[39]">&gt;&gt;</a>&nbsp;&nbsp;&nbsp;upgrade_dev_version_reg_read
</UL>

<P><STRONG><a name="[129]"></a>__aeabi_memcpy4</STRONG> (Thumb, 0 bytes, Stack size 0 bytes, memcpya.o(.text))
<BR><BR>[Called By]<UL><LI><a href="#[14a]">&gt;&gt;</a>&nbsp;&nbsp;&nbsp;master_reg_byte_read
<LI><a href="#[128]">&gt;&gt;</a>&nbsp;&nbsp;&nbsp;i2c_slave_buffer_mng_regaddress_info
</UL>

<P><STRONG><a name="[1ca]"></a>__aeabi_memcpy8</STRONG> (Thumb, 0 bytes, Stack size 0 bytes, memcpya.o(.text), UNUSED)

<P><STRONG><a name="[5a]"></a>__aeabi_memset</STRONG> (Thumb, 14 bytes, Stack size 0 bytes, memseta.o(.text))
<BR><BR>[Called By]<UL><LI><a href="#[5b]">&gt;&gt;</a>&nbsp;&nbsp;&nbsp;_memset$wrapper
<LI><a href="#[59]">&gt;&gt;</a>&nbsp;&nbsp;&nbsp;__aeabi_memclr
</UL>

<P><STRONG><a name="[1cb]"></a>__aeabi_memset4</STRONG> (Thumb, 0 bytes, Stack size 0 bytes, memseta.o(.text), UNUSED)

<P><STRONG><a name="[1cc]"></a>__aeabi_memset8</STRONG> (Thumb, 0 bytes, Stack size 0 bytes, memseta.o(.text), UNUSED)

<P><STRONG><a name="[59]"></a>__aeabi_memclr</STRONG> (Thumb, 4 bytes, Stack size 0 bytes, memseta.o(.text))
<BR><BR>[Calls]<UL><LI><a href="#[5a]">&gt;&gt;</a>&nbsp;&nbsp;&nbsp;__aeabi_memset
</UL>
<BR>[Called By]<UL><LI><a href="#[bb]">&gt;&gt;</a>&nbsp;&nbsp;&nbsp;comm_update_write_mem_one_page_to_flash
<LI><a href="#[19c]">&gt;&gt;</a>&nbsp;&nbsp;&nbsp;update_mem_all_memset
<LI><a href="#[19b]">&gt;&gt;</a>&nbsp;&nbsp;&nbsp;update_mem_malloc
<LI><a href="#[39]">&gt;&gt;</a>&nbsp;&nbsp;&nbsp;upgrade_dev_version_reg_read
<LI><a href="#[106]">&gt;&gt;</a>&nbsp;&nbsp;&nbsp;gn7161_download_firmware
</UL>

<P><STRONG><a name="[125]"></a>__aeabi_memclr4</STRONG> (Thumb, 0 bytes, Stack size 0 bytes, memseta.o(.text))
<BR><BR>[Called By]<UL><LI><a href="#[121]">&gt;&gt;</a>&nbsp;&nbsp;&nbsp;i2c_config_init
<LI><a href="#[126]">&gt;&gt;</a>&nbsp;&nbsp;&nbsp;i2c_master_info_buffer_clear
<LI><a href="#[128]">&gt;&gt;</a>&nbsp;&nbsp;&nbsp;i2c_slave_buffer_mng_regaddress_info
<LI><a href="#[127]">&gt;&gt;</a>&nbsp;&nbsp;&nbsp;i2c_slave_buffer_info_clear
<LI><a href="#[74]">&gt;&gt;</a>&nbsp;&nbsp;&nbsp;master_i2c_event_irq_handler
</UL>

<P><STRONG><a name="[1cd]"></a>__aeabi_memclr8</STRONG> (Thumb, 0 bytes, Stack size 0 bytes, memseta.o(.text), UNUSED)

<P><STRONG><a name="[5b]"></a>_memset$wrapper</STRONG> (Thumb, 18 bytes, Stack size 8 bytes, memseta.o(.text), UNUSED)
<BR><BR>[Calls]<UL><LI><a href="#[5a]">&gt;&gt;</a>&nbsp;&nbsp;&nbsp;__aeabi_memset
</UL>

<P><STRONG><a name="[1a9]"></a>strlen</STRONG> (Thumb, 14 bytes, Stack size 0 bytes, strlen.o(.text))
<BR><BR>[Called By]<UL><LI><a href="#[3b]">&gt;&gt;</a>&nbsp;&nbsp;&nbsp;user_check_password_write_reg
</UL>

<P><STRONG><a name="[1aa]"></a>memcmp</STRONG> (Thumb, 26 bytes, Stack size 12 bytes, memcmp.o(.text))
<BR><BR>[Stack]<UL><LI>Max Depth = 12<LI>Call Chain = memcmp
</UL>
<BR>[Called By]<UL><LI><a href="#[3b]">&gt;&gt;</a>&nbsp;&nbsp;&nbsp;user_check_password_write_reg
</UL>

<P><STRONG><a name="[5c]"></a>__aeabi_dadd</STRONG> (Thumb, 322 bytes, Stack size 48 bytes, dadd.o(.text))
<BR><BR>[Stack]<UL><LI>Max Depth = 88<LI>Call Chain = __aeabi_dadd &rArr; _double_epilogue &rArr; _double_round
</UL>
<BR>[Calls]<UL><LI><a href="#[5e]">&gt;&gt;</a>&nbsp;&nbsp;&nbsp;__aeabi_lasr
<LI><a href="#[5d]">&gt;&gt;</a>&nbsp;&nbsp;&nbsp;__aeabi_llsl
<LI><a href="#[60]">&gt;&gt;</a>&nbsp;&nbsp;&nbsp;_double_round
<LI><a href="#[5f]">&gt;&gt;</a>&nbsp;&nbsp;&nbsp;_double_epilogue
</UL>
<BR>[Called By]<UL><LI><a href="#[158]">&gt;&gt;</a>&nbsp;&nbsp;&nbsp;om_default_config_flash_read
<LI><a href="#[42]">&gt;&gt;</a>&nbsp;&nbsp;&nbsp;swing_i2c_reg_write
<LI><a href="#[41]">&gt;&gt;</a>&nbsp;&nbsp;&nbsp;imod_i2c_reg_write
<LI><a href="#[40]">&gt;&gt;</a>&nbsp;&nbsp;&nbsp;ibias_i2c_reg_write
<LI><a href="#[3f]">&gt;&gt;</a>&nbsp;&nbsp;&nbsp;vea_i2c_vcc_reg_write
<LI><a href="#[a1]">&gt;&gt;</a>&nbsp;&nbsp;&nbsp;sgm41282c_set_apd
<LI><a href="#[3d]">&gt;&gt;</a>&nbsp;&nbsp;&nbsp;apd_i2c_vcc_reg_write
<LI><a href="#[a6]">&gt;&gt;</a>&nbsp;&nbsp;&nbsp;gn7153_get_mpd_ibias
<LI><a href="#[a5]">&gt;&gt;</a>&nbsp;&nbsp;&nbsp;gn7161_get_mpd_ibias
<LI><a href="#[ee]">&gt;&gt;</a>&nbsp;&nbsp;&nbsp;gn7153_get_ld_ibias
<LI><a href="#[107]">&gt;&gt;</a>&nbsp;&nbsp;&nbsp;gn7161_get_ld_ibias
<LI><a href="#[f1]">&gt;&gt;</a>&nbsp;&nbsp;&nbsp;gn7153_get_voltage
<LI><a href="#[10a]">&gt;&gt;</a>&nbsp;&nbsp;&nbsp;gn7161_get_voltage
<LI><a href="#[1a2]">&gt;&gt;</a>&nbsp;&nbsp;&nbsp;update_om_temperature
<LI><a href="#[1b6]">&gt;&gt;</a>&nbsp;&nbsp;&nbsp;__kernel_poly
<LI><a href="#[1b0]">&gt;&gt;</a>&nbsp;&nbsp;&nbsp;__hardfp_log
<LI><a href="#[1b8]">&gt;&gt;</a>&nbsp;&nbsp;&nbsp;__mathlib_dbl_infnan2
<LI><a href="#[1b1]">&gt;&gt;</a>&nbsp;&nbsp;&nbsp;__mathlib_dbl_infnan
<LI><a href="#[1c0]">&gt;&gt;</a>&nbsp;&nbsp;&nbsp;_fp_digits
<LI><a href="#[61]">&gt;&gt;</a>&nbsp;&nbsp;&nbsp;__aeabi_dsub
<LI><a href="#[62]">&gt;&gt;</a>&nbsp;&nbsp;&nbsp;__aeabi_drsub
<LI><a href="#[1a6]">&gt;&gt;</a>&nbsp;&nbsp;&nbsp;__hardfp_pow
<LI><a href="#[a8]">&gt;&gt;</a>&nbsp;&nbsp;&nbsp;__hardfp_log10
<LI><a href="#[186]">&gt;&gt;</a>&nbsp;&nbsp;&nbsp;tec_calc_auto_rth_temp
</UL>

<P><STRONG><a name="[61]"></a>__aeabi_dsub</STRONG> (Thumb, 6 bytes, Stack size 0 bytes, dadd.o(.text))
<BR><BR>[Stack]<UL><LI>Max Depth = 88<LI>Call Chain = __aeabi_dsub &rArr; __aeabi_dadd &rArr; _double_epilogue &rArr; _double_round
</UL>
<BR>[Calls]<UL><LI><a href="#[5c]">&gt;&gt;</a>&nbsp;&nbsp;&nbsp;__aeabi_dadd
</UL>
<BR>[Called By]<UL><LI><a href="#[1b0]">&gt;&gt;</a>&nbsp;&nbsp;&nbsp;__hardfp_log
<LI><a href="#[1a6]">&gt;&gt;</a>&nbsp;&nbsp;&nbsp;__hardfp_pow
</UL>

<P><STRONG><a name="[62]"></a>__aeabi_drsub</STRONG> (Thumb, 6 bytes, Stack size 0 bytes, dadd.o(.text))
<BR><BR>[Stack]<UL><LI>Max Depth = 88<LI>Call Chain = __aeabi_drsub &rArr; __aeabi_dadd &rArr; _double_epilogue &rArr; _double_round
</UL>
<BR>[Calls]<UL><LI><a href="#[5c]">&gt;&gt;</a>&nbsp;&nbsp;&nbsp;__aeabi_dadd
</UL>
<BR>[Called By]<UL><LI><a href="#[1b0]">&gt;&gt;</a>&nbsp;&nbsp;&nbsp;__hardfp_log
<LI><a href="#[1a6]">&gt;&gt;</a>&nbsp;&nbsp;&nbsp;__hardfp_pow
</UL>

<P><STRONG><a name="[63]"></a>__aeabi_dmul</STRONG> (Thumb, 228 bytes, Stack size 48 bytes, dmul.o(.text))
<BR><BR>[Stack]<UL><LI>Max Depth = 88<LI>Call Chain = __aeabi_dmul &rArr; _double_epilogue &rArr; _double_round
</UL>
<BR>[Calls]<UL><LI><a href="#[5f]">&gt;&gt;</a>&nbsp;&nbsp;&nbsp;_double_epilogue
</UL>
<BR>[Called By]<UL><LI><a href="#[158]">&gt;&gt;</a>&nbsp;&nbsp;&nbsp;om_default_config_flash_read
<LI><a href="#[48]">&gt;&gt;</a>&nbsp;&nbsp;&nbsp;rx_los_hyst_i2c_reg_write
<LI><a href="#[47]">&gt;&gt;</a>&nbsp;&nbsp;&nbsp;rx_los_threshold_i2c_reg_write
<LI><a href="#[44]">&gt;&gt;</a>&nbsp;&nbsp;&nbsp;cpa_i2c_reg_write
<LI><a href="#[46]">&gt;&gt;</a>&nbsp;&nbsp;&nbsp;rx_deemph_i2c_reg_write
<LI><a href="#[45]">&gt;&gt;</a>&nbsp;&nbsp;&nbsp;tx_deemph_i2c_reg_write
<LI><a href="#[42]">&gt;&gt;</a>&nbsp;&nbsp;&nbsp;swing_i2c_reg_write
<LI><a href="#[43]">&gt;&gt;</a>&nbsp;&nbsp;&nbsp;eq_i2c_reg_write
<LI><a href="#[41]">&gt;&gt;</a>&nbsp;&nbsp;&nbsp;imod_i2c_reg_write
<LI><a href="#[40]">&gt;&gt;</a>&nbsp;&nbsp;&nbsp;ibias_i2c_reg_write
<LI><a href="#[15c]">&gt;&gt;</a>&nbsp;&nbsp;&nbsp;sgm2508_set_vea
<LI><a href="#[15a]">&gt;&gt;</a>&nbsp;&nbsp;&nbsp;sgm41295_set_vea
<LI><a href="#[3f]">&gt;&gt;</a>&nbsp;&nbsp;&nbsp;vea_i2c_vcc_reg_write
<LI><a href="#[3e]">&gt;&gt;</a>&nbsp;&nbsp;&nbsp;soa_i2c_ild_reg_write
<LI><a href="#[a1]">&gt;&gt;</a>&nbsp;&nbsp;&nbsp;sgm41282c_set_apd
<LI><a href="#[3d]">&gt;&gt;</a>&nbsp;&nbsp;&nbsp;apd_i2c_vcc_reg_write
<LI><a href="#[a6]">&gt;&gt;</a>&nbsp;&nbsp;&nbsp;gn7153_get_mpd_ibias
<LI><a href="#[a5]">&gt;&gt;</a>&nbsp;&nbsp;&nbsp;gn7161_get_mpd_ibias
<LI><a href="#[a4]">&gt;&gt;</a>&nbsp;&nbsp;&nbsp;calculate_om_tx_power
<LI><a href="#[1a1]">&gt;&gt;</a>&nbsp;&nbsp;&nbsp;ux3326_get_ld_ibias
<LI><a href="#[ee]">&gt;&gt;</a>&nbsp;&nbsp;&nbsp;gn7153_get_ld_ibias
<LI><a href="#[107]">&gt;&gt;</a>&nbsp;&nbsp;&nbsp;gn7161_get_ld_ibias
<LI><a href="#[1a7]">&gt;&gt;</a>&nbsp;&nbsp;&nbsp;ux3326_get_voltage
<LI><a href="#[f1]">&gt;&gt;</a>&nbsp;&nbsp;&nbsp;gn7153_get_voltage
<LI><a href="#[10a]">&gt;&gt;</a>&nbsp;&nbsp;&nbsp;gn7161_get_voltage
<LI><a href="#[1b6]">&gt;&gt;</a>&nbsp;&nbsp;&nbsp;__kernel_poly
<LI><a href="#[1b0]">&gt;&gt;</a>&nbsp;&nbsp;&nbsp;__hardfp_log
<LI><a href="#[1bc]">&gt;&gt;</a>&nbsp;&nbsp;&nbsp;__mathlib_dbl_underflow
<LI><a href="#[1b9]">&gt;&gt;</a>&nbsp;&nbsp;&nbsp;__mathlib_dbl_overflow
<LI><a href="#[1c0]">&gt;&gt;</a>&nbsp;&nbsp;&nbsp;_fp_digits
<LI><a href="#[1a6]">&gt;&gt;</a>&nbsp;&nbsp;&nbsp;__hardfp_pow
<LI><a href="#[a8]">&gt;&gt;</a>&nbsp;&nbsp;&nbsp;__hardfp_log10
<LI><a href="#[18b]">&gt;&gt;</a>&nbsp;&nbsp;&nbsp;tec_get_xtec_voltage
<LI><a href="#[186]">&gt;&gt;</a>&nbsp;&nbsp;&nbsp;tec_calc_auto_rth_temp
</UL>

<P><STRONG><a name="[64]"></a>__aeabi_ddiv</STRONG> (Thumb, 222 bytes, Stack size 32 bytes, ddiv.o(.text))
<BR><BR>[Stack]<UL><LI>Max Depth = 40<LI>Call Chain = __aeabi_ddiv &rArr; _double_round
</UL>
<BR>[Calls]<UL><LI><a href="#[60]">&gt;&gt;</a>&nbsp;&nbsp;&nbsp;_double_round
</UL>
<BR>[Called By]<UL><LI><a href="#[158]">&gt;&gt;</a>&nbsp;&nbsp;&nbsp;om_default_config_flash_read
<LI><a href="#[12d]">&gt;&gt;</a>&nbsp;&nbsp;&nbsp;ux3326_set_ld_imod
<LI><a href="#[fa]">&gt;&gt;</a>&nbsp;&nbsp;&nbsp;gn7153_set_ld_imod
<LI><a href="#[40]">&gt;&gt;</a>&nbsp;&nbsp;&nbsp;ibias_i2c_reg_write
<LI><a href="#[15c]">&gt;&gt;</a>&nbsp;&nbsp;&nbsp;sgm2508_set_vea
<LI><a href="#[15a]">&gt;&gt;</a>&nbsp;&nbsp;&nbsp;sgm41295_set_vea
<LI><a href="#[a1]">&gt;&gt;</a>&nbsp;&nbsp;&nbsp;sgm41282c_set_apd
<LI><a href="#[ce]">&gt;&gt;</a>&nbsp;&nbsp;&nbsp;dac_vtec_ctl_set
<LI><a href="#[1b0]">&gt;&gt;</a>&nbsp;&nbsp;&nbsp;__hardfp_log
<LI><a href="#[1b3]">&gt;&gt;</a>&nbsp;&nbsp;&nbsp;__mathlib_dbl_invalid
<LI><a href="#[1b4]">&gt;&gt;</a>&nbsp;&nbsp;&nbsp;__mathlib_dbl_divzero
<LI><a href="#[1c0]">&gt;&gt;</a>&nbsp;&nbsp;&nbsp;_fp_digits
<LI><a href="#[1a6]">&gt;&gt;</a>&nbsp;&nbsp;&nbsp;__hardfp_pow
</UL>

<P><STRONG><a name="[188]"></a>__aeabi_dcmpge</STRONG> (Thumb, 54 bytes, Stack size 12 bytes, dcmpge.o(.text))
<BR><BR>[Stack]<UL><LI>Max Depth = 12<LI>Call Chain = __aeabi_dcmpge
</UL>
<BR>[Called By]<UL><LI><a href="#[189]">&gt;&gt;</a>&nbsp;&nbsp;&nbsp;tec_set_ctl_voltage
<LI><a href="#[186]">&gt;&gt;</a>&nbsp;&nbsp;&nbsp;tec_calc_auto_rth_temp
</UL>

<P><STRONG><a name="[65]"></a>__aeabi_i2d</STRONG> (Thumb, 34 bytes, Stack size 16 bytes, dflti.o(.text))
<BR><BR>[Stack]<UL><LI>Max Depth = 56<LI>Call Chain = __aeabi_i2d &rArr; _double_epilogue &rArr; _double_round
</UL>
<BR>[Calls]<UL><LI><a href="#[5f]">&gt;&gt;</a>&nbsp;&nbsp;&nbsp;_double_epilogue
</UL>
<BR>[Called By]<UL><LI><a href="#[158]">&gt;&gt;</a>&nbsp;&nbsp;&nbsp;om_default_config_flash_read
<LI><a href="#[48]">&gt;&gt;</a>&nbsp;&nbsp;&nbsp;rx_los_hyst_i2c_reg_write
<LI><a href="#[47]">&gt;&gt;</a>&nbsp;&nbsp;&nbsp;rx_los_threshold_i2c_reg_write
<LI><a href="#[44]">&gt;&gt;</a>&nbsp;&nbsp;&nbsp;cpa_i2c_reg_write
<LI><a href="#[46]">&gt;&gt;</a>&nbsp;&nbsp;&nbsp;rx_deemph_i2c_reg_write
<LI><a href="#[45]">&gt;&gt;</a>&nbsp;&nbsp;&nbsp;tx_deemph_i2c_reg_write
<LI><a href="#[42]">&gt;&gt;</a>&nbsp;&nbsp;&nbsp;swing_i2c_reg_write
<LI><a href="#[43]">&gt;&gt;</a>&nbsp;&nbsp;&nbsp;eq_i2c_reg_write
<LI><a href="#[12d]">&gt;&gt;</a>&nbsp;&nbsp;&nbsp;ux3326_set_ld_imod
<LI><a href="#[fa]">&gt;&gt;</a>&nbsp;&nbsp;&nbsp;gn7153_set_ld_imod
<LI><a href="#[41]">&gt;&gt;</a>&nbsp;&nbsp;&nbsp;imod_i2c_reg_write
<LI><a href="#[40]">&gt;&gt;</a>&nbsp;&nbsp;&nbsp;ibias_i2c_reg_write
<LI><a href="#[3f]">&gt;&gt;</a>&nbsp;&nbsp;&nbsp;vea_i2c_vcc_reg_write
<LI><a href="#[3e]">&gt;&gt;</a>&nbsp;&nbsp;&nbsp;soa_i2c_ild_reg_write
<LI><a href="#[3d]">&gt;&gt;</a>&nbsp;&nbsp;&nbsp;apd_i2c_vcc_reg_write
<LI><a href="#[a6]">&gt;&gt;</a>&nbsp;&nbsp;&nbsp;gn7153_get_mpd_ibias
<LI><a href="#[a5]">&gt;&gt;</a>&nbsp;&nbsp;&nbsp;gn7161_get_mpd_ibias
<LI><a href="#[ee]">&gt;&gt;</a>&nbsp;&nbsp;&nbsp;gn7153_get_ld_ibias
<LI><a href="#[107]">&gt;&gt;</a>&nbsp;&nbsp;&nbsp;gn7161_get_ld_ibias
<LI><a href="#[f1]">&gt;&gt;</a>&nbsp;&nbsp;&nbsp;gn7153_get_voltage
<LI><a href="#[10a]">&gt;&gt;</a>&nbsp;&nbsp;&nbsp;gn7161_get_voltage
<LI><a href="#[1b0]">&gt;&gt;</a>&nbsp;&nbsp;&nbsp;__hardfp_log
<LI><a href="#[1a6]">&gt;&gt;</a>&nbsp;&nbsp;&nbsp;__hardfp_pow
<LI><a href="#[a8]">&gt;&gt;</a>&nbsp;&nbsp;&nbsp;__hardfp_log10
<LI><a href="#[18b]">&gt;&gt;</a>&nbsp;&nbsp;&nbsp;tec_get_xtec_voltage
</UL>

<P><STRONG><a name="[66]"></a>__aeabi_d2iz</STRONG> (Thumb, 62 bytes, Stack size 16 bytes, dfixi.o(.text))
<BR><BR>[Stack]<UL><LI>Max Depth = 16<LI>Call Chain = __aeabi_d2iz
</UL>
<BR>[Calls]<UL><LI><a href="#[67]">&gt;&gt;</a>&nbsp;&nbsp;&nbsp;__aeabi_llsr
</UL>
<BR>[Called By]<UL><LI><a href="#[158]">&gt;&gt;</a>&nbsp;&nbsp;&nbsp;om_default_config_flash_read
<LI><a href="#[48]">&gt;&gt;</a>&nbsp;&nbsp;&nbsp;rx_los_hyst_i2c_reg_write
<LI><a href="#[47]">&gt;&gt;</a>&nbsp;&nbsp;&nbsp;rx_los_threshold_i2c_reg_write
<LI><a href="#[44]">&gt;&gt;</a>&nbsp;&nbsp;&nbsp;cpa_i2c_reg_write
<LI><a href="#[46]">&gt;&gt;</a>&nbsp;&nbsp;&nbsp;rx_deemph_i2c_reg_write
<LI><a href="#[45]">&gt;&gt;</a>&nbsp;&nbsp;&nbsp;tx_deemph_i2c_reg_write
<LI><a href="#[42]">&gt;&gt;</a>&nbsp;&nbsp;&nbsp;swing_i2c_reg_write
<LI><a href="#[43]">&gt;&gt;</a>&nbsp;&nbsp;&nbsp;eq_i2c_reg_write
<LI><a href="#[12d]">&gt;&gt;</a>&nbsp;&nbsp;&nbsp;ux3326_set_ld_imod
<LI><a href="#[fa]">&gt;&gt;</a>&nbsp;&nbsp;&nbsp;gn7153_set_ld_imod
<LI><a href="#[41]">&gt;&gt;</a>&nbsp;&nbsp;&nbsp;imod_i2c_reg_write
<LI><a href="#[40]">&gt;&gt;</a>&nbsp;&nbsp;&nbsp;ibias_i2c_reg_write
<LI><a href="#[15c]">&gt;&gt;</a>&nbsp;&nbsp;&nbsp;sgm2508_set_vea
<LI><a href="#[15a]">&gt;&gt;</a>&nbsp;&nbsp;&nbsp;sgm41295_set_vea
<LI><a href="#[a1]">&gt;&gt;</a>&nbsp;&nbsp;&nbsp;sgm41282c_set_apd
<LI><a href="#[1a2]">&gt;&gt;</a>&nbsp;&nbsp;&nbsp;update_om_temperature
<LI><a href="#[ce]">&gt;&gt;</a>&nbsp;&nbsp;&nbsp;dac_vtec_ctl_set
</UL>

<P><STRONG><a name="[68]"></a>__aeabi_d2uiz</STRONG> (Thumb, 50 bytes, Stack size 8 bytes, dfixui.o(.text))
<BR><BR>[Stack]<UL><LI>Max Depth = 8<LI>Call Chain = __aeabi_d2uiz
</UL>
<BR>[Calls]<UL><LI><a href="#[67]">&gt;&gt;</a>&nbsp;&nbsp;&nbsp;__aeabi_llsr
</UL>
<BR>[Called By]<UL><LI><a href="#[186]">&gt;&gt;</a>&nbsp;&nbsp;&nbsp;tec_calc_auto_rth_temp
</UL>

<P><STRONG><a name="[a0]"></a>__aeabi_f2d</STRONG> (Thumb, 38 bytes, Stack size 0 bytes, f2d.o(.text))
<BR><BR>[Called By]<UL><LI><a href="#[40]">&gt;&gt;</a>&nbsp;&nbsp;&nbsp;ibias_i2c_reg_write
<LI><a href="#[15c]">&gt;&gt;</a>&nbsp;&nbsp;&nbsp;sgm2508_set_vea
<LI><a href="#[15a]">&gt;&gt;</a>&nbsp;&nbsp;&nbsp;sgm41295_set_vea
<LI><a href="#[3f]">&gt;&gt;</a>&nbsp;&nbsp;&nbsp;vea_i2c_vcc_reg_write
<LI><a href="#[3e]">&gt;&gt;</a>&nbsp;&nbsp;&nbsp;soa_i2c_ild_reg_write
<LI><a href="#[a1]">&gt;&gt;</a>&nbsp;&nbsp;&nbsp;sgm41282c_set_apd
<LI><a href="#[3d]">&gt;&gt;</a>&nbsp;&nbsp;&nbsp;apd_i2c_vcc_reg_write
<LI><a href="#[1a5]">&gt;&gt;</a>&nbsp;&nbsp;&nbsp;update_om_rx_power
<LI><a href="#[a5]">&gt;&gt;</a>&nbsp;&nbsp;&nbsp;gn7161_get_mpd_ibias
<LI><a href="#[a4]">&gt;&gt;</a>&nbsp;&nbsp;&nbsp;calculate_om_tx_power
<LI><a href="#[1a4]">&gt;&gt;</a>&nbsp;&nbsp;&nbsp;update_om_tx_power
<LI><a href="#[1a1]">&gt;&gt;</a>&nbsp;&nbsp;&nbsp;ux3326_get_ld_ibias
<LI><a href="#[107]">&gt;&gt;</a>&nbsp;&nbsp;&nbsp;gn7161_get_ld_ibias
<LI><a href="#[1a7]">&gt;&gt;</a>&nbsp;&nbsp;&nbsp;ux3326_get_voltage
<LI><a href="#[10a]">&gt;&gt;</a>&nbsp;&nbsp;&nbsp;gn7161_get_voltage
<LI><a href="#[1a2]">&gt;&gt;</a>&nbsp;&nbsp;&nbsp;update_om_temperature
<LI><a href="#[ce]">&gt;&gt;</a>&nbsp;&nbsp;&nbsp;dac_vtec_ctl_set
<LI><a href="#[189]">&gt;&gt;</a>&nbsp;&nbsp;&nbsp;tec_set_ctl_voltage
<LI><a href="#[186]">&gt;&gt;</a>&nbsp;&nbsp;&nbsp;tec_calc_auto_rth_temp
</UL>

<P><STRONG><a name="[69]"></a>__aeabi_d2f</STRONG> (Thumb, 56 bytes, Stack size 8 bytes, d2f.o(.text))
<BR><BR>[Stack]<UL><LI>Max Depth = 8<LI>Call Chain = __aeabi_d2f
</UL>
<BR>[Calls]<UL><LI><a href="#[6a]">&gt;&gt;</a>&nbsp;&nbsp;&nbsp;_float_round
</UL>
<BR>[Called By]<UL><LI><a href="#[158]">&gt;&gt;</a>&nbsp;&nbsp;&nbsp;om_default_config_flash_read
<LI><a href="#[40]">&gt;&gt;</a>&nbsp;&nbsp;&nbsp;ibias_i2c_reg_write
<LI><a href="#[3f]">&gt;&gt;</a>&nbsp;&nbsp;&nbsp;vea_i2c_vcc_reg_write
<LI><a href="#[3e]">&gt;&gt;</a>&nbsp;&nbsp;&nbsp;soa_i2c_ild_reg_write
<LI><a href="#[3d]">&gt;&gt;</a>&nbsp;&nbsp;&nbsp;apd_i2c_vcc_reg_write
<LI><a href="#[1a5]">&gt;&gt;</a>&nbsp;&nbsp;&nbsp;update_om_rx_power
<LI><a href="#[a6]">&gt;&gt;</a>&nbsp;&nbsp;&nbsp;gn7153_get_mpd_ibias
<LI><a href="#[a5]">&gt;&gt;</a>&nbsp;&nbsp;&nbsp;gn7161_get_mpd_ibias
<LI><a href="#[a4]">&gt;&gt;</a>&nbsp;&nbsp;&nbsp;calculate_om_tx_power
<LI><a href="#[1a4]">&gt;&gt;</a>&nbsp;&nbsp;&nbsp;update_om_tx_power
<LI><a href="#[1a1]">&gt;&gt;</a>&nbsp;&nbsp;&nbsp;ux3326_get_ld_ibias
<LI><a href="#[ee]">&gt;&gt;</a>&nbsp;&nbsp;&nbsp;gn7153_get_ld_ibias
<LI><a href="#[107]">&gt;&gt;</a>&nbsp;&nbsp;&nbsp;gn7161_get_ld_ibias
<LI><a href="#[1a7]">&gt;&gt;</a>&nbsp;&nbsp;&nbsp;ux3326_get_voltage
<LI><a href="#[f1]">&gt;&gt;</a>&nbsp;&nbsp;&nbsp;gn7153_get_voltage
<LI><a href="#[10a]">&gt;&gt;</a>&nbsp;&nbsp;&nbsp;gn7161_get_voltage
<LI><a href="#[18b]">&gt;&gt;</a>&nbsp;&nbsp;&nbsp;tec_get_xtec_voltage
<LI><a href="#[186]">&gt;&gt;</a>&nbsp;&nbsp;&nbsp;tec_calc_auto_rth_temp
</UL>

<P><STRONG><a name="[1ce]"></a>__aeabi_uidiv</STRONG> (Thumb, 0 bytes, Stack size 12 bytes, uidiv.o(.text), UNUSED)

<P><STRONG><a name="[1c3]"></a>__aeabi_uidivmod</STRONG> (Thumb, 44 bytes, Stack size 12 bytes, uidiv.o(.text), UNUSED)
<BR><BR>[Called By]<UL><LI><a href="#[1af]">&gt;&gt;</a>&nbsp;&nbsp;&nbsp;_printf_core
</UL>

<P><STRONG><a name="[6b]"></a>__aeabi_uldivmod</STRONG> (Thumb, 98 bytes, Stack size 40 bytes, uldiv.o(.text), UNUSED)
<BR><BR>[Calls]<UL><LI><a href="#[67]">&gt;&gt;</a>&nbsp;&nbsp;&nbsp;__aeabi_llsr
<LI><a href="#[5d]">&gt;&gt;</a>&nbsp;&nbsp;&nbsp;__aeabi_llsl
</UL>
<BR>[Called By]<UL><LI><a href="#[1af]">&gt;&gt;</a>&nbsp;&nbsp;&nbsp;_printf_core
<LI><a href="#[1c0]">&gt;&gt;</a>&nbsp;&nbsp;&nbsp;_fp_digits
</UL>

<P><STRONG><a name="[5d]"></a>__aeabi_llsl</STRONG> (Thumb, 30 bytes, Stack size 0 bytes, llshl.o(.text))
<BR><BR>[Called By]<UL><LI><a href="#[5c]">&gt;&gt;</a>&nbsp;&nbsp;&nbsp;__aeabi_dadd
<LI><a href="#[6b]">&gt;&gt;</a>&nbsp;&nbsp;&nbsp;__aeabi_uldivmod
<LI><a href="#[5f]">&gt;&gt;</a>&nbsp;&nbsp;&nbsp;_double_epilogue
<LI><a href="#[6c]">&gt;&gt;</a>&nbsp;&nbsp;&nbsp;__aeabi_d2ulz
</UL>

<P><STRONG><a name="[1cf]"></a>_ll_shift_l</STRONG> (Thumb, 0 bytes, Stack size 0 bytes, llshl.o(.text), UNUSED)

<P><STRONG><a name="[67]"></a>__aeabi_llsr</STRONG> (Thumb, 32 bytes, Stack size 0 bytes, llushr.o(.text))
<BR><BR>[Called By]<UL><LI><a href="#[66]">&gt;&gt;</a>&nbsp;&nbsp;&nbsp;__aeabi_d2iz
<LI><a href="#[6b]">&gt;&gt;</a>&nbsp;&nbsp;&nbsp;__aeabi_uldivmod
<LI><a href="#[6e]">&gt;&gt;</a>&nbsp;&nbsp;&nbsp;_dsqrt
<LI><a href="#[5f]">&gt;&gt;</a>&nbsp;&nbsp;&nbsp;_double_epilogue
<LI><a href="#[6c]">&gt;&gt;</a>&nbsp;&nbsp;&nbsp;__aeabi_d2ulz
<LI><a href="#[68]">&gt;&gt;</a>&nbsp;&nbsp;&nbsp;__aeabi_d2uiz
</UL>

<P><STRONG><a name="[1d0]"></a>_ll_ushift_r</STRONG> (Thumb, 0 bytes, Stack size 0 bytes, llushr.o(.text), UNUSED)

<P><STRONG><a name="[5e]"></a>__aeabi_lasr</STRONG> (Thumb, 36 bytes, Stack size 0 bytes, llsshr.o(.text))
<BR><BR>[Called By]<UL><LI><a href="#[5c]">&gt;&gt;</a>&nbsp;&nbsp;&nbsp;__aeabi_dadd
</UL>

<P><STRONG><a name="[1d1]"></a>_ll_sshift_r</STRONG> (Thumb, 0 bytes, Stack size 0 bytes, llsshr.o(.text), UNUSED)

<P><STRONG><a name="[1d2]"></a>__I$use$fp</STRONG> (Thumb, 0 bytes, Stack size 0 bytes, iusefp.o(.text), UNUSED)

<P><STRONG><a name="[6a]"></a>_float_round</STRONG> (Thumb, 18 bytes, Stack size 0 bytes, fepilogue.o(.text))
<BR><BR>[Called By]<UL><LI><a href="#[69]">&gt;&gt;</a>&nbsp;&nbsp;&nbsp;__aeabi_d2f
</UL>

<P><STRONG><a name="[1d3]"></a>_float_epilogue</STRONG> (Thumb, 92 bytes, Stack size 4 bytes, fepilogue.o(.text), UNUSED)

<P><STRONG><a name="[60]"></a>_double_round</STRONG> (Thumb, 30 bytes, Stack size 8 bytes, depilogue.o(.text))
<BR><BR>[Stack]<UL><LI>Max Depth = 8<LI>Call Chain = _double_round
</UL>
<BR>[Called By]<UL><LI><a href="#[5c]">&gt;&gt;</a>&nbsp;&nbsp;&nbsp;__aeabi_dadd
<LI><a href="#[64]">&gt;&gt;</a>&nbsp;&nbsp;&nbsp;__aeabi_ddiv
<LI><a href="#[6e]">&gt;&gt;</a>&nbsp;&nbsp;&nbsp;_dsqrt
<LI><a href="#[5f]">&gt;&gt;</a>&nbsp;&nbsp;&nbsp;_double_epilogue
</UL>

<P><STRONG><a name="[5f]"></a>_double_epilogue</STRONG> (Thumb, 156 bytes, Stack size 32 bytes, depilogue.o(.text))
<BR><BR>[Stack]<UL><LI>Max Depth = 40<LI>Call Chain = _double_epilogue &rArr; _double_round
</UL>
<BR>[Calls]<UL><LI><a href="#[67]">&gt;&gt;</a>&nbsp;&nbsp;&nbsp;__aeabi_llsr
<LI><a href="#[5d]">&gt;&gt;</a>&nbsp;&nbsp;&nbsp;__aeabi_llsl
<LI><a href="#[60]">&gt;&gt;</a>&nbsp;&nbsp;&nbsp;_double_round
</UL>
<BR>[Called By]<UL><LI><a href="#[65]">&gt;&gt;</a>&nbsp;&nbsp;&nbsp;__aeabi_i2d
<LI><a href="#[63]">&gt;&gt;</a>&nbsp;&nbsp;&nbsp;__aeabi_dmul
<LI><a href="#[5c]">&gt;&gt;</a>&nbsp;&nbsp;&nbsp;__aeabi_dadd
</UL>

<P><STRONG><a name="[1be]"></a>__ARM_scalbn</STRONG> (Thumb, 46 bytes, Stack size 16 bytes, dscalb.o(.text))
<BR><BR>[Stack]<UL><LI>Max Depth = 16<LI>Call Chain = __ARM_scalbn
</UL>
<BR>[Called By]<UL><LI><a href="#[1a6]">&gt;&gt;</a>&nbsp;&nbsp;&nbsp;__hardfp_pow
</UL>

<P><STRONG><a name="[1d4]"></a>scalbn</STRONG> (Thumb, 0 bytes, Stack size 16 bytes, dscalb.o(.text), UNUSED)

<P><STRONG><a name="[6c]"></a>__aeabi_d2ulz</STRONG> (Thumb, 48 bytes, Stack size 0 bytes, dfixul.o(.text), UNUSED)
<BR><BR>[Calls]<UL><LI><a href="#[67]">&gt;&gt;</a>&nbsp;&nbsp;&nbsp;__aeabi_llsr
<LI><a href="#[5d]">&gt;&gt;</a>&nbsp;&nbsp;&nbsp;__aeabi_llsl
</UL>
<BR>[Called By]<UL><LI><a href="#[1c0]">&gt;&gt;</a>&nbsp;&nbsp;&nbsp;_fp_digits
</UL>

<P><STRONG><a name="[1bd]"></a>__aeabi_cdrcmple</STRONG> (Thumb, 48 bytes, Stack size 0 bytes, cdrcmple.o(.text))
<BR><BR>[Called By]<UL><LI><a href="#[1c0]">&gt;&gt;</a>&nbsp;&nbsp;&nbsp;_fp_digits
<LI><a href="#[1a6]">&gt;&gt;</a>&nbsp;&nbsp;&nbsp;__hardfp_pow
</UL>

<P><STRONG><a name="[58]"></a>__scatterload</STRONG> (Thumb, 28 bytes, Stack size 0 bytes, init.o(.text))
<BR><BR>[Calls]<UL><LI><a href="#[6d]">&gt;&gt;</a>&nbsp;&nbsp;&nbsp;__main_after_scatterload
</UL>
<BR>[Called By]<UL><LI><a href="#[57]">&gt;&gt;</a>&nbsp;&nbsp;&nbsp;_main_scatterload
</UL>

<P><STRONG><a name="[1d5]"></a>__scatterload_rt2</STRONG> (Thumb, 0 bytes, Stack size 0 bytes, init.o(.text), UNUSED)

<P><STRONG><a name="[6e]"></a>_dsqrt</STRONG> (Thumb, 162 bytes, Stack size 32 bytes, dsqrt.o(.text))
<BR><BR>[Stack]<UL><LI>Max Depth = 40<LI>Call Chain = _dsqrt &rArr; _double_round
</UL>
<BR>[Calls]<UL><LI><a href="#[67]">&gt;&gt;</a>&nbsp;&nbsp;&nbsp;__aeabi_llsr
<LI><a href="#[60]">&gt;&gt;</a>&nbsp;&nbsp;&nbsp;_double_round
</UL>
<BR>[Called By]<UL><LI><a href="#[1ba]">&gt;&gt;</a>&nbsp;&nbsp;&nbsp;sqrt
</UL>

<P><STRONG><a name="[1b5]"></a>__aeabi_cdcmpeq</STRONG> (Thumb, 0 bytes, Stack size 0 bytes, cdcmple.o(.text))
<BR><BR>[Called By]<UL><LI><a href="#[1b0]">&gt;&gt;</a>&nbsp;&nbsp;&nbsp;__hardfp_log
</UL>

<P><STRONG><a name="[1d6]"></a>__aeabi_cdcmple</STRONG> (Thumb, 48 bytes, Stack size 0 bytes, cdcmple.o(.text), UNUSED)

<P><STRONG><a name="[1d7]"></a>__decompress</STRONG> (Thumb, 0 bytes, Stack size unknown bytes, __dczerorl2.o(.text), UNUSED)

<P><STRONG><a name="[1d8]"></a>__decompress1</STRONG> (Thumb, 86 bytes, Stack size unknown bytes, __dczerorl2.o(.text), UNUSED)

<P><STRONG><a name="[f]"></a>EXTI0_1_IRQHandler</STRONG> (Thumb, 132 bytes, Stack size 24 bytes, gd32e501_it.o(.text.EXTI0_1_IRQHandler))
<BR><BR>[Stack]<UL><LI>Max Depth = 108<LI>Call Chain = EXTI0_1_IRQHandler &rArr; adc_inserted_channel_sample_average &rArr; get_adc_inserted_channel_sample &rArr; adc_inserted_channel_config
</UL>
<BR>[Calls]<UL><LI><a href="#[73]">&gt;&gt;</a>&nbsp;&nbsp;&nbsp;exti_interrupt_flag_clear
<LI><a href="#[72]">&gt;&gt;</a>&nbsp;&nbsp;&nbsp;sgm41282c_set_rssi_value
<LI><a href="#[71]">&gt;&gt;</a>&nbsp;&nbsp;&nbsp;adc_inserted_channel_sample_average
<LI><a href="#[6f]">&gt;&gt;</a>&nbsp;&nbsp;&nbsp;exti_interrupt_flag_get
<LI><a href="#[70]">&gt;&gt;</a>&nbsp;&nbsp;&nbsp;printf
</UL>
<BR>[Address Reference Count : 1]<UL><LI> startup_gd32e501.o(RESET)
</UL>
<P><STRONG><a name="[2]"></a>HardFault_Handler</STRONG> (Thumb, 4 bytes, Stack size 0 bytes, gd32e501_it.o(.text.HardFault_Handler))
<BR>[Address Reference Count : 1]<UL><LI> startup_gd32e501.o(RESET)
</UL>
<P><STRONG><a name="[26]"></a>I2C0_ER_IRQHandler</STRONG> (Thumb, 2 bytes, Stack size 0 bytes, gd32e501_it.o(.text.I2C0_ER_IRQHandler))
<BR>[Address Reference Count : 1]<UL><LI> startup_gd32e501.o(RESET)
</UL>
<P><STRONG><a name="[20]"></a>I2C0_EV_IRQHandler</STRONG> (Thumb, 16 bytes, Stack size 8 bytes, gd32e501_it.o(.text.I2C0_EV_IRQHandler))
<BR><BR>[Stack]<UL><LI>Max Depth = 52<LI>Call Chain = I2C0_EV_IRQHandler &rArr; master_i2c_event_irq_handler &rArr; i2c_interrupt_flag_get
</UL>
<BR>[Calls]<UL><LI><a href="#[74]">&gt;&gt;</a>&nbsp;&nbsp;&nbsp;master_i2c_event_irq_handler
</UL>
<BR>[Address Reference Count : 1]<UL><LI> startup_gd32e501.o(RESET)
</UL>
<P><STRONG><a name="[27]"></a>I2C1_ER_IRQHandler</STRONG> (Thumb, 2 bytes, Stack size 0 bytes, gd32e501_it.o(.text.I2C1_ER_IRQHandler))
<BR>[Address Reference Count : 1]<UL><LI> startup_gd32e501.o(RESET)
</UL>
<P><STRONG><a name="[21]"></a>I2C1_EV_IRQHandler</STRONG> (Thumb, 16 bytes, Stack size 8 bytes, gd32e501_it.o(.text.I2C1_EV_IRQHandler))
<BR><BR>[Stack]<UL><LI>Max Depth = 52<LI>Call Chain = I2C1_EV_IRQHandler &rArr; master_i2c_event_irq_handler &rArr; i2c_interrupt_flag_get
</UL>
<BR>[Calls]<UL><LI><a href="#[74]">&gt;&gt;</a>&nbsp;&nbsp;&nbsp;master_i2c_event_irq_handler
</UL>
<BR>[Address Reference Count : 1]<UL><LI> startup_gd32e501.o(RESET)
</UL>
<P><STRONG><a name="[29]"></a>I2C2_ER_IRQHandler</STRONG> (Thumb, 2 bytes, Stack size 0 bytes, gd32e501_it.o(.text.I2C2_ER_IRQHandler))
<BR>[Address Reference Count : 1]<UL><LI> startup_gd32e501.o(RESET)
</UL>
<P><STRONG><a name="[28]"></a>I2C2_EV_IRQHandler</STRONG> (Thumb, 16 bytes, Stack size 8 bytes, gd32e501_it.o(.text.I2C2_EV_IRQHandler))
<BR><BR>[Stack]<UL><LI>Max Depth = 64<LI>Call Chain = I2C2_EV_IRQHandler &rArr; slave_event_irq_handler &rArr; printf
</UL>
<BR>[Calls]<UL><LI><a href="#[75]">&gt;&gt;</a>&nbsp;&nbsp;&nbsp;slave_event_irq_handler
</UL>
<BR>[Address Reference Count : 1]<UL><LI> startup_gd32e501.o(RESET)
</UL>
<P><STRONG><a name="[1]"></a>NMI_Handler</STRONG> (Thumb, 2 bytes, Stack size 0 bytes, gd32e501_it.o(.text.NMI_Handler))
<BR>[Address Reference Count : 1]<UL><LI> startup_gd32e501.o(RESET)
</UL>
<P><STRONG><a name="[8]"></a>PendSV_Handler</STRONG> (Thumb, 2 bytes, Stack size 0 bytes, gd32e501_it.o(.text.PendSV_Handler))
<BR>[Address Reference Count : 1]<UL><LI> startup_gd32e501.o(RESET)
</UL>
<P><STRONG><a name="[6]"></a>SVC_Handler</STRONG> (Thumb, 2 bytes, Stack size 0 bytes, gd32e501_it.o(.text.SVC_Handler))
<BR>[Address Reference Count : 1]<UL><LI> startup_gd32e501.o(RESET)
</UL>
<P><STRONG><a name="[9]"></a>SysTick_Handler</STRONG> (Thumb, 22 bytes, Stack size 8 bytes, gd32e501_it.o(.text.SysTick_Handler))
<BR><BR>[Stack]<UL><LI>Max Depth = 8<LI>Call Chain = SysTick_Handler
</UL>
<BR>[Calls]<UL><LI><a href="#[78]">&gt;&gt;</a>&nbsp;&nbsp;&nbsp;delay_decrement
</UL>
<BR>[Address Reference Count : 1]<UL><LI> startup_gd32e501.o(RESET)
</UL>
<P><STRONG><a name="[30]"></a>SystemInit</STRONG> (Thumb, 316 bytes, Stack size 16 bytes, system_gd32e501.o(.text.SystemInit))
<BR><BR>[Stack]<UL><LI>Max Depth = 40<LI>Call Chain = SystemInit &rArr; system_clock_config &rArr; system_clock_100m_irc8m
</UL>
<BR>[Calls]<UL><LI><a href="#[7a]">&gt;&gt;</a>&nbsp;&nbsp;&nbsp;nvic_vector_table_set
<LI><a href="#[79]">&gt;&gt;</a>&nbsp;&nbsp;&nbsp;system_clock_config
</UL>
<BR>[Address Reference Count : 1]<UL><LI> startup_gd32e501.o(.text)
</UL>
<P><STRONG><a name="[1c]"></a>TIMER13_IRQHandler</STRONG> (Thumb, 54 bytes, Stack size 8 bytes, gd32e501_it.o(.text.TIMER13_IRQHandler))
<BR><BR>[Stack]<UL><LI>Max Depth = 24<LI>Call Chain = TIMER13_IRQHandler &rArr; timer_interrupt_flag_get
</UL>
<BR>[Calls]<UL><LI><a href="#[7c]">&gt;&gt;</a>&nbsp;&nbsp;&nbsp;timer_interrupt_flag_clear
<LI><a href="#[7b]">&gt;&gt;</a>&nbsp;&nbsp;&nbsp;timer_interrupt_flag_get
</UL>
<BR>[Address Reference Count : 1]<UL><LI> startup_gd32e501.o(RESET)
</UL>
<P><STRONG><a name="[24]"></a>USART0_IRQHandler</STRONG> (Thumb, 202 bytes, Stack size 16 bytes, gd32e501_it.o(.text.USART0_IRQHandler))
<BR><BR>[Stack]<UL><LI>Max Depth = 36<LI>Call Chain = USART0_IRQHandler &rArr; usart_interrupt_flag_get
</UL>
<BR>[Calls]<UL><LI><a href="#[80]">&gt;&gt;</a>&nbsp;&nbsp;&nbsp;usart_data_transmit
<LI><a href="#[7f]">&gt;&gt;</a>&nbsp;&nbsp;&nbsp;usart_interrupt_disable
<LI><a href="#[7e]">&gt;&gt;</a>&nbsp;&nbsp;&nbsp;usart_data_receive
<LI><a href="#[7d]">&gt;&gt;</a>&nbsp;&nbsp;&nbsp;usart_interrupt_flag_get
</UL>
<BR>[Address Reference Count : 1]<UL><LI> startup_gd32e501.o(RESET)
</UL>
<P><STRONG><a name="[169]"></a>adc_calc_temp_value</STRONG> (Thumb, 206 bytes, Stack size 24 bytes, mcu_system_comm.o(.text.adc_calc_temp_value))
<BR><BR>[Stack]<UL><LI>Max Depth = 24<LI>Call Chain = adc_calc_temp_value
</UL>
<BR>[Called By]<UL><LI><a href="#[e9]">&gt;&gt;</a>&nbsp;&nbsp;&nbsp;search_bisection_temp_by_adc
</UL>

<P><STRONG><a name="[95]"></a>adc_calibration_enable</STRONG> (Thumb, 78 bytes, Stack size 0 bytes, gd32e501_adc.o(.text.adc_calibration_enable))
<BR><BR>[Called By]<UL><LI><a href="#[8c]">&gt;&gt;</a>&nbsp;&nbsp;&nbsp;adc_module_config_init
</UL>

<P><STRONG><a name="[91]"></a>adc_channel_length_config</STRONG> (Thumb, 116 bytes, Stack size 12 bytes, gd32e501_adc.o(.text.adc_channel_length_config))
<BR><BR>[Stack]<UL><LI>Max Depth = 12<LI>Call Chain = adc_channel_length_config
</UL>
<BR>[Called By]<UL><LI><a href="#[8c]">&gt;&gt;</a>&nbsp;&nbsp;&nbsp;adc_module_config_init
</UL>

<P><STRONG><a name="[81]"></a>adc_channel_sample_average</STRONG> (Thumb, 90 bytes, Stack size 24 bytes, adc_comm.o(.text.adc_channel_sample_average))
<BR><BR>[Stack]<UL><LI>Max Depth = 36<LI>Call Chain = adc_channel_sample_average &rArr; fh_delay_us
</UL>
<BR>[Calls]<UL><LI><a href="#[82]">&gt;&gt;</a>&nbsp;&nbsp;&nbsp;adc_get_dma_data_channel
<LI><a href="#[83]">&gt;&gt;</a>&nbsp;&nbsp;&nbsp;fh_delay_us
</UL>
<BR>[Called By]<UL><LI><a href="#[a3]">&gt;&gt;</a>&nbsp;&nbsp;&nbsp;sgm41282c_get_rssi_value
<LI><a href="#[e8]">&gt;&gt;</a>&nbsp;&nbsp;&nbsp;get_case_therm_temperature
<LI><a href="#[18b]">&gt;&gt;</a>&nbsp;&nbsp;&nbsp;tec_get_xtec_voltage
<LI><a href="#[49]">&gt;&gt;</a>&nbsp;&nbsp;&nbsp;tec_i2_ctl_temperature_reg_read
<LI><a href="#[187]">&gt;&gt;</a>&nbsp;&nbsp;&nbsp;tec_get_therm_temperature
</UL>

<P><STRONG><a name="[90]"></a>adc_data_alignment_config</STRONG> (Thumb, 50 bytes, Stack size 4 bytes, gd32e501_adc.o(.text.adc_data_alignment_config))
<BR><BR>[Stack]<UL><LI>Max Depth = 4<LI>Call Chain = adc_data_alignment_config
</UL>
<BR>[Called By]<UL><LI><a href="#[8c]">&gt;&gt;</a>&nbsp;&nbsp;&nbsp;adc_module_config_init
</UL>

<P><STRONG><a name="[84]"></a>adc_dma_config_init</STRONG> (Thumb, 102 bytes, Stack size 48 bytes, adc_comm.o(.text.adc_dma_config_init))
<BR><BR>[Stack]<UL><LI>Max Depth = 76<LI>Call Chain = adc_dma_config_init &rArr; dma_init &rArr; dma_channel_disable
</UL>
<BR>[Calls]<UL><LI><a href="#[88]">&gt;&gt;</a>&nbsp;&nbsp;&nbsp;dma_channel_enable
<LI><a href="#[87]">&gt;&gt;</a>&nbsp;&nbsp;&nbsp;dma_circulation_enable
<LI><a href="#[86]">&gt;&gt;</a>&nbsp;&nbsp;&nbsp;dma_init
<LI><a href="#[85]">&gt;&gt;</a>&nbsp;&nbsp;&nbsp;dma_deinit
</UL>
<BR>[Called By]<UL><LI><a href="#[98]">&gt;&gt;</a>&nbsp;&nbsp;&nbsp;adc_periph_config
</UL>

<P><STRONG><a name="[96]"></a>adc_dma_mode_enable</STRONG> (Thumb, 18 bytes, Stack size 0 bytes, gd32e501_adc.o(.text.adc_dma_mode_enable))
<BR><BR>[Called By]<UL><LI><a href="#[8c]">&gt;&gt;</a>&nbsp;&nbsp;&nbsp;adc_module_config_init
</UL>

<P><STRONG><a name="[93]"></a>adc_enable</STRONG> (Thumb, 36 bytes, Stack size 0 bytes, gd32e501_adc.o(.text.adc_enable))
<BR><BR>[Called By]<UL><LI><a href="#[8c]">&gt;&gt;</a>&nbsp;&nbsp;&nbsp;adc_module_config_init
</UL>

<P><STRONG><a name="[8f]"></a>adc_external_trigger_config</STRONG> (Thumb, 142 bytes, Stack size 4 bytes, gd32e501_adc.o(.text.adc_external_trigger_config))
<BR><BR>[Stack]<UL><LI>Max Depth = 4<LI>Call Chain = adc_external_trigger_config
</UL>
<BR>[Called By]<UL><LI><a href="#[8c]">&gt;&gt;</a>&nbsp;&nbsp;&nbsp;adc_module_config_init
</UL>

<P><STRONG><a name="[8e]"></a>adc_external_trigger_source_config</STRONG> (Thumb, 100 bytes, Stack size 12 bytes, gd32e501_adc.o(.text.adc_external_trigger_source_config))
<BR><BR>[Stack]<UL><LI>Max Depth = 12<LI>Call Chain = adc_external_trigger_source_config
</UL>
<BR>[Called By]<UL><LI><a href="#[8c]">&gt;&gt;</a>&nbsp;&nbsp;&nbsp;adc_module_config_init
</UL>

<P><STRONG><a name="[e6]"></a>adc_flag_clear</STRONG> (Thumb, 24 bytes, Stack size 4 bytes, gd32e501_adc.o(.text.adc_flag_clear))
<BR><BR>[Stack]<UL><LI>Max Depth = 4<LI>Call Chain = adc_flag_clear
</UL>
<BR>[Called By]<UL><LI><a href="#[8b]">&gt;&gt;</a>&nbsp;&nbsp;&nbsp;get_adc_inserted_channel_sample
</UL>

<P><STRONG><a name="[e5]"></a>adc_flag_get</STRONG> (Thumb, 44 bytes, Stack size 8 bytes, gd32e501_adc.o(.text.adc_flag_get))
<BR><BR>[Stack]<UL><LI>Max Depth = 8<LI>Call Chain = adc_flag_get
</UL>
<BR>[Called By]<UL><LI><a href="#[8b]">&gt;&gt;</a>&nbsp;&nbsp;&nbsp;get_adc_inserted_channel_sample
</UL>

<P><STRONG><a name="[82]"></a>adc_get_dma_data_channel</STRONG> (Thumb, 124 bytes, Stack size 8 bytes, adc_comm.o(.text.adc_get_dma_data_channel))
<BR><BR>[Stack]<UL><LI>Max Depth = 8<LI>Call Chain = adc_get_dma_data_channel
</UL>
<BR>[Called By]<UL><LI><a href="#[81]">&gt;&gt;</a>&nbsp;&nbsp;&nbsp;adc_channel_sample_average
</UL>

<P><STRONG><a name="[89]"></a>adc_gpio_init</STRONG> (Thumb, 106 bytes, Stack size 32 bytes, adc_comm.o(.text.adc_gpio_init))
<BR><BR>[Stack]<UL><LI>Max Depth = 60<LI>Call Chain = adc_gpio_init &rArr; gpio_mode_set
</UL>
<BR>[Calls]<UL><LI><a href="#[8a]">&gt;&gt;</a>&nbsp;&nbsp;&nbsp;gpio_mode_set
</UL>
<BR>[Called By]<UL><LI><a href="#[98]">&gt;&gt;</a>&nbsp;&nbsp;&nbsp;adc_periph_config
</UL>

<P><STRONG><a name="[e4]"></a>adc_inserted_channel_config</STRONG> (Thumb, 250 bytes, Stack size 20 bytes, gd32e501_adc.o(.text.adc_inserted_channel_config))
<BR><BR>[Stack]<UL><LI>Max Depth = 20<LI>Call Chain = adc_inserted_channel_config
</UL>
<BR>[Called By]<UL><LI><a href="#[8b]">&gt;&gt;</a>&nbsp;&nbsp;&nbsp;get_adc_inserted_channel_sample
</UL>

<P><STRONG><a name="[71]"></a>adc_inserted_channel_sample_average</STRONG> (Thumb, 142 bytes, Stack size 40 bytes, adc_comm.o(.text.adc_inserted_channel_sample_average))
<BR><BR>[Stack]<UL><LI>Max Depth = 84<LI>Call Chain = adc_inserted_channel_sample_average &rArr; get_adc_inserted_channel_sample &rArr; adc_inserted_channel_config
</UL>
<BR>[Calls]<UL><LI><a href="#[8b]">&gt;&gt;</a>&nbsp;&nbsp;&nbsp;get_adc_inserted_channel_sample
<LI><a href="#[83]">&gt;&gt;</a>&nbsp;&nbsp;&nbsp;fh_delay_us
</UL>
<BR>[Called By]<UL><LI><a href="#[f]">&gt;&gt;</a>&nbsp;&nbsp;&nbsp;EXTI0_1_IRQHandler
</UL>

<P><STRONG><a name="[e7]"></a>adc_inserted_data_read</STRONG> (Thumb, 98 bytes, Stack size 12 bytes, gd32e501_adc.o(.text.adc_inserted_data_read))
<BR><BR>[Stack]<UL><LI>Max Depth = 12<LI>Call Chain = adc_inserted_data_read
</UL>
<BR>[Called By]<UL><LI><a href="#[8b]">&gt;&gt;</a>&nbsp;&nbsp;&nbsp;get_adc_inserted_channel_sample
</UL>

<P><STRONG><a name="[8c]"></a>adc_module_config_init</STRONG> (Thumb, 178 bytes, Stack size 32 bytes, adc_comm.o(.text.adc_module_config_init))
<BR><BR>[Stack]<UL><LI>Max Depth = 48<LI>Call Chain = adc_module_config_init &rArr; adc_regular_channel_config
</UL>
<BR>[Calls]<UL><LI><a href="#[97]">&gt;&gt;</a>&nbsp;&nbsp;&nbsp;adc_software_trigger_enable
<LI><a href="#[96]">&gt;&gt;</a>&nbsp;&nbsp;&nbsp;adc_dma_mode_enable
<LI><a href="#[95]">&gt;&gt;</a>&nbsp;&nbsp;&nbsp;adc_calibration_enable
<LI><a href="#[93]">&gt;&gt;</a>&nbsp;&nbsp;&nbsp;adc_enable
<LI><a href="#[92]">&gt;&gt;</a>&nbsp;&nbsp;&nbsp;adc_regular_channel_config
<LI><a href="#[91]">&gt;&gt;</a>&nbsp;&nbsp;&nbsp;adc_channel_length_config
<LI><a href="#[90]">&gt;&gt;</a>&nbsp;&nbsp;&nbsp;adc_data_alignment_config
<LI><a href="#[8f]">&gt;&gt;</a>&nbsp;&nbsp;&nbsp;adc_external_trigger_config
<LI><a href="#[8e]">&gt;&gt;</a>&nbsp;&nbsp;&nbsp;adc_external_trigger_source_config
<LI><a href="#[8d]">&gt;&gt;</a>&nbsp;&nbsp;&nbsp;adc_special_function_config
<LI><a href="#[94]">&gt;&gt;</a>&nbsp;&nbsp;&nbsp;system_delay_ms
</UL>
<BR>[Called By]<UL><LI><a href="#[98]">&gt;&gt;</a>&nbsp;&nbsp;&nbsp;adc_periph_config
</UL>

<P><STRONG><a name="[98]"></a>adc_periph_config</STRONG> (Thumb, 16 bytes, Stack size 8 bytes, adc_comm.o(.text.adc_periph_config))
<BR><BR>[Stack]<UL><LI>Max Depth = 84<LI>Call Chain = adc_periph_config &rArr; adc_dma_config_init &rArr; dma_init &rArr; dma_channel_disable
</UL>
<BR>[Calls]<UL><LI><a href="#[8c]">&gt;&gt;</a>&nbsp;&nbsp;&nbsp;adc_module_config_init
<LI><a href="#[84]">&gt;&gt;</a>&nbsp;&nbsp;&nbsp;adc_dma_config_init
<LI><a href="#[89]">&gt;&gt;</a>&nbsp;&nbsp;&nbsp;adc_gpio_init
</UL>
<BR>[Called By]<UL><LI><a href="#[2f]">&gt;&gt;</a>&nbsp;&nbsp;&nbsp;main
</UL>

<P><STRONG><a name="[92]"></a>adc_regular_channel_config</STRONG> (Thumb, 390 bytes, Stack size 16 bytes, gd32e501_adc.o(.text.adc_regular_channel_config))
<BR><BR>[Stack]<UL><LI>Max Depth = 16<LI>Call Chain = adc_regular_channel_config
</UL>
<BR>[Called By]<UL><LI><a href="#[8c]">&gt;&gt;</a>&nbsp;&nbsp;&nbsp;adc_module_config_init
</UL>

<P><STRONG><a name="[97]"></a>adc_software_trigger_enable</STRONG> (Thumb, 68 bytes, Stack size 4 bytes, gd32e501_adc.o(.text.adc_software_trigger_enable))
<BR><BR>[Stack]<UL><LI>Max Depth = 4<LI>Call Chain = adc_software_trigger_enable
</UL>
<BR>[Called By]<UL><LI><a href="#[8b]">&gt;&gt;</a>&nbsp;&nbsp;&nbsp;get_adc_inserted_channel_sample
<LI><a href="#[8c]">&gt;&gt;</a>&nbsp;&nbsp;&nbsp;adc_module_config_init
</UL>

<P><STRONG><a name="[8d]"></a>adc_special_function_config</STRONG> (Thumb, 200 bytes, Stack size 8 bytes, gd32e501_adc.o(.text.adc_special_function_config))
<BR><BR>[Stack]<UL><LI>Max Depth = 8<LI>Call Chain = adc_special_function_config
</UL>
<BR>[Called By]<UL><LI><a href="#[8c]">&gt;&gt;</a>&nbsp;&nbsp;&nbsp;adc_module_config_init
</UL>

<P><STRONG><a name="[99]"></a>apc_auto_enable_reg_write</STRONG> (Thumb, 138 bytes, Stack size 16 bytes, sff_8472.o(.text.apc_auto_enable_reg_write))
<BR><BR>[Stack]<UL><LI>Max Depth = 168<LI>Call Chain = apc_auto_enable_reg_write &rArr; gn7161_apc_auto_enable_ctrl &rArr; master_reg_2byte_size_read &rArr; master_reg_byte_read &rArr; get_master_i2c_by_dev_address
</UL>
<BR>[Calls]<UL><LI><a href="#[9b]">&gt;&gt;</a>&nbsp;&nbsp;&nbsp;gn7153_apc_auto_enable_ctrl
<LI><a href="#[9a]">&gt;&gt;</a>&nbsp;&nbsp;&nbsp;gn7161_apc_auto_enable_ctrl
</UL>
<BR>[Called By]<UL><LI><a href="#[50]">&gt;&gt;</a>&nbsp;&nbsp;&nbsp;cmd_command_map_reg_write
</UL>

<P><STRONG><a name="[9c]"></a>apc_target_voltage_reg_write</STRONG> (Thumb, 156 bytes, Stack size 24 bytes, sff_8472.o(.text.apc_target_voltage_reg_write))
<BR><BR>[Stack]<UL><LI>Max Depth = 112<LI>Call Chain = apc_target_voltage_reg_write &rArr; gn7161_apc_target_voltage &rArr; master_reg_byte_write &rArr; get_master_i2c_by_dev_address
</UL>
<BR>[Calls]<UL><LI><a href="#[9e]">&gt;&gt;</a>&nbsp;&nbsp;&nbsp;gn7153_apc_target_voltage
<LI><a href="#[9d]">&gt;&gt;</a>&nbsp;&nbsp;&nbsp;gn7161_apc_target_voltage
</UL>
<BR>[Called By]<UL><LI><a href="#[50]">&gt;&gt;</a>&nbsp;&nbsp;&nbsp;cmd_command_map_reg_write
</UL>

<P><STRONG><a name="[3d]"></a>apd_i2c_vcc_reg_write</STRONG> (Thumb, 464 bytes, Stack size 48 bytes, sff_8472.o(.text.apd_i2c_vcc_reg_write))
<BR><BR>[Stack]<UL><LI>Max Depth = 152<LI>Call Chain = apd_i2c_vcc_reg_write &rArr; sgm41282c_set_apd &rArr; __aeabi_dmul &rArr; _double_epilogue &rArr; _double_round
</UL>
<BR>[Calls]<UL><LI><a href="#[a1]">&gt;&gt;</a>&nbsp;&nbsp;&nbsp;sgm41282c_set_apd
<LI><a href="#[65]">&gt;&gt;</a>&nbsp;&nbsp;&nbsp;__aeabi_i2d
<LI><a href="#[63]">&gt;&gt;</a>&nbsp;&nbsp;&nbsp;__aeabi_dmul
<LI><a href="#[69]">&gt;&gt;</a>&nbsp;&nbsp;&nbsp;__aeabi_d2f
<LI><a href="#[5c]">&gt;&gt;</a>&nbsp;&nbsp;&nbsp;__aeabi_dadd
<LI><a href="#[a0]">&gt;&gt;</a>&nbsp;&nbsp;&nbsp;__aeabi_f2d
<LI><a href="#[9f]">&gt;&gt;</a>&nbsp;&nbsp;&nbsp;get_u16
<LI><a href="#[70]">&gt;&gt;</a>&nbsp;&nbsp;&nbsp;printf
</UL>
<BR>[Address Reference Count : 1]<UL><LI> main.o(.text.i2c_cmd_register_init)
</UL>
<P><STRONG><a name="[d8]"></a>calc_temp_value</STRONG> (Thumb, 168 bytes, Stack size 20 bytes, tec_comm.o(.text.calc_temp_value))
<BR><BR>[Stack]<UL><LI>Max Depth = 20<LI>Call Chain = calc_temp_value
</UL>
<BR>[Called By]<UL><LI><a href="#[d7]">&gt;&gt;</a>&nbsp;&nbsp;&nbsp;find_adc_temp
</UL>

<P><STRONG><a name="[a2]"></a>calculate_om_rx_power</STRONG> (Thumb, 370 bytes, Stack size 32 bytes, sff_8472.o(.text.calculate_om_rx_power))
<BR><BR>[Stack]<UL><LI>Max Depth = 84<LI>Call Chain = calculate_om_rx_power &rArr; sgm41282c_get_rssi_value &rArr; adc_channel_sample_average &rArr; fh_delay_us
</UL>
<BR>[Calls]<UL><LI><a href="#[a3]">&gt;&gt;</a>&nbsp;&nbsp;&nbsp;sgm41282c_get_rssi_value
</UL>
<BR>[Called By]<UL><LI><a href="#[1a5]">&gt;&gt;</a>&nbsp;&nbsp;&nbsp;update_om_rx_power
</UL>

<P><STRONG><a name="[a4]"></a>calculate_om_tx_power</STRONG> (Thumb, 248 bytes, Stack size 32 bytes, sff_8472.o(.text.calculate_om_tx_power))
<BR><BR>[Stack]<UL><LI>Max Depth = 280<LI>Call Chain = calculate_om_tx_power &rArr; __hardfp_log10 &rArr; log &rArr; __hardfp_log &rArr; __kernel_poly &rArr; __aeabi_dmul &rArr; _double_epilogue &rArr; _double_round
</UL>
<BR>[Calls]<UL><LI><a href="#[63]">&gt;&gt;</a>&nbsp;&nbsp;&nbsp;__aeabi_dmul
<LI><a href="#[a7]">&gt;&gt;</a>&nbsp;&nbsp;&nbsp;ux3326_get_mpd_ibias
<LI><a href="#[a6]">&gt;&gt;</a>&nbsp;&nbsp;&nbsp;gn7153_get_mpd_ibias
<LI><a href="#[a5]">&gt;&gt;</a>&nbsp;&nbsp;&nbsp;gn7161_get_mpd_ibias
<LI><a href="#[69]">&gt;&gt;</a>&nbsp;&nbsp;&nbsp;__aeabi_d2f
<LI><a href="#[a0]">&gt;&gt;</a>&nbsp;&nbsp;&nbsp;__aeabi_f2d
<LI><a href="#[a8]">&gt;&gt;</a>&nbsp;&nbsp;&nbsp;__hardfp_log10
</UL>
<BR>[Called By]<UL><LI><a href="#[1a4]">&gt;&gt;</a>&nbsp;&nbsp;&nbsp;update_om_tx_power
</UL>

<P><STRONG><a name="[50]"></a>cmd_command_map_reg_write</STRONG> (Thumb, 102 bytes, Stack size 24 bytes, mcu_config_public.o(.text.cmd_command_map_reg_write))
<BR><BR>[Stack]<UL><LI>Max Depth = 192<LI>Call Chain = cmd_command_map_reg_write &rArr; apc_auto_enable_reg_write &rArr; gn7161_apc_auto_enable_ctrl &rArr; master_reg_2byte_size_read &rArr; master_reg_byte_read &rArr; get_master_i2c_by_dev_address
</UL>
<BR>[Calls]<UL><LI><a href="#[9c]">&gt;&gt;</a>&nbsp;&nbsp;&nbsp;apc_target_voltage_reg_write
<LI><a href="#[99]">&gt;&gt;</a>&nbsp;&nbsp;&nbsp;apc_auto_enable_reg_write
<LI><a href="#[aa]">&gt;&gt;</a>&nbsp;&nbsp;&nbsp;om_erase_data_config_flash
<LI><a href="#[a9]">&gt;&gt;</a>&nbsp;&nbsp;&nbsp;om_save_data_config_flash
</UL>
<BR>[Address Reference Count : 1]<UL><LI> main.o(.text.i2c_cmd_register_init)
</UL>
<P><STRONG><a name="[ab]"></a>com_usart_gpio_config</STRONG> (Thumb, 94 bytes, Stack size 32 bytes, com_usart_comm.o(.text.com_usart_gpio_config))
<BR><BR>[Stack]<UL><LI>Max Depth = 60<LI>Call Chain = com_usart_gpio_config &rArr; gpio_mode_set
</UL>
<BR>[Calls]<UL><LI><a href="#[ad]">&gt;&gt;</a>&nbsp;&nbsp;&nbsp;gpio_output_options_set
<LI><a href="#[8a]">&gt;&gt;</a>&nbsp;&nbsp;&nbsp;gpio_mode_set
<LI><a href="#[ac]">&gt;&gt;</a>&nbsp;&nbsp;&nbsp;gpio_af_set
</UL>
<BR>[Called By]<UL><LI><a href="#[ae]">&gt;&gt;</a>&nbsp;&nbsp;&nbsp;com_usart_init
</UL>

<P><STRONG><a name="[ae]"></a>com_usart_init</STRONG> (Thumb, 92 bytes, Stack size 16 bytes, com_usart_comm.o(.text.com_usart_init))
<BR><BR>[Stack]<UL><LI>Max Depth = 168<LI>Call Chain = com_usart_init &rArr; usart_baudrate_set &rArr; rcu_clock_freq_get
</UL>
<BR>[Calls]<UL><LI><a href="#[b7]">&gt;&gt;</a>&nbsp;&nbsp;&nbsp;usart_interrupt_enable
<LI><a href="#[b6]">&gt;&gt;</a>&nbsp;&nbsp;&nbsp;usart_enable
<LI><a href="#[b5]">&gt;&gt;</a>&nbsp;&nbsp;&nbsp;usart_transmit_config
<LI><a href="#[b4]">&gt;&gt;</a>&nbsp;&nbsp;&nbsp;usart_receive_config
<LI><a href="#[b3]">&gt;&gt;</a>&nbsp;&nbsp;&nbsp;usart_baudrate_set
<LI><a href="#[b2]">&gt;&gt;</a>&nbsp;&nbsp;&nbsp;usart_parity_config
<LI><a href="#[b1]">&gt;&gt;</a>&nbsp;&nbsp;&nbsp;usart_stop_bit_set
<LI><a href="#[b0]">&gt;&gt;</a>&nbsp;&nbsp;&nbsp;usart_word_length_set
<LI><a href="#[af]">&gt;&gt;</a>&nbsp;&nbsp;&nbsp;usart_deinit
<LI><a href="#[ab]">&gt;&gt;</a>&nbsp;&nbsp;&nbsp;com_usart_gpio_config
</UL>
<BR>[Called By]<UL><LI><a href="#[2f]">&gt;&gt;</a>&nbsp;&nbsp;&nbsp;main
</UL>

<P><STRONG><a name="[b8]"></a>comm_update_flash_finish_one_page</STRONG> (Thumb, 106 bytes, Stack size 16 bytes, update_comm.o(.text.comm_update_flash_finish_one_page))
<BR><BR>[Stack]<UL><LI>Max Depth = 148<LI>Call Chain = comm_update_flash_finish_one_page &rArr; flash_write &rArr; fmc_doubleword_program &rArr; fmc_bank1_ready_wait &rArr; fmc_bank1_state_get
</UL>
<BR>[Calls]<UL><LI><a href="#[b9]">&gt;&gt;</a>&nbsp;&nbsp;&nbsp;fmc_erase_single_page
<LI><a href="#[ba]">&gt;&gt;</a>&nbsp;&nbsp;&nbsp;flash_write
<LI><a href="#[70]">&gt;&gt;</a>&nbsp;&nbsp;&nbsp;printf
</UL>
<BR>[Called By]<UL><LI><a href="#[bb]">&gt;&gt;</a>&nbsp;&nbsp;&nbsp;comm_update_write_mem_one_page_to_flash
</UL>

<P><STRONG><a name="[bb]"></a>comm_update_write_mem_one_page_to_flash</STRONG> (Thumb, 278 bytes, Stack size 48 bytes, update_comm.o(.text.comm_update_write_mem_one_page_to_flash))
<BR><BR>[Stack]<UL><LI>Max Depth = 196<LI>Call Chain = comm_update_write_mem_one_page_to_flash &rArr; comm_update_flash_finish_one_page &rArr; flash_write &rArr; fmc_doubleword_program &rArr; fmc_bank1_ready_wait &rArr; fmc_bank1_state_get
</UL>
<BR>[Calls]<UL><LI><a href="#[59]">&gt;&gt;</a>&nbsp;&nbsp;&nbsp;__aeabi_memclr
<LI><a href="#[bc]">&gt;&gt;</a>&nbsp;&nbsp;&nbsp;__aeabi_memcpy
<LI><a href="#[b8]">&gt;&gt;</a>&nbsp;&nbsp;&nbsp;comm_update_flash_finish_one_page
</UL>
<BR>[Called By]<UL><LI><a href="#[38]">&gt;&gt;</a>&nbsp;&nbsp;&nbsp;update_firmware_write_reg_byte
<LI><a href="#[37]">&gt;&gt;</a>&nbsp;&nbsp;&nbsp;update_app_write_reg_byte
</UL>

<P><STRONG><a name="[bd]"></a>comm_update_write_to_flash</STRONG> (Thumb, 334 bytes, Stack size 32 bytes, update_comm.o(.text.comm_update_write_to_flash))
<BR><BR>[Stack]<UL><LI>Max Depth = 164<LI>Call Chain = comm_update_write_to_flash &rArr; flash_write &rArr; fmc_doubleword_program &rArr; fmc_bank1_ready_wait &rArr; fmc_bank1_state_get
</UL>
<BR>[Calls]<UL><LI><a href="#[b9]">&gt;&gt;</a>&nbsp;&nbsp;&nbsp;fmc_erase_single_page
<LI><a href="#[ba]">&gt;&gt;</a>&nbsp;&nbsp;&nbsp;flash_write
<LI><a href="#[70]">&gt;&gt;</a>&nbsp;&nbsp;&nbsp;printf
<LI><a href="#[be]">&gt;&gt;</a>&nbsp;&nbsp;&nbsp;upate_mem_is_alloc
</UL>
<BR>[Called By]<UL><LI><a href="#[38]">&gt;&gt;</a>&nbsp;&nbsp;&nbsp;update_firmware_write_reg_byte
<LI><a href="#[37]">&gt;&gt;</a>&nbsp;&nbsp;&nbsp;update_app_write_reg_byte
</UL>

<P><STRONG><a name="[44]"></a>cpa_i2c_reg_write</STRONG> (Thumb, 344 bytes, Stack size 24 bytes, sff_8472.o(.text.cpa_i2c_reg_write))
<BR><BR>[Stack]<UL><LI>Max Depth = 112<LI>Call Chain = cpa_i2c_reg_write &rArr; __aeabi_dmul &rArr; _double_epilogue &rArr; _double_round
</UL>
<BR>[Calls]<UL><LI><a href="#[c1]">&gt;&gt;</a>&nbsp;&nbsp;&nbsp;ux3326_set_tx_ld_cpa
<LI><a href="#[c0]">&gt;&gt;</a>&nbsp;&nbsp;&nbsp;gn7153_set_tx_ld_cpa
<LI><a href="#[bf]">&gt;&gt;</a>&nbsp;&nbsp;&nbsp;gn7161_set_tx_ld_cpa
<LI><a href="#[65]">&gt;&gt;</a>&nbsp;&nbsp;&nbsp;__aeabi_i2d
<LI><a href="#[63]">&gt;&gt;</a>&nbsp;&nbsp;&nbsp;__aeabi_dmul
<LI><a href="#[66]">&gt;&gt;</a>&nbsp;&nbsp;&nbsp;__aeabi_d2iz
<LI><a href="#[9f]">&gt;&gt;</a>&nbsp;&nbsp;&nbsp;get_u16
<LI><a href="#[70]">&gt;&gt;</a>&nbsp;&nbsp;&nbsp;printf
</UL>
<BR>[Address Reference Count : 1]<UL><LI> main.o(.text.i2c_cmd_register_init)
</UL>
<P><STRONG><a name="[154]"></a>crc_deinit</STRONG> (Thumb, 68 bytes, Stack size 0 bytes, gd32e501_crc.o(.text.crc_deinit))
<BR><BR>[Called By]<UL><LI><a href="#[153]">&gt;&gt;</a>&nbsp;&nbsp;&nbsp;om_crc32_reset
</UL>

<P><STRONG><a name="[157]"></a>crc_input_data_reverse_config</STRONG> (Thumb, 32 bytes, Stack size 4 bytes, gd32e501_crc.o(.text.crc_input_data_reverse_config))
<BR><BR>[Stack]<UL><LI>Max Depth = 4<LI>Call Chain = crc_input_data_reverse_config
</UL>
<BR>[Called By]<UL><LI><a href="#[153]">&gt;&gt;</a>&nbsp;&nbsp;&nbsp;om_crc32_reset
</UL>

<P><STRONG><a name="[155]"></a>crc_polynomial_size_set</STRONG> (Thumb, 32 bytes, Stack size 4 bytes, gd32e501_crc.o(.text.crc_polynomial_size_set))
<BR><BR>[Stack]<UL><LI>Max Depth = 4<LI>Call Chain = crc_polynomial_size_set
</UL>
<BR>[Called By]<UL><LI><a href="#[153]">&gt;&gt;</a>&nbsp;&nbsp;&nbsp;om_crc32_reset
</UL>

<P><STRONG><a name="[156]"></a>crc_reverse_output_data_enable</STRONG> (Thumb, 26 bytes, Stack size 0 bytes, gd32e501_crc.o(.text.crc_reverse_output_data_enable))
<BR><BR>[Called By]<UL><LI><a href="#[153]">&gt;&gt;</a>&nbsp;&nbsp;&nbsp;om_crc32_reset
</UL>

<P><STRONG><a name="[cf]"></a>dac_data_set</STRONG> (Thumb, 142 bytes, Stack size 24 bytes, gd32e501_dac.o(.text.dac_data_set))
<BR><BR>[Stack]<UL><LI>Max Depth = 24<LI>Call Chain = dac_data_set
</UL>
<BR>[Called By]<UL><LI><a href="#[15c]">&gt;&gt;</a>&nbsp;&nbsp;&nbsp;sgm2508_set_vea
<LI><a href="#[ce]">&gt;&gt;</a>&nbsp;&nbsp;&nbsp;dac_vtec_ctl_set
<LI><a href="#[52]">&gt;&gt;</a>&nbsp;&nbsp;&nbsp;test_dac_value_write_reg
<LI><a href="#[16e]">&gt;&gt;</a>&nbsp;&nbsp;&nbsp;sgm41282c_set_apd_vcc
</UL>

<P><STRONG><a name="[c2]"></a>dac_deinit</STRONG> (Thumb, 150 bytes, Stack size 32 bytes, gd32e501_dac.o(.text.dac_deinit))
<BR><BR>[Stack]<UL><LI>Max Depth = 36<LI>Call Chain = dac_deinit &rArr; rcu_periph_reset_disable
</UL>
<BR>[Calls]<UL><LI><a href="#[c4]">&gt;&gt;</a>&nbsp;&nbsp;&nbsp;rcu_periph_reset_disable
<LI><a href="#[c3]">&gt;&gt;</a>&nbsp;&nbsp;&nbsp;rcu_periph_reset_enable
</UL>
<BR>[Called By]<UL><LI><a href="#[c6]">&gt;&gt;</a>&nbsp;&nbsp;&nbsp;dac_periph_config
</UL>

<P><STRONG><a name="[cb]"></a>dac_enable</STRONG> (Thumb, 44 bytes, Stack size 8 bytes, gd32e501_dac.o(.text.dac_enable))
<BR><BR>[Stack]<UL><LI>Max Depth = 8<LI>Call Chain = dac_enable
</UL>
<BR>[Called By]<UL><LI><a href="#[c6]">&gt;&gt;</a>&nbsp;&nbsp;&nbsp;dac_periph_config
</UL>

<P><STRONG><a name="[c5]"></a>dac_gpion_init</STRONG> (Thumb, 18 bytes, Stack size 8 bytes, dac_comm.o(.text.dac_gpion_init))
<BR><BR>[Stack]<UL><LI>Max Depth = 36<LI>Call Chain = dac_gpion_init &rArr; gpio_mode_set
</UL>
<BR>[Calls]<UL><LI><a href="#[8a]">&gt;&gt;</a>&nbsp;&nbsp;&nbsp;gpio_mode_set
</UL>
<BR>[Called By]<UL><LI><a href="#[c6]">&gt;&gt;</a>&nbsp;&nbsp;&nbsp;dac_periph_config
</UL>

<P><STRONG><a name="[cc]"></a>dac_output_buffer_disable</STRONG> (Thumb, 44 bytes, Stack size 8 bytes, gd32e501_dac.o(.text.dac_output_buffer_disable))
<BR><BR>[Stack]<UL><LI>Max Depth = 8<LI>Call Chain = dac_output_buffer_disable
</UL>
<BR>[Called By]<UL><LI><a href="#[c6]">&gt;&gt;</a>&nbsp;&nbsp;&nbsp;dac_periph_config
</UL>

<P><STRONG><a name="[ca]"></a>dac_output_buffer_enable</STRONG> (Thumb, 44 bytes, Stack size 8 bytes, gd32e501_dac.o(.text.dac_output_buffer_enable))
<BR><BR>[Stack]<UL><LI>Max Depth = 8<LI>Call Chain = dac_output_buffer_enable
</UL>
<BR>[Called By]<UL><LI><a href="#[c6]">&gt;&gt;</a>&nbsp;&nbsp;&nbsp;dac_periph_config
</UL>

<P><STRONG><a name="[c6]"></a>dac_periph_config</STRONG> (Thumb, 240 bytes, Stack size 32 bytes, dac_comm.o(.text.dac_periph_config))
<BR><BR>[Stack]<UL><LI>Max Depth = 68<LI>Call Chain = dac_periph_config &rArr; dac_deinit &rArr; rcu_periph_reset_disable
</UL>
<BR>[Calls]<UL><LI><a href="#[cd]">&gt;&gt;</a>&nbsp;&nbsp;&nbsp;dac_software_trigger_enable
<LI><a href="#[cc]">&gt;&gt;</a>&nbsp;&nbsp;&nbsp;dac_output_buffer_disable
<LI><a href="#[cb]">&gt;&gt;</a>&nbsp;&nbsp;&nbsp;dac_enable
<LI><a href="#[ca]">&gt;&gt;</a>&nbsp;&nbsp;&nbsp;dac_output_buffer_enable
<LI><a href="#[c9]">&gt;&gt;</a>&nbsp;&nbsp;&nbsp;dac_wave_mode_config
<LI><a href="#[c8]">&gt;&gt;</a>&nbsp;&nbsp;&nbsp;dac_trigger_disable
<LI><a href="#[c7]">&gt;&gt;</a>&nbsp;&nbsp;&nbsp;dac_trigger_source_config
<LI><a href="#[c2]">&gt;&gt;</a>&nbsp;&nbsp;&nbsp;dac_deinit
<LI><a href="#[c5]">&gt;&gt;</a>&nbsp;&nbsp;&nbsp;dac_gpion_init
</UL>
<BR>[Called By]<UL><LI><a href="#[2f]">&gt;&gt;</a>&nbsp;&nbsp;&nbsp;main
</UL>

<P><STRONG><a name="[cd]"></a>dac_software_trigger_enable</STRONG> (Thumb, 44 bytes, Stack size 8 bytes, gd32e501_dac.o(.text.dac_software_trigger_enable))
<BR><BR>[Stack]<UL><LI>Max Depth = 8<LI>Call Chain = dac_software_trigger_enable
</UL>
<BR>[Called By]<UL><LI><a href="#[c6]">&gt;&gt;</a>&nbsp;&nbsp;&nbsp;dac_periph_config
</UL>

<P><STRONG><a name="[c8]"></a>dac_trigger_disable</STRONG> (Thumb, 44 bytes, Stack size 8 bytes, gd32e501_dac.o(.text.dac_trigger_disable))
<BR><BR>[Stack]<UL><LI>Max Depth = 8<LI>Call Chain = dac_trigger_disable
</UL>
<BR>[Called By]<UL><LI><a href="#[c6]">&gt;&gt;</a>&nbsp;&nbsp;&nbsp;dac_periph_config
</UL>

<P><STRONG><a name="[c7]"></a>dac_trigger_source_config</STRONG> (Thumb, 76 bytes, Stack size 12 bytes, gd32e501_dac.o(.text.dac_trigger_source_config))
<BR><BR>[Stack]<UL><LI>Max Depth = 12<LI>Call Chain = dac_trigger_source_config
</UL>
<BR>[Called By]<UL><LI><a href="#[c6]">&gt;&gt;</a>&nbsp;&nbsp;&nbsp;dac_periph_config
</UL>

<P><STRONG><a name="[ce]"></a>dac_vtec_ctl_set</STRONG> (Thumb, 116 bytes, Stack size 24 bytes, dac_comm.o(.text.dac_vtec_ctl_set))
<BR><BR>[Stack]<UL><LI>Max Depth = 64<LI>Call Chain = dac_vtec_ctl_set &rArr; __aeabi_ddiv &rArr; _double_round
</UL>
<BR>[Calls]<UL><LI><a href="#[cf]">&gt;&gt;</a>&nbsp;&nbsp;&nbsp;dac_data_set
<LI><a href="#[66]">&gt;&gt;</a>&nbsp;&nbsp;&nbsp;__aeabi_d2iz
<LI><a href="#[64]">&gt;&gt;</a>&nbsp;&nbsp;&nbsp;__aeabi_ddiv
<LI><a href="#[a0]">&gt;&gt;</a>&nbsp;&nbsp;&nbsp;__aeabi_f2d
</UL>
<BR>[Called By]<UL><LI><a href="#[189]">&gt;&gt;</a>&nbsp;&nbsp;&nbsp;tec_set_ctl_voltage
</UL>

<P><STRONG><a name="[c9]"></a>dac_wave_mode_config</STRONG> (Thumb, 68 bytes, Stack size 12 bytes, gd32e501_dac.o(.text.dac_wave_mode_config))
<BR><BR>[Stack]<UL><LI>Max Depth = 12<LI>Call Chain = dac_wave_mode_config
</UL>
<BR>[Called By]<UL><LI><a href="#[c6]">&gt;&gt;</a>&nbsp;&nbsp;&nbsp;dac_periph_config
</UL>

<P><STRONG><a name="[3c]"></a>ddm_i2c_switch_auto_process_reg_write</STRONG> (Thumb, 136 bytes, Stack size 16 bytes, sff_8472.o(.text.ddm_i2c_switch_auto_process_reg_write))
<BR><BR>[Stack]<UL><LI>Max Depth = 16<LI>Call Chain = ddm_i2c_switch_auto_process_reg_write
</UL>
<BR>[Address Reference Count : 1]<UL><LI> main.o(.text.i2c_cmd_register_init)
</UL>
<P><STRONG><a name="[d0]"></a>ddm_process</STRONG> (Thumb, 222 bytes, Stack size 16 bytes, sff_8472.o(.text.ddm_process))
<BR><BR>[Stack]<UL><LI>Max Depth = 376<LI>Call Chain = ddm_process &rArr; update_om_diagnose &rArr; update_om_tx_power &rArr; __hardfp_pow &rArr; __kernel_poly &rArr; __aeabi_dmul &rArr; _double_epilogue &rArr; _double_round
</UL>
<BR>[Calls]<UL><LI><a href="#[d1]">&gt;&gt;</a>&nbsp;&nbsp;&nbsp;gpio_input_bit_get
<LI><a href="#[d3]">&gt;&gt;</a>&nbsp;&nbsp;&nbsp;update_om_warning
<LI><a href="#[d2]">&gt;&gt;</a>&nbsp;&nbsp;&nbsp;update_om_diagnose
</UL>
<BR>[Called By]<UL><LI><a href="#[2f]">&gt;&gt;</a>&nbsp;&nbsp;&nbsp;main
</UL>

<P><STRONG><a name="[78]"></a>delay_decrement</STRONG> (Thumb, 32 bytes, Stack size 0 bytes, systick.o(.text.delay_decrement))
<BR><BR>[Called By]<UL><LI><a href="#[9]">&gt;&gt;</a>&nbsp;&nbsp;&nbsp;SysTick_Handler
</UL>

<P><STRONG><a name="[d4]"></a>dma_channel_disable</STRONG> (Thumb, 36 bytes, Stack size 4 bytes, gd32e501_dma.o(.text.dma_channel_disable))
<BR><BR>[Stack]<UL><LI>Max Depth = 4<LI>Call Chain = dma_channel_disable
</UL>
<BR>[Called By]<UL><LI><a href="#[86]">&gt;&gt;</a>&nbsp;&nbsp;&nbsp;dma_init
</UL>

<P><STRONG><a name="[88]"></a>dma_channel_enable</STRONG> (Thumb, 36 bytes, Stack size 4 bytes, gd32e501_dma.o(.text.dma_channel_enable))
<BR><BR>[Stack]<UL><LI>Max Depth = 4<LI>Call Chain = dma_channel_enable
</UL>
<BR>[Called By]<UL><LI><a href="#[84]">&gt;&gt;</a>&nbsp;&nbsp;&nbsp;adc_dma_config_init
</UL>

<P><STRONG><a name="[87]"></a>dma_circulation_enable</STRONG> (Thumb, 36 bytes, Stack size 4 bytes, gd32e501_dma.o(.text.dma_circulation_enable))
<BR><BR>[Stack]<UL><LI>Max Depth = 4<LI>Call Chain = dma_circulation_enable
</UL>
<BR>[Called By]<UL><LI><a href="#[84]">&gt;&gt;</a>&nbsp;&nbsp;&nbsp;adc_dma_config_init
</UL>

<P><STRONG><a name="[85]"></a>dma_deinit</STRONG> (Thumb, 128 bytes, Stack size 4 bytes, gd32e501_dma.o(.text.dma_deinit))
<BR><BR>[Stack]<UL><LI>Max Depth = 4<LI>Call Chain = dma_deinit
</UL>
<BR>[Called By]<UL><LI><a href="#[84]">&gt;&gt;</a>&nbsp;&nbsp;&nbsp;adc_dma_config_init
</UL>

<P><STRONG><a name="[86]"></a>dma_init</STRONG> (Thumb, 344 bytes, Stack size 24 bytes, gd32e501_dma.o(.text.dma_init))
<BR><BR>[Stack]<UL><LI>Max Depth = 28<LI>Call Chain = dma_init &rArr; dma_channel_disable
</UL>
<BR>[Calls]<UL><LI><a href="#[d4]">&gt;&gt;</a>&nbsp;&nbsp;&nbsp;dma_channel_disable
</UL>
<BR>[Called By]<UL><LI><a href="#[84]">&gt;&gt;</a>&nbsp;&nbsp;&nbsp;adc_dma_config_init
</UL>

[...]
</UL>
<BR>[Called By]<UL><LI><a href="#[135]">&gt;&gt;</a>&nbsp;&nbsp;&nbsp;om_default_config_flash_init
<LI><a href="#[48]">&gt;&gt;</a>&nbsp;&nbsp;&nbsp;rx_los_hyst_i2c_reg_write
</UL>

<P><STRONG><a name="[15e]"></a>ux3326_set_rx_los_threshold</STRONG> (Thumb, 38 bytes, Stack size 16 bytes, ux3326.o(.text.ux3326_set_rx_los_threshold))
<BR><BR>[Stack]<UL><LI>Max Depth = 72<LI>Call Chain = ux3326_set_rx_los_threshold &rArr; master_reg_byte_write &rArr; get_master_i2c_by_dev_address
</UL>
<BR>[Calls]<UL><LI><a href="#[eb]">&gt;&gt;</a>&nbsp;&nbsp;&nbsp;master_reg_byte_write
</UL>
<BR>[Called By]<UL><LI><a href="#[135]">&gt;&gt;</a>&nbsp;&nbsp;&nbsp;om_default_config_flash_init
<LI><a href="#[47]">&gt;&gt;</a>&nbsp;&nbsp;&nbsp;rx_los_threshold_i2c_reg_write
</UL>

<P><STRONG><a name="[15d]"></a>ux3326_set_rx_swing</STRONG> (Thumb, 36 bytes, Stack size 16 bytes, ux3326.o(.text.ux3326_set_rx_swing))
<BR><BR>[Stack]<UL><LI>Max Depth = 72<LI>Call Chain = ux3326_set_rx_swing &rArr; master_reg_byte_write &rArr; get_master_i2c_by_dev_address
</UL>
<BR>[Calls]<UL><LI><a href="#[eb]">&gt;&gt;</a>&nbsp;&nbsp;&nbsp;master_reg_byte_write
</UL>
<BR>[Called By]<UL><LI><a href="#[135]">&gt;&gt;</a>&nbsp;&nbsp;&nbsp;om_default_config_flash_init
<LI><a href="#[42]">&gt;&gt;</a>&nbsp;&nbsp;&nbsp;swing_i2c_reg_write
</UL>

<P><STRONG><a name="[c1]"></a>ux3326_set_tx_ld_cpa</STRONG> (Thumb, 38 bytes, Stack size 16 bytes, ux3326.o(.text.ux3326_set_tx_ld_cpa))
<BR><BR>[Stack]<UL><LI>Max Depth = 72<LI>Call Chain = ux3326_set_tx_ld_cpa &rArr; master_reg_byte_write &rArr; get_master_i2c_by_dev_address
</UL>
<BR>[Calls]<UL><LI><a href="#[eb]">&gt;&gt;</a>&nbsp;&nbsp;&nbsp;master_reg_byte_write
</UL>
<BR>[Called By]<UL><LI><a href="#[135]">&gt;&gt;</a>&nbsp;&nbsp;&nbsp;om_default_config_flash_init
<LI><a href="#[44]">&gt;&gt;</a>&nbsp;&nbsp;&nbsp;cpa_i2c_reg_write
</UL>

<P><STRONG><a name="[161]"></a>ux3326_soft_txdsbl_ctrl</STRONG> (Thumb, 72 bytes, Stack size 16 bytes, ux3326.o(.text.ux3326_soft_txdsbl_ctrl))
<BR><BR>[Stack]<UL><LI>Max Depth = 72<LI>Call Chain = ux3326_soft_txdsbl_ctrl &rArr; master_reg_byte_write &rArr; get_master_i2c_by_dev_address
</UL>
<BR>[Calls]<UL><LI><a href="#[eb]">&gt;&gt;</a>&nbsp;&nbsp;&nbsp;master_reg_byte_write
</UL>
<BR>[Called By]<UL><LI><a href="#[51]">&gt;&gt;</a>&nbsp;&nbsp;&nbsp;om_memory_state_ctrl_write_reg_byte
</UL>

<P><STRONG><a name="[3f]"></a>vea_i2c_vcc_reg_write</STRONG> (Thumb, 240 bytes, Stack size 32 bytes, sff_8472.o(.text.vea_i2c_vcc_reg_write))
<BR><BR>[Stack]<UL><LI>Max Depth = 136<LI>Call Chain = vea_i2c_vcc_reg_write &rArr; sgm2508_set_vea &rArr; __aeabi_dmul &rArr; _double_epilogue &rArr; _double_round
</UL>
<BR>[Calls]<UL><LI><a href="#[15c]">&gt;&gt;</a>&nbsp;&nbsp;&nbsp;sgm2508_set_vea
<LI><a href="#[15a]">&gt;&gt;</a>&nbsp;&nbsp;&nbsp;sgm41295_set_vea
<LI><a href="#[65]">&gt;&gt;</a>&nbsp;&nbsp;&nbsp;__aeabi_i2d
<LI><a href="#[63]">&gt;&gt;</a>&nbsp;&nbsp;&nbsp;__aeabi_dmul
<LI><a href="#[69]">&gt;&gt;</a>&nbsp;&nbsp;&nbsp;__aeabi_d2f
<LI><a href="#[5c]">&gt;&gt;</a>&nbsp;&nbsp;&nbsp;__aeabi_dadd
<LI><a href="#[a0]">&gt;&gt;</a>&nbsp;&nbsp;&nbsp;__aeabi_f2d
<LI><a href="#[9f]">&gt;&gt;</a>&nbsp;&nbsp;&nbsp;get_u16
<LI><a href="#[70]">&gt;&gt;</a>&nbsp;&nbsp;&nbsp;printf
</UL>
<BR>[Address Reference Count : 1]<UL><LI> main.o(.text.i2c_cmd_register_init)
</UL>
<P><STRONG><a name="[19d]"></a>write_update_flag</STRONG> (Thumb, 76 bytes, Stack size 32 bytes, update_comm.o(.text.write_update_flag))
<BR><BR>[Stack]<UL><LI>Max Depth = 164<LI>Call Chain = write_update_flag &rArr; flash_write &rArr; fmc_doubleword_program &rArr; fmc_bank1_ready_wait &rArr; fmc_bank1_state_get
</UL>
<BR>[Calls]<UL><LI><a href="#[b9]">&gt;&gt;</a>&nbsp;&nbsp;&nbsp;fmc_erase_single_page
<LI><a href="#[ba]">&gt;&gt;</a>&nbsp;&nbsp;&nbsp;flash_write
</UL>
<BR>[Called By]<UL><LI><a href="#[37]">&gt;&gt;</a>&nbsp;&nbsp;&nbsp;update_app_write_reg_byte
</UL>

<P><STRONG><a name="[1ae]"></a>__0printf</STRONG> (Thumb, 22 bytes, Stack size 24 bytes, printfa.o(i.__0printf), UNUSED)
<BR><BR>[Calls]<UL><LI><a href="#[1af]">&gt;&gt;</a>&nbsp;&nbsp;&nbsp;_printf_core
</UL>

<P><STRONG><a name="[1d9]"></a>__1printf</STRONG> (Thumb, 0 bytes, Stack size 24 bytes, printfa.o(i.__0printf), UNUSED)

<P><STRONG><a name="[1da]"></a>__2printf</STRONG> (Thumb, 0 bytes, Stack size 24 bytes, printfa.o(i.__0printf), UNUSED)

<P><STRONG><a name="[1db]"></a>__c89printf</STRONG> (Thumb, 0 bytes, Stack size 24 bytes, printfa.o(i.__0printf), UNUSED)

<P><STRONG><a name="[70]"></a>printf</STRONG> (Thumb, 0 bytes, Stack size 24 bytes, printfa.o(i.__0printf))
<BR><BR>[Stack]<UL><LI>Max Depth = 24<LI>Call Chain = printf
</UL>
<BR>[Called By]<UL><LI><a href="#[48]">&gt;&gt;</a>&nbsp;&nbsp;&nbsp;rx_los_hyst_i2c_reg_write
<LI><a href="#[47]">&gt;&gt;</a>&nbsp;&nbsp;&nbsp;rx_los_threshold_i2c_reg_write
<LI><a href="#[44]">&gt;&gt;</a>&nbsp;&nbsp;&nbsp;cpa_i2c_reg_write
<LI><a href="#[46]">&gt;&gt;</a>&nbsp;&nbsp;&nbsp;rx_deemph_i2c_reg_write
<LI><a href="#[45]">&gt;&gt;</a>&nbsp;&nbsp;&nbsp;tx_deemph_i2c_reg_write
<LI><a href="#[42]">&gt;&gt;</a>&nbsp;&nbsp;&nbsp;swing_i2c_reg_write
<LI><a href="#[43]">&gt;&gt;</a>&nbsp;&nbsp;&nbsp;eq_i2c_reg_write
<LI><a href="#[41]">&gt;&gt;</a>&nbsp;&nbsp;&nbsp;imod_i2c_reg_write
<LI><a href="#[40]">&gt;&gt;</a>&nbsp;&nbsp;&nbsp;ibias_i2c_reg_write
<LI><a href="#[3f]">&gt;&gt;</a>&nbsp;&nbsp;&nbsp;vea_i2c_vcc_reg_write
<LI><a href="#[3e]">&gt;&gt;</a>&nbsp;&nbsp;&nbsp;soa_i2c_ild_reg_write
<LI><a href="#[3d]">&gt;&gt;</a>&nbsp;&nbsp;&nbsp;apd_i2c_vcc_reg_write
<LI><a href="#[a3]">&gt;&gt;</a>&nbsp;&nbsp;&nbsp;sgm41282c_get_rssi_value
<LI><a href="#[a5]">&gt;&gt;</a>&nbsp;&nbsp;&nbsp;gn7161_get_mpd_ibias
<LI><a href="#[107]">&gt;&gt;</a>&nbsp;&nbsp;&nbsp;gn7161_get_ld_ibias
<LI><a href="#[10a]">&gt;&gt;</a>&nbsp;&nbsp;&nbsp;gn7161_get_voltage
<LI><a href="#[f]">&gt;&gt;</a>&nbsp;&nbsp;&nbsp;EXTI0_1_IRQHandler
<LI><a href="#[75]">&gt;&gt;</a>&nbsp;&nbsp;&nbsp;slave_event_irq_handler
<LI><a href="#[b8]">&gt;&gt;</a>&nbsp;&nbsp;&nbsp;comm_update_flash_finish_one_page
<LI><a href="#[bd]">&gt;&gt;</a>&nbsp;&nbsp;&nbsp;comm_update_write_to_flash
<LI><a href="#[19b]">&gt;&gt;</a>&nbsp;&nbsp;&nbsp;update_mem_malloc
<LI><a href="#[2f]">&gt;&gt;</a>&nbsp;&nbsp;&nbsp;main
<LI><a href="#[55]">&gt;&gt;</a>&nbsp;&nbsp;&nbsp;test_gpio_info_read_reg
<LI><a href="#[54]">&gt;&gt;</a>&nbsp;&nbsp;&nbsp;test_gpio_info_write_reg
<LI><a href="#[52]">&gt;&gt;</a>&nbsp;&nbsp;&nbsp;test_dac_value_write_reg
<LI><a href="#[37]">&gt;&gt;</a>&nbsp;&nbsp;&nbsp;update_app_write_reg_byte
<LI><a href="#[138]">&gt;&gt;</a>&nbsp;&nbsp;&nbsp;tec_process
<LI><a href="#[4f]">&gt;&gt;</a>&nbsp;&nbsp;&nbsp;tec_i2c_temperature_obj_write
</UL>

<P><STRONG><a name="[1bf]"></a>__ARM_fpclassify</STRONG> (Thumb, 48 bytes, Stack size 8 bytes, fpclassify.o(i.__ARM_fpclassify))
<BR><BR>[Stack]<UL><LI>Max Depth = 8<LI>Call Chain = __ARM_fpclassify
</UL>
<BR>[Called By]<UL><LI><a href="#[1a6]">&gt;&gt;</a>&nbsp;&nbsp;&nbsp;__hardfp_pow
</UL>

<P><STRONG><a name="[1b0]"></a>__hardfp_log</STRONG> (Thumb, 872 bytes, Stack size 88 bytes, log.o(i.__hardfp_log))
<BR><BR>[Stack]<UL><LI>Max Depth = 200<LI>Call Chain = __hardfp_log &rArr; __kernel_poly &rArr; __aeabi_dmul &rArr; _double_epilogue &rArr; _double_round
</UL>
<BR>[Calls]<UL><LI><a href="#[65]">&gt;&gt;</a>&nbsp;&nbsp;&nbsp;__aeabi_i2d
<LI><a href="#[63]">&gt;&gt;</a>&nbsp;&nbsp;&nbsp;__aeabi_dmul
<LI><a href="#[5c]">&gt;&gt;</a>&nbsp;&nbsp;&nbsp;__aeabi_dadd
<LI><a href="#[64]">&gt;&gt;</a>&nbsp;&nbsp;&nbsp;__aeabi_ddiv
<LI><a href="#[1b2]">&gt;&gt;</a>&nbsp;&nbsp;&nbsp;__set_errno
<LI><a href="#[1b6]">&gt;&gt;</a>&nbsp;&nbsp;&nbsp;__kernel_poly
<LI><a href="#[1b5]">&gt;&gt;</a>&nbsp;&nbsp;&nbsp;__aeabi_cdcmpeq
<LI><a href="#[1b3]">&gt;&gt;</a>&nbsp;&nbsp;&nbsp;__mathlib_dbl_invalid
<LI><a href="#[1b1]">&gt;&gt;</a>&nbsp;&nbsp;&nbsp;__mathlib_dbl_infnan
<LI><a href="#[1b4]">&gt;&gt;</a>&nbsp;&nbsp;&nbsp;__mathlib_dbl_divzero
<LI><a href="#[61]">&gt;&gt;</a>&nbsp;&nbsp;&nbsp;__aeabi_dsub
<LI><a href="#[62]">&gt;&gt;</a>&nbsp;&nbsp;&nbsp;__aeabi_drsub
</UL>
<BR>[Called By]<UL><LI><a href="#[1b7]">&gt;&gt;</a>&nbsp;&nbsp;&nbsp;log
</UL>

<P><STRONG><a name="[a8]"></a>__hardfp_log10</STRONG> (Thumb, 260 bytes, Stack size 40 bytes, log10.o(i.__hardfp_log10))
<BR><BR>[Stack]<UL><LI>Max Depth = 248<LI>Call Chain = __hardfp_log10 &rArr; log &rArr; __hardfp_log &rArr; __kernel_poly &rArr; __aeabi_dmul &rArr; _double_epilogue &rArr; _double_round
</UL>
<BR>[Calls]<UL><LI><a href="#[65]">&gt;&gt;</a>&nbsp;&nbsp;&nbsp;__aeabi_i2d
<LI><a href="#[63]">&gt;&gt;</a>&nbsp;&nbsp;&nbsp;__aeabi_dmul
<LI><a href="#[5c]">&gt;&gt;</a>&nbsp;&nbsp;&nbsp;__aeabi_dadd
<LI><a href="#[1b2]">&gt;&gt;</a>&nbsp;&nbsp;&nbsp;__set_errno
<LI><a href="#[1b7]">&gt;&gt;</a>&nbsp;&nbsp;&nbsp;log
<LI><a href="#[1b3]">&gt;&gt;</a>&nbsp;&nbsp;&nbsp;__mathlib_dbl_invalid
<LI><a href="#[1b1]">&gt;&gt;</a>&nbsp;&nbsp;&nbsp;__mathlib_dbl_infnan
<LI><a href="#[1b4]">&gt;&gt;</a>&nbsp;&nbsp;&nbsp;__mathlib_dbl_divzero
</UL>
<BR>[Called By]<UL><LI><a href="#[a4]">&gt;&gt;</a>&nbsp;&nbsp;&nbsp;calculate_om_tx_power
</UL>

<P><STRONG><a name="[1a6]"></a>__hardfp_pow</STRONG> (Thumb, 3088 bytes, Stack size 184 bytes, pow.o(i.__hardfp_pow))
<BR><BR>[Stack]<UL><LI>Max Depth = 296<LI>Call Chain = __hardfp_pow &rArr; __kernel_poly &rArr; __aeabi_dmul &rArr; _double_epilogue &rArr; _double_round
</UL>
<BR>[Calls]<UL><LI><a href="#[65]">&gt;&gt;</a>&nbsp;&nbsp;&nbsp;__aeabi_i2d
<LI><a href="#[63]">&gt;&gt;</a>&nbsp;&nbsp;&nbsp;__aeabi_dmul
<LI><a href="#[5c]">&gt;&gt;</a>&nbsp;&nbsp;&nbsp;__aeabi_dadd
<LI><a href="#[64]">&gt;&gt;</a>&nbsp;&nbsp;&nbsp;__aeabi_ddiv
<LI><a href="#[1b2]">&gt;&gt;</a>&nbsp;&nbsp;&nbsp;__set_errno
<LI><a href="#[1ba]">&gt;&gt;</a>&nbsp;&nbsp;&nbsp;sqrt
<LI><a href="#[1b6]">&gt;&gt;</a>&nbsp;&nbsp;&nbsp;__kernel_poly
<LI><a href="#[1bf]">&gt;&gt;</a>&nbsp;&nbsp;&nbsp;__ARM_fpclassify
<LI><a href="#[1bb]">&gt;&gt;</a>&nbsp;&nbsp;&nbsp;fabs
<LI><a href="#[1bc]">&gt;&gt;</a>&nbsp;&nbsp;&nbsp;__mathlib_dbl_underflow
<LI><a href="#[1b9]">&gt;&gt;</a>&nbsp;&nbsp;&nbsp;__mathlib_dbl_overflow
<LI><a href="#[1b3]">&gt;&gt;</a>&nbsp;&nbsp;&nbsp;__mathlib_dbl_invalid
<LI><a href="#[1b8]">&gt;&gt;</a>&nbsp;&nbsp;&nbsp;__mathlib_dbl_infnan2
<LI><a href="#[1b4]">&gt;&gt;</a>&nbsp;&nbsp;&nbsp;__mathlib_dbl_divzero
<LI><a href="#[61]">&gt;&gt;</a>&nbsp;&nbsp;&nbsp;__aeabi_dsub
<LI><a href="#[62]">&gt;&gt;</a>&nbsp;&nbsp;&nbsp;__aeabi_drsub
<LI><a href="#[1bd]">&gt;&gt;</a>&nbsp;&nbsp;&nbsp;__aeabi_cdrcmple
<LI><a href="#[1be]">&gt;&gt;</a>&nbsp;&nbsp;&nbsp;__ARM_scalbn
</UL>
<BR>[Called By]<UL><LI><a href="#[1a5]">&gt;&gt;</a>&nbsp;&nbsp;&nbsp;update_om_rx_power
<LI><a href="#[1a4]">&gt;&gt;</a>&nbsp;&nbsp;&nbsp;update_om_tx_power
</UL>

<P><STRONG><a name="[1b6]"></a>__kernel_poly</STRONG> (Thumb, 248 bytes, Stack size 24 bytes, poly.o(i.__kernel_poly))
<BR><BR>[Stack]<UL><LI>Max Depth = 112<LI>Call Chain = __kernel_poly &rArr; __aeabi_dmul &rArr; _double_epilogue &rArr; _double_round
</UL>
<BR>[Calls]<UL><LI><a href="#[63]">&gt;&gt;</a>&nbsp;&nbsp;&nbsp;__aeabi_dmul
<LI><a href="#[5c]">&gt;&gt;</a>&nbsp;&nbsp;&nbsp;__aeabi_dadd
</UL>
<BR>[Called By]<UL><LI><a href="#[1b0]">&gt;&gt;</a>&nbsp;&nbsp;&nbsp;__hardfp_log
<LI><a href="#[1a6]">&gt;&gt;</a>&nbsp;&nbsp;&nbsp;__hardfp_pow
</UL>

<P><STRONG><a name="[1b4]"></a>__mathlib_dbl_divzero</STRONG> (Thumb, 28 bytes, Stack size 8 bytes, dunder.o(i.__mathlib_dbl_divzero))
<BR><BR>[Stack]<UL><LI>Max Depth = 48<LI>Call Chain = __mathlib_dbl_divzero &rArr; __aeabi_ddiv &rArr; _double_round
</UL>
<BR>[Calls]<UL><LI><a href="#[64]">&gt;&gt;</a>&nbsp;&nbsp;&nbsp;__aeabi_ddiv
</UL>
<BR>[Called By]<UL><LI><a href="#[1b0]">&gt;&gt;</a>&nbsp;&nbsp;&nbsp;__hardfp_log
<LI><a href="#[1a6]">&gt;&gt;</a>&nbsp;&nbsp;&nbsp;__hardfp_pow
<LI><a href="#[a8]">&gt;&gt;</a>&nbsp;&nbsp;&nbsp;__hardfp_log10
</UL>

<P><STRONG><a name="[1b1]"></a>__mathlib_dbl_infnan</STRONG> (Thumb, 20 bytes, Stack size 8 bytes, dunder.o(i.__mathlib_dbl_infnan))
<BR><BR>[Stack]<UL><LI>Max Depth = 96<LI>Call Chain = __mathlib_dbl_infnan &rArr; __aeabi_dadd &rArr; _double_epilogue &rArr; _double_round
</UL>
<BR>[Calls]<UL><LI><a href="#[5c]">&gt;&gt;</a>&nbsp;&nbsp;&nbsp;__aeabi_dadd
</UL>
<BR>[Called By]<UL><LI><a href="#[1b0]">&gt;&gt;</a>&nbsp;&nbsp;&nbsp;__hardfp_log
<LI><a href="#[a8]">&gt;&gt;</a>&nbsp;&nbsp;&nbsp;__hardfp_log10
</UL>

<P><STRONG><a name="[1b8]"></a>__mathlib_dbl_infnan2</STRONG> (Thumb, 20 bytes, Stack size 8 bytes, dunder.o(i.__mathlib_dbl_infnan2))
<BR><BR>[Stack]<UL><LI>Max Depth = 96<LI>Call Chain = __mathlib_dbl_infnan2 &rArr; __aeabi_dadd &rArr; _double_epilogue &rArr; _double_round
</UL>
<BR>[Calls]<UL><LI><a href="#[5c]">&gt;&gt;</a>&nbsp;&nbsp;&nbsp;__aeabi_dadd
</UL>
<BR>[Called By]<UL><LI><a href="#[1a6]">&gt;&gt;</a>&nbsp;&nbsp;&nbsp;__hardfp_pow
</UL>

<P><STRONG><a name="[1b3]"></a>__mathlib_dbl_invalid</STRONG> (Thumb, 24 bytes, Stack size 8 bytes, dunder.o(i.__mathlib_dbl_invalid))
<BR><BR>[Stack]<UL><LI>Max Depth = 48<LI>Call Chain = __mathlib_dbl_invalid &rArr; __aeabi_ddiv &rArr; _double_round
</UL>
<BR>[Calls]<UL><LI><a href="#[64]">&gt;&gt;</a>&nbsp;&nbsp;&nbsp;__aeabi_ddiv
</UL>
<BR>[Called By]<UL><LI><a href="#[1b0]">&gt;&gt;</a>&nbsp;&nbsp;&nbsp;__hardfp_log
<LI><a href="#[1a6]">&gt;&gt;</a>&nbsp;&nbsp;&nbsp;__hardfp_pow
<LI><a href="#[a8]">&gt;&gt;</a>&nbsp;&nbsp;&nbsp;__hardfp_log10
</UL>

<P><STRONG><a name="[1b9]"></a>__mathlib_dbl_overflow</STRONG> (Thumb, 24 bytes, Stack size 8 bytes, dunder.o(i.__mathlib_dbl_overflow))
<BR><BR>[Stack]<UL><LI>Max Depth = 96<LI>Call Chain = __mathlib_dbl_overflow &rArr; __aeabi_dmul &rArr; _double_epilogue &rArr; _double_round
</UL>
<BR>[Calls]<UL><LI><a href="#[63]">&gt;&gt;</a>&nbsp;&nbsp;&nbsp;__aeabi_dmul
</UL>
<BR>[Called By]<UL><LI><a href="#[1a6]">&gt;&gt;</a>&nbsp;&nbsp;&nbsp;__hardfp_pow
</UL>

<P><STRONG><a name="[1bc]"></a>__mathlib_dbl_underflow</STRONG> (Thumb, 24 bytes, Stack size 8 bytes, dunder.o(i.__mathlib_dbl_underflow))
<BR><BR>[Stack]<UL><LI>Max Depth = 96<LI>Call Chain = __mathlib_dbl_underflow &rArr; __aeabi_dmul &rArr; _double_epilogue &rArr; _double_round
</UL>
<BR>[Calls]<UL><LI><a href="#[63]">&gt;&gt;</a>&nbsp;&nbsp;&nbsp;__aeabi_dmul
</UL>
<BR>[Called By]<UL><LI><a href="#[1a6]">&gt;&gt;</a>&nbsp;&nbsp;&nbsp;__hardfp_pow
</UL>

<P><STRONG><a name="[1dc]"></a>__scatterload_copy</STRONG> (Thumb, 14 bytes, Stack size unknown bytes, handlers.o(i.__scatterload_copy), UNUSED)

<P><STRONG><a name="[1dd]"></a>__scatterload_null</STRONG> (Thumb, 2 bytes, Stack size unknown bytes, handlers.o(i.__scatterload_null), UNUSED)

<P><STRONG><a name="[1de]"></a>__scatterload_zeroinit</STRONG> (Thumb, 14 bytes, Stack size unknown bytes, handlers.o(i.__scatterload_zeroinit), UNUSED)

<P><STRONG><a name="[1b2]"></a>__set_errno</STRONG> (Thumb, 6 bytes, Stack size 0 bytes, errno.o(i.__set_errno))
<BR><BR>[Called By]<UL><LI><a href="#[1ba]">&gt;&gt;</a>&nbsp;&nbsp;&nbsp;sqrt
<LI><a href="#[1b0]">&gt;&gt;</a>&nbsp;&nbsp;&nbsp;__hardfp_log
<LI><a href="#[1a6]">&gt;&gt;</a>&nbsp;&nbsp;&nbsp;__hardfp_pow
<LI><a href="#[a8]">&gt;&gt;</a>&nbsp;&nbsp;&nbsp;__hardfp_log10
</UL>

<P><STRONG><a name="[1bb]"></a>fabs</STRONG> (Thumb, 24 bytes, Stack size 8 bytes, fabs.o(i.fabs))
<BR><BR>[Stack]<UL><LI>Max Depth = 8<LI>Call Chain = fabs
</UL>
<BR>[Called By]<UL><LI><a href="#[1a6]">&gt;&gt;</a>&nbsp;&nbsp;&nbsp;__hardfp_pow
</UL>

<P><STRONG><a name="[1b7]"></a>log</STRONG> (Thumb, 16 bytes, Stack size 8 bytes, log.o(i.log))
<BR><BR>[Stack]<UL><LI>Max Depth = 208<LI>Call Chain = log &rArr; __hardfp_log &rArr; __kernel_poly &rArr; __aeabi_dmul &rArr; _double_epilogue &rArr; _double_round
</UL>
<BR>[Calls]<UL><LI><a href="#[1b0]">&gt;&gt;</a>&nbsp;&nbsp;&nbsp;__hardfp_log
</UL>
<BR>[Called By]<UL><LI><a href="#[a8]">&gt;&gt;</a>&nbsp;&nbsp;&nbsp;__hardfp_log10
</UL>

<P><STRONG><a name="[19f]"></a>malloc</STRONG> (Thumb, 92 bytes, Stack size 20 bytes, malloc.o(i.malloc))
<BR><BR>[Stack]<UL><LI>Max Depth = 20<LI>Call Chain = malloc
</UL>
<BR>[Called By]<UL><LI><a href="#[19b]">&gt;&gt;</a>&nbsp;&nbsp;&nbsp;update_mem_malloc
</UL>

<P><STRONG><a name="[1ba]"></a>sqrt</STRONG> (Thumb, 110 bytes, Stack size 32 bytes, sqrt.o(i.sqrt))
<BR><BR>[Stack]<UL><LI>Max Depth = 72<LI>Call Chain = sqrt &rArr; _dsqrt &rArr; _double_round
</UL>
<BR>[Calls]<UL><LI><a href="#[1b2]">&gt;&gt;</a>&nbsp;&nbsp;&nbsp;__set_errno
<LI><a href="#[6e]">&gt;&gt;</a>&nbsp;&nbsp;&nbsp;_dsqrt
</UL>
<BR>[Called By]<UL><LI><a href="#[1a6]">&gt;&gt;</a>&nbsp;&nbsp;&nbsp;__hardfp_pow
</UL>
<P>
<H3>
Local Symbols
</H3>
<P><STRONG><a name="[76]"></a>SysTick_Config</STRONG> (Thumb, 82 bytes, Stack size 16 bytes, systick.o(.text.SysTick_Config))
<BR><BR>[Stack]<UL><LI>Max Depth = 24<LI>Call Chain = SysTick_Config &rArr; __NVIC_SetPriority
</UL>
<BR>[Calls]<UL><LI><a href="#[77]">&gt;&gt;</a>&nbsp;&nbsp;&nbsp;__NVIC_SetPriority
</UL>
<BR>[Called By]<UL><LI><a href="#[12f]">&gt;&gt;</a>&nbsp;&nbsp;&nbsp;systick_config
</UL>

<P><STRONG><a name="[77]"></a>__NVIC_SetPriority</STRONG> (Thumb, 66 bytes, Stack size 8 bytes, systick.o(.text.__NVIC_SetPriority))
<BR><BR>[Stack]<UL><LI>Max Depth = 8<LI>Call Chain = __NVIC_SetPriority
</UL>
<BR>[Called By]<UL><LI><a href="#[12f]">&gt;&gt;</a>&nbsp;&nbsp;&nbsp;systick_config
<LI><a href="#[76]">&gt;&gt;</a>&nbsp;&nbsp;&nbsp;SysTick_Config
</UL>

<P><STRONG><a name="[79]"></a>system_clock_config</STRONG> (Thumb, 8 bytes, Stack size 8 bytes, system_gd32e501.o(.text.system_clock_config))
<BR><BR>[Stack]<UL><LI>Max Depth = 24<LI>Call Chain = system_clock_config &rArr; system_clock_100m_irc8m
</UL>
<BR>[Calls]<UL><LI><a href="#[185]">&gt;&gt;</a>&nbsp;&nbsp;&nbsp;system_clock_100m_irc8m
</UL>
<BR>[Called By]<UL><LI><a href="#[30]">&gt;&gt;</a>&nbsp;&nbsp;&nbsp;SystemInit
</UL>

<P><STRONG><a name="[185]"></a>system_clock_100m_irc8m</STRONG> (Thumb, 256 bytes, Stack size 16 bytes, system_gd32e501.o(.text.system_clock_100m_irc8m))
<BR><BR>[Stack]<UL><LI>Max Depth = 16<LI>Call Chain = system_clock_100m_irc8m
</UL>
<BR>[Called By]<UL><LI><a href="#[79]">&gt;&gt;</a>&nbsp;&nbsp;&nbsp;system_clock_config
</UL>

<P><STRONG><a name="[1c0]"></a>_fp_digits</STRONG> (Thumb, 366 bytes, Stack size 64 bytes, printfa.o(i._fp_digits), UNUSED)
<BR><BR>[Calls]<UL><LI><a href="#[63]">&gt;&gt;</a>&nbsp;&nbsp;&nbsp;__aeabi_dmul
<LI><a href="#[5c]">&gt;&gt;</a>&nbsp;&nbsp;&nbsp;__aeabi_dadd
<LI><a href="#[64]">&gt;&gt;</a>&nbsp;&nbsp;&nbsp;__aeabi_ddiv
<LI><a href="#[6b]">&gt;&gt;</a>&nbsp;&nbsp;&nbsp;__aeabi_uldivmod
<LI><a href="#[6c]">&gt;&gt;</a>&nbsp;&nbsp;&nbsp;__aeabi_d2ulz
<LI><a href="#[1bd]">&gt;&gt;</a>&nbsp;&nbsp;&nbsp;__aeabi_cdrcmple
</UL>
<BR>[Called By]<UL><LI><a href="#[1af]">&gt;&gt;</a>&nbsp;&nbsp;&nbsp;_printf_core
</UL>

<P><STRONG><a name="[1af]"></a>_printf_core</STRONG> (Thumb, 1744 bytes, Stack size 136 bytes, printfa.o(i._printf_core), UNUSED)
<BR><BR>[Calls]<UL><LI><a href="#[6b]">&gt;&gt;</a>&nbsp;&nbsp;&nbsp;__aeabi_uldivmod
<LI><a href="#[1c3]">&gt;&gt;</a>&nbsp;&nbsp;&nbsp;__aeabi_uidivmod
<LI><a href="#[1c1]">&gt;&gt;</a>&nbsp;&nbsp;&nbsp;_printf_pre_padding
<LI><a href="#[1c2]">&gt;&gt;</a>&nbsp;&nbsp;&nbsp;_printf_post_padding
<LI><a href="#[1c0]">&gt;&gt;</a>&nbsp;&nbsp;&nbsp;_fp_digits
</UL>
<BR>[Called By]<UL><LI><a href="#[1ae]">&gt;&gt;</a>&nbsp;&nbsp;&nbsp;__0printf
</UL>

<P><STRONG><a name="[1c2]"></a>_printf_post_padding</STRONG> (Thumb, 36 bytes, Stack size 24 bytes, printfa.o(i._printf_post_padding), UNUSED)
<BR><BR>[Called By]<UL><LI><a href="#[1af]">&gt;&gt;</a>&nbsp;&nbsp;&nbsp;_printf_core
</UL>

<P><STRONG><a name="[1c1]"></a>_printf_pre_padding</STRONG> (Thumb, 46 bytes, Stack size 24 bytes, printfa.o(i._printf_pre_padding), UNUSED)
<BR><BR>[Called By]<UL><LI><a href="#[1af]">&gt;&gt;</a>&nbsp;&nbsp;&nbsp;_printf_core
</UL>
<P>
<H3>
Undefined Global Symbols
</H3><HR></body></html>
