<html>
<body>
<pre>
<h1>µVision Build Log</h1>
<h2>Tool Versions:</h2>
IDE-Version: ¦ÌVision V5.38.0.0
Copyright (C) 2022 ARM Ltd and ARM Germany GmbH. All rights reserved.
License Information: fz fz, fz, LIC=KRMW3-AKLLL-74MS0-BV55X-HLE2U-1VC4N
 
Tool Versions:
Toolchain:       MDK-ARM Plus  Version: 5.38.0.0
Toolchain Path:  D:\D\app\kevil5\ARM\ARMCLANG\Bin
C Compiler:      ArmClang.exe V6.19
Assembler:       Armasm.exe V6.19
Linker/Locator:  ArmLink.exe V6.19
Library Manager: ArmAr.exe V6.19
Hex Converter:   FromElf.exe V6.19
CPU DLL:         
Dialog DLL:      
Target DLL:      CMSIS_AGDI_V8M.DLL V1.7.20.0
Dialog DLL:      TCM.DLL V1.56.4.0
 
<h2>Project:</h2>
D:\E\code\mcu_project\source\Keil_project\Project.GD32E501.uvprojx
Project File Date:  09/06/2024

<h2>Output:</h2>
*** Using Compiler 'V6.19', folder: 'D:\D\app\kevil5\ARM\ARMCLANG\Bin'
Rebuild target 'GD32E501'
compiling com_usart_comm.c...
compiling timer_comm.c...
compiling dac_comm.c...
compiling systick.c...
compiling gd32e501_it.c...
compiling mcu_system_comm.c...
compiling adc_comm.c...
compiling mcu_config_public.c...
compiling i2c_comm.c...
compiling i2c_opt_ie.c...
compiling system_gd32e501.c...
compiling gd32e501_cmp.c...
compiling sff_8472.c...
compiling gd32e501_crc.c...
compiling gd32e501_cla.c...
compiling gd32e501_adc.c...
compiling gd32e501_dbg.c...
compiling gd32e501_dac.c...
compiling gd32e501_exti.c...
compiling gd32e501_dma.c...
compiling gd32e501_fwdgt.c...
compiling gd32e501_fmc.c...
compiling gd32e501_gpio.c...
compiling gd32e501_misc.c...
compiling gd32e501_pmu.c...
compiling gd32e501_mdio.c...
compiling gd32e501_i2c.c...
compiling gd32e501_rtc.c...
compiling gd32e501_syscfg.c...
compiling gd32e501_rcu.c...
compiling gd32e501_spi.c...
assembling startup_gd32e501.s...
compiling gd32e501_wwdgt.c...
compiling gd32e501_usart.c...
compiling gd32e501_timer.c...
compiling gd32e501_eval.c...
compiling gn7153.c...
compiling gn7161.c...
compiling ux3326.c...
compiling sgm2508.c...
compiling sgm41295.c...
compiling sgm41282c.c...
compiling pid.c...
compiling tec_comm.c...
compiling main.c...
compiling update_comm.c...
linking...
Program Size: Code=64524 RO-data=1636 RW-data=2056 ZI-data=4632  
".\output\Project.axf" - 0 Error(s), 0 Warning(s).

<h2>Software Packages used:</h2>

Package Vendor: ARM
                http://www.keil.com/pack/ARM.CMSIS.5.9.0.pack
                ARM.CMSIS.5.9.0
                CMSIS (Common Microcontroller Software Interface Standard)
   * Component: CORE Version: 5.6.0

Package Vendor: GigaDevice
                http://gd32mcu.21ic.com/data/documents/yingyongruanjian/GigaDevice.GD32E501_DFP.1.0.2.pack
                GigaDevice.GD32E501_DFP.1.0.2
                GigaDevice GD32E501 Series Device Support and Examples

<h2>Collection of Component include folders:</h2>
  ./RTE/_GD32E501
  D:/D/app/kevil5/ARM/Packs/ARM/CMSIS/5.9.0/CMSIS/Core/Include
  D:/D/app/kevil5/ARM/Packs/GigaDevice/GD32E501_DFP/1.0.2/Device/Include

<h2>Collection of Component Files used:</h2>

   * Component: ARM::CMSIS:CORE:5.6.0
Build Time Elapsed:  00:00:01
</pre>
</body>
</html>
