<html>
<body>
<pre>
<h1>礦ision Build Log</h1>
<h2>Tool Versions:</h2>
IDE-Version: μVision V5.38.0.0
Copyright (C) 2022 ARM Ltd and ARM Germany GmbH. All rights reserved.
License Information: fz fz, fz, LIC=KRMW3-AQXBH-56QQ2-9XYJR-GV9YZ-PW1W7
 
Tool Versions:
Toolchain:       MDK-ARM Plus  Version: 5.38.0.0
Toolchain Path:  D:\D\app\kevil5\ARM\ARMCLANG\Bin
C Compiler:      ArmClang.exe V6.19
Assembler:       Armasm.exe V6.19
Linker/Locator:  ArmLink.exe V6.19
Library Manager: ArmAr.exe V6.19
Hex Converter:   FromElf.exe V6.19
CPU DLL:         
Dialog DLL:      
Target DLL:      CMSIS_AGDI_V8M.DLL V1.7.20.0
Dialog DLL:      TCM.DLL V1.56.4.0
 
<h2>Project:</h2>
D:\E\code\版本代码\svnCode\DspMcuSvnCode\mcu_project__debug_fordsp\McuKeilPrj\Keil_project\Project.uvprojx
Project File Date:  05/05/2025

<h2>Output:</h2>
*** Using Compiler 'V6.19', folder: 'D:\D\app\kevil5\ARM\ARMCLANG\Bin'
Rebuild target 'GD32E501'
creating list file for com_usart_comm.c...
compiling com_usart_comm.c...
creating preprocessor file for mcu_config_public.c...
compiling mcu_config_public.c...
creating preprocessor file for com_usart_comm.c...
creating preprocessor file for mcu_global_vars_param.c...
creating preprocessor file for mcu_system_comm.c...
compiling mcu_global_vars_param.c...
creating list file for mcu_global_vars_param.c...
creating list file for mcu_config_public.c...
creating list file for mcu_system_comm.c...
creating preprocessor file for timer_comm.c...
creating list file for timer_comm.c...
creating preprocessor file for i2c_opt_ie.c...
compiling timer_comm.c...
compiling mcu_system_comm.c...
creating preprocessor file for i2c_comm.c...
creating list file for i2c_comm.c...
creating list file for i2c_driver.c...
compiling i2c_comm.c...
creating list file for i2c_opt_ie.c...
creating preprocessor file for i2c_driver.c...
compiling i2c_opt_ie.c...
creating preprocessor file for gd32e501_it.c...
compiling i2c_driver.c...
creating list file for gd32e501_it.c...
compiling gd32e501_it.c...
creating list file for systick.c...
creating preprocessor file for systick.c...
creating preprocessor file for dac_comm.c...
creating list file for dac_comm.c...
compiling systick.c...
compiling dac_comm.c...
creating list file for dac_driver.c...
creating preprocessor file for dac_driver.c...
creating preprocessor file for adc_sample_comm.c...
compiling dac_driver.c...
creating list file for adc_sample_comm.c...
creating preprocessor file for adc_sample_driver.c...
compiling adc_sample_comm.c...
creating list file for adc_sample_driver.c...
creating preprocessor file for adc_sample_interface.c...
creating list file for adc_sample_interface.c...
compiling adc_sample_driver.c...
compiling adc_sample_interface.c...
creating preprocessor file for system_gd32e501.c...
creating list file for system_gd32e501.c...
compiling system_gd32e501.c...
creating list file for gd32e501_adc.c...
creating preprocessor file for gd32e501_adc.c...
creating preprocessor file for gd32e501_cla.c...
creating preprocessor file for gd32e501_cmp.c...
creating list file for gd32e501_cmp.c...
creating list file for gd32e501_cla.c...
compiling gd32e501_cla.c...
compiling gd32e501_adc.c...
compiling gd32e501_cmp.c...
creating preprocessor file for gd32e501_crc.c...
creating list file for gd32e501_crc.c...
compiling gd32e501_crc.c...
creating list file for gd32e501_dac.c...
creating preprocessor file for gd32e501_dac.c...
creating preprocessor file for gd32e501_dbg.c...
creating list file for gd32e501_dbg.c...
compiling gd32e501_dac.c...
creating preprocessor file for gd32e501_dma.c...
compiling gd32e501_dbg.c...
creating preprocessor file for gd32e501_exti.c...
creating list file for gd32e501_dma.c...
compiling gd32e501_dma.c...
creating list file for gd32e501_exti.c...
compiling gd32e501_exti.c...
creating preprocessor file for gd32e501_fmc.c...
creating preprocessor file for gd32e501_fwdgt.c...
creating list file for gd32e501_fmc.c...
creating list file for gd32e501_fwdgt.c...
compiling gd32e501_fwdgt.c...
creating preprocessor file for gd32e501_gpio.c...
creating list file for gd32e501_gpio.c...
compiling gd32e501_fmc.c...
creating preprocessor file for gd32e501_i2c.c...
compiling gd32e501_gpio.c...
creating list file for gd32e501_i2c.c...
creating preprocessor file for gd32e501_mdio.c...
compiling gd32e501_i2c.c...
creating list file for gd32e501_mdio.c...
creating preprocessor file for gd32e501_misc.c...
compiling gd32e501_mdio.c...
creating list file for gd32e501_misc.c...
compiling gd32e501_misc.c...
creating preprocessor file for gd32e501_pmu.c...
creating list file for gd32e501_pmu.c...
compiling gd32e501_pmu.c...
creating preprocessor file for gd32e501_rcu.c...
creating list file for gd32e501_rcu.c...
creating preprocessor file for gd32e501_rtc.c...
compiling gd32e501_rcu.c...
creating list file for gd32e501_rtc.c...
creating preprocessor file for gd32e501_spi.c...
compiling gd32e501_rtc.c...
creating list file for gd32e501_spi.c...
creating list file for gd32e501_syscfg.c...
creating preprocessor file for gd32e501_syscfg.c...
compiling gd32e501_spi.c...
compiling gd32e501_syscfg.c...
creating preprocessor file for gd32e501_timer.c...
creating list file for gd32e501_timer.c...
creating preprocessor file for gd32e501_usart.c...
assembling startup_gd32e501.s...
creating preprocessor file for gd32e501_wwdgt.c...
creating list file for gd32e501_usart.c...
creating list file for gd32e501_wwdgt.c...
compiling gd32e501_usart.c...
creating preprocessor file for gd32e501_eval.c...
compiling gd32e501_timer.c...
compiling gd32e501_wwdgt.c...
creating list file for gd32e501_eval.c...
compiling gd32e501_eval.c...
creating preprocessor file for dsp_fsl.c...
creating list file for dsp_fsl.c...
creating preprocessor file for dsp_fsl_i2c_interface.c...
compiling dsp_fsl.c...
creating list file for dsp_fsl_i2c_interface.c...
creating preprocessor file for gn7153.c...
compiling dsp_fsl_i2c_interface.c...
creating preprocessor file for ux3326.c...
creating list file for gn7153.c...
compiling gn7153.c...
creating list file for ux3326.c...
creating preprocessor file for sgm2508_ea.c...
creating list file for sgm2508_ea.c...
compiling ux3326.c...
creating preprocessor file for sgm41282c_apd.c...
compiling sgm2508_ea.c...
creating list file for sgm41282c_apd.c...
compiling sgm41282c_apd.c...
creating list file for sgm41295_ea_soa.c...
creating preprocessor file for sgm41295_ea_soa.c...
compiling sgm41295_ea_soa.c...
creating list file for sgm41296_tec.c...
creating preprocessor file for sgm41296_tec.c...
creating preprocessor file for trigger_interrupt_mode.c...
creating list file for trigger_interrupt_mode.c...
compiling sgm41296_tec.c...
creating preprocessor file for tec_comm.c...
compiling trigger_interrupt_mode.c...
creating list file for tec_comm.c...
creating preprocessor file for tec_driver.c...
creating list file for tec_driver.c...
compiling tec_comm.c...
creating preprocessor file for tec_i2c_interface.c...
compiling tec_driver.c...
creating list file for tec_i2c_interface.c...
compiling tec_i2c_interface.c...
creating preprocessor file for main.c...
creating preprocessor file for update_comm.c...
creating list file for main.c...
compiling main.c...
creating list file for update_comm.c...
compiling update_comm.c...
creating preprocessor file for update_i2c_interface.c...
creating list file for update_i2c_interface.c...
creating preprocessor file for ddm_i2c_interface.c...
compiling update_i2c_interface.c...
creating list file for ddm_i2c_interface.c...
creating preprocessor file for ddm_sff_i2c_interface.c...
creating list file for ddm_sff_i2c_interface.c...
compiling ddm_i2c_interface.c...
creating preprocessor file for sff_8472.c...
compiling ddm_sff_i2c_interface.c...
creating preprocessor file for ddm_1g_config_interface.c...
creating list file for ddm_1g_config_interface.c...
compiling ddm_1g_config_interface.c...
creating preprocessor file for ddm_10g_config_interface.c...
creating list file for ddm_10g_config_interface.c...
creating list file for sff_8472.c...
creating preprocessor file for ddm_50g_config_interface.c...
compiling ddm_10g_config_interface.c...
creating list file for ddm_50g_config_interface.c...
creating preprocessor file for thermistor_rth.c...
compiling sff_8472.c...
creating list file for do_cmd_struct.c...
creating list file for thermistor_rth.c...
compiling ddm_50g_config_interface.c...
creating preprocessor file for do_cmd_struct.c...
compiling thermistor_rth.c...
compiling do_cmd_struct.c...
creating preprocessor file for dsp_hpll_init.c...
creating list file for dsp_hpll_init.c...
creating preprocessor file for ip_op.c...
compiling dsp_hpll_init.c...
creating list file for reg_op.c...
creating preprocessor file for reg_op.c...
compiling reg_op.c...
creating list file for ip_op.c...
compiling ip_op.c...
linking...
Program Size: Code=81260 RO-data=1532 RW-data=2504 ZI-data=4920  
After Build - User command #1: D:\D\app\kevil5\ARM\ARMCLANG\bin\fromelf.exe --bin --output .\Output\Project_app.bin .\Output\Project_app.axf
After Build - User command #2: renamecompile.bat
已复制         1 个文件。
已复制         1 个文件。
renmae file: .\Output\Project_app_20250505_1754.bin
".\output\Project_app.axf" - 0 Error(s), 0 Warning(s).

<h2>Software Packages used:</h2>

Package Vendor: ARM
                http://www.keil.com/pack/ARM.CMSIS.5.9.0.pack
                ARM.CMSIS.5.9.0
                CMSIS (Common Microcontroller Software Interface Standard)
   * Component: CORE Version: 5.6.0

Package Vendor: GigaDevice
                http://gd32mcu.21ic.com/data/documents/yingyongruanjian/GigaDevice.GD32E501_DFP.1.0.2.pack
                GigaDevice.GD32E501_DFP.1.0.2
                GigaDevice GD32E501 Series Device Support and Examples

<h2>Collection of Component include folders:</h2>
  ./RTE/_GD32E501
  D:/D/app/kevil5/ARM/Packs/ARM/CMSIS/5.9.0/CMSIS/Core/Include
  D:/D/app/kevil5/ARM/Packs/GigaDevice/GD32E501_DFP/1.0.2/Device/Include

<h2>Collection of Component Files used:</h2>

   * Component: ARM::CMSIS:CORE:5.6.0
Build Time Elapsed:  00:00:05
</pre>
</body>
</html>
